[    0.000000] Linux version 4.15.3 (root@bench2) (gcc version 7.3.0 (GCC)) #2 SMP Mon Feb 19 11:29:04 CET 2018
[    0.000000] Command line: BOOT_IMAGE=/vmlinuz-4.15.3 root=/dev/sda2 ro nopti nopcid
[    0.000000] x86/fpu: Supporting XSAVE feature 0x001: 'x87 floating point registers'
[    0.000000] x86/fpu: Supporting XSAVE feature 0x002: 'SSE registers'
[    0.000000] x86/fpu: Supporting XSAVE feature 0x004: 'AVX registers'
[    0.000000] x86/fpu: xstate_offset[2]:  576, xstate_sizes[2]:  256
[    0.000000] x86/fpu: Enabled xstate features 0x7, context size is 832 bytes, using 'standard' format.
[    0.000000] e820: BIOS-provided physical RAM map:
[    0.000000] BIOS-e820: [mem 0x0000000000000000-0x0000000000099bff] usable
[    0.000000] BIOS-e820: [mem 0x0000000000099c00-0x000000000009ffff] reserved
[    0.000000] BIOS-e820: [mem 0x00000000000e0000-0x00000000000fffff] reserved
[    0.000000] BIOS-e820: [mem 0x0000000000100000-0x0000000078f35fff] usable
[    0.000000] BIOS-e820: [mem 0x0000000078f36000-0x0000000079838fff] reserved
[    0.000000] BIOS-e820: [mem 0x0000000079839000-0x0000000079d49fff] ACPI NVS
[    0.000000] BIOS-e820: [mem 0x0000000079d4a000-0x000000008fffffff] reserved
[    0.000000] BIOS-e820: [mem 0x00000000fed1c000-0x00000000fed44fff] reserved
[    0.000000] BIOS-e820: [mem 0x00000000ff000000-0x00000000ffffffff] reserved
[    0.000000] BIOS-e820: [mem 0x0000000100000000-0x000000107fffffff] usable
[    0.000000] nopcid: PCID feature disabled
[    0.000000] NX (Execute Disable) protection: active
[    0.000000] random: fast init done
[    0.000000] SMBIOS 3.0 present.
[    0.000000] DMI: Supermicro Super Server/X10DRL-i, BIOS 2.0a 08/25/2016
[    0.000000] e820: update [mem 0x00000000-0x00000fff] usable ==> reserved
[    0.000000] e820: remove [mem 0x000a0000-0x000fffff] usable
[    0.000000] e820: last_pfn = 0x1080000 max_arch_pfn = 0x400000000
[    0.000000] MTRR default type: write-back
[    0.000000] MTRR fixed ranges enabled:
[    0.000000]   00000-9FFFF write-back
[    0.000000]   A0000-BFFFF uncachable
[    0.000000]   C0000-FFFFF write-protect
[    0.000000] MTRR variable ranges enabled:
[    0.000000]   0 base 000080000000 mask 3FFF80000000 uncachable
[    0.000000]   1 base 380000000000 mask 3F8000000000 uncachable
[    0.000000]   2 disabled
[    0.000000]   3 disabled
[    0.000000]   4 disabled
[    0.000000]   5 disabled
[    0.000000]   6 disabled
[    0.000000]   7 disabled
[    0.000000]   8 disabled
[    0.000000]   9 disabled
[    0.000000] x86/PAT: Configuration [0-7]: WB  WC  UC- UC  WB  WP  UC- WT  
[    0.000000] e820: last_pfn = 0x78f36 max_arch_pfn = 0x400000000
[    0.000000] Scanning 1 areas for low memory corruption
[    0.000000] Base memory trampoline at [        (ptrval)] 93000 size 24576
[    0.000000] Kernel/User page tables isolation: disabled on command line.
[    0.000000] Using GB pages for direct mapping
[    0.000000] BRK [0x28bde0000, 0x28bde0fff] PGTABLE
[    0.000000] BRK [0x28bde1000, 0x28bde1fff] PGTABLE
[    0.000000] BRK [0x28bde2000, 0x28bde2fff] PGTABLE
[    0.000000] BRK [0x28bde3000, 0x28bde3fff] PGTABLE
[    0.000000] BRK [0x28bde4000, 0x28bde4fff] PGTABLE
[    0.000000] BRK [0x28bde5000, 0x28bde5fff] PGTABLE
[    0.000000] ACPI: Early table checksum verification disabled
[    0.000000] ACPI: RSDP 0x00000000000F05B0 000024 (v02 SUPERM)
[    0.000000] ACPI: XSDT 0x00000000798990A8 0000D4 (v01                 01072009 AMI  00010013)
[    0.000000] ACPI: FACP 0x00000000798C9E70 00010C (v05 SUPERM SMCI--MB 01072009 AMI  00010013)
[    0.000000] ACPI: DSDT 0x0000000079899218 030C57 (v02 SUPERM SMCI--MB 01072009 INTL 20091013)
[    0.000000] ACPI: FACS 0x0000000079D48F80 000040
[    0.000000] ACPI: APIC 0x00000000798C9F80 000224 (v03 SUPERM SMCI--MB 01072009 AMI  00010013)
[    0.000000] ACPI: FPDT 0x00000000798CA1A8 000044 (v01 SUPERM SMCI--MB 01072009 AMI  00010013)
[    0.000000] ACPI: FIDT 0x00000000798CA1F0 00009C (v01 SUPERM SMCI--MB 01072009 AMI  00010013)
[    0.000000] ACPI: SPMI 0x00000000798CA290 000040 (v05 SUPERM SMCI--MB 00000000 AMI. 00000000)
[    0.000000] ACPI: MCFG 0x00000000798CA2D0 00003C (v01 SUPERM SMCI--MB 01072009 MSFT 00000097)
[    0.000000] ACPI: UEFI 0x00000000798CA310 000042 (v01 SUPERM SMCI--MB 01072009      00000000)
[    0.000000] ACPI: HPET 0x00000000798CA358 000038 (v01 SUPERM SMCI--MB 00000001 INTL 20091013)
[    0.000000] ACPI: MSCT 0x00000000798CA390 000090 (v01 SUPERM SMCI--MB 00000001 INTL 20091013)
[    0.000000] ACPI: SLIT 0x00000000798CA420 000030 (v01 SUPERM SMCI--MB 00000001 INTL 20091013)
[    0.000000] ACPI: SRAT 0x00000000798CA450 001158 (v03 SUPERM SMCI--MB 00000001 INTL 20091013)
[    0.000000] ACPI: WDDT 0x00000000798CB5A8 000040 (v01 SUPERM SMCI--MB 00000000 INTL 20091013)
[    0.000000] ACPI: SSDT 0x00000000798CB5E8 016FB3 (v02 SUPERM PmMgt    00000001 INTL 20120913)
[    0.000000] ACPI: NITR 0x00000000798E25A0 000071 (v02 SUPERM SMCI--MB 00000001 INTL 20091013)
[    0.000000] ACPI: SSDT 0x00000000798E2618 00264C (v02 SUPERM SpsNm    00000002 INTL 20120913)
[    0.000000] ACPI: SSDT 0x00000000798E4C68 000064 (v02 SUPERM SpsNvs   00000002 INTL 20120913)
[    0.000000] ACPI: PRAD 0x00000000798E4CD0 000102 (v02 SUPERM SMCI--MB 00000002 INTL 20120913)
[    0.000000] ACPI: DMAR 0x00000000798E4DD8 000140 (v01 SUPERM SMCI--MB 00000001 INTL 20091013)
[    0.000000] ACPI: HEST 0x00000000798E4F18 00027C (v01 SUPERM SMCI--MB 00000001 INTL 00000001)
[    0.000000] ACPI: BERT 0x00000000798E5198 000030 (v01 SUPERM SMCI--MB 00000001 INTL 00000001)
[    0.000000] ACPI: ERST 0x00000000798E51C8 000230 (v01 SUPERM SMCI--MB 00000001 INTL 00000001)
[    0.000000] ACPI: EINJ 0x00000000798E53F8 000130 (v01 SUPERM SMCI--MB 00000001 INTL 00000001)
[    0.000000] ACPI: Local APIC address 0xfee00000
[    0.000000] SRAT: PXM 0 -> APIC 0x00 -> Node 0
[    0.000000] SRAT: PXM 0 -> APIC 0x02 -> Node 0
[    0.000000] SRAT: PXM 0 -> APIC 0x04 -> Node 0
[    0.000000] SRAT: PXM 0 -> APIC 0x06 -> Node 0
[    0.000000] SRAT: PXM 0 -> APIC 0x08 -> Node 0
[    0.000000] SRAT: PXM 0 -> APIC 0x0a -> Node 0
[    0.000000] SRAT: PXM 0 -> APIC 0x0c -> Node 0
[    0.000000] SRAT: PXM 0 -> APIC 0x0e -> Node 0
[    0.000000] SRAT: PXM 1 -> APIC 0x10 -> Node 1
[    0.000000] SRAT: PXM 1 -> APIC 0x12 -> Node 1
[    0.000000] SRAT: PXM 1 -> APIC 0x14 -> Node 1
[    0.000000] SRAT: PXM 1 -> APIC 0x16 -> Node 1
[    0.000000] SRAT: PXM 1 -> APIC 0x18 -> Node 1
[    0.000000] SRAT: PXM 1 -> APIC 0x1a -> Node 1
[    0.000000] SRAT: PXM 1 -> APIC 0x1c -> Node 1
[    0.000000] SRAT: PXM 1 -> APIC 0x1e -> Node 1
[    0.000000] SRAT: PXM 0 -> APIC 0x01 -> Node 0
[    0.000000] SRAT: PXM 0 -> APIC 0x03 -> Node 0
[    0.000000] SRAT: PXM 0 -> APIC 0x05 -> Node 0
[    0.000000] SRAT: PXM 0 -> APIC 0x07 -> Node 0
[    0.000000] SRAT: PXM 0 -> APIC 0x09 -> Node 0
[    0.000000] SRAT: PXM 0 -> APIC 0x0b -> Node 0
[    0.000000] SRAT: PXM 0 -> APIC 0x0d -> Node 0
[    0.000000] SRAT: PXM 0 -> APIC 0x0f -> Node 0
[    0.000000] SRAT: PXM 1 -> APIC 0x11 -> Node 1
[    0.000000] SRAT: PXM 1 -> APIC 0x13 -> Node 1
[    0.000000] SRAT: PXM 1 -> APIC 0x15 -> Node 1
[    0.000000] SRAT: PXM 1 -> APIC 0x17 -> Node 1
[    0.000000] SRAT: PXM 1 -> APIC 0x19 -> Node 1
[    0.000000] SRAT: PXM 1 -> APIC 0x1b -> Node 1
[    0.000000] SRAT: PXM 1 -> APIC 0x1d -> Node 1
[    0.000000] SRAT: PXM 1 -> APIC 0x1f -> Node 1
[    0.000000] ACPI: SRAT: Node 0 PXM 0 [mem 0x00000000-0x7fffffff]
[    0.000000] ACPI: SRAT: Node 0 PXM 0 [mem 0x100000000-0x87fffffff]
[    0.000000] ACPI: SRAT: Node 1 PXM 1 [mem 0x880000000-0x107fffffff]
[    0.000000] NUMA: Initialized distance table, cnt=2
[    0.000000] NUMA: Node 0 [mem 0x00000000-0x7fffffff] + [mem 0x100000000-0x87fffffff] -> [mem 0x00000000-0x87fffffff]
[    0.000000] NODE_DATA(0) allocated [mem 0x87fffc000-0x87fffffff]
[    0.000000] NODE_DATA(1) allocated [mem 0x107fffb000-0x107fffefff]
[    0.000000] tsc: Fast TSC calibration using PIT
[    0.000000] Zone ranges:
[    0.000000]   DMA      [mem 0x0000000000001000-0x0000000000ffffff]
[    0.000000]   DMA32    [mem 0x0000000001000000-0x00000000ffffffff]
[    0.000000]   Normal   [mem 0x0000000100000000-0x000000107fffffff]
[    0.000000] Movable zone start for each node
[    0.000000] Early memory node ranges
[    0.000000]   node   0: [mem 0x0000000000001000-0x0000000000098fff]
[    0.000000]   node   0: [mem 0x0000000000100000-0x0000000078f35fff]
[    0.000000]   node   0: [mem 0x0000000100000000-0x000000087fffffff]
[    0.000000]   node   1: [mem 0x0000000880000000-0x000000107fffffff]
[    0.000000] Initmem setup node 0 [mem 0x0000000000001000-0x000000087fffffff]
[    0.000000] On node 0 totalpages: 8359630
[    0.000000]   DMA zone: 64 pages used for memmap
[    0.000000]   DMA zone: 21 pages reserved
[    0.000000]   DMA zone: 3992 pages, LIFO batch:0
[    0.000000]   DMA32 zone: 7677 pages used for memmap
[    0.000000]   DMA32 zone: 491318 pages, LIFO batch:31
[    0.000000]   Normal zone: 122880 pages used for memmap
[    0.000000]   Normal zone: 7864320 pages, LIFO batch:31
[    0.000000] Initmem setup node 1 [mem 0x0000000880000000-0x000000107fffffff]
[    0.000000] On node 1 totalpages: 8388608
[    0.000000]   Normal zone: 131072 pages used for memmap
[    0.000000]   Normal zone: 8388608 pages, LIFO batch:31
[    0.000000] Reserved but unavailable: 104 pages
[    0.000000] ACPI: PM-Timer IO Port: 0x408
[    0.000000] ACPI: Local APIC address 0xfee00000
[    0.000000] ACPI: LAPIC_NMI (acpi_id[0x00] high edge lint[0x1])
[    0.000000] ACPI: LAPIC_NMI (acpi_id[0x02] high edge lint[0x1])
[    0.000000] ACPI: LAPIC_NMI (acpi_id[0x04] high edge lint[0x1])
[    0.000000] ACPI: LAPIC_NMI (acpi_id[0x06] high edge lint[0x1])
[    0.000000] ACPI: LAPIC_NMI (acpi_id[0x08] high edge lint[0x1])
[    0.000000] ACPI: LAPIC_NMI (acpi_id[0x0a] high edge lint[0x1])
[    0.000000] ACPI: LAPIC_NMI (acpi_id[0x0c] high edge lint[0x1])
[    0.000000] ACPI: LAPIC_NMI (acpi_id[0x0e] high edge lint[0x1])
[    0.000000] ACPI: LAPIC_NMI (acpi_id[0x10] high edge lint[0x1])
[    0.000000] ACPI: LAPIC_NMI (acpi_id[0x12] high edge lint[0x1])
[    0.000000] ACPI: LAPIC_NMI (acpi_id[0x14] high edge lint[0x1])
[    0.000000] ACPI: LAPIC_NMI (acpi_id[0x16] high edge lint[0x1])
[    0.000000] ACPI: LAPIC_NMI (acpi_id[0x18] high edge lint[0x1])
[    0.000000] ACPI: LAPIC_NMI (acpi_id[0x1a] high edge lint[0x1])
[    0.000000] ACPI: LAPIC_NMI (acpi_id[0x1c] high edge lint[0x1])
[    0.000000] ACPI: LAPIC_NMI (acpi_id[0x1e] high edge lint[0x1])
[    0.000000] ACPI: LAPIC_NMI (acpi_id[0x01] high edge lint[0x1])
[    0.000000] ACPI: LAPIC_NMI (acpi_id[0x03] high edge lint[0x1])
[    0.000000] ACPI: LAPIC_NMI (acpi_id[0x05] high edge lint[0x1])
[    0.000000] ACPI: LAPIC_NMI (acpi_id[0x07] high edge lint[0x1])
[    0.000000] ACPI: LAPIC_NMI (acpi_id[0x09] high edge lint[0x1])
[    0.000000] ACPI: LAPIC_NMI (acpi_id[0x0b] high edge lint[0x1])
[    0.000000] ACPI: LAPIC_NMI (acpi_id[0x0d] high edge lint[0x1])
[    0.000000] ACPI: LAPIC_NMI (acpi_id[0x0f] high edge lint[0x1])
[    0.000000] ACPI: LAPIC_NMI (acpi_id[0x11] high edge lint[0x1])
[    0.000000] ACPI: LAPIC_NMI (acpi_id[0x13] high edge lint[0x1])
[    0.000000] ACPI: LAPIC_NMI (acpi_id[0x15] high edge lint[0x1])
[    0.000000] ACPI: LAPIC_NMI (acpi_id[0x17] high edge lint[0x1])
[    0.000000] ACPI: LAPIC_NMI (acpi_id[0x19] high edge lint[0x1])
[    0.000000] ACPI: LAPIC_NMI (acpi_id[0x1b] high edge lint[0x1])
[    0.000000] ACPI: LAPIC_NMI (acpi_id[0x1d] high edge lint[0x1])
[    0.000000] ACPI: LAPIC_NMI (acpi_id[0x1f] high edge lint[0x1])
[    0.000000] IOAPIC[0]: apic_id 1, version 32, address 0xfec00000, GSI 0-23
[    0.000000] IOAPIC[1]: apic_id 2, version 32, address 0xfec01000, GSI 24-47
[    0.000000] IOAPIC[2]: apic_id 3, version 32, address 0xfec40000, GSI 48-71
[    0.000000] ACPI: INT_SRC_OVR (bus 0 bus_irq 0 global_irq 2 dfl dfl)
[    0.000000] ACPI: INT_SRC_OVR (bus 0 bus_irq 9 global_irq 9 high level)
[    0.000000] ACPI: IRQ0 used by override.
[    0.000000] ACPI: IRQ9 used by override.
[    0.000000] Using ACPI (MADT) for SMP configuration information
[    0.000000] ACPI: HPET id: 0x8086a701 base: 0xfed00000
[    0.000000] [Firmware Bug]: TSC_DEADLINE disabled due to Errata; please update microcode to version: 0xb000020 (or later)
[    0.000000] smpboot: Allowing 32 CPUs, 0 hotplug CPUs
[    0.000000] e820: [mem 0x90000000-0xfed1bfff] available for PCI devices
[    0.000000] clocksource: refined-jiffies: mask: 0xffffffff max_cycles: 0xffffffff, max_idle_ns: 1910969940391419 ns
[    0.000000] setup_percpu: NR_CPUS:64 nr_cpumask_bits:64 nr_cpu_ids:32 nr_node_ids:2
[    0.000000] percpu: Embedded 43 pages/cpu @        (ptrval) s137304 r8192 d30632 u262144
[    0.000000] pcpu-alloc: s137304 r8192 d30632 u262144 alloc=1*2097152
[    0.000000] pcpu-alloc: [0] 00 01 02 03 04 05 06 07 [0] 16 17 18 19 20 21 22 23 
[    0.000000] pcpu-alloc: [1] 08 09 10 11 12 13 14 15 [1] 24 25 26 27 28 29 30 31 
[    0.000000] Built 2 zonelists, mobility grouping on.  Total pages: 16486524
[    0.000000] Policy zone: Normal
[    0.000000] Kernel command line: BOOT_IMAGE=/vmlinuz-4.15.3 root=/dev/sda2 ro nopti nopcid
[    0.000000] Memory: 65844124K/66992952K available (14364K kernel code, 1522K rwdata, 3512K rodata, 1192K init, 636K bss, 1148828K reserved, 0K cma-reserved)
[    0.000000] SLUB: HWalign=64, Order=0-3, MinObjects=0, CPUs=32, Nodes=2
[    0.000000] Hierarchical RCU implementation.
[    0.000000] 	RCU event tracing is enabled.
[    0.000000] 	RCU restricting CPUs from NR_CPUS=64 to nr_cpu_ids=32.
[    0.000000] RCU: Adjusting geometry for rcu_fanout_leaf=16, nr_cpu_ids=32
[    0.000000] NR_IRQS: 4352, nr_irqs: 1496, preallocated irqs: 16
[    0.000000] Console: colour VGA+ 80x25
[    0.000000] console [tty0] enabled
[    0.000000] ACPI: Core revision 20170831
[    0.000000] ACPI: 4 ACPI AML tables successfully acquired and loaded
[    0.000000] clocksource: hpet: mask: 0xffffffff max_cycles: 0xffffffff, max_idle_ns: 133484882848 ns
[    0.000000] hpet clockevent registered
[    0.000000] APIC: Switch to symmetric I/O mode setup
[    0.000000] Switched APIC routing to physical flat.
[    0.000000] ..TIMER: vector=0x30 apic1=0 pin1=2 apic2=-1 pin2=-1
[    0.005000] tsc: Fast TSC calibration using PIT
[    0.006000] tsc: Detected 2099.860 MHz processor
[    0.006000] Calibrating delay loop (skipped), value calculated using timer frequency.. 4199.72 BogoMIPS (lpj=2099860)
[    0.007001] pid_max: default: 32768 minimum: 301
[    0.007182] Security Framework initialized
[    0.020292] Dentry cache hash table entries: 8388608 (order: 14, 67108864 bytes)
[    0.026984] Inode-cache hash table entries: 4194304 (order: 13, 33554432 bytes)
[    0.027228] Mount-cache hash table entries: 131072 (order: 8, 1048576 bytes)
[    0.027564] Mountpoint-cache hash table entries: 131072 (order: 8, 1048576 bytes)
[    0.028188] CPU: Physical Processor ID: 0
[    0.028314] CPU: Processor Core ID: 0
[    0.028446] mce: CPU supports 22 MCE banks
[    0.028586] CPU0: Thermal monitoring enabled (TM1)
[    0.028757] process: using mwait in idle threads
[    0.028885] Last level iTLB entries: 4KB 64, 2MB 8, 4MB 8
[    0.029001] Last level dTLB entries: 4KB 64, 2MB 0, 4MB 0, 1GB 4
[    0.029132] Spectre V2 : kernel not compiled with retpoline; no mitigation available!
[    0.029457] Freeing SMP alternatives memory: 48K
[    0.031000] smpboot: CPU0: Intel(R) Xeon(R) CPU E5-2620 v4 @ 2.10GHz (family: 0x6, model: 0x4f, stepping: 0x1)
[    0.031000] Performance Events: PEBS fmt2+, Broadwell events, 16-deep LBR, full-width counters, Intel PMU driver.
[    0.031004] ... version:                3
[    0.031340] ... bit width:              48
[    0.032001] ... generic registers:      4
[    0.032337] ... value mask:             0000ffffffffffff
[    0.032676] ... max period:             00007fffffffffff
[    0.033000] ... fixed-purpose events:   3
[    0.033336] ... event mask:             000000070000000f
[    0.033732] Hierarchical SRCU implementation.
[    0.034451] smp: Bringing up secondary CPUs ...
[    0.034864] x86: Booting SMP configuration:
[    0.035001] .... node  #0, CPUs:        #1  #2  #3  #4  #5  #6  #7
[    0.043003] .... node  #1, CPUs:    #8  #9 #10 #11 #12 #13 #14 #15
[    0.113426] .... node  #0, CPUs:   #16 #17 #18 #19 #20 #21 #22 #23
[    0.123002] .... node  #1, CPUs:   #24 #25 #26 #27 #28 #29 #30 #31
[    0.132365] smp: Brought up 2 nodes, 32 CPUs
[    0.133002] smpboot: Max logical packages: 2
[    0.133341] smpboot: Total of 32 processors activated (134385.76 BogoMIPS)
[    0.136489] devtmpfs: initialized
[    0.137113] kworker/u65:0 (172) used greatest stack depth: 14304 bytes left
[    0.137138] clocksource: jiffies: mask: 0xffffffff max_cycles: 0xffffffff, max_idle_ns: 1911260446275000 ns
[    0.137169] futex hash table entries: 8192 (order: 7, 524288 bytes)
[    0.137380] xor: automatically using best checksumming function   avx       
[    0.138994] NET: Registered protocol family 16
[    0.139082] audit: initializing netlink subsys (disabled)
[    0.139434] audit: type=2000 audit(1519095665.139:1): state=initialized audit_enabled=0 res=1
[    0.140416] cpuidle: using governor menu
[    0.140483] ACPI FADT declares the system doesn't support PCIe ASPM, so disable it
[    0.141002] ACPI: bus type PCI registered
[    0.141403] PCI: MMCONFIG for domain 0000 [bus 00-ff] at [mem 0x80000000-0x8fffffff] (base 0x80000000)
[    0.142003] PCI: MMCONFIG at [mem 0x80000000-0x8fffffff] reserved in E820
[    0.142356] PCI: Using configuration type 1 for base access
[    0.146778] HugeTLB registered 2.00 MiB page size, pre-allocated 0 pages
[    0.163685] raid6: sse2x1   gen()  7550 MB/s
[    0.180678] raid6: sse2x1   xor()  5203 MB/s
[    0.197677] raid6: sse2x2   gen()  8816 MB/s
[    0.214680] raid6: sse2x2   xor()  5697 MB/s
[    0.231677] raid6: sse2x4   gen() 10605 MB/s
[    0.248678] raid6: sse2x4   xor()  6648 MB/s
[    0.265677] raid6: avx2x1   gen() 14863 MB/s
[    0.282678] raid6: avx2x1   xor()  9904 MB/s
[    0.299678] raid6: avx2x2   gen() 17121 MB/s
[    0.316677] raid6: avx2x2   xor() 10406 MB/s
[    0.333678] raid6: avx2x4   gen() 20136 MB/s
[    0.350678] raid6: avx2x4   xor() 12017 MB/s
[    0.351001] raid6: using algorithm avx2x4 gen() 20136 MB/s
[    0.351340] raid6: .... xor() 12017 MB/s, rmw enabled
[    0.351678] raid6: using avx2x2 recovery algorithm
[    0.352104] ACPI: Added _OSI(Module Device)
[    0.352440] ACPI: Added _OSI(Processor Device)
[    0.352776] ACPI: Added _OSI(3.0 _SCP Extensions)
[    0.353002] ACPI: Added _OSI(Processor Aggregator Device)
[    0.365880] ACPI: [Firmware Bug]: BIOS _OSI(Linux) query ignored
[    0.375115] ACPI: Dynamic OEM Table Load:
[    0.399362] ACPI: Interpreter enabled
[    0.399703] ACPI: (supports S0 S5)
[    0.400001] ACPI: Using IOAPIC for interrupt routing
[    0.400367] PCI: Using host bridge windows from ACPI; if necessary, use "pci=nocrs" and report a bug
[    0.401493] ACPI: GPE 0x24 active on init
[    0.402000] ACPI: Enabled 5 GPEs in block 00 to 3F
[    0.435573] ACPI: PCI Root Bridge [UNC1] (domain 0000 [bus ff])
[    0.435917] acpi PNP0A03:02: _OSC: OS supports [ExtendedConfig ASPM ClockPM Segments MSI]
[    0.438597] acpi PNP0A03:02: _OSC: platform does not support [AER]
[    0.439728] acpi PNP0A03:02: _OSC: OS now controls [PCIeHotplug PME PCIeCapability]
[    0.440001] acpi PNP0A03:02: FADT indicates ASPM is unsupported, using BIOS configuration
[    0.440646] PCI host bridge to bus 0000:ff
[    0.441002] pci_bus 0000:ff: root bus resource [bus ff]
[    0.441350] pci 0000:ff:08.0: [8086:6f80] type 00 class 0x088000
[    0.441402] pci 0000:ff:08.2: [8086:6f32] type 00 class 0x110100
[    0.442009] pci 0000:ff:08.3: [8086:6f83] type 00 class 0x088000
[    0.442009] pci 0000:ff:09.0: [8086:6f90] type 00 class 0x088000
[    0.442009] pci 0000:ff:09.2: [8086:6f33] type 00 class 0x110100
[    0.442009] pci 0000:ff:09.3: [8086:6f93] type 00 class 0x088000
[    0.442010] pci 0000:ff:0b.0: [8086:6f81] type 00 class 0x088000
[    0.442010] pci 0000:ff:0b.1: [8086:6f36] type 00 class 0x110100
[    0.442047] pci 0000:ff:0b.2: [8086:6f37] type 00 class 0x110100
[    0.442087] pci 0000:ff:0b.3: [8086:6f76] type 00 class 0x088000
[    0.442134] pci 0000:ff:0c.0: [8086:6fe0] type 00 class 0x088000
[    0.442173] pci 0000:ff:0c.1: [8086:6fe1] type 00 class 0x088000
[    0.442211] pci 0000:ff:0c.2: [8086:6fe2] type 00 class 0x088000
[    0.442249] pci 0000:ff:0c.3: [8086:6fe3] type 00 class 0x088000
[    0.442287] pci 0000:ff:0c.4: [8086:6fe4] type 00 class 0x088000
[    0.442325] pci 0000:ff:0c.5: [8086:6fe5] type 00 class 0x088000
[    0.442363] pci 0000:ff:0c.6: [8086:6fe6] type 00 class 0x088000
[    0.442401] pci 0000:ff:0c.7: [8086:6fe7] type 00 class 0x088000
[    0.442441] pci 0000:ff:0f.0: [8086:6ff8] type 00 class 0x088000
[    0.442481] pci 0000:ff:0f.1: [8086:6ff9] type 00 class 0x088000
[    0.442520] pci 0000:ff:0f.4: [8086:6ffc] type 00 class 0x088000
[    0.442558] pci 0000:ff:0f.5: [8086:6ffd] type 00 class 0x088000
[    0.442597] pci 0000:ff:0f.6: [8086:6ffe] type 00 class 0x088000
[    0.442636] pci 0000:ff:10.0: [8086:6f1d] type 00 class 0x088000
[    0.442674] pci 0000:ff:10.1: [8086:6f34] type 00 class 0x110100
[    0.442714] pci 0000:ff:10.5: [8086:6f1e] type 00 class 0x088000
[    0.443009] pci 0000:ff:10.6: [8086:6f7d] type 00 class 0x110100
[    0.443009] pci 0000:ff:10.7: [8086:6f1f] type 00 class 0x088000
[    0.443009] pci 0000:ff:12.0: [8086:6fa0] type 00 class 0x088000
[    0.443009] pci 0000:ff:12.1: [8086:6f30] type 00 class 0x110100
[    0.443011] pci 0000:ff:13.0: [8086:6fa8] type 00 class 0x088000
[    0.443011] pci 0000:ff:13.1: [8086:6f71] type 00 class 0x088000
[    0.443030] pci 0000:ff:13.2: [8086:6faa] type 00 class 0x088000
[    0.443083] pci 0000:ff:13.3: [8086:6fab] type 00 class 0x088000
[    0.443134] pci 0000:ff:13.4: [8086:6fac] type 00 class 0x088000
[    0.443187] pci 0000:ff:13.5: [8086:6fad] type 00 class 0x088000
[    0.443236] pci 0000:ff:13.6: [8086:6fae] type 00 class 0x088000
[    0.443277] pci 0000:ff:13.7: [8086:6faf] type 00 class 0x088000
[    0.443319] pci 0000:ff:14.0: [8086:6fb0] type 00 class 0x088000
[    0.443372] pci 0000:ff:14.1: [8086:6fb1] type 00 class 0x088000
[    0.443424] pci 0000:ff:14.2: [8086:6fb2] type 00 class 0x088000
[    0.443475] pci 0000:ff:14.3: [8086:6fb3] type 00 class 0x088000
[    0.443525] pci 0000:ff:14.4: [8086:6fbc] type 00 class 0x088000
[    0.443565] pci 0000:ff:14.5: [8086:6fbd] type 00 class 0x088000
[    0.443606] pci 0000:ff:14.6: [8086:6fbe] type 00 class 0x088000
[    0.443646] pci 0000:ff:14.7: [8086:6fbf] type 00 class 0x088000
[    0.443688] pci 0000:ff:15.0: [8086:6fb4] type 00 class 0x088000
[    0.444010] pci 0000:ff:15.1: [8086:6fb5] type 00 class 0x088000
[    0.444010] pci 0000:ff:15.2: [8086:6fb6] type 00 class 0x088000
[    0.444010] pci 0000:ff:15.3: [8086:6fb7] type 00 class 0x088000
[    0.444010] pci 0000:ff:16.0: [8086:6f68] type 00 class 0x088000
[    0.444010] pci 0000:ff:16.6: [8086:6f6e] type 00 class 0x088000
[    0.444010] pci 0000:ff:16.7: [8086:6f6f] type 00 class 0x088000
[    0.444032] pci 0000:ff:17.0: [8086:6fd0] type 00 class 0x088000
[    0.444080] pci 0000:ff:17.4: [8086:6fb8] type 00 class 0x088000
[    0.444121] pci 0000:ff:17.5: [8086:6fb9] type 00 class 0x088000
[    0.444162] pci 0000:ff:17.6: [8086:6fba] type 00 class 0x088000
[    0.444204] pci 0000:ff:17.7: [8086:6fbb] type 00 class 0x088000
[    0.444251] pci 0000:ff:1e.0: [8086:6f98] type 00 class 0x088000
[    0.444290] pci 0000:ff:1e.1: [8086:6f99] type 00 class 0x088000
[    0.444330] pci 0000:ff:1e.2: [8086:6f9a] type 00 class 0x088000
[    0.444370] pci 0000:ff:1e.3: [8086:6fc0] type 00 class 0x088000
[    0.444397] pci 0000:ff:1e.4: [8086:6f9c] type 00 class 0x088000
[    0.444439] pci 0000:ff:1f.0: [8086:6f88] type 00 class 0x088000
[    0.444480] pci 0000:ff:1f.2: [8086:6f8a] type 00 class 0x088000
[    0.444573] ACPI: PCI Root Bridge [UNC0] (domain 0000 [bus 7f])
[    0.444916] acpi PNP0A03:03: _OSC: OS supports [ExtendedConfig ASPM ClockPM Segments MSI]
[    0.446004] acpi PNP0A03:03: _OSC: platform does not support [AER]
[    0.447140] acpi PNP0A03:03: _OSC: OS now controls [PCIeHotplug PME PCIeCapability]
[    0.447751] acpi PNP0A03:03: FADT indicates ASPM is unsupported, using BIOS configuration
[    0.448029] PCI host bridge to bus 0000:7f
[    0.448366] pci_bus 0000:7f: root bus resource [bus 7f]
[    0.449008] pci 0000:7f:08.0: [8086:6f80] type 00 class 0x088000
[    0.449059] pci 0000:7f:08.2: [8086:6f32] type 00 class 0x110100
[    0.449100] pci 0000:7f:08.3: [8086:6f83] type 00 class 0x088000
[    0.449149] pci 0000:7f:09.0: [8086:6f90] type 00 class 0x088000
[    0.449188] pci 0000:7f:09.2: [8086:6f33] type 00 class 0x110100
[    0.449229] pci 0000:7f:09.3: [8086:6f93] type 00 class 0x088000
[    0.449277] pci 0000:7f:0b.0: [8086:6f81] type 00 class 0x088000
[    0.449313] pci 0000:7f:0b.1: [8086:6f36] type 00 class 0x110100
[    0.449349] pci 0000:7f:0b.2: [8086:6f37] type 00 class 0x110100
[    0.449385] pci 0000:7f:0b.3: [8086:6f76] type 00 class 0x088000
[    0.449422] pci 0000:7f:0c.0: [8086:6fe0] type 00 class 0x088000
[    0.449458] pci 0000:7f:0c.1: [8086:6fe1] type 00 class 0x088000
[    0.449494] pci 0000:7f:0c.2: [8086:6fe2] type 00 class 0x088000
[    0.449529] pci 0000:7f:0c.3: [8086:6fe3] type 00 class 0x088000
[    0.449565] pci 0000:7f:0c.4: [8086:6fe4] type 00 class 0x088000
[    0.449601] pci 0000:7f:0c.5: [8086:6fe5] type 00 class 0x088000
[    0.449636] pci 0000:7f:0c.6: [8086:6fe6] type 00 class 0x088000
[    0.450010] pci 0000:7f:0c.7: [8086:6fe7] type 00 class 0x088000
[    0.450010] pci 0000:7f:0f.0: [8086:6ff8] type 00 class 0x088000
[    0.450010] pci 0000:7f:0f.1: [8086:6ff9] type 00 class 0x088000
[    0.450010] pci 0000:7f:0f.4: [8086:6ffc] type 00 class 0x088000
[    0.450010] pci 0000:7f:0f.5: [8086:6ffd] type 00 class 0x088000
[    0.450010] pci 0000:7f:0f.6: [8086:6ffe] type 00 class 0x088000
[    0.450010] pci 0000:7f:10.0: [8086:6f1d] type 00 class 0x088000
[    0.450010] pci 0000:7f:10.1: [8086:6f34] type 00 class 0x110100
[    0.450035] pci 0000:7f:10.5: [8086:6f1e] type 00 class 0x088000
[    0.450070] pci 0000:7f:10.6: [8086:6f7d] type 00 class 0x110100
[    0.450106] pci 0000:7f:10.7: [8086:6f1f] type 00 class 0x088000
[    0.450142] pci 0000:7f:12.0: [8086:6fa0] type 00 class 0x088000
[    0.450167] pci 0000:7f:12.1: [8086:6f30] type 00 class 0x110100
[    0.450210] pci 0000:7f:13.0: [8086:6fa8] type 00 class 0x088000
[    0.450279] pci 0000:7f:13.1: [8086:6f71] type 00 class 0x088000
[    0.450331] pci 0000:7f:13.2: [8086:6faa] type 00 class 0x088000
[    0.450378] pci 0000:7f:13.3: [8086:6fab] type 00 class 0x088000
[    0.450427] pci 0000:7f:13.4: [8086:6fac] type 00 class 0x088000
[    0.450474] pci 0000:7f:13.5: [8086:6fad] type 00 class 0x088000
[    0.450519] pci 0000:7f:13.6: [8086:6fae] type 00 class 0x088000
[    0.450558] pci 0000:7f:13.7: [8086:6faf] type 00 class 0x088000
[    0.450597] pci 0000:7f:14.0: [8086:6fb0] type 00 class 0x088000
[    0.450645] pci 0000:7f:14.1: [8086:6fb1] type 00 class 0x088000
[    0.450693] pci 0000:7f:14.2: [8086:6fb2] type 00 class 0x088000
[    0.451009] pci 0000:7f:14.3: [8086:6fb3] type 00 class 0x088000
[    0.451012] pci 0000:7f:14.4: [8086:6fbc] type 00 class 0x088000
[    0.451012] pci 0000:7f:14.5: [8086:6fbd] type 00 class 0x088000
[    0.451012] pci 0000:7f:14.6: [8086:6fbe] type 00 class 0x088000
[    0.451012] pci 0000:7f:14.7: [8086:6fbf] type 00 class 0x088000
[    0.451012] pci 0000:7f:15.0: [8086:6fb4] type 00 class 0x088000
[    0.451012] pci 0000:7f:15.1: [8086:6fb5] type 00 class 0x088000
[    0.451036] pci 0000:7f:15.2: [8086:6fb6] type 00 class 0x088000
[    0.451085] pci 0000:7f:15.3: [8086:6fb7] type 00 class 0x088000
[    0.451136] pci 0000:7f:16.0: [8086:6f68] type 00 class 0x088000
[    0.451180] pci 0000:7f:16.6: [8086:6f6e] type 00 class 0x088000
[    0.451218] pci 0000:7f:16.7: [8086:6f6f] type 00 class 0x088000
[    0.451256] pci 0000:7f:17.0: [8086:6fd0] type 00 class 0x088000
[    0.451307] pci 0000:7f:17.4: [8086:6fb8] type 00 class 0x088000
[    0.451345] pci 0000:7f:17.5: [8086:6fb9] type 00 class 0x088000
[    0.451383] pci 0000:7f:17.6: [8086:6fba] type 00 class 0x088000
[    0.451420] pci 0000:7f:17.7: [8086:6fbb] type 00 class 0x088000
[    0.451463] pci 0000:7f:1e.0: [8086:6f98] type 00 class 0x088000
[    0.451499] pci 0000:7f:1e.1: [8086:6f99] type 00 class 0x088000
[    0.451535] pci 0000:7f:1e.2: [8086:6f9a] type 00 class 0x088000
[    0.451572] pci 0000:7f:1e.3: [8086:6fc0] type 00 class 0x088000
[    0.451598] pci 0000:7f:1e.4: [8086:6f9c] type 00 class 0x088000
[    0.451637] pci 0000:7f:1f.0: [8086:6f88] type 00 class 0x088000
[    0.451675] pci 0000:7f:1f.2: [8086:6f8a] type 00 class 0x088000
[    0.460613] ACPI: PCI Root Bridge [PCI0] (domain 0000 [bus 00-7e])
[    0.460957] acpi PNP0A08:00: _OSC: OS supports [ExtendedConfig ASPM ClockPM Segments MSI]
[    0.461362] acpi PNP0A08:00: _OSC: platform does not support [AER]
[    0.462538] acpi PNP0A08:00: _OSC: OS now controls [PCIeHotplug PME PCIeCapability]
[    0.463001] acpi PNP0A08:00: FADT indicates ASPM is unsupported, using BIOS configuration
[    0.464037] PCI host bridge to bus 0000:00
[    0.464374] pci_bus 0000:00: root bus resource [io  0x0000-0x0cf7 window]
[    0.464716] pci_bus 0000:00: root bus resource [io  0x1000-0x7fff window]
[    0.465001] pci_bus 0000:00: root bus resource [mem 0x000a0000-0x000bffff window]
[    0.465612] pci_bus 0000:00: root bus resource [mem 0xfedb0000-0xfedb000f window]
[    0.466001] pci_bus 0000:00: root bus resource [mem 0xfedc0000-0xfedc000f window]
[    0.466613] pci_bus 0000:00: root bus resource [mem 0x90000000-0xc7ffbfff window]
[    0.467001] pci_bus 0000:00: root bus resource [bus 00-7e]
[    0.467347] pci 0000:00:00.0: [8086:6f00] type 00 class 0x060000
[    0.468021] pci 0000:00:01.0: [8086:6f02] type 01 class 0x060400
[    0.468069] pci 0000:00:01.0: PME# supported from D0 D3hot D3cold
[    0.468159] pci 0000:00:03.0: [8086:6f08] type 01 class 0x060400
[    0.468205] pci 0000:00:03.0: PME# supported from D0 D3hot D3cold
[    0.468290] pci 0000:00:04.0: [8086:6f20] type 00 class 0x088000
[    0.468302] pci 0000:00:04.0: reg 0x10: [mem 0xc732c000-0xc732ffff 64bit]
[    0.468416] pci 0000:00:04.1: [8086:6f21] type 00 class 0x088000
[    0.468426] pci 0000:00:04.1: reg 0x10: [mem 0xc7328000-0xc732bfff 64bit]
[    0.468542] pci 0000:00:04.2: [8086:6f22] type 00 class 0x088000
[    0.468553] pci 0000:00:04.2: reg 0x10: [mem 0xc7324000-0xc7327fff 64bit]
[    0.468666] pci 0000:00:04.3: [8086:6f23] type 00 class 0x088000
[    0.468676] pci 0000:00:04.3: reg 0x10: [mem 0xc7320000-0xc7323fff 64bit]
[    0.468790] pci 0000:00:04.4: [8086:6f24] type 00 class 0x088000
[    0.468800] pci 0000:00:04.4: reg 0x10: [mem 0xc731c000-0xc731ffff 64bit]
[    0.469011] pci 0000:00:04.5: [8086:6f25] type 00 class 0x088000
[    0.469011] pci 0000:00:04.5: reg 0x10: [mem 0xc7318000-0xc731bfff 64bit]
[    0.469040] pci 0000:00:04.6: [8086:6f26] type 00 class 0x088000
[    0.469050] pci 0000:00:04.6: reg 0x10: [mem 0xc7314000-0xc7317fff 64bit]
[    0.469165] pci 0000:00:04.7: [8086:6f27] type 00 class 0x088000
[    0.469176] pci 0000:00:04.7: reg 0x10: [mem 0xc7310000-0xc7313fff 64bit]
[    0.469288] pci 0000:00:05.0: [8086:6f28] type 00 class 0x088000
[    0.469397] pci 0000:00:05.1: [8086:6f29] type 00 class 0x088000
[    0.469517] pci 0000:00:05.2: [8086:6f2a] type 00 class 0x088000
[    0.469626] pci 0000:00:05.4: [8086:6f2c] type 00 class 0x080020
[    0.469635] pci 0000:00:05.4: reg 0x10: [mem 0xc7339000-0xc7339fff]
[    0.469757] pci 0000:00:11.0: [8086:8d7c] type 00 class 0xff0000
[    0.470015] pci 0000:00:11.4: [8086:8d62] type 00 class 0x010601
[    0.470015] pci 0000:00:11.4: reg 0x10: [io  0x7110-0x7117]
[    0.470015] pci 0000:00:11.4: reg 0x14: [io  0x7100-0x7103]
[    0.470015] pci 0000:00:11.4: reg 0x18: [io  0x70f0-0x70f7]
[    0.470015] pci 0000:00:11.4: reg 0x1c: [io  0x70e0-0x70e3]
[    0.470015] pci 0000:00:11.4: reg 0x20: [io  0x7020-0x703f]
[    0.470015] pci 0000:00:11.4: reg 0x24: [mem 0xc7338000-0xc73387ff]
[    0.470037] pci 0000:00:11.4: PME# supported from D3hot
[    0.470129] pci 0000:00:14.0: [8086:8d31] type 00 class 0x0c0330
[    0.470148] pci 0000:00:14.0: reg 0x10: [mem 0xc7300000-0xc730ffff 64bit]
[    0.470204] pci 0000:00:14.0: PME# supported from D3hot D3cold
[    0.470291] pci 0000:00:16.0: [8086:8d3a] type 00 class 0x078000
[    0.470310] pci 0000:00:16.0: reg 0x10: [mem 0xc7337000-0xc733700f 64bit]
[    0.470368] pci 0000:00:16.0: PME# supported from D0 D3hot D3cold
[    0.470451] pci 0000:00:16.1: [8086:8d3b] type 00 class 0x078000
[    0.470470] pci 0000:00:16.1: reg 0x10: [mem 0xc7336000-0xc733600f 64bit]
[    0.470527] pci 0000:00:16.1: PME# supported from D0 D3hot D3cold
[    0.470622] pci 0000:00:1a.0: [8086:8d2d] type 00 class 0x0c0320
[    0.470642] pci 0000:00:1a.0: reg 0x10: [mem 0xc7334000-0xc73343ff]
[    0.470730] pci 0000:00:1a.0: PME# supported from D0 D3hot D3cold
[    0.470818] pci 0000:00:1c.0: [8086:8d10] type 01 class 0x060400
[    0.470884] pci 0000:00:1c.0: PME# supported from D0 D3hot D3cold
[    0.471009] pci 0000:00:1c.2: [8086:8d14] type 01 class 0x060400
[    0.471043] pci 0000:00:1c.2: PME# supported from D0 D3hot D3cold
[    0.471134] pci 0000:00:1c.3: [8086:8d16] type 01 class 0x060400
[    0.471200] pci 0000:00:1c.3: PME# supported from D0 D3hot D3cold
[    0.471294] pci 0000:00:1d.0: [8086:8d26] type 00 class 0x0c0320
[    0.471314] pci 0000:00:1d.0: reg 0x10: [mem 0xc7333000-0xc73333ff]
[    0.471393] pci 0000:00:1d.0: PME# supported from D0 D3hot D3cold
[    0.471482] pci 0000:00:1f.0: [8086:8d44] type 00 class 0x060100
[    0.471666] pci 0000:00:1f.2: [8086:8d02] type 00 class 0x010601
[    0.471681] pci 0000:00:1f.2: reg 0x10: [io  0x7070-0x7077]
[    0.471687] pci 0000:00:1f.2: reg 0x14: [io  0x7060-0x7063]
[    0.471694] pci 0000:00:1f.2: reg 0x18: [io  0x7050-0x7057]
[    0.471700] pci 0000:00:1f.2: reg 0x1c: [io  0x7040-0x7043]
[    0.471706] pci 0000:00:1f.2: reg 0x20: [io  0x7000-0x701f]
[    0.471713] pci 0000:00:1f.2: reg 0x24: [mem 0xc7332000-0xc73327ff]
[    0.471746] pci 0000:00:1f.2: PME# supported from D3hot
[    0.471828] pci 0000:00:1f.3: [8086:8d22] type 00 class 0x0c0500
[    0.471844] pci 0000:00:1f.3: reg 0x10: [mem 0xc7331000-0xc73310ff 64bit]
[    0.471862] pci 0000:00:1f.3: reg 0x20: [io  0x0580-0x059f]
[    0.472010] pci 0000:00:01.0: PCI bridge to [bus 01]
[    0.472027] pci 0000:00:03.0: PCI bridge to [bus 02]
[    0.472415] pci 0000:03:00.0: [1a03:1150] type 01 class 0x060400
[    0.472482] pci 0000:03:00.0: enabling Extended Tags
[    0.473072] pci 0000:03:00.0: supports D1 D2
[    0.473073] pci 0000:03:00.0: PME# supported from D0 D1 D2 D3hot D3cold
[    0.476013] pci 0000:00:1c.0: PCI bridge to [bus 03-04]
[    0.476353] pci 0000:00:1c.0:   bridge window [io  0x6000-0x6fff]
[    0.476356] pci 0000:00:1c.0:   bridge window [mem 0xc6000000-0xc70fffff]
[    0.476420] pci 0000:04:00.0: [1a03:2000] type 00 class 0x030000
[    0.476451] pci 0000:04:00.0: reg 0x10: [mem 0xc6000000-0xc6ffffff]
[    0.476464] pci 0000:04:00.0: reg 0x14: [mem 0xc7000000-0xc701ffff]
[    0.476477] pci 0000:04:00.0: reg 0x18: [io  0x6000-0x607f]
[    0.476580] pci 0000:04:00.0: supports D1 D2
[    0.476581] pci 0000:04:00.0: PME# supported from D0 D1 D2 D3hot D3cold
[    0.476669] pci 0000:03:00.0: PCI bridge to [bus 04]
[    0.477008] pci 0000:03:00.0:   bridge window [io  0x6000-0x6fff]
[    0.477012] pci 0000:03:00.0:   bridge window [mem 0xc6000000-0xc70fffff]
[    0.477081] pci 0000:05:00.0: [8086:1533] type 00 class 0x020000
[    0.477117] pci 0000:05:00.0: reg 0x10: [mem 0xc7200000-0xc727ffff]
[    0.477145] pci 0000:05:00.0: reg 0x18: [io  0x5000-0x501f]
[    0.477159] pci 0000:05:00.0: reg 0x1c: [mem 0xc7280000-0xc7283fff]
[    0.477293] pci 0000:05:00.0: PME# supported from D0 D3hot D3cold
[    0.480018] pci 0000:00:1c.2: PCI bridge to [bus 05]
[    0.480359] pci 0000:00:1c.2:   bridge window [io  0x5000-0x5fff]
[    0.480361] pci 0000:00:1c.2:   bridge window [mem 0xc7200000-0xc72fffff]
[    0.480418] pci 0000:06:00.0: [8086:1533] type 00 class 0x020000
[    0.480454] pci 0000:06:00.0: reg 0x10: [mem 0xc7100000-0xc717ffff]
[    0.480480] pci 0000:06:00.0: reg 0x18: [io  0x4000-0x401f]
[    0.480495] pci 0000:06:00.0: reg 0x1c: [mem 0xc7180000-0xc7183fff]
[    0.480629] pci 0000:06:00.0: PME# supported from D0 D3hot D3cold
[    0.484018] pci 0000:00:1c.3: PCI bridge to [bus 06]
[    0.484357] pci 0000:00:1c.3:   bridge window [io  0x4000-0x4fff]
[    0.484359] pci 0000:00:1c.3:   bridge window [mem 0xc7100000-0xc71fffff]
[    0.484384] pci_bus 0000:00: on NUMA node 0
[    0.485079] ACPI: PCI Root Bridge [PCI1] (domain 0000 [bus 80-fe])
[    0.485421] acpi PNP0A08:01: _OSC: OS supports [ExtendedConfig ASPM ClockPM Segments MSI]
[    0.486357] acpi PNP0A08:01: _OSC: platform does not support [AER]
[    0.487259] acpi PNP0A08:01: _OSC: OS now controls [PCIeHotplug PME PCIeCapability]
[    0.487868] acpi PNP0A08:01: FADT indicates ASPM is unsupported, using BIOS configuration
[    0.488054] PCI host bridge to bus 0000:80
[    0.488390] pci_bus 0000:80: root bus resource [io  0x8000-0xffff window]
[    0.489001] pci_bus 0000:80: root bus resource [mem 0xc8000000-0xfbffbfff window]
[    0.489610] pci_bus 0000:80: root bus resource [bus 80-fe]
[    0.490010] pci 0000:80:03.0: [8086:6f08] type 01 class 0x060400
[    0.490064] pci 0000:80:03.0: PME# supported from D0 D3hot D3cold
[    0.490129] pci 0000:80:03.3: [8086:6f0b] type 01 class 0x060400
[    0.490179] pci 0000:80:03.3: PME# supported from D0 D3hot D3cold
[    0.490240] pci 0000:80:04.0: [8086:6f20] type 00 class 0x088000
[    0.490252] pci 0000:80:04.0: reg 0x10: [mem 0xfbf1c000-0xfbf1ffff 64bit]
[    0.490341] pci 0000:80:04.1: [8086:6f21] type 00 class 0x088000
[    0.490353] pci 0000:80:04.1: reg 0x10: [mem 0xfbf18000-0xfbf1bfff 64bit]
[    0.490441] pci 0000:80:04.2: [8086:6f22] type 00 class 0x088000
[    0.490452] pci 0000:80:04.2: reg 0x10: [mem 0xfbf14000-0xfbf17fff 64bit]
[    0.490539] pci 0000:80:04.3: [8086:6f23] type 00 class 0x088000
[    0.490550] pci 0000:80:04.3: reg 0x10: [mem 0xfbf10000-0xfbf13fff 64bit]
[    0.491008] pci 0000:80:04.4: [8086:6f24] type 00 class 0x088000
[    0.491008] pci 0000:80:04.4: reg 0x10: [mem 0xfbf0c000-0xfbf0ffff 64bit]
[    0.491011] pci 0000:80:04.5: [8086:6f25] type 00 class 0x088000
[    0.491011] pci 0000:80:04.5: reg 0x10: [mem 0xfbf08000-0xfbf0bfff 64bit]
[    0.491011] pci 0000:80:04.6: [8086:6f26] type 00 class 0x088000
[    0.491011] pci 0000:80:04.6: reg 0x10: [mem 0xfbf04000-0xfbf07fff 64bit]
[    0.491094] pci 0000:80:04.7: [8086:6f27] type 00 class 0x088000
[    0.491106] pci 0000:80:04.7: reg 0x10: [mem 0xfbf00000-0xfbf03fff 64bit]
[    0.491192] pci 0000:80:05.0: [8086:6f28] type 00 class 0x088000
[    0.491275] pci 0000:80:05.1: [8086:6f29] type 00 class 0x088000
[    0.491371] pci 0000:80:05.2: [8086:6f2a] type 00 class 0x088000
[    0.491453] pci 0000:80:05.4: [8086:6f2c] type 00 class 0x080020
[    0.491462] pci 0000:80:05.4: reg 0x10: [mem 0xfbf20000-0xfbf20fff]
[    0.491580] pci 0000:80:03.0: PCI bridge to [bus 81]
[    0.491951] pci 0000:82:00.0: [8086:0953] type 00 class 0x010802
[    0.491966] pci 0000:82:00.0: reg 0x10: [mem 0xfbe10000-0xfbe13fff 64bit]
[    0.491987] pci 0000:82:00.0: reg 0x30: [mem 0xfbe00000-0xfbe0ffff pref]
[    0.491991] pci 0000:82:00.0: enabling Extended Tags
[    0.492083] pci 0000:80:03.3: PCI bridge to [bus 82]
[    0.492422] pci 0000:80:03.3:   bridge window [mem 0xfbe00000-0xfbefffff]
[    0.492434] pci_bus 0000:80: on NUMA node 1
[    0.493050] ACPI: PCI Interrupt Link [LNKA] (IRQs 3 4 5 6 7 10 *11 12 14 15)
[    0.493440] ACPI: PCI Interrupt Link [LNKB] (IRQs 3 4 5 6 7 *10 11 12 14 15)
[    0.493827] ACPI: PCI Interrupt Link [LNKC] (IRQs 3 4 *5 6 10 11 12 14 15)
[    0.494043] ACPI: PCI Interrupt Link [LNKD] (IRQs 3 4 5 6 10 *11 12 14 15)
[    0.494427] ACPI: PCI Interrupt Link [LNKE] (IRQs 3 4 5 6 7 10 11 12 14 15) *0, disabled.
[    0.495043] ACPI: PCI Interrupt Link [LNKF] (IRQs 3 4 5 6 7 10 11 12 14 15) *0, disabled.
[    0.495698] ACPI: PCI Interrupt Link [LNKG] (IRQs 3 4 5 6 7 10 11 12 14 15) *0, disabled.
[    0.504043] ACPI: PCI Interrupt Link [LNKH] (IRQs 3 4 5 6 7 10 11 12 14 15) *0, disabled.
[    0.505073] pci 0000:04:00.0: vgaarb: setting as boot VGA device
[    0.505368] pci 0000:04:00.0: vgaarb: VGA device added: decodes=io+mem,owns=io+mem,locks=none
[    0.506004] pci 0000:04:00.0: vgaarb: bridge control possible
[    0.506343] vgaarb: loaded
[    0.506757] SCSI subsystem initialized
[    0.507041] libata version 3.00 loaded.
[    0.507041] ACPI: bus type USB registered
[    0.507386] usbcore: registered new interface driver usbfs
[    0.507732] usbcore: registered new interface driver hub
[    0.508079] usbcore: registered new device driver usb
[    0.509013] pps_core: LinuxPPS API ver. 1 registered
[    0.509013] pps_core: Software ver. 5.3.6 - Copyright 2005-2007 Rodolfo Giometti <giometti@linux.it>
[    0.509616] PTP clock support registered
[    0.510062] EDAC MC: Ver: 3.0.0
[    0.511040] PCI: Using ACPI for IRQ routing
[    0.515429] PCI: pci_cache_line_size set to 64 bytes
[    0.515598] e820: reserve RAM buffer [mem 0x00099c00-0x0009ffff]
[    0.515600] e820: reserve RAM buffer [mem 0x78f36000-0x7bffffff]
[    0.515687] NetLabel: Initializing
[    0.516001] NetLabel:  domain hash size = 128
[    0.516336] NetLabel:  protocols = UNLABELED CIPSOv4 CALIPSO
[    0.516688] NetLabel:  unlabeled traffic allowed by default
[    0.517049] hpet0: at MMIO 0xfed00000, IRQs 2, 8, 0, 0, 0, 0, 0, 0
[    0.517393] hpet0: 8 comparators, 64-bit 14.318180 MHz counter
[    0.520079] clocksource: Switched to clocksource hpet
[    0.534046] VFS: Disk quotas dquot_6.6.0
[    0.534411] VFS: Dquot-cache hash table entries: 512 (order 0, 4096 bytes)
[    0.534822] pnp: PnP ACPI init
[    0.535454] pnp 00:00: Plug and Play ACPI device, IDs PNP0b00 (active)
[    0.535558] system 00:01: [io  0x0500-0x057f] has been reserved
[    0.535901] system 00:01: [io  0x0400-0x047f] has been reserved
[    0.536248] system 00:01: [io  0x0580-0x059f] has been reserved
[    0.536588] system 00:01: [io  0x0600-0x061f] has been reserved
[    0.536927] system 00:01: [io  0x0880-0x0883] has been reserved
[    0.537272] system 00:01: [io  0x0800-0x081f] has been reserved
[    0.537612] system 00:01: [mem 0xfed1c000-0xfed3ffff] has been reserved
[    0.537952] system 00:01: [mem 0xfed45000-0xfed8bfff] has been reserved
[    0.538299] system 00:01: [mem 0xff000000-0xffffffff] has been reserved
[    0.538639] system 00:01: [mem 0xfee00000-0xfeefffff] has been reserved
[    0.538979] system 00:01: [mem 0xfed12000-0xfed1200f] has been reserved
[    0.539325] system 00:01: [mem 0xfed12010-0xfed1201f] has been reserved
[    0.539665] system 00:01: [mem 0xfed1b000-0xfed1bfff] has been reserved
[    0.540014] system 00:01: Plug and Play ACPI device, IDs PNP0c02 (active)
[    0.540228] system 00:02: [io  0x0a00-0x0a0f] has been reserved
[    0.540569] system 00:02: [io  0x0a10-0x0a1f] has been reserved
[    0.540907] system 00:02: [io  0x0a20-0x0a2f] has been reserved
[    0.541253] system 00:02: [io  0x0a30-0x0a3f] has been reserved
[    0.541592] system 00:02: [io  0x0a40-0x0a4f] has been reserved
[    0.541933] system 00:02: Plug and Play ACPI device, IDs PNP0c02 (active)
[    0.542118] pnp 00:03: [dma 0 disabled]
[    0.542158] pnp 00:03: Plug and Play ACPI device, IDs PNP0501 (active)
[    0.542322] pnp 00:04: [dma 0 disabled]
[    0.542354] pnp 00:04: Plug and Play ACPI device, IDs PNP0501 (active)
[    0.542910] pnp: PnP ACPI: found 5 devices
[    0.611370] clocksource: acpi_pm: mask: 0xffffff max_cycles: 0xffffff, max_idle_ns: 2085701024 ns
[    0.612043] pci 0000:00:01.0: PCI bridge to [bus 01]
[    0.612385] pci 0000:00:03.0: PCI bridge to [bus 02]
[    0.612726] pci 0000:03:00.0: PCI bridge to [bus 04]
[    0.613072] pci 0000:03:00.0:   bridge window [io  0x6000-0x6fff]
[    0.613416] pci 0000:03:00.0:   bridge window [mem 0xc6000000-0xc70fffff]
[    0.613766] pci 0000:00:1c.0: PCI bridge to [bus 03-04]
[    0.614110] pci 0000:00:1c.0:   bridge window [io  0x6000-0x6fff]
[    0.614451] pci 0000:00:1c.0:   bridge window [mem 0xc6000000-0xc70fffff]
[    0.614797] pci 0000:00:1c.2: PCI bridge to [bus 05]
[    0.615140] pci 0000:00:1c.2:   bridge window [io  0x5000-0x5fff]
[    0.615482] pci 0000:00:1c.2:   bridge window [mem 0xc7200000-0xc72fffff]
[    0.615827] pci 0000:00:1c.3: PCI bridge to [bus 06]
[    0.616171] pci 0000:00:1c.3:   bridge window [io  0x4000-0x4fff]
[    0.616513] pci 0000:00:1c.3:   bridge window [mem 0xc7100000-0xc71fffff]
[    0.616859] pci_bus 0000:00: resource 4 [io  0x0000-0x0cf7 window]
[    0.616861] pci_bus 0000:00: resource 5 [io  0x1000-0x7fff window]
[    0.616862] pci_bus 0000:00: resource 6 [mem 0x000a0000-0x000bffff window]
[    0.616863] pci_bus 0000:00: resource 7 [mem 0xfedb0000-0xfedb000f window]
[    0.616864] pci_bus 0000:00: resource 8 [mem 0xfedc0000-0xfedc000f window]
[    0.616865] pci_bus 0000:00: resource 9 [mem 0x90000000-0xc7ffbfff window]
[    0.616867] pci_bus 0000:03: resource 0 [io  0x6000-0x6fff]
[    0.616868] pci_bus 0000:03: resource 1 [mem 0xc6000000-0xc70fffff]
[    0.616869] pci_bus 0000:04: resource 0 [io  0x6000-0x6fff]
[    0.616869] pci_bus 0000:04: resource 1 [mem 0xc6000000-0xc70fffff]
[    0.616871] pci_bus 0000:05: resource 0 [io  0x5000-0x5fff]
[    0.616872] pci_bus 0000:05: resource 1 [mem 0xc7200000-0xc72fffff]
[    0.616872] pci_bus 0000:06: resource 0 [io  0x4000-0x4fff]
[    0.616873] pci_bus 0000:06: resource 1 [mem 0xc7100000-0xc71fffff]
[    0.616991] pci 0000:80:03.0: PCI bridge to [bus 81]
[    0.617339] pci 0000:80:03.3: PCI bridge to [bus 82]
[    0.617677] pci 0000:80:03.3:   bridge window [mem 0xfbe00000-0xfbefffff]
[    0.618027] pci_bus 0000:80: resource 4 [io  0x8000-0xffff window]
[    0.618028] pci_bus 0000:80: resource 5 [mem 0xc8000000-0xfbffbfff window]
[    0.618029] pci_bus 0000:82: resource 1 [mem 0xfbe00000-0xfbefffff]
[    0.618144] NET: Registered protocol family 2
[    0.618766] TCP established hash table entries: 524288 (order: 10, 4194304 bytes)
[    0.620056] TCP bind hash table entries: 65536 (order: 8, 1048576 bytes)
[    0.620550] TCP: Hash tables configured (established 524288 bind 65536)
[    0.620978] UDP hash table entries: 32768 (order: 8, 1048576 bytes)
[    0.621508] UDP-Lite hash table entries: 32768 (order: 8, 1048576 bytes)
[    0.622137] NET: Registered protocol family 1
[    0.622648] RPC: Registered named UNIX socket transport module.
[    0.622987] RPC: Registered udp transport module.
[    0.623330] RPC: Registered tcp transport module.
[    0.623666] RPC: Registered tcp NFSv4.1 backchannel transport module.
[    0.624317] pci 0000:00:14.0: CONFIG_USB_XHCI_HCD is turned off, defaulting to EHCI.
[    0.624926] pci 0000:00:14.0: USB 3.0 devices will work at USB 2.0 speeds.
[    0.653130] pci 0000:04:00.0: Video device with shadowed ROM at [mem 0x000c0000-0x000dffff]
[    0.653769] PCI: CLS mismatch (64 != 32), using 64 bytes
[    0.653810] DMAR: Host address width 46
[    0.654153] DMAR: DRHD base: 0x000000fbffc000 flags: 0x0
[    0.654498] DMAR: dmar0: reg_base_addr fbffc000 ver 1:0 cap 8d2078c106f0466 ecap f020de
[    0.655112] DMAR: DRHD base: 0x000000c7ffc000 flags: 0x1
[    0.655455] DMAR: dmar1: reg_base_addr c7ffc000 ver 1:0 cap 8d2078c106f0466 ecap f020de
[    0.656069] DMAR: RMRR base: 0x0000007ba70000 end: 0x0000007ba7ffff
[    0.656408] DMAR: ATSR flags: 0x0
[    0.656742] DMAR: RHSA base: 0x000000c7ffc000 proximity domain: 0x0
[    0.657085] DMAR: RHSA base: 0x000000fbffc000 proximity domain: 0x1
[    0.657466] PCI-DMA: Using software bounce buffering for IO (SWIOTLB)
[    0.657807] software IO TLB [mem 0x74f36000-0x78f36000] (64MB) mapped at [0000000014263225-00000000a10c2f8d]
[    0.658800] RAPL PMU: API unit is 2^-32 Joules, 3 fixed counters, 655360 ms ovfl timer
[    0.659416] RAPL PMU: hw unit of domain pp0-core 2^-14 Joules
[    0.659755] RAPL PMU: hw unit of domain package 2^-14 Joules
[    0.660099] RAPL PMU: hw unit of domain dram 2^-16 Joules
[    0.666957] Scanning for low memory corruption every 60 seconds
[    0.671878] Initialise system trusted keyrings
[    0.672279] workingset: timestamp_bits=40 max_order=24 bucket_order=0
[    0.674272] NFS: Registering the id_resolver key type
[    0.674614] Key type id_resolver registered
[    0.674948] Key type id_legacy registered
[    0.675329] SGI XFS with ACLs, security attributes, realtime, no debug enabled
[    0.680079] NET: Registered protocol family 38
[    0.680475] async_tx: api initialized (async)
[    0.680811] Key type asymmetric registered
[    0.681154] Asymmetric key parser 'x509' registered
[    0.681499] Block layer SCSI generic (bsg) driver version 0.4 loaded (major 249)
[    0.682118] io scheduler noop registered
[    0.682452] io scheduler deadline registered
[    0.682831] io scheduler cfq registered (default)
[    0.683176] io scheduler mq-deadline registered
[    0.683512] io scheduler kyber registered
[    0.683872] io scheduler bfq registered
[    0.685921] pcieport 0000:00:01.0: Signaling PME with IRQ 25
[    0.686305] pcieport 0000:00:03.0: Signaling PME with IRQ 27
[    0.686660] pcieport 0000:00:1c.0: Signaling PME with IRQ 28
[    0.687021] pcieport 0000:00:1c.2: Signaling PME with IRQ 29
[    0.687377] pcieport 0000:00:1c.3: Signaling PME with IRQ 30
[    0.687733] pcieport 0000:80:03.0: Signaling PME with IRQ 32
[    0.688098] pcieport 0000:80:03.3: Signaling PME with IRQ 33
[    0.688543] input: Power Button as /devices/LNXSYSTM:00/LNXSYBUS:00/PNP0C0C:00/input/input0
[    0.689166] ACPI: Power Button [PWRB]
[    0.689531] input: Power Button as /devices/LNXSYSTM:00/LNXPWRBN:00/input/input1
[    0.690151] ACPI: Power Button [PWRF]
[    0.690647] Monitor-Mwait will be used to enter C-1 state
[    0.690657] Monitor-Mwait will be used to enter C-2 state
[    0.696954] Serial: 8250/16550 driver, 4 ports, IRQ sharing enabled
[    0.717899] 00:03: ttyS0 at I/O 0x3f8 (irq = 4, base_baud = 115200) is a 16550A
[    0.739139] 00:04: ttyS1 at I/O 0x2f8 (irq = 3, base_baud = 115200) is a 16550A
[    0.740204] Non-volatile memory driver v1.3
[    0.740568] Linux agpgart interface v0.103
[    0.746474] loop: module loaded
[    0.747085] nvme nvme0: pci function 0000:82:00.0
[    0.747766] ahci 0000:00:11.4: version 3.0
[    0.747950] ahci 0000:00:11.4: AHCI 0001.0300 32 slots 4 ports 6 Gbps 0xf impl SATA mode
[    0.748576] ahci 0000:00:11.4: flags: 64bit ncq pm led clo pio slum part ems apst 
[    0.758524] scsi host0: ahci
[    0.758999] scsi host1: ahci
[    0.759471] scsi host2: ahci
[    0.759905] scsi host3: ahci
[    0.760272] ata1: SATA max UDMA/133 abar m2048@0xc7338000 port 0xc7338100 irq 36
[    0.760886] ata2: SATA max UDMA/133 abar m2048@0xc7338000 port 0xc7338180 irq 36
[    0.761501] ata3: SATA max UDMA/133 abar m2048@0xc7338000 port 0xc7338200 irq 36
[    0.762116] ata4: SATA max UDMA/133 abar m2048@0xc7338000 port 0xc7338280 irq 36
[    0.762955] ahci 0000:00:1f.2: AHCI 0001.0300 32 slots 6 ports 6 Gbps 0x3f impl SATA mode
[    0.763579] ahci 0000:00:1f.2: flags: 64bit ncq pm led clo pio slum part ems apst 
[    0.779398] scsi host4: ahci
[    0.779900] scsi host5: ahci
[    0.780360] scsi host6: ahci
[    0.780828] scsi host7: ahci
[    0.781322] scsi host8: ahci
[    0.781758] scsi host9: ahci
[    0.782127] ata5: SATA max UDMA/133 abar m2048@0xc7332000 port 0xc7332100 irq 37
[    0.782737] ata6: SATA max UDMA/133 abar m2048@0xc7332000 port 0xc7332180 irq 37
[    0.783356] ata7: SATA max UDMA/133 abar m2048@0xc7332000 port 0xc7332200 irq 37
[    0.783964] ata8: SATA max UDMA/133 abar m2048@0xc7332000 port 0xc7332280 irq 37
[    0.784582] ata9: SATA max UDMA/133 abar m2048@0xc7332000 port 0xc7332300 irq 37
[    0.792903] ata10: SATA max UDMA/133 abar m2048@0xc7332000 port 0xc7332380 irq 37
[    0.793711] e100: Intel(R) PRO/100 Network Driver, 3.5.24-k2-NAPI
[    0.794093] e100: Copyright(c) 1999-2006 Intel Corporation
[    0.794467] e1000: Intel(R) PRO/1000 Network Driver - version 7.3.21-k8-NAPI
[    0.794821] e1000: Copyright (c) 1999-2006 Intel Corporation.
[    0.795203] e1000e: Intel(R) PRO/1000 Network Driver - 3.2.6-k
[    0.795543] e1000e: Copyright(c) 1999 - 2015 Intel Corporation.
[    0.795928] igb: Intel(R) Gigabit Ethernet Network Driver - version 5.4.0-k
[    0.796282] igb: Copyright (c) 2007-2014 Intel Corporation.
[    0.863146]  nvme0n1: p1
[    1.029515] pps pps0: new PPS source ptp0
[    1.029877] igb 0000:05:00.0: added PHC on eth0
[    1.030232] igb 0000:05:00.0: Intel(R) Gigabit Ethernet Network Connection
[    1.030580] igb 0000:05:00.0: eth0: (PCIe:2.5Gb/s:Width x1) 0c:c4:7a:ca:23:f0
[    1.030972] igb 0000:05:00.0: eth0: PBA No: 013A00-000
[    1.031324] igb 0000:05:00.0: Using MSI-X interrupts. 4 rx queue(s), 4 tx queue(s)
[    1.069174] ata4: SATA link down (SStatus 0 SControl 300)
[    1.069546] ata2: SATA link down (SStatus 0 SControl 300)
[    1.069934] ata1: SATA link down (SStatus 0 SControl 300)
[    1.070340] ata3: SATA link down (SStatus 0 SControl 300)
[    1.101043] ata9: SATA link down (SStatus 0 SControl 300)
[    1.101430] ata6: SATA link up 3.0 Gbps (SStatus 123 SControl 300)
[    1.101809] ata10: SATA link down (SStatus 0 SControl 300)
[    1.102186] ata5: SATA link up 6.0 Gbps (SStatus 133 SControl 300)
[    1.102554] ata8: SATA link up 3.0 Gbps (SStatus 123 SControl 300)
[    1.102944] ata7: SATA link up 3.0 Gbps (SStatus 123 SControl 300)
[    1.103392] ata5.00: ATA-9: INTEL SSDSC2BB120G4, D2012370, max UDMA/133
[    1.103748] ata5.00: 234441648 sectors, multi 1: LBA48 NCQ (depth 31/32)
[    1.104345] ata5.00: configured for UDMA/133
[    1.104952] scsi 4:0:0:0: Direct-Access     ATA      INTEL SSDSC2BB12 2370 PQ: 0 ANSI: 5
[    1.105865] ata5.00: Enabling discard_zeroes_data
[    1.105939] sd 4:0:0:0: Attached scsi generic sg0 type 0
[    1.106916] sd 4:0:0:0: [sda] 234441648 512-byte logical blocks: (120 GB/112 GiB)
[    1.107555] sd 4:0:0:0: [sda] 4096-byte physical blocks
[    1.107952] sd 4:0:0:0: [sda] Write Protect is off
[    1.108309] sd 4:0:0:0: [sda] Mode Sense: 00 3a 00 00
[    1.108413] sd 4:0:0:0: [sda] Write cache: enabled, read cache: enabled, doesn't support DPO or FUA
[    1.109363] ata5.00: Enabling discard_zeroes_data
[    1.110547]  sda: sda1 sda2
[    1.111162] ata5.00: Enabling discard_zeroes_data
[    1.111549] sd 4:0:0:0: [sda] Attached SCSI disk
[    1.144394] ata6.00: ATA-7: MAXTOR STM3500630AS, 3.AAE, max UDMA/133
[    1.144765] ata6.00: 976773168 sectors, multi 16: LBA48 NCQ (depth 31/32)
[    1.152606] ata7.00: ATA-7: MAXTOR STM3500630AS, 3.AAE, max UDMA/133
[    1.152957] ata7.00: 976773168 sectors, multi 16: LBA48 NCQ (depth 31/32)
[    1.158184] ata8.00: ATA-7: MAXTOR STM3500630AS, 3.AAE, max UDMA/133
[    1.158575] ata8.00: 976773168 sectors, multi 16: LBA48 NCQ (depth 31/32)
[    1.202706] ata6.00: configured for UDMA/133
[    1.203330] scsi 5:0:0:0: Direct-Access     ATA      MAXTOR STM350063 E    PQ: 0 ANSI: 5
[    1.204305] sd 5:0:0:0: Attached scsi generic sg1 type 0
[    1.204424] sd 5:0:0:0: [sdb] 976773168 512-byte logical blocks: (500 GB/466 GiB)
[    1.204450] sd 5:0:0:0: [sdb] Write Protect is off
[    1.204451] sd 5:0:0:0: [sdb] Mode Sense: 00 3a 00 00
[    1.204496] sd 5:0:0:0: [sdb] Write cache: enabled, read cache: enabled, doesn't support DPO or FUA
[    1.210900] ata7.00: configured for UDMA/133
[    1.211521] scsi 6:0:0:0: Direct-Access     ATA      MAXTOR STM350063 E    PQ: 0 ANSI: 5
[    1.212423] sd 6:0:0:0: Attached scsi generic sg2 type 0
[    1.212534] sd 6:0:0:0: [sdc] 976773168 512-byte logical blocks: (500 GB/466 GiB)
[    1.212564] sd 6:0:0:0: [sdc] Write Protect is off
[    1.212566] sd 6:0:0:0: [sdc] Mode Sense: 00 3a 00 00
[    1.212617] sd 6:0:0:0: [sdc] Write cache: enabled, read cache: enabled, doesn't support DPO or FUA
[    1.216487] ata8.00: configured for UDMA/133
[    1.217085] scsi 7:0:0:0: Direct-Access     ATA      MAXTOR STM350063 E    PQ: 0 ANSI: 5
[    1.217984] sd 7:0:0:0: [sdd] 976773168 512-byte logical blocks: (500 GB/466 GiB)
[    1.218012] kworker/u65:7 (2567) used greatest stack depth: 14296 bytes left
[    1.218048] sd 7:0:0:0: Attached scsi generic sg3 type 0
[    1.219351] sd 7:0:0:0: [sdd] Write Protect is off
[    1.219696] sd 7:0:0:0: [sdd] Mode Sense: 00 3a 00 00
[    1.219703] sd 7:0:0:0: [sdd] Write cache: enabled, read cache: enabled, doesn't support DPO or FUA
[    1.242359]  sdb: sdb1
[    1.243243] sd 5:0:0:0: [sdb] Attached SCSI disk
[    1.250576]  sdc: sdc1
[    1.251136] sd 6:0:0:0: [sdc] Attached SCSI disk
[    1.256111]  sdd: sdd1
[    1.256654] sd 7:0:0:0: [sdd] Attached SCSI disk
[    1.265908] pps pps1: new PPS source ptp1
[    1.266266] igb 0000:06:00.0: added PHC on eth1
[    1.266610] igb 0000:06:00.0: Intel(R) Gigabit Ethernet Network Connection
[    1.266959] igb 0000:06:00.0: eth1: (PCIe:2.5Gb/s:Width x1) 0c:c4:7a:ca:23:f1
[    1.267364] igb 0000:06:00.0: eth1: PBA No: 011000-000
[    1.267710] igb 0000:06:00.0: Using MSI-X interrupts. 4 rx queue(s), 4 tx queue(s)
[    1.268406] igbvf: Intel(R) Gigabit Virtual Function Network Driver - version 2.4.0-k
[    1.269067] igbvf: Copyright (c) 2009 - 2012 Intel Corporation.
[    1.269534] ehci_hcd: USB 2.0 'Enhanced' Host Controller (EHCI) Driver
[    1.269883] ehci-pci: EHCI PCI platform driver
[    1.270402] ehci-pci 0000:00:1a.0: EHCI Host Controller
[    1.270825] ehci-pci 0000:00:1a.0: new USB bus registered, assigned bus number 1
[    1.271472] ehci-pci 0000:00:1a.0: debug port 2
[    1.275726] ehci-pci 0000:00:1a.0: cache line size of 64 is not supported
[    1.275740] ehci-pci 0000:00:1a.0: irq 18, io mem 0xc7334000
[    1.283081] ehci-pci 0000:00:1a.0: USB 2.0 started, EHCI 1.00
[    1.283456] usb usb1: New USB device found, idVendor=1d6b, idProduct=0002
[    1.283807] usb usb1: New USB device strings: Mfr=3, Product=2, SerialNumber=1
[    1.284438] usb usb1: Product: EHCI Host Controller
[    1.284781] usb usb1: Manufacturer: Linux 4.15.3 ehci_hcd
[    1.285136] usb usb1: SerialNumber: 0000:00:1a.0
[    1.285601] hub 1-0:1.0: USB hub found
[    1.285950] hub 1-0:1.0: 2 ports detected
[    1.286625] ehci-pci 0000:00:1d.0: EHCI Host Controller
[    1.287047] ehci-pci 0000:00:1d.0: new USB bus registered, assigned bus number 2
[    1.287679] ehci-pci 0000:00:1d.0: debug port 2
[    1.291931] ehci-pci 0000:00:1d.0: cache line size of 64 is not supported
[    1.291936] ehci-pci 0000:00:1d.0: irq 18, io mem 0xc7333000
[    1.299018] ehci-pci 0000:00:1d.0: USB 2.0 started, EHCI 1.00
[    1.299402] usb usb2: New USB device found, idVendor=1d6b, idProduct=0002
[    1.299754] usb usb2: New USB device strings: Mfr=3, Product=2, SerialNumber=1
[    1.300380] usb usb2: Product: EHCI Host Controller
[    1.300724] usb usb2: Manufacturer: Linux 4.15.3 ehci_hcd
[    1.301074] usb usb2: SerialNumber: 0000:00:1d.0
[    1.301519] hub 2-0:1.0: USB hub found
[    1.301866] hub 2-0:1.0: 2 ports detected
[    1.302373] ohci_hcd: USB 1.1 'Open' Host Controller (OHCI) Driver
[    1.302726] ohci-pci: OHCI PCI platform driver
[    1.303098] uhci_hcd: USB Universal Host Controller Interface driver
[    1.303479] usbcore: registered new interface driver usblp
[    1.303841] usbcore: registered new interface driver usb-storage
[    1.304217] i8042: PNP: No PS/2 controller found.
[    1.304697] rtc_cmos 00:00: RTC can wake from S4
[    1.305162] rtc_cmos 00:00: rtc core: registered rtc_cmos as rtc0
[    1.305534] rtc_cmos 00:00: alarms up to one month, y3k, 114 bytes nvram, hpet irqs
[    1.306333] i801_smbus 0000:00:1f.3: SMBus using PCI interrupt
[    1.308572] device-mapper: ioctl: 4.37.0-ioctl (2017-09-20) initialised: dm-devel@redhat.com
[    1.309407] device-mapper: multipath round-robin: version 1.2.0 loaded
[    1.309753] device-mapper: multipath queue-length: version 0.2.0 loaded
[    1.310109] device-mapper: multipath service-time: version 0.3.0 loaded
[    1.310464] device-mapper: raid: Loading target version 1.13.0
[    1.310824] intel_pstate: Intel P-state driver initializing
[    1.314486] hidraw: raw HID events driver (C) Jiri Kosina
[    1.315086] usbcore: registered new interface driver usbhid
[    1.315116] kworker/u65:2 (2650) used greatest stack depth: 14272 bytes left
[    1.315818] usbhid: USB HID core driver
[    1.316413] Netfilter messages via NETLINK v0.30.
[    1.317032] nf_conntrack version 0.5.0 (65536 buckets, 262144 max)
[    1.317456] ctnetlink v0.93: registering with nfnetlink.
[    1.317860] ip_tables: (C) 2000-2006 Netfilter Core Team
[    1.319239] Initializing XFRM netlink socket
[    1.319723] NET: Registered protocol family 10
[    1.320482] Segment Routing with IPv6
[    1.320855] ip6_tables: (C) 2000-2006 Netfilter Core Team
[    1.322172] sit: IPv6, IPv4 and MPLS over IPv4 tunneling driver
[    1.322634] NET: Registered protocol family 17
[    1.322992] Key type dns_resolver registered
[    1.325777] microcode: sig=0x406f1, pf=0x1, revision=0xb00001d
[    1.326394] microcode: Microcode Update Driver: v2.2.
[    1.326402] AVX2 version of gcm_enc/dec engaged.
[    1.327195] AES CTR mode by8 optimization enabled
[    1.328681] sched_clock: Marking stable (1328676298, 0)->(1546123761, -217447463)
[    1.329821] registered taskstats version 1
[    1.330167] Loading compiled-in X.509 certificates
[    1.330707] Btrfs loaded, crc32c=crc32c-intel, ref-verify=on
[    1.331083] BTRFS: selftest: sectorsize: 4096  nodesize: 4096
[    1.331425] BTRFS: selftest: Running btrfs free space cache tests
[    1.331781] BTRFS: selftest: Running extent only tests
[    1.332131] BTRFS: selftest: Running bitmap only tests
[    1.332512] BTRFS: selftest: Running bitmap and extent tests
[    1.332856] BTRFS: selftest: Running space stealing from bitmap to extent
[    1.333503] BTRFS: selftest: Free space cache tests finished
[    1.333844] BTRFS: selftest: Running extent buffer operation tests
[    1.334212] BTRFS: selftest: Running btrfs_split_item tests
[    1.334601] BTRFS: selftest: Running extent I/O tests
[    1.334940] BTRFS: selftest: Running find delalloc tests
[    1.374884] BTRFS: selftest: Running extent buffer bitmap tests
[    1.392388] BTRFS: selftest: Extent I/O tests finished
[    1.400849] BTRFS: selftest: Running btrfs_get_extent tests
[    1.401254] BTRFS: selftest: Running hole first btrfs_get_extent test
[    1.401634] BTRFS: selftest: Running outstanding_extents tests
[    1.401985] BTRFS: selftest: Running qgroup tests
[    1.402376] BTRFS: selftest: Qgroup basic add
[    1.402720] BTRFS: selftest: Qgroup multiple refs test
[    1.403110] BTRFS: selftest: Running free space tree tests
[    1.418074] BTRFS: selftest: sectorsize: 4096  nodesize: 8192
[    1.418446] BTRFS: selftest: Running btrfs free space cache tests
[    1.418797] BTRFS: selftest: Running extent only tests
[    1.419158] BTRFS: selftest: Running bitmap only tests
[    1.419531] BTRFS: selftest: Running bitmap and extent tests
[    1.419870] BTRFS: selftest: Running space stealing from bitmap to extent
[    1.420486] BTRFS: selftest: Free space cache tests finished
[    1.420822] BTRFS: selftest: Running extent buffer operation tests
[    1.421184] BTRFS: selftest: Running btrfs_split_item tests
[    1.421562] BTRFS: selftest: Running extent I/O tests
[    1.421897] BTRFS: selftest: Running find delalloc tests
[    1.459821] BTRFS: selftest: Running extent buffer bitmap tests
[    1.476980] BTRFS: selftest: Extent I/O tests finished
[    1.477389] BTRFS: selftest: Running btrfs_get_extent tests
[    1.477754] BTRFS: selftest: Running hole first btrfs_get_extent test
[    1.478126] BTRFS: selftest: Running outstanding_extents tests
[    1.478492] BTRFS: selftest: Running qgroup tests
[    1.478826] BTRFS: selftest: Qgroup basic add
[    1.479192] BTRFS: selftest: Qgroup multiple refs test
[    1.479584] BTRFS: selftest: Running free space tree tests
[    1.493761] BTRFS: selftest: sectorsize: 4096  nodesize: 16384
[    1.494101] BTRFS: selftest: Running btrfs free space cache tests
[    1.494441] BTRFS: selftest: Running extent only tests
[    1.494777] BTRFS: selftest: Running bitmap only tests
[    1.495124] BTRFS: selftest: Running bitmap and extent tests
[    1.495464] BTRFS: selftest: Running space stealing from bitmap to extent
[    1.496003] BTRFS: selftest: Free space cache tests finished
[    1.496343] BTRFS: selftest: Running extent buffer operation tests
[    1.496680] BTRFS: selftest: Running btrfs_split_item tests
[    1.497027] BTRFS: selftest: Running extent I/O tests
[    1.497365] BTRFS: selftest: Running find delalloc tests
[    1.531319] BTRFS: selftest: Running extent buffer bitmap tests
[    1.546709] BTRFS: selftest: Extent I/O tests finished
[    1.547049] BTRFS: selftest: Running btrfs_get_extent tests
[    1.547413] BTRFS: selftest: Running hole first btrfs_get_extent test
[    1.547758] BTRFS: selftest: Running outstanding_extents tests
[    1.548111] BTRFS: selftest: Running qgroup tests
[    1.548445] BTRFS: selftest: Qgroup basic add
[    1.548785] BTRFS: selftest: Qgroup multiple refs test
[    1.549145] BTRFS: selftest: Running free space tree tests
[    1.562555] BTRFS: selftest: sectorsize: 4096  nodesize: 32768
[    1.562892] BTRFS: selftest: Running btrfs free space cache tests
[    1.563238] BTRFS: selftest: Running extent only tests
[    1.563574] BTRFS: selftest: Running bitmap only tests
[    1.563911] BTRFS: selftest: Running bitmap and extent tests
[    1.564254] BTRFS: selftest: Running space stealing from bitmap to extent
[    1.564792] BTRFS: selftest: Free space cache tests finished
[    1.565131] BTRFS: selftest: Running extent buffer operation tests
[    1.565469] BTRFS: selftest: Running btrfs_split_item tests
[    1.565812] BTRFS: selftest: Running extent I/O tests
[    1.566150] BTRFS: selftest: Running find delalloc tests
[    1.599940] BTRFS: selftest: Running extent buffer bitmap tests
[    1.609052] usb 1-1: new high-speed USB device number 2 using ehci-pci
[    1.615377] BTRFS: selftest: Extent I/O tests finished
[    1.615712] BTRFS: selftest: Running btrfs_get_extent tests
[    1.616085] BTRFS: selftest: Running hole first btrfs_get_extent test
[    1.616438] BTRFS: selftest: Running outstanding_extents tests
[    1.616786] BTRFS: selftest: Running qgroup tests
[    1.617123] BTRFS: selftest: Qgroup basic add
[    1.617463] BTRFS: selftest: Qgroup multiple refs test
[    1.617822] BTRFS: selftest: Running free space tree tests
[    1.625054] usb 2-1: new high-speed USB device number 2 using ehci-pci
[    1.631503] BTRFS: selftest: sectorsize: 4096  nodesize: 65536
[    1.631840] BTRFS: selftest: Running btrfs free space cache tests
[    1.632189] BTRFS: selftest: Running extent only tests
[    1.632532] BTRFS: selftest: Running bitmap only tests
[    1.632871] BTRFS: selftest: Running bitmap and extent tests
[    1.633216] BTRFS: selftest: Running space stealing from bitmap to extent
[    1.633755] BTRFS: selftest: Free space cache tests finished
[    1.634095] BTRFS: selftest: Running extent buffer operation tests
[    1.634432] BTRFS: selftest: Running btrfs_split_item tests
[    1.634777] BTRFS: selftest: Running extent I/O tests
[    1.635115] BTRFS: selftest: Running find delalloc tests
[    1.669019] BTRFS: selftest: Running extent buffer bitmap tests
[    1.684402] BTRFS: selftest: Extent I/O tests finished
[    1.684737] BTRFS: selftest: Running btrfs_get_extent tests
[    1.685109] BTRFS: selftest: Running hole first btrfs_get_extent test
[    1.685455] BTRFS: selftest: Running outstanding_extents tests
[    1.685806] BTRFS: selftest: Running qgroup tests
[    1.686144] BTRFS: selftest: Qgroup basic add
[    1.686484] BTRFS: selftest: Qgroup multiple refs test
[    1.686844] BTRFS: selftest: Running free space tree tests
[    1.695218] tsc: Refined TSC clocksource calibration: 2099.998 MHz
[    1.695587] clocksource: tsc: mask: 0xffffffffffffffff max_cycles: 0x1e452ea631d, max_idle_ns: 440795244572 ns
[    1.703538] console [netcon0] enabled
[    1.703883] netconsole: network logging started
[    1.704328] md: Waiting for all devices to be available before autodetect
[    1.704678] md: If you don't use raid, use raid=noautodetect
[    1.705186] md: Autodetecting RAID arrays.
[    1.737414] usb 1-1: New USB device found, idVendor=8087, idProduct=800a
[    1.737769] usb 1-1: New USB device strings: Mfr=0, Product=0, SerialNumber=0
[    1.738294] hub 1-1:1.0: USB hub found
[    1.738804] hub 1-1:1.0: 6 ports detected
[    1.753414] usb 2-1: New USB device found, idVendor=8087, idProduct=8002
[    1.753765] usb 2-1: New USB device strings: Mfr=0, Product=0, SerialNumber=0
[    1.754296] hub 2-1:1.0: USB hub found
[    1.754805] hub 2-1:1.0: 8 ports detected
[    1.760198] md: autorun ...
[    1.760593] md: running: <sdd1><sdc1><sdb1>
[    1.761001] md0: detected capacity change from 0 to 1500318793728
[    1.761366] md: ... autorun DONE.
[    1.761958] EXT4-fs (sda2): couldn't mount as ext3 due to feature incompatibilities
[    1.766360] EXT4-fs (sda2): mounted filesystem with ordered data mode. Opts: (null)
[    1.766996] VFS: Mounted root (ext4 filesystem) readonly on device 8:2.
[    1.768112] devtmpfs: mounted
[    1.769980] Freeing unused kernel memory: 1192K
[    1.770364] Write protecting the kernel read-only data: 20480k
[    1.771670] Freeing unused kernel memory: 1980K
[    1.773200] Freeing unused kernel memory: 584K
[    1.820904] kbd_mode (2774) used greatest stack depth: 13872 bytes left
[    1.825500] loadkeys (2775) used greatest stack depth: 13696 bytes left
[    1.825996] init-early.sh (2772) used greatest stack depth: 13376 bytes left
[    2.031076] usb 2-1.8: new high-speed USB device number 3 using ehci-pci
[    2.109410] usb 2-1.8: New USB device found, idVendor=0557, idProduct=7000
[    2.109815] usb 2-1.8: New USB device strings: Mfr=0, Product=0, SerialNumber=0
[    2.110672] hub 2-1.8:1.0: USB hub found
[    2.111159] hub 2-1.8:1.0: 4 ports detected
[    2.318756] udevd[3156]: starting version 3.2.5
[    2.326603] udevd[3157]: starting eudev-3.2.5
[    2.403089] usb 2-1.8.1: new low-speed USB device number 4 using ehci-pci
[    2.424111] igb 0000:06:00.0 eno2: renamed from eth1
[    2.435127] igb 0000:05:00.0 eno1: renamed from eth0
[    2.458375] random: crng init done
[    2.504274] power_meter ACPI000D:00: Found ACPI power meter.
[    2.504294] power_meter ACPI000D:00: Ignoring unsafe software power cap!
[    2.504297] power_meter ACPI000D:00: hwmon_device_register() is deprecated. Please convert the driver to use hwmon_device_register_with_info().
[    2.507909] usb 2-1.8.1: New USB device found, idVendor=0557, idProduct=2419
[    2.507911] usb 2-1.8.1: New USB device strings: Mfr=0, Product=0, SerialNumber=0
[    2.508692] input: HID 0557:2419 as /devices/pci0000:00/0000:00:1d.0/usb2/2-1/2-1.8/2-1.8.1/2-1.8.1:1.0/0003:0557:2419.0001/input/input2
[    2.560197] hid-generic 0003:0557:2419.0001: input,hidraw0: USB HID v1.00 Keyboard [HID 0557:2419] on usb-0000:00:1d.0-1.8.1/input0
[    2.560828] input: HID 0557:2419 as /devices/pci0000:00/0000:00:1d.0/usb2/2-1/2-1.8/2-1.8.1/2-1.8.1:1.1/0003:0557:2419.0002/input/input3
[    2.560917] hid-generic 0003:0557:2419.0002: input,hidraw1: USB HID v1.00 Mouse [HID 0557:2419] on usb-0000:00:1d.0-1.8.1/input1
[    2.703219] clocksource: Switched to clocksource tsc
[    3.174603] EXT4-fs (sda2): re-mounted. Opts: (null)
[    3.303488] XFS (nvme0n1p1): Mounting V5 Filesystem
[    3.326359] XFS (nvme0n1p1): Ending clean mount
[    3.337330] XFS (md0): Mounting V5 Filesystem
[    3.517229] XFS (md0): Ending clean mount
[    4.197386] ip (3960) used greatest stack depth: 13072 bytes left
[    4.481352] IPv6: ADDRCONF(NETDEV_UP): eno1: link is not ready
[    4.526214] IPv6: ADDRCONF(NETDEV_UP): eno2: link is not ready
[    7.501562] igb 0000:05:00.0 eno1: igb: eno1 NIC Link is Up 1000 Mbps Full Duplex, Flow Control: RX/TX
[    7.607272] IPv6: ADDRCONF(NETDEV_CHANGE): eno1: link becomes ready
[ 1020.898087] kworker/dying (240) used greatest stack depth: 12928 bytes left
[ 2593.759096] kworker/dying (2452) used greatest stack depth: 12840 bytes left
[19731.424279] kworker/dying (8723) used greatest stack depth: 12776 bytes left
[21369.823302] kworker/dying (53) used greatest stack depth: 12760 bytes left
[26219.487419] kworker/dying (17628) used greatest stack depth: 12504 bytes left
[30054.065413] kworker/dying (12320) used greatest stack depth: 12320 bytes left
