[    0.000000] Linux version 4.15.3 (root@bench2) (gcc version 7.3.0 (GCC)) #1 SMP Fri Feb 16 18:30:28 CET 2018
[    0.000000] Command line: BOOT_IMAGE=/vmlinuz-4.15.3 root=/dev/sda2 ro
[    0.000000] x86/fpu: Supporting XSAVE feature 0x001: 'x87 floating point registers'
[    0.000000] x86/fpu: Supporting XSAVE feature 0x002: 'SSE registers'
[    0.000000] x86/fpu: Supporting XSAVE feature 0x004: 'AVX registers'
[    0.000000] x86/fpu: xstate_offset[2]:  576, xstate_sizes[2]:  256
[    0.000000] x86/fpu: Enabled xstate features 0x7, context size is 832 bytes, using 'standard' format.
[    0.000000] e820: BIOS-provided physical RAM map:
[    0.000000] BIOS-e820: [mem 0x0000000000000000-0x0000000000099bff] usable
[    0.000000] BIOS-e820: [mem 0x0000000000099c00-0x000000000009ffff] reserved
[    0.000000] BIOS-e820: [mem 0x00000000000e0000-0x00000000000fffff] reserved
[    0.000000] BIOS-e820: [mem 0x0000000000100000-0x0000000078f35fff] usable
[    0.000000] BIOS-e820: [mem 0x0000000078f36000-0x0000000079838fff] reserved
[    0.000000] BIOS-e820: [mem 0x0000000079839000-0x0000000079d49fff] ACPI NVS
[    0.000000] BIOS-e820: [mem 0x0000000079d4a000-0x000000008fffffff] reserved
[    0.000000] BIOS-e820: [mem 0x00000000fed1c000-0x00000000fed44fff] reserved
[    0.000000] BIOS-e820: [mem 0x00000000ff000000-0x00000000ffffffff] reserved
[    0.000000] BIOS-e820: [mem 0x0000000100000000-0x000000107fffffff] usable
[    0.000000] NX (Execute Disable) protection: active
[    0.000000] random: fast init done
[    0.000000] SMBIOS 3.0 present.
[    0.000000] DMI: Supermicro Super Server/X10DRL-i, BIOS 2.0a 08/25/2016
[    0.000000] e820: update [mem 0x00000000-0x00000fff] usable ==> reserved
[    0.000000] e820: remove [mem 0x000a0000-0x000fffff] usable
[    0.000000] e820: last_pfn = 0x1080000 max_arch_pfn = 0x400000000
[    0.000000] MTRR default type: write-back
[    0.000000] MTRR fixed ranges enabled:
[    0.000000]   00000-9FFFF write-back
[    0.000000]   A0000-BFFFF uncachable
[    0.000000]   C0000-FFFFF write-protect
[    0.000000] MTRR variable ranges enabled:
[    0.000000]   0 base 000080000000 mask 3FFF80000000 uncachable
[    0.000000]   1 base 380000000000 mask 3F8000000000 uncachable
[    0.000000]   2 disabled
[    0.000000]   3 disabled
[    0.000000]   4 disabled
[    0.000000]   5 disabled
[    0.000000]   6 disabled
[    0.000000]   7 disabled
[    0.000000]   8 disabled
[    0.000000]   9 disabled
[    0.000000] x86/PAT: Configuration [0-7]: WB  WC  UC- UC  WB  WP  UC- WT  
[    0.000000] e820: last_pfn = 0x78f36 max_arch_pfn = 0x400000000
[    0.000000] Scanning 1 areas for low memory corruption
[    0.000000] Base memory trampoline at [        (ptrval)] 93000 size 24576
[    0.000000] Using GB pages for direct mapping
[    0.000000] BRK [0x2505e1000, 0x2505e1fff] PGTABLE
[    0.000000] BRK [0x2505e2000, 0x2505e2fff] PGTABLE
[    0.000000] BRK [0x2505e3000, 0x2505e3fff] PGTABLE
[    0.000000] BRK [0x2505e4000, 0x2505e4fff] PGTABLE
[    0.000000] BRK [0x2505e5000, 0x2505e5fff] PGTABLE
[    0.000000] BRK [0x2505e6000, 0x2505e6fff] PGTABLE
[    0.000000] BRK [0x2505e7000, 0x2505e7fff] PGTABLE
[    0.000000] ACPI: Early table checksum verification disabled
[    0.000000] ACPI: RSDP 0x00000000000F05B0 000024 (v02 SUPERM)
[    0.000000] ACPI: XSDT 0x00000000798990A8 0000D4 (v01                 01072009 AMI  00010013)
[    0.000000] ACPI: FACP 0x00000000798C9E70 00010C (v05 SUPERM SMCI--MB 01072009 AMI  00010013)
[    0.000000] ACPI: DSDT 0x0000000079899218 030C57 (v02 SUPERM SMCI--MB 01072009 INTL 20091013)
[    0.000000] ACPI: FACS 0x0000000079D48F80 000040
[    0.000000] ACPI: APIC 0x00000000798C9F80 000224 (v03 SUPERM SMCI--MB 01072009 AMI  00010013)
[    0.000000] ACPI: FPDT 0x00000000798CA1A8 000044 (v01 SUPERM SMCI--MB 01072009 AMI  00010013)
[    0.000000] ACPI: FIDT 0x00000000798CA1F0 00009C (v01 SUPERM SMCI--MB 01072009 AMI  00010013)
[    0.000000] ACPI: SPMI 0x00000000798CA290 000040 (v05 SUPERM SMCI--MB 00000000 AMI. 00000000)
[    0.000000] ACPI: MCFG 0x00000000798CA2D0 00003C (v01 SUPERM SMCI--MB 01072009 MSFT 00000097)
[    0.000000] ACPI: UEFI 0x00000000798CA310 000042 (v01 SUPERM SMCI--MB 01072009      00000000)
[    0.000000] ACPI: HPET 0x00000000798CA358 000038 (v01 SUPERM SMCI--MB 00000001 INTL 20091013)
[    0.000000] ACPI: MSCT 0x00000000798CA390 000090 (v01 SUPERM SMCI--MB 00000001 INTL 20091013)
[    0.000000] ACPI: SLIT 0x00000000798CA420 000030 (v01 SUPERM SMCI--MB 00000001 INTL 20091013)
[    0.000000] ACPI: SRAT 0x00000000798CA450 001158 (v03 SUPERM SMCI--MB 00000001 INTL 20091013)
[    0.000000] ACPI: WDDT 0x00000000798CB5A8 000040 (v01 SUPERM SMCI--MB 00000000 INTL 20091013)
[    0.000000] ACPI: SSDT 0x00000000798CB5E8 016FB3 (v02 SUPERM PmMgt    00000001 INTL 20120913)
[    0.000000] ACPI: NITR 0x00000000798E25A0 000071 (v02 SUPERM SMCI--MB 00000001 INTL 20091013)
[    0.000000] ACPI: SSDT 0x00000000798E2618 00264C (v02 SUPERM SpsNm    00000002 INTL 20120913)
[    0.000000] ACPI: SSDT 0x00000000798E4C68 000064 (v02 SUPERM SpsNvs   00000002 INTL 20120913)
[    0.000000] ACPI: PRAD 0x00000000798E4CD0 000102 (v02 SUPERM SMCI--MB 00000002 INTL 20120913)
[    0.000000] ACPI: DMAR 0x00000000798E4DD8 000140 (v01 SUPERM SMCI--MB 00000001 INTL 20091013)
[    0.000000] ACPI: HEST 0x00000000798E4F18 00027C (v01 SUPERM SMCI--MB 00000001 INTL 00000001)
[    0.000000] ACPI: BERT 0x00000000798E5198 000030 (v01 SUPERM SMCI--MB 00000001 INTL 00000001)
[    0.000000] ACPI: ERST 0x00000000798E51C8 000230 (v01 SUPERM SMCI--MB 00000001 INTL 00000001)
[    0.000000] ACPI: EINJ 0x00000000798E53F8 000130 (v01 SUPERM SMCI--MB 00000001 INTL 00000001)
[    0.000000] ACPI: Local APIC address 0xfee00000
[    0.000000] SRAT: PXM 0 -> APIC 0x00 -> Node 0
[    0.000000] SRAT: PXM 0 -> APIC 0x02 -> Node 0
[    0.000000] SRAT: PXM 0 -> APIC 0x04 -> Node 0
[    0.000000] SRAT: PXM 0 -> APIC 0x06 -> Node 0
[    0.000000] SRAT: PXM 0 -> APIC 0x08 -> Node 0
[    0.000000] SRAT: PXM 0 -> APIC 0x0a -> Node 0
[    0.000000] SRAT: PXM 0 -> APIC 0x0c -> Node 0
[    0.000000] SRAT: PXM 0 -> APIC 0x0e -> Node 0
[    0.000000] SRAT: PXM 1 -> APIC 0x10 -> Node 1
[    0.000000] SRAT: PXM 1 -> APIC 0x12 -> Node 1
[    0.000000] SRAT: PXM 1 -> APIC 0x14 -> Node 1
[    0.000000] SRAT: PXM 1 -> APIC 0x16 -> Node 1
[    0.000000] SRAT: PXM 1 -> APIC 0x18 -> Node 1
[    0.000000] SRAT: PXM 1 -> APIC 0x1a -> Node 1
[    0.000000] SRAT: PXM 1 -> APIC 0x1c -> Node 1
[    0.000000] SRAT: PXM 1 -> APIC 0x1e -> Node 1
[    0.000000] SRAT: PXM 0 -> APIC 0x01 -> Node 0
[    0.000000] SRAT: PXM 0 -> APIC 0x03 -> Node 0
[    0.000000] SRAT: PXM 0 -> APIC 0x05 -> Node 0
[    0.000000] SRAT: PXM 0 -> APIC 0x07 -> Node 0
[    0.000000] SRAT: PXM 0 -> APIC 0x09 -> Node 0
[    0.000000] SRAT: PXM 0 -> APIC 0x0b -> Node 0
[    0.000000] SRAT: PXM 0 -> APIC 0x0d -> Node 0
[    0.000000] SRAT: PXM 0 -> APIC 0x0f -> Node 0
[    0.000000] SRAT: PXM 1 -> APIC 0x11 -> Node 1
[    0.000000] SRAT: PXM 1 -> APIC 0x13 -> Node 1
[    0.000000] SRAT: PXM 1 -> APIC 0x15 -> Node 1
[    0.000000] SRAT: PXM 1 -> APIC 0x17 -> Node 1
[    0.000000] SRAT: PXM 1 -> APIC 0x19 -> Node 1
[    0.000000] SRAT: PXM 1 -> APIC 0x1b -> Node 1
[    0.000000] SRAT: PXM 1 -> APIC 0x1d -> Node 1
[    0.000000] SRAT: PXM 1 -> APIC 0x1f -> Node 1
[    0.000000] ACPI: SRAT: Node 0 PXM 0 [mem 0x00000000-0x7fffffff]
[    0.000000] ACPI: SRAT: Node 0 PXM 0 [mem 0x100000000-0x87fffffff]
[    0.000000] ACPI: SRAT: Node 1 PXM 1 [mem 0x880000000-0x107fffffff]
[    0.000000] NUMA: Initialized distance table, cnt=2
[    0.000000] NUMA: Node 0 [mem 0x00000000-0x7fffffff] + [mem 0x100000000-0x87fffffff] -> [mem 0x00000000-0x87fffffff]
[    0.000000] NODE_DATA(0) allocated [mem 0x87fffc000-0x87fffffff]
[    0.000000] NODE_DATA(1) allocated [mem 0x107fffb000-0x107fffefff]
[    0.000000] tsc: Fast TSC calibration using PIT
[    0.000000] Zone ranges:
[    0.000000]   DMA      [mem 0x0000000000001000-0x0000000000ffffff]
[    0.000000]   DMA32    [mem 0x0000000001000000-0x00000000ffffffff]
[    0.000000]   Normal   [mem 0x0000000100000000-0x000000107fffffff]
[    0.000000] Movable zone start for each node
[    0.000000] Early memory node ranges
[    0.000000]   node   0: [mem 0x0000000000001000-0x0000000000098fff]
[    0.000000]   node   0: [mem 0x0000000000100000-0x0000000078f35fff]
[    0.000000]   node   0: [mem 0x0000000100000000-0x000000087fffffff]
[    0.000000]   node   1: [mem 0x0000000880000000-0x000000107fffffff]
[    0.000000] Initmem setup node 0 [mem 0x0000000000001000-0x000000087fffffff]
[    0.000000] On node 0 totalpages: 8359630
[    0.000000]   DMA zone: 64 pages used for memmap
[    0.000000]   DMA zone: 21 pages reserved
[    0.000000]   DMA zone: 3992 pages, LIFO batch:0
[    0.000000]   DMA32 zone: 7677 pages used for memmap
[    0.000000]   DMA32 zone: 491318 pages, LIFO batch:31
[    0.000000]   Normal zone: 122880 pages used for memmap
[    0.000000]   Normal zone: 7864320 pages, LIFO batch:31
[    0.000000] Initmem setup node 1 [mem 0x0000000880000000-0x000000107fffffff]
[    0.000000] On node 1 totalpages: 8388608
[    0.000000]   Normal zone: 131072 pages used for memmap
[    0.000000]   Normal zone: 8388608 pages, LIFO batch:31
[    0.000000] Reserved but unavailable: 104 pages
[    0.000000] ACPI: PM-Timer IO Port: 0x408
[    0.000000] ACPI: Local APIC address 0xfee00000
[    0.000000] ACPI: LAPIC_NMI (acpi_id[0x00] high edge lint[0x1])
[    0.000000] ACPI: LAPIC_NMI (acpi_id[0x02] high edge lint[0x1])
[    0.000000] ACPI: LAPIC_NMI (acpi_id[0x04] high edge lint[0x1])
[    0.000000] ACPI: LAPIC_NMI (acpi_id[0x06] high edge lint[0x1])
[    0.000000] ACPI: LAPIC_NMI (acpi_id[0x08] high edge lint[0x1])
[    0.000000] ACPI: LAPIC_NMI (acpi_id[0x0a] high edge lint[0x1])
[    0.000000] ACPI: LAPIC_NMI (acpi_id[0x0c] high edge lint[0x1])
[    0.000000] ACPI: LAPIC_NMI (acpi_id[0x0e] high edge lint[0x1])
[    0.000000] ACPI: LAPIC_NMI (acpi_id[0x10] high edge lint[0x1])
[    0.000000] ACPI: LAPIC_NMI (acpi_id[0x12] high edge lint[0x1])
[    0.000000] ACPI: LAPIC_NMI (acpi_id[0x14] high edge lint[0x1])
[    0.000000] ACPI: LAPIC_NMI (acpi_id[0x16] high edge lint[0x1])
[    0.000000] ACPI: LAPIC_NMI (acpi_id[0x18] high edge lint[0x1])
[    0.000000] ACPI: LAPIC_NMI (acpi_id[0x1a] high edge lint[0x1])
[    0.000000] ACPI: LAPIC_NMI (acpi_id[0x1c] high edge lint[0x1])
[    0.000000] ACPI: LAPIC_NMI (acpi_id[0x1e] high edge lint[0x1])
[    0.000000] ACPI: LAPIC_NMI (acpi_id[0x01] high edge lint[0x1])
[    0.000000] ACPI: LAPIC_NMI (acpi_id[0x03] high edge lint[0x1])
[    0.000000] ACPI: LAPIC_NMI (acpi_id[0x05] high edge lint[0x1])
[    0.000000] ACPI: LAPIC_NMI (acpi_id[0x07] high edge lint[0x1])
[    0.000000] ACPI: LAPIC_NMI (acpi_id[0x09] high edge lint[0x1])
[    0.000000] ACPI: LAPIC_NMI (acpi_id[0x0b] high edge lint[0x1])
[    0.000000] ACPI: LAPIC_NMI (acpi_id[0x0d] high edge lint[0x1])
[    0.000000] ACPI: LAPIC_NMI (acpi_id[0x0f] high edge lint[0x1])
[    0.000000] ACPI: LAPIC_NMI (acpi_id[0x11] high edge lint[0x1])
[    0.000000] ACPI: LAPIC_NMI (acpi_id[0x13] high edge lint[0x1])
[    0.000000] ACPI: LAPIC_NMI (acpi_id[0x15] high edge lint[0x1])
[    0.000000] ACPI: LAPIC_NMI (acpi_id[0x17] high edge lint[0x1])
[    0.000000] ACPI: LAPIC_NMI (acpi_id[0x19] high edge lint[0x1])
[    0.000000] ACPI: LAPIC_NMI (acpi_id[0x1b] high edge lint[0x1])
[    0.000000] ACPI: LAPIC_NMI (acpi_id[0x1d] high edge lint[0x1])
[    0.000000] ACPI: LAPIC_NMI (acpi_id[0x1f] high edge lint[0x1])
[    0.000000] IOAPIC[0]: apic_id 1, version 32, address 0xfec00000, GSI 0-23
[    0.000000] IOAPIC[1]: apic_id 2, version 32, address 0xfec01000, GSI 24-47
[    0.000000] IOAPIC[2]: apic_id 3, version 32, address 0xfec40000, GSI 48-71
[    0.000000] ACPI: INT_SRC_OVR (bus 0 bus_irq 0 global_irq 2 dfl dfl)
[    0.000000] ACPI: INT_SRC_OVR (bus 0 bus_irq 9 global_irq 9 high level)
[    0.000000] ACPI: IRQ0 used by override.
[    0.000000] ACPI: IRQ9 used by override.
[    0.000000] Using ACPI (MADT) for SMP configuration information
[    0.000000] ACPI: HPET id: 0x8086a701 base: 0xfed00000
[    0.000000] [Firmware Bug]: TSC_DEADLINE disabled due to Errata; please update microcode to version: 0xb000020 (or later)
[    0.000000] smpboot: Allowing 32 CPUs, 0 hotplug CPUs
[    0.000000] e820: [mem 0x90000000-0xfed1bfff] available for PCI devices
[    0.000000] clocksource: refined-jiffies: mask: 0xffffffff max_cycles: 0xffffffff, max_idle_ns: 1910969940391419 ns
[    0.000000] setup_percpu: NR_CPUS:64 nr_cpumask_bits:64 nr_cpu_ids:32 nr_node_ids:2
[    0.000000] percpu: Embedded 43 pages/cpu @        (ptrval) s137304 r8192 d30632 u262144
[    0.000000] pcpu-alloc: s137304 r8192 d30632 u262144 alloc=1*2097152
[    0.000000] pcpu-alloc: [0] 00 01 02 03 04 05 06 07 [0] 16 17 18 19 20 21 22 23 
[    0.000000] pcpu-alloc: [1] 08 09 10 11 12 13 14 15 [1] 24 25 26 27 28 29 30 31 
[    0.000000] Built 2 zonelists, mobility grouping on.  Total pages: 16486524
[    0.000000] Policy zone: Normal
[    0.000000] Kernel command line: BOOT_IMAGE=/vmlinuz-4.15.3 root=/dev/sda2 ro
[    0.000000] Memory: 65844120K/66992952K available (14364K kernel code, 1522K rwdata, 3512K rodata, 1200K init, 636K bss, 1148832K reserved, 0K cma-reserved)
[    0.000000] SLUB: HWalign=64, Order=0-3, MinObjects=0, CPUs=32, Nodes=2
[    0.000000] Kernel/User page tables isolation: enabled
[    0.000000] Hierarchical RCU implementation.
[    0.000000] 	RCU event tracing is enabled.
[    0.000000] 	RCU restricting CPUs from NR_CPUS=64 to nr_cpu_ids=32.
[    0.000000] RCU: Adjusting geometry for rcu_fanout_leaf=16, nr_cpu_ids=32
[    0.000000] NR_IRQS: 4352, nr_irqs: 1496, preallocated irqs: 16
[    0.000000] Console: colour VGA+ 80x25
[    0.000000] console [tty0] enabled
[    0.000000] ACPI: Core revision 20170831
[    0.000000] ACPI: 4 ACPI AML tables successfully acquired and loaded
[    0.000000] clocksource: hpet: mask: 0xffffffff max_cycles: 0xffffffff, max_idle_ns: 133484882848 ns
[    0.000000] hpet clockevent registered
[    0.000000] APIC: Switch to symmetric I/O mode setup
[    0.000000] Switched APIC routing to physical flat.
[    0.000000] ..TIMER: vector=0x30 apic1=0 pin1=2 apic2=-1 pin2=-1
[    0.005000] tsc: Fast TSC calibration using PIT
[    0.006000] tsc: Detected 2099.845 MHz processor
[    0.006000] Calibrating delay loop (skipped), value calculated using timer frequency.. 4199.69 BogoMIPS (lpj=2099845)
[    0.007001] pid_max: default: 32768 minimum: 301
[    0.007184] Security Framework initialized
[    0.020142] Dentry cache hash table entries: 8388608 (order: 14, 67108864 bytes)
[    0.026761] Inode-cache hash table entries: 4194304 (order: 13, 33554432 bytes)
[    0.027177] Mount-cache hash table entries: 131072 (order: 8, 1048576 bytes)
[    0.027509] Mountpoint-cache hash table entries: 131072 (order: 8, 1048576 bytes)
[    0.027958] CPU: Physical Processor ID: 0
[    0.028001] CPU: Processor Core ID: 0
[    0.028132] mce: CPU supports 22 MCE banks
[    0.028272] CPU0: Thermal monitoring enabled (TM1)
[    0.028442] process: using mwait in idle threads
[    0.028571] Last level iTLB entries: 4KB 64, 2MB 8, 4MB 8
[    0.028699] Last level dTLB entries: 4KB 64, 2MB 0, 4MB 0, 1GB 4
[    0.028829] Spectre V2 : Mitigation: Full generic retpoline
[    0.029386] Freeing SMP alternatives memory: 48K
[    0.031000] smpboot: CPU0: Intel(R) Xeon(R) CPU E5-2620 v4 @ 2.10GHz (family: 0x6, model: 0x4f, stepping: 0x1)
[    0.031000] Performance Events: PEBS fmt2+, Broadwell events, 16-deep LBR, full-width counters, Intel PMU driver.
[    0.031005] ... version:                3
[    0.031340] ... bit width:              48
[    0.032001] ... generic registers:      4
[    0.032336] ... value mask:             0000ffffffffffff
[    0.032674] ... max period:             00007fffffffffff
[    0.033001] ... fixed-purpose events:   3
[    0.033335] ... event mask:             000000070000000f
[    0.033725] Hierarchical SRCU implementation.
[    0.034453] smp: Bringing up secondary CPUs ...
[    0.034869] x86: Booting SMP configuration:
[    0.035001] .... node  #0, CPUs:        #1  #2  #3  #4  #5  #6  #7
[    0.043003] .... node  #1, CPUs:    #8  #9 #10 #11 #12 #13 #14 #15
[    0.113002] .... node  #0, CPUs:   #16 #17 #18 #19 #20 #21 #22 #23
[    0.122461] .... node  #1, CPUs:   #24 #25 #26 #27 #28 #29 #30 #31
[    0.131571] smp: Brought up 2 nodes, 32 CPUs
[    0.132002] smpboot: Max logical packages: 2
[    0.132338] smpboot: Total of 32 processors activated (134385.40 BogoMIPS)
[    0.136860] devtmpfs: initialized
[    0.137161] kworker/u65:0 (172) used greatest stack depth: 14304 bytes left
[    0.137161] clocksource: jiffies: mask: 0xffffffff max_cycles: 0xffffffff, max_idle_ns: 1911260446275000 ns
[    0.137179] futex hash table entries: 8192 (order: 7, 524288 bytes)
[    0.137390] xor: automatically using best checksumming function   avx       
[    0.139372] NET: Registered protocol family 16
[    0.139784] audit: initializing netlink subsys (disabled)
[    0.140016] audit: type=2000 audit(1518802545.140:1): state=initialized audit_enabled=0 res=1
[    0.140499] cpuidle: using governor menu
[    0.140499] ACPI FADT declares the system doesn't support PCIe ASPM, so disable it
[    0.141003] ACPI: bus type PCI registered
[    0.142017] PCI: MMCONFIG for domain 0000 [bus 00-ff] at [mem 0x80000000-0x8fffffff] (base 0x80000000)
[    0.142620] PCI: MMCONFIG at [mem 0x80000000-0x8fffffff] reserved in E820
[    0.142972] PCI: Using configuration type 1 for base access
[    0.147209] HugeTLB registered 2.00 MiB page size, pre-allocated 0 pages
[    0.164312] raid6: sse2x1   gen()  7570 MB/s
[    0.181311] raid6: sse2x1   xor()  5205 MB/s
[    0.198309] raid6: sse2x2   gen()  8832 MB/s
[    0.215310] raid6: sse2x2   xor()  5691 MB/s
[    0.232311] raid6: sse2x4   gen() 10617 MB/s
[    0.249310] raid6: sse2x4   xor()  6658 MB/s
[    0.266308] raid6: avx2x1   gen() 14910 MB/s
[    0.283309] raid6: avx2x1   xor()  9884 MB/s
[    0.300311] raid6: avx2x2   gen() 17144 MB/s
[    0.317310] raid6: avx2x2   xor() 10388 MB/s
[    0.334310] raid6: avx2x4   gen() 20203 MB/s
[    0.351309] raid6: avx2x4   xor() 12865 MB/s
[    0.351645] raid6: using algorithm avx2x4 gen() 20203 MB/s
[    0.351982] raid6: .... xor() 12865 MB/s, rmw enabled
[    0.353001] raid6: using avx2x2 recovery algorithm
[    0.353450] ACPI: Added _OSI(Module Device)
[    0.353450] ACPI: Added _OSI(Processor Device)
[    0.353450] ACPI: Added _OSI(3.0 _SCP Extensions)
[    0.353675] ACPI: Added _OSI(Processor Aggregator Device)
[    0.367816] ACPI: [Firmware Bug]: BIOS _OSI(Linux) query ignored
[    0.378112] ACPI: Dynamic OEM Table Load:
[    0.404122] ACPI: Interpreter enabled
[    0.404463] ACPI: (supports S0 S5)
[    0.404797] ACPI: Using IOAPIC for interrupt routing
[    0.405026] PCI: Using host bridge windows from ACPI; if necessary, use "pci=nocrs" and report a bug
[    0.406289] ACPI: GPE 0x24 active on init
[    0.407001] ACPI: Enabled 5 GPEs in block 00 to 3F
[    0.443011] ACPI: PCI Root Bridge [UNC1] (domain 0000 [bus ff])
[    0.443014] acpi PNP0A03:02: _OSC: OS supports [ExtendedConfig ASPM ClockPM Segments MSI]
[    0.445920] acpi PNP0A03:02: _OSC: platform does not support [AER]
[    0.447094] acpi PNP0A03:02: _OSC: OS now controls [PCIeHotplug PME PCIeCapability]
[    0.447704] acpi PNP0A03:02: FADT indicates ASPM is unsupported, using BIOS configuration
[    0.449038] PCI host bridge to bus 0000:ff
[    0.449374] pci_bus 0000:ff: root bus resource [bus ff]
[    0.449374] pci 0000:ff:08.0: [8086:6f80] type 00 class 0x088000
[    0.449374] pci 0000:ff:08.2: [8086:6f32] type 00 class 0x110100
[    0.449374] pci 0000:ff:08.3: [8086:6f83] type 00 class 0x088000
[    0.449374] pci 0000:ff:09.0: [8086:6f90] type 00 class 0x088000
[    0.449374] pci 0000:ff:09.2: [8086:6f33] type 00 class 0x110100
[    0.449374] pci 0000:ff:09.3: [8086:6f93] type 00 class 0x088000
[    0.449374] pci 0000:ff:0b.0: [8086:6f81] type 00 class 0x088000
[    0.450011] pci 0000:ff:0b.1: [8086:6f36] type 00 class 0x110100
[    0.450011] pci 0000:ff:0b.2: [8086:6f37] type 00 class 0x110100
[    0.450011] pci 0000:ff:0b.3: [8086:6f76] type 00 class 0x088000
[    0.450011] pci 0000:ff:0c.0: [8086:6fe0] type 00 class 0x088000
[    0.450011] pci 0000:ff:0c.1: [8086:6fe1] type 00 class 0x088000
[    0.450011] pci 0000:ff:0c.2: [8086:6fe2] type 00 class 0x088000
[    0.450011] pci 0000:ff:0c.3: [8086:6fe3] type 00 class 0x088000
[    0.450011] pci 0000:ff:0c.4: [8086:6fe4] type 00 class 0x088000
[    0.450011] pci 0000:ff:0c.5: [8086:6fe5] type 00 class 0x088000
[    0.450011] pci 0000:ff:0c.6: [8086:6fe6] type 00 class 0x088000
[    0.450011] pci 0000:ff:0c.7: [8086:6fe7] type 00 class 0x088000
[    0.450011] pci 0000:ff:0f.0: [8086:6ff8] type 00 class 0x088000
[    0.450011] pci 0000:ff:0f.1: [8086:6ff9] type 00 class 0x088000
[    0.450011] pci 0000:ff:0f.4: [8086:6ffc] type 00 class 0x088000
[    0.450026] pci 0000:ff:0f.5: [8086:6ffd] type 00 class 0x088000
[    0.450069] pci 0000:ff:0f.6: [8086:6ffe] type 00 class 0x088000
[    0.450113] pci 0000:ff:10.0: [8086:6f1d] type 00 class 0x088000
[    0.450157] pci 0000:ff:10.1: [8086:6f34] type 00 class 0x110100
[    0.450203] pci 0000:ff:10.5: [8086:6f1e] type 00 class 0x088000
[    0.450246] pci 0000:ff:10.6: [8086:6f7d] type 00 class 0x110100
[    0.450288] pci 0000:ff:10.7: [8086:6f1f] type 00 class 0x088000
[    0.450333] pci 0000:ff:12.0: [8086:6fa0] type 00 class 0x088000
[    0.451010] pci 0000:ff:12.1: [8086:6f30] type 00 class 0x110100
[    0.451010] pci 0000:ff:13.0: [8086:6fa8] type 00 class 0x088000
[    0.451016] pci 0000:ff:13.1: [8086:6f71] type 00 class 0x088000
[    0.451016] pci 0000:ff:13.2: [8086:6faa] type 00 class 0x088000
[    0.451016] pci 0000:ff:13.3: [8086:6fab] type 00 class 0x088000
[    0.451016] pci 0000:ff:13.4: [8086:6fac] type 00 class 0x088000
[    0.451016] pci 0000:ff:13.5: [8086:6fad] type 00 class 0x088000
[    0.451016] pci 0000:ff:13.6: [8086:6fae] type 00 class 0x088000
[    0.451016] pci 0000:ff:13.7: [8086:6faf] type 00 class 0x088000
[    0.451016] pci 0000:ff:14.0: [8086:6fb0] type 00 class 0x088000
[    0.451016] pci 0000:ff:14.1: [8086:6fb1] type 00 class 0x088000
[    0.451016] pci 0000:ff:14.2: [8086:6fb2] type 00 class 0x088000
[    0.451050] pci 0000:ff:14.3: [8086:6fb3] type 00 class 0x088000
[    0.451106] pci 0000:ff:14.4: [8086:6fbc] type 00 class 0x088000
[    0.451152] pci 0000:ff:14.5: [8086:6fbd] type 00 class 0x088000
[    0.451204] pci 0000:ff:14.6: [8086:6fbe] type 00 class 0x088000
[    0.451250] pci 0000:ff:14.7: [8086:6fbf] type 00 class 0x088000
[    0.451297] pci 0000:ff:15.0: [8086:6fb4] type 00 class 0x088000
[    0.451356] pci 0000:ff:15.1: [8086:6fb5] type 00 class 0x088000
[    0.452008] pci 0000:ff:15.2: [8086:6fb6] type 00 class 0x088000
[    0.452010] pci 0000:ff:15.3: [8086:6fb7] type 00 class 0x088000
[    0.452010] pci 0000:ff:16.0: [8086:6f68] type 00 class 0x088000
[    0.452011] pci 0000:ff:16.6: [8086:6f6e] type 00 class 0x088000
[    0.452011] pci 0000:ff:16.7: [8086:6f6f] type 00 class 0x088000
[    0.452011] pci 0000:ff:17.0: [8086:6fd0] type 00 class 0x088000
[    0.452011] pci 0000:ff:17.4: [8086:6fb8] type 00 class 0x088000
[    0.452011] pci 0000:ff:17.5: [8086:6fb9] type 00 class 0x088000
[    0.452011] pci 0000:ff:17.6: [8086:6fba] type 00 class 0x088000
[    0.452011] pci 0000:ff:17.7: [8086:6fbb] type 00 class 0x088000
[    0.452011] pci 0000:ff:1e.0: [8086:6f98] type 00 class 0x088000
[    0.452015] pci 0000:ff:1e.1: [8086:6f99] type 00 class 0x088000
[    0.452018] pci 0000:ff:1e.2: [8086:6f9a] type 00 class 0x088000
[    0.452063] pci 0000:ff:1e.3: [8086:6fc0] type 00 class 0x088000
[    0.452094] pci 0000:ff:1e.4: [8086:6f9c] type 00 class 0x088000
[    0.452143] pci 0000:ff:1f.0: [8086:6f88] type 00 class 0x088000
[    0.452189] pci 0000:ff:1f.2: [8086:6f8a] type 00 class 0x088000
[    0.452289] ACPI: PCI Root Bridge [UNC0] (domain 0000 [bus 7f])
[    0.452632] acpi PNP0A03:03: _OSC: OS supports [ExtendedConfig ASPM ClockPM Segments MSI]
[    0.453501] acpi PNP0A03:03: _OSC: platform does not support [AER]
[    0.454839] acpi PNP0A03:03: _OSC: OS now controls [PCIeHotplug PME PCIeCapability]
[    0.456002] acpi PNP0A03:03: FADT indicates ASPM is unsupported, using BIOS configuration
[    0.456032] PCI host bridge to bus 0000:7f
[    0.456368] pci_bus 0000:7f: root bus resource [bus 7f]
[    0.458009] pci 0000:7f:08.0: [8086:6f80] type 00 class 0x088000
[    0.458057] pci 0000:7f:08.2: [8086:6f32] type 00 class 0x110100
[    0.458102] pci 0000:7f:08.3: [8086:6f83] type 00 class 0x088000
[    0.459012] pci 0000:7f:09.0: [8086:6f90] type 00 class 0x088000
[    0.459012] pci 0000:7f:09.2: [8086:6f33] type 00 class 0x110100
[    0.459012] pci 0000:7f:09.3: [8086:6f93] type 00 class 0x088000
[    0.459012] pci 0000:7f:0b.0: [8086:6f81] type 00 class 0x088000
[    0.459012] pci 0000:7f:0b.1: [8086:6f36] type 00 class 0x110100
[    0.459012] pci 0000:7f:0b.2: [8086:6f37] type 00 class 0x110100
[    0.459012] pci 0000:7f:0b.3: [8086:6f76] type 00 class 0x088000
[    0.459012] pci 0000:7f:0c.0: [8086:6fe0] type 00 class 0x088000
[    0.459012] pci 0000:7f:0c.1: [8086:6fe1] type 00 class 0x088000
[    0.459012] pci 0000:7f:0c.2: [8086:6fe2] type 00 class 0x088000
[    0.459012] pci 0000:7f:0c.3: [8086:6fe3] type 00 class 0x088000
[    0.459012] pci 0000:7f:0c.4: [8086:6fe4] type 00 class 0x088000
[    0.459012] pci 0000:7f:0c.5: [8086:6fe5] type 00 class 0x088000
[    0.459012] pci 0000:7f:0c.6: [8086:6fe6] type 00 class 0x088000
[    0.459012] pci 0000:7f:0c.7: [8086:6fe7] type 00 class 0x088000
[    0.459012] pci 0000:7f:0f.0: [8086:6ff8] type 00 class 0x088000
[    0.459046] pci 0000:7f:0f.1: [8086:6ff9] type 00 class 0x088000
[    0.459088] pci 0000:7f:0f.4: [8086:6ffc] type 00 class 0x088000
[    0.459128] pci 0000:7f:0f.5: [8086:6ffd] type 00 class 0x088000
[    0.459168] pci 0000:7f:0f.6: [8086:6ffe] type 00 class 0x088000
[    0.459209] pci 0000:7f:10.0: [8086:6f1d] type 00 class 0x088000
[    0.459249] pci 0000:7f:10.1: [8086:6f34] type 00 class 0x110100
[    0.459291] pci 0000:7f:10.5: [8086:6f1e] type 00 class 0x088000
[    0.459331] pci 0000:7f:10.6: [8086:6f7d] type 00 class 0x110100
[    0.460009] pci 0000:7f:10.7: [8086:6f1f] type 00 class 0x088000
[    0.460010] pci 0000:7f:12.0: [8086:6fa0] type 00 class 0x088000
[    0.460010] pci 0000:7f:12.1: [8086:6f30] type 00 class 0x110100
[    0.460010] pci 0000:7f:13.0: [8086:6fa8] type 00 class 0x088000
[    0.460011] pci 0000:7f:13.1: [8086:6f71] type 00 class 0x088000
[    0.460011] pci 0000:7f:13.2: [8086:6faa] type 00 class 0x088000
[    0.460011] pci 0000:7f:13.3: [8086:6fab] type 00 class 0x088000
[    0.460011] pci 0000:7f:13.4: [8086:6fac] type 00 class 0x088000
[    0.460011] pci 0000:7f:13.5: [8086:6fad] type 00 class 0x088000
[    0.460011] pci 0000:7f:13.6: [8086:6fae] type 00 class 0x088000
[    0.460011] pci 0000:7f:13.7: [8086:6faf] type 00 class 0x088000
[    0.460011] pci 0000:7f:14.0: [8086:6fb0] type 00 class 0x088000
[    0.460011] pci 0000:7f:14.1: [8086:6fb1] type 00 class 0x088000
[    0.460029] pci 0000:7f:14.2: [8086:6fb2] type 00 class 0x088000
[    0.460082] pci 0000:7f:14.3: [8086:6fb3] type 00 class 0x088000
[    0.460134] pci 0000:7f:14.4: [8086:6fbc] type 00 class 0x088000
[    0.460176] pci 0000:7f:14.5: [8086:6fbd] type 00 class 0x088000
[    0.460219] pci 0000:7f:14.6: [8086:6fbe] type 00 class 0x088000
[    0.460262] pci 0000:7f:14.7: [8086:6fbf] type 00 class 0x088000
[    0.460306] pci 0000:7f:15.0: [8086:6fb4] type 00 class 0x088000
[    0.460360] pci 0000:7f:15.1: [8086:6fb5] type 00 class 0x088000
[    0.461010] pci 0000:7f:15.2: [8086:6fb6] type 00 class 0x088000
[    0.461017] pci 0000:7f:15.3: [8086:6fb7] type 00 class 0x088000
[    0.461017] pci 0000:7f:16.0: [8086:6f68] type 00 class 0x088000
[    0.461017] pci 0000:7f:16.6: [8086:6f6e] type 00 class 0x088000
[    0.461017] pci 0000:7f:16.7: [8086:6f6f] type 00 class 0x088000
[    0.461017] pci 0000:7f:17.0: [8086:6fd0] type 00 class 0x088000
[    0.461017] pci 0000:7f:17.4: [8086:6fb8] type 00 class 0x088000
[    0.461017] pci 0000:7f:17.5: [8086:6fb9] type 00 class 0x088000
[    0.461017] pci 0000:7f:17.6: [8086:6fba] type 00 class 0x088000
[    0.461017] pci 0000:7f:17.7: [8086:6fbb] type 00 class 0x088000
[    0.461017] pci 0000:7f:1e.0: [8086:6f98] type 00 class 0x088000
[    0.461017] pci 0000:7f:1e.1: [8086:6f99] type 00 class 0x088000
[    0.461017] pci 0000:7f:1e.2: [8086:6f9a] type 00 class 0x088000
[    0.461017] pci 0000:7f:1e.3: [8086:6fc0] type 00 class 0x088000
[    0.461040] pci 0000:7f:1e.4: [8086:6f9c] type 00 class 0x088000
[    0.461087] pci 0000:7f:1f.0: [8086:6f88] type 00 class 0x088000
[    0.461130] pci 0000:7f:1f.2: [8086:6f8a] type 00 class 0x088000
[    0.470804] ACPI: PCI Root Bridge [PCI0] (domain 0000 [bus 00-7e])
[    0.471004] acpi PNP0A08:00: _OSC: OS supports [ExtendedConfig ASPM ClockPM Segments MSI]
[    0.472142] acpi PNP0A08:00: _OSC: platform does not support [AER]
[    0.473054] acpi PNP0A08:00: _OSC: OS now controls [PCIeHotplug PME PCIeCapability]
[    0.473663] acpi PNP0A08:00: FADT indicates ASPM is unsupported, using BIOS configuration
[    0.474046] PCI host bridge to bus 0000:00
[    0.474383] pci_bus 0000:00: root bus resource [io  0x0000-0x0cf7 window]
[    0.474726] pci_bus 0000:00: root bus resource [io  0x1000-0x7fff window]
[    0.475342] pci_bus 0000:00: root bus resource [mem 0x000a0000-0x000bffff window]
[    0.475951] pci_bus 0000:00: root bus resource [mem 0xfedb0000-0xfedb000f window]
[    0.477002] pci_bus 0000:00: root bus resource [mem 0xfedc0000-0xfedc000f window]
[    0.477002] pci_bus 0000:00: root bus resource [mem 0x90000000-0xc7ffbfff window]
[    0.477611] pci_bus 0000:00: root bus resource [bus 00-7e]
[    0.478009] pci 0000:00:00.0: [8086:6f00] type 00 class 0x060000
[    0.478149] pci 0000:00:01.0: [8086:6f02] type 01 class 0x060400
[    0.478200] pci 0000:00:01.0: PME# supported from D0 D3hot D3cold
[    0.478298] pci 0000:00:03.0: [8086:6f08] type 01 class 0x060400
[    0.478348] pci 0000:00:03.0: PME# supported from D0 D3hot D3cold
[    0.479008] pci 0000:00:04.0: [8086:6f20] type 00 class 0x088000
[    0.479008] pci 0000:00:04.0: reg 0x10: [mem 0xc732c000-0xc732ffff 64bit]
[    0.479010] pci 0000:00:04.1: [8086:6f21] type 00 class 0x088000
[    0.479010] pci 0000:00:04.1: reg 0x10: [mem 0xc7328000-0xc732bfff 64bit]
[    0.479010] pci 0000:00:04.2: [8086:6f22] type 00 class 0x088000
[    0.479010] pci 0000:00:04.2: reg 0x10: [mem 0xc7324000-0xc7327fff 64bit]
[    0.479010] pci 0000:00:04.3: [8086:6f23] type 00 class 0x088000
[    0.479010] pci 0000:00:04.3: reg 0x10: [mem 0xc7320000-0xc7323fff 64bit]
[    0.479095] pci 0000:00:04.4: [8086:6f24] type 00 class 0x088000
[    0.479107] pci 0000:00:04.4: reg 0x10: [mem 0xc731c000-0xc731ffff 64bit]
[    0.479230] pci 0000:00:04.5: [8086:6f25] type 00 class 0x088000
[    0.479241] pci 0000:00:04.5: reg 0x10: [mem 0xc7318000-0xc731bfff 64bit]
[    0.479364] pci 0000:00:04.6: [8086:6f26] type 00 class 0x088000
[    0.479376] pci 0000:00:04.6: reg 0x10: [mem 0xc7314000-0xc7317fff 64bit]
[    0.480012] pci 0000:00:04.7: [8086:6f27] type 00 class 0x088000
[    0.480012] pci 0000:00:04.7: reg 0x10: [mem 0xc7310000-0xc7313fff 64bit]
[    0.480012] pci 0000:00:05.0: [8086:6f28] type 00 class 0x088000
[    0.480012] pci 0000:00:05.1: [8086:6f29] type 00 class 0x088000
[    0.480012] pci 0000:00:05.2: [8086:6f2a] type 00 class 0x088000
[    0.480012] pci 0000:00:05.4: [8086:6f2c] type 00 class 0x080020
[    0.480012] pci 0000:00:05.4: reg 0x10: [mem 0xc7339000-0xc7339fff]
[    0.480130] pci 0000:00:11.0: [8086:8d7c] type 00 class 0xff0000
[    0.480324] pci 0000:00:11.4: [8086:8d62] type 00 class 0x010601
[    0.480344] pci 0000:00:11.4: reg 0x10: [io  0x7110-0x7117]
[    0.480352] pci 0000:00:11.4: reg 0x14: [io  0x7100-0x7103]
[    0.480360] pci 0000:00:11.4: reg 0x18: [io  0x70f0-0x70f7]
[    0.480368] pci 0000:00:11.4: reg 0x1c: [io  0x70e0-0x70e3]
[    0.480376] pci 0000:00:11.4: reg 0x20: [io  0x7020-0x703f]
[    0.480384] pci 0000:00:11.4: reg 0x24: [mem 0xc7338000-0xc73387ff]
[    0.480426] pci 0000:00:11.4: PME# supported from D3hot
[    0.481011] pci 0000:00:14.0: [8086:8d31] type 00 class 0x0c0330
[    0.481011] pci 0000:00:14.0: reg 0x10: [mem 0xc7300000-0xc730ffff 64bit]
[    0.481011] pci 0000:00:14.0: PME# supported from D3hot D3cold
[    0.481011] pci 0000:00:16.0: [8086:8d3a] type 00 class 0x078000
[    0.481011] pci 0000:00:16.0: reg 0x10: [mem 0xc7337000-0xc733700f 64bit]
[    0.481011] pci 0000:00:16.0: PME# supported from D0 D3hot D3cold
[    0.481011] pci 0000:00:16.1: [8086:8d3b] type 00 class 0x078000
[    0.481011] pci 0000:00:16.1: reg 0x10: [mem 0xc7336000-0xc733600f 64bit]
[    0.481011] pci 0000:00:16.1: PME# supported from D0 D3hot D3cold
[    0.481053] pci 0000:00:1a.0: [8086:8d2d] type 00 class 0x0c0320
[    0.481074] pci 0000:00:1a.0: reg 0x10: [mem 0xc7334000-0xc73343ff]
[    0.481155] pci 0000:00:1a.0: PME# supported from D0 D3hot D3cold
[    0.481247] pci 0000:00:1c.0: [8086:8d10] type 01 class 0x060400
[    0.481317] pci 0000:00:1c.0: PME# supported from D0 D3hot D3cold
[    0.481414] pci 0000:00:1c.2: [8086:8d14] type 01 class 0x060400
[    0.481484] pci 0000:00:1c.2: PME# supported from D0 D3hot D3cold
[    0.482009] pci 0000:00:1c.3: [8086:8d16] type 01 class 0x060400
[    0.482009] pci 0000:00:1c.3: PME# supported from D0 D3hot D3cold
[    0.482010] pci 0000:00:1d.0: [8086:8d26] type 00 class 0x0c0320
[    0.482010] pci 0000:00:1d.0: reg 0x10: [mem 0xc7333000-0xc73333ff]
[    0.482010] pci 0000:00:1d.0: PME# supported from D0 D3hot D3cold
[    0.482012] pci 0000:00:1f.0: [8086:8d44] type 00 class 0x060100
[    0.482134] pci 0000:00:1f.2: [8086:8d02] type 00 class 0x010601
[    0.482150] pci 0000:00:1f.2: reg 0x10: [io  0x7070-0x7077]
[    0.482157] pci 0000:00:1f.2: reg 0x14: [io  0x7060-0x7063]
[    0.482164] pci 0000:00:1f.2: reg 0x18: [io  0x7050-0x7057]
[    0.482171] pci 0000:00:1f.2: reg 0x1c: [io  0x7040-0x7043]
[    0.482178] pci 0000:00:1f.2: reg 0x20: [io  0x7000-0x701f]
[    0.482186] pci 0000:00:1f.2: reg 0x24: [mem 0xc7332000-0xc73327ff]
[    0.482221] pci 0000:00:1f.2: PME# supported from D3hot
[    0.482307] pci 0000:00:1f.3: [8086:8d22] type 00 class 0x0c0500
[    0.482325] pci 0000:00:1f.3: reg 0x10: [mem 0xc7331000-0xc73310ff 64bit]
[    0.482345] pci 0000:00:1f.3: reg 0x20: [io  0x0580-0x059f]
[    0.483011] pci 0000:00:01.0: PCI bridge to [bus 01]
[    0.483011] pci 0000:00:03.0: PCI bridge to [bus 02]
[    0.483055] pci 0000:03:00.0: [1a03:1150] type 01 class 0x060400
[    0.483124] pci 0000:03:00.0: enabling Extended Tags
[    0.483534] pci 0000:03:00.0: supports D1 D2
[    0.483536] pci 0000:03:00.0: PME# supported from D0 D1 D2 D3hot D3cold
[    0.487019] pci 0000:00:1c.0: PCI bridge to [bus 03-04]
[    0.487379] pci 0000:00:1c.0:   bridge window [io  0x6000-0x6fff]
[    0.487382] pci 0000:00:1c.0:   bridge window [mem 0xc6000000-0xc70fffff]
[    0.487450] pci 0000:04:00.0: [1a03:2000] type 00 class 0x030000
[    0.487482] pci 0000:04:00.0: reg 0x10: [mem 0xc6000000-0xc6ffffff]
[    0.487496] pci 0000:04:00.0: reg 0x14: [mem 0xc7000000-0xc701ffff]
[    0.487510] pci 0000:04:00.0: reg 0x18: [io  0x6000-0x607f]
[    0.487616] pci 0000:04:00.0: supports D1 D2
[    0.487617] pci 0000:04:00.0: PME# supported from D0 D1 D2 D3hot D3cold
[    0.488009] pci 0000:03:00.0: PCI bridge to [bus 04]
[    0.488009] pci 0000:03:00.0:   bridge window [io  0x6000-0x6fff]
[    0.488014] pci 0000:03:00.0:   bridge window [mem 0xc6000000-0xc70fffff]
[    0.488087] pci 0000:05:00.0: [8086:1533] type 00 class 0x020000
[    0.488124] pci 0000:05:00.0: reg 0x10: [mem 0xc7200000-0xc727ffff]
[    0.488152] pci 0000:05:00.0: reg 0x18: [io  0x5000-0x501f]
[    0.488167] pci 0000:05:00.0: reg 0x1c: [mem 0xc7280000-0xc7283fff]
[    0.488304] pci 0000:05:00.0: PME# supported from D0 D3hot D3cold
[    0.492019] pci 0000:00:1c.2: PCI bridge to [bus 05]
[    0.492360] pci 0000:00:1c.2:   bridge window [io  0x5000-0x5fff]
[    0.492363] pci 0000:00:1c.2:   bridge window [mem 0xc7200000-0xc72fffff]
[    0.492423] pci 0000:06:00.0: [8086:1533] type 00 class 0x020000
[    0.492460] pci 0000:06:00.0: reg 0x10: [mem 0xc7100000-0xc717ffff]
[    0.492488] pci 0000:06:00.0: reg 0x18: [io  0x4000-0x401f]
[    0.492503] pci 0000:06:00.0: reg 0x1c: [mem 0xc7180000-0xc7183fff]
[    0.492639] pci 0000:06:00.0: PME# supported from D0 D3hot D3cold
[    0.496023] pci 0000:00:1c.3: PCI bridge to [bus 06]
[    0.496384] pci 0000:00:1c.3:   bridge window [io  0x4000-0x4fff]
[    0.496387] pci 0000:00:1c.3:   bridge window [mem 0xc7100000-0xc71fffff]
[    0.496415] pci_bus 0000:00: on NUMA node 0
[    0.497131] ACPI: PCI Root Bridge [PCI1] (domain 0000 [bus 80-fe])
[    0.497476] acpi PNP0A08:01: _OSC: OS supports [ExtendedConfig ASPM ClockPM Segments MSI]
[    0.498375] acpi PNP0A08:01: _OSC: platform does not support [AER]
[    0.499363] acpi PNP0A08:01: _OSC: OS now controls [PCIeHotplug PME PCIeCapability]
[    0.499975] acpi PNP0A08:01: FADT indicates ASPM is unsupported, using BIOS configuration
[    0.501056] PCI host bridge to bus 0000:80
[    0.501403] pci_bus 0000:80: root bus resource [io  0x8000-0xffff window]
[    0.502003] pci_bus 0000:80: root bus resource [mem 0xc8000000-0xfbffbfff window]
[    0.502614] pci_bus 0000:80: root bus resource [bus 80-fe]
[    0.502614] pci 0000:80:03.0: [8086:6f08] type 01 class 0x060400
[    0.502614] pci 0000:80:03.0: PME# supported from D0 D3hot D3cold
[    0.502614] pci 0000:80:03.3: [8086:6f0b] type 01 class 0x060400
[    0.502614] pci 0000:80:03.3: PME# supported from D0 D3hot D3cold
[    0.503008] pci 0000:80:04.0: [8086:6f20] type 00 class 0x088000
[    0.503008] pci 0000:80:04.0: reg 0x10: [mem 0xfbf1c000-0xfbf1ffff 64bit]
[    0.503009] pci 0000:80:04.1: [8086:6f21] type 00 class 0x088000
[    0.503009] pci 0000:80:04.1: reg 0x10: [mem 0xfbf18000-0xfbf1bfff 64bit]
[    0.503011] pci 0000:80:04.2: [8086:6f22] type 00 class 0x088000
[    0.503011] pci 0000:80:04.2: reg 0x10: [mem 0xfbf14000-0xfbf17fff 64bit]
[    0.503011] pci 0000:80:04.3: [8086:6f23] type 00 class 0x088000
[    0.503011] pci 0000:80:04.3: reg 0x10: [mem 0xfbf10000-0xfbf13fff 64bit]
[    0.503011] pci 0000:80:04.4: [8086:6f24] type 00 class 0x088000
[    0.503011] pci 0000:80:04.4: reg 0x10: [mem 0xfbf0c000-0xfbf0ffff 64bit]
[    0.503086] pci 0000:80:04.5: [8086:6f25] type 00 class 0x088000
[    0.503099] pci 0000:80:04.5: reg 0x10: [mem 0xfbf08000-0xfbf0bfff 64bit]
[    0.503193] pci 0000:80:04.6: [8086:6f26] type 00 class 0x088000
[    0.503206] pci 0000:80:04.6: reg 0x10: [mem 0xfbf04000-0xfbf07fff 64bit]
[    0.503299] pci 0000:80:04.7: [8086:6f27] type 00 class 0x088000
[    0.503312] pci 0000:80:04.7: reg 0x10: [mem 0xfbf00000-0xfbf03fff 64bit]
[    0.503407] pci 0000:80:05.0: [8086:6f28] type 00 class 0x088000
[    0.504008] pci 0000:80:05.1: [8086:6f29] type 00 class 0x088000
[    0.504011] pci 0000:80:05.2: [8086:6f2a] type 00 class 0x088000
[    0.504011] pci 0000:80:05.4: [8086:6f2c] type 00 class 0x080020
[    0.504011] pci 0000:80:05.4: reg 0x10: [mem 0xfbf20000-0xfbf20fff]
[    0.504011] pci 0000:80:03.0: PCI bridge to [bus 81]
[    0.504040] pci 0000:82:00.0: [8086:0953] type 00 class 0x010802
[    0.504056] pci 0000:82:00.0: reg 0x10: [mem 0xfbe10000-0xfbe13fff 64bit]
[    0.504078] pci 0000:82:00.0: reg 0x30: [mem 0xfbe00000-0xfbe0ffff pref]
[    0.504084] pci 0000:82:00.0: enabling Extended Tags
[    0.504510] pci 0000:80:03.3: PCI bridge to [bus 82]
[    0.505004] pci 0000:80:03.3:   bridge window [mem 0xfbe00000-0xfbefffff]
[    0.505017] pci_bus 0000:80: on NUMA node 1
[    0.505310] ACPI: PCI Interrupt Link [LNKA] (IRQs 3 4 5 6 7 10 *11 12 14 15)
[    0.505703] ACPI: PCI Interrupt Link [LNKB] (IRQs 3 4 5 6 7 *10 11 12 14 15)
[    0.506045] ACPI: PCI Interrupt Link [LNKC] (IRQs 3 4 *5 6 10 11 12 14 15)
[    0.506435] ACPI: PCI Interrupt Link [LNKD] (IRQs 3 4 5 6 10 *11 12 14 15)
[    0.506823] ACPI: PCI Interrupt Link [LNKE] (IRQs 3 4 5 6 7 10 11 12 14 15) *0, disabled.
[    0.508045] ACPI: PCI Interrupt Link [LNKF] (IRQs 3 4 5 6 7 10 11 12 14 15) *0, disabled.
[    0.508045] ACPI: PCI Interrupt Link [LNKG] (IRQs 3 4 5 6 7 10 11 12 14 15) *0, disabled.
[    0.508703] ACPI: PCI Interrupt Link [LNKH] (IRQs 3 4 5 6 7 10 11 12 14 15) *0, disabled.
[    0.510233] pci 0000:04:00.0: vgaarb: setting as boot VGA device
[    0.510371] pci 0000:04:00.0: vgaarb: VGA device added: decodes=io+mem,owns=io+mem,locks=none
[    0.519005] pci 0000:04:00.0: vgaarb: bridge control possible
[    0.519345] vgaarb: loaded
[    0.519345] SCSI subsystem initialized
[    0.520017] libata version 3.00 loaded.
[    0.520024] ACPI: bus type USB registered
[    0.520379] usbcore: registered new interface driver usbfs
[    0.521011] usbcore: registered new interface driver hub
[    0.521422] usbcore: registered new device driver usb
[    0.521422] pps_core: LinuxPPS API ver. 1 registered
[    0.521422] pps_core: Software ver. 5.3.6 - Copyright 2005-2007 Rodolfo Giometti <giometti@linux.it>
[    0.522005] PTP clock support registered
[    0.523043] EDAC MC: Ver: 3.0.0
[    0.523379] PCI: Using ACPI for IRQ routing
[    0.527947] PCI: pci_cache_line_size set to 64 bytes
[    0.528129] e820: reserve RAM buffer [mem 0x00099c00-0x0009ffff]
[    0.528131] e820: reserve RAM buffer [mem 0x78f36000-0x7bffffff]
[    0.528224] NetLabel: Initializing
[    0.528560] NetLabel:  domain hash size = 128
[    0.528895] NetLabel:  protocols = UNLABELED CIPSOv4 CALIPSO
[    0.529015] NetLabel:  unlabeled traffic allowed by default
[    0.530040] hpet0: at MMIO 0xfed00000, IRQs 2, 8, 0, 0, 0, 0, 0, 0
[    0.530040] hpet0: 8 comparators, 64-bit 14.318180 MHz counter
[    0.533075] clocksource: Switched to clocksource hpet
[    0.547256] VFS: Disk quotas dquot_6.6.0
[    0.547619] VFS: Dquot-cache hash table entries: 512 (order 0, 4096 bytes)
[    0.548030] pnp: PnP ACPI init
[    0.548671] pnp 00:00: Plug and Play ACPI device, IDs PNP0b00 (active)
[    0.548784] system 00:01: [io  0x0500-0x057f] has been reserved
[    0.549137] system 00:01: [io  0x0400-0x047f] has been reserved
[    0.549478] system 00:01: [io  0x0580-0x059f] has been reserved
[    0.549819] system 00:01: [io  0x0600-0x061f] has been reserved
[    0.550167] system 00:01: [io  0x0880-0x0883] has been reserved
[    0.550508] system 00:01: [io  0x0800-0x081f] has been reserved
[    0.550850] system 00:01: [mem 0xfed1c000-0xfed3ffff] has been reserved
[    0.551199] system 00:01: [mem 0xfed45000-0xfed8bfff] has been reserved
[    0.551542] system 00:01: [mem 0xff000000-0xffffffff] has been reserved
[    0.551884] system 00:01: [mem 0xfee00000-0xfeefffff] has been reserved
[    0.552233] system 00:01: [mem 0xfed12000-0xfed1200f] has been reserved
[    0.552576] system 00:01: [mem 0xfed12010-0xfed1201f] has been reserved
[    0.552918] system 00:01: [mem 0xfed1b000-0xfed1bfff] has been reserved
[    0.553271] system 00:01: Plug and Play ACPI device, IDs PNP0c02 (active)
[    0.553493] system 00:02: [io  0x0a00-0x0a0f] has been reserved
[    0.553836] system 00:02: [io  0x0a10-0x0a1f] has been reserved
[    0.554185] system 00:02: [io  0x0a20-0x0a2f] has been reserved
[    0.554526] system 00:02: [io  0x0a30-0x0a3f] has been reserved
[    0.554866] system 00:02: [io  0x0a40-0x0a4f] has been reserved
[    0.555217] system 00:02: Plug and Play ACPI device, IDs PNP0c02 (active)
[    0.555405] pnp 00:03: [dma 0 disabled]
[    0.555454] pnp 00:03: Plug and Play ACPI device, IDs PNP0501 (active)
[    0.555625] pnp 00:04: [dma 0 disabled]
[    0.555668] pnp 00:04: Plug and Play ACPI device, IDs PNP0501 (active)
[    0.556251] pnp: PnP ACPI: found 5 devices
[    0.562687] clocksource: acpi_pm: mask: 0xffffff max_cycles: 0xffffff, max_idle_ns: 2085701024 ns
[    0.563365] pci 0000:00:01.0: PCI bridge to [bus 01]
[    0.563709] pci 0000:00:03.0: PCI bridge to [bus 02]
[    0.564058] pci 0000:03:00.0: PCI bridge to [bus 04]
[    0.564398] pci 0000:03:00.0:   bridge window [io  0x6000-0x6fff]
[    0.564744] pci 0000:03:00.0:   bridge window [mem 0xc6000000-0xc70fffff]
[    0.565103] pci 0000:00:1c.0: PCI bridge to [bus 03-04]
[    0.565442] pci 0000:00:1c.0:   bridge window [io  0x6000-0x6fff]
[    0.565786] pci 0000:00:1c.0:   bridge window [mem 0xc6000000-0xc70fffff]
[    0.566141] pci 0000:00:1c.2: PCI bridge to [bus 05]
[    0.566480] pci 0000:00:1c.2:   bridge window [io  0x5000-0x5fff]
[    0.566823] pci 0000:00:1c.2:   bridge window [mem 0xc7200000-0xc72fffff]
[    0.567177] pci 0000:00:1c.3: PCI bridge to [bus 06]
[    0.567516] pci 0000:00:1c.3:   bridge window [io  0x4000-0x4fff]
[    0.567859] pci 0000:00:1c.3:   bridge window [mem 0xc7100000-0xc71fffff]
[    0.568214] pci_bus 0000:00: resource 4 [io  0x0000-0x0cf7 window]
[    0.568216] pci_bus 0000:00: resource 5 [io  0x1000-0x7fff window]
[    0.568218] pci_bus 0000:00: resource 6 [mem 0x000a0000-0x000bffff window]
[    0.568219] pci_bus 0000:00: resource 7 [mem 0xfedb0000-0xfedb000f window]
[    0.568221] pci_bus 0000:00: resource 8 [mem 0xfedc0000-0xfedc000f window]
[    0.568222] pci_bus 0000:00: resource 9 [mem 0x90000000-0xc7ffbfff window]
[    0.568224] pci_bus 0000:03: resource 0 [io  0x6000-0x6fff]
[    0.568226] pci_bus 0000:03: resource 1 [mem 0xc6000000-0xc70fffff]
[    0.568227] pci_bus 0000:04: resource 0 [io  0x6000-0x6fff]
[    0.568229] pci_bus 0000:04: resource 1 [mem 0xc6000000-0xc70fffff]
[    0.568230] pci_bus 0000:05: resource 0 [io  0x5000-0x5fff]
[    0.568232] pci_bus 0000:05: resource 1 [mem 0xc7200000-0xc72fffff]
[    0.568233] pci_bus 0000:06: resource 0 [io  0x4000-0x4fff]
[    0.568234] pci_bus 0000:06: resource 1 [mem 0xc7100000-0xc71fffff]
[    0.568359] pci 0000:80:03.0: PCI bridge to [bus 81]
[    0.568703] pci 0000:80:03.3: PCI bridge to [bus 82]
[    0.569049] pci 0000:80:03.3:   bridge window [mem 0xfbe00000-0xfbefffff]
[    0.569394] pci_bus 0000:80: resource 4 [io  0x8000-0xffff window]
[    0.569396] pci_bus 0000:80: resource 5 [mem 0xc8000000-0xfbffbfff window]
[    0.569397] pci_bus 0000:82: resource 1 [mem 0xfbe00000-0xfbefffff]
[    0.569515] NET: Registered protocol family 2
[    0.570131] TCP established hash table entries: 524288 (order: 10, 4194304 bytes)
[    0.571415] TCP bind hash table entries: 65536 (order: 8, 1048576 bytes)
[    0.571905] TCP: Hash tables configured (established 524288 bind 65536)
[    0.572364] UDP hash table entries: 32768 (order: 8, 1048576 bytes)
[    0.572896] UDP-Lite hash table entries: 32768 (order: 8, 1048576 bytes)
[    0.573545] NET: Registered protocol family 1
[    0.574053] RPC: Registered named UNIX socket transport module.
[    0.574392] RPC: Registered udp transport module.
[    0.574730] RPC: Registered tcp transport module.
[    0.575074] RPC: Registered tcp NFSv4.1 backchannel transport module.
[    0.575728] pci 0000:00:14.0: CONFIG_USB_XHCI_HCD is turned off, defaulting to EHCI.
[    0.576347] pci 0000:00:14.0: USB 3.0 devices will work at USB 2.0 speeds.
[    0.610147] pci 0000:04:00.0: Video device with shadowed ROM at [mem 0x000c0000-0x000dffff]
[    0.610807] PCI: CLS mismatch (64 != 32), using 64 bytes
[    0.610847] DMAR: Host address width 46
[    0.611190] DMAR: DRHD base: 0x000000fbffc000 flags: 0x0
[    0.611537] DMAR: dmar0: reg_base_addr fbffc000 ver 1:0 cap 8d2078c106f0466 ecap f020de
[    0.612153] DMAR: DRHD base: 0x000000c7ffc000 flags: 0x1
[    0.612496] DMAR: dmar1: reg_base_addr c7ffc000 ver 1:0 cap 8d2078c106f0466 ecap f020de
[    0.613113] DMAR: RMRR base: 0x0000007ba70000 end: 0x0000007ba7ffff
[    0.613453] DMAR: ATSR flags: 0x0
[    0.613787] DMAR: RHSA base: 0x000000c7ffc000 proximity domain: 0x0
[    0.614132] DMAR: RHSA base: 0x000000fbffc000 proximity domain: 0x1
[    0.614514] PCI-DMA: Using software bounce buffering for IO (SWIOTLB)
[    0.614857] software IO TLB [mem 0x74f36000-0x78f36000] (64MB) mapped at [00000000cbc85620-00000000f2e8c951]
[    0.615865] RAPL PMU: API unit is 2^-32 Joules, 3 fixed counters, 655360 ms ovfl timer
[    0.616483] RAPL PMU: hw unit of domain pp0-core 2^-14 Joules
[    0.616824] RAPL PMU: hw unit of domain package 2^-14 Joules
[    0.617169] RAPL PMU: hw unit of domain dram 2^-16 Joules
[    0.622019] kworker/u66:1 (1810) used greatest stack depth: 14152 bytes left
[    0.623523] Scanning for low memory corruption every 60 seconds
[    0.628524] Initialise system trusted keyrings
[    0.628916] workingset: timestamp_bits=40 max_order=24 bucket_order=0
[    0.631658] NFS: Registering the id_resolver key type
[    0.632008] Key type id_resolver registered
[    0.632346] Key type id_legacy registered
[    0.632712] SGI XFS with ACLs, security attributes, realtime, no debug enabled
[    0.637758] NET: Registered protocol family 38
[    0.638154] async_tx: api initialized (async)
[    0.638491] Key type asymmetric registered
[    0.638827] Asymmetric key parser 'x509' registered
[    0.639198] Block layer SCSI generic (bsg) driver version 0.4 loaded (major 249)
[    0.639811] io scheduler noop registered
[    0.640155] io scheduler deadline registered
[    0.640545] io scheduler cfq registered (default)
[    0.640886] io scheduler mq-deadline registered
[    0.641232] io scheduler kyber registered
[    0.641595] io scheduler bfq registered
[    0.643738] pcieport 0000:00:01.0: Signaling PME with IRQ 25
[    0.644111] pcieport 0000:00:03.0: Signaling PME with IRQ 27
[    0.644471] pcieport 0000:00:1c.0: Signaling PME with IRQ 28
[    0.644829] pcieport 0000:00:1c.2: Signaling PME with IRQ 29
[    0.645195] pcieport 0000:00:1c.3: Signaling PME with IRQ 30
[    0.645555] pcieport 0000:80:03.0: Signaling PME with IRQ 32
[    0.645916] pcieport 0000:80:03.3: Signaling PME with IRQ 33
[    0.646403] input: Power Button as /devices/LNXSYSTM:00/LNXSYBUS:00/PNP0C0C:00/input/input0
[    0.647026] ACPI: Power Button [PWRB]
[    0.647396] input: Power Button as /devices/LNXSYSTM:00/LNXPWRBN:00/input/input1
[    0.648016] ACPI: Power Button [PWRF]
[    0.648546] Monitor-Mwait will be used to enter C-1 state
[    0.648556] Monitor-Mwait will be used to enter C-2 state
[    0.655445] Serial: 8250/16550 driver, 4 ports, IRQ sharing enabled
[    0.676404] 00:03: ttyS0 at I/O 0x3f8 (irq = 4, base_baud = 115200) is a 16550A
[    0.697651] 00:04: ttyS1 at I/O 0x2f8 (irq = 3, base_baud = 115200) is a 16550A
[    0.698795] Non-volatile memory driver v1.3
[    0.699174] Linux agpgart interface v0.103
[    0.705237] loop: module loaded
[    0.705837] nvme nvme0: pci function 0000:82:00.0
[    0.706400] ahci 0000:00:11.4: version 3.0
[    0.706567] ahci 0000:00:11.4: AHCI 0001.0300 32 slots 4 ports 6 Gbps 0xf impl SATA mode
[    0.707195] ahci 0000:00:11.4: flags: 64bit ncq pm led clo pio slum part ems apst 
[    0.716472] scsi host0: ahci
[    0.716914] scsi host1: ahci
[    0.717433] scsi host2: ahci
[    0.717893] scsi host3: ahci
[    0.718265] ata1: SATA max UDMA/133 abar m2048@0xc7338000 port 0xc7338100 irq 36
[    0.718876] ata2: SATA max UDMA/133 abar m2048@0xc7338000 port 0xc7338180 irq 36
[    0.719498] ata3: SATA max UDMA/133 abar m2048@0xc7338000 port 0xc7338200 irq 36
[    0.720124] ata4: SATA max UDMA/133 abar m2048@0xc7338000 port 0xc7338280 irq 36
[    0.720983] ahci 0000:00:1f.2: AHCI 0001.0300 32 slots 6 ports 6 Gbps 0x3f impl SATA mode
[    0.721608] ahci 0000:00:1f.2: flags: 64bit ncq pm led clo pio slum part ems apst 
[    0.737608] scsi host4: ahci
[    0.738076] scsi host5: ahci
[    0.738517] scsi host6: ahci
[    0.738967] scsi host7: ahci
[    0.739423] scsi host8: ahci
[    0.739862] scsi host9: ahci
[    0.740241] ata5: SATA max UDMA/133 abar m2048@0xc7332000 port 0xc7332100 irq 37
[    0.740852] ata6: SATA max UDMA/133 abar m2048@0xc7332000 port 0xc7332180 irq 37
[    0.741473] ata7: SATA max UDMA/133 abar m2048@0xc7332000 port 0xc7332200 irq 37
[    0.742093] ata8: SATA max UDMA/133 abar m2048@0xc7332000 port 0xc7332280 irq 37
[    0.742702] ata9: SATA max UDMA/133 abar m2048@0xc7332000 port 0xc7332300 irq 37
[    0.743324] ata10: SATA max UDMA/133 abar m2048@0xc7332000 port 0xc7332380 irq 37
[    0.744143] e100: Intel(R) PRO/100 Network Driver, 3.5.24-k2-NAPI
[    0.752231] e100: Copyright(c) 1999-2006 Intel Corporation
[    0.752610] e1000: Intel(R) PRO/1000 Network Driver - version 7.3.21-k8-NAPI
[    0.752954] e1000: Copyright (c) 1999-2006 Intel Corporation.
[    0.753340] e1000e: Intel(R) PRO/1000 Network Driver - 3.2.6-k
[    0.753683] e1000e: Copyright(c) 1999 - 2015 Intel Corporation.
[    0.754076] igb: Intel(R) Gigabit Ethernet Network Driver - version 5.4.0-k
[    0.754420] igb: Copyright (c) 2007-2014 Intel Corporation.
[    0.823277]  nvme0n1: p1
[    0.987722] pps pps0: new PPS source ptp0
[    0.988081] igb 0000:05:00.0: added PHC on eth0
[    0.988428] igb 0000:05:00.0: Intel(R) Gigabit Ethernet Network Connection
[    0.988775] igb 0000:05:00.0: eth0: (PCIe:2.5Gb/s:Width x1) 0c:c4:7a:ca:23:f0
[    0.989175] igb 0000:05:00.0: eth0: PBA No: 013A00-000
[    0.989516] igb 0000:05:00.0: Using MSI-X interrupts. 4 rx queue(s), 4 tx queue(s)
[    1.028293] ata2: SATA link down (SStatus 0 SControl 300)
[    1.028835] ata4: SATA link down (SStatus 0 SControl 300)
[    1.029237] ata3: SATA link down (SStatus 0 SControl 300)
[    1.029616] ata1: SATA link down (SStatus 0 SControl 300)
[    1.052235] ata9: SATA link down (SStatus 0 SControl 300)
[    1.052888] ata7: SATA link up 3.0 Gbps (SStatus 123 SControl 300)
[    1.053266] ata8: SATA link up 3.0 Gbps (SStatus 123 SControl 300)
[    1.053626] ata10: SATA link down (SStatus 0 SControl 300)
[    1.053989] ata6: SATA link up 3.0 Gbps (SStatus 123 SControl 300)
[    1.054376] ata5: SATA link up 6.0 Gbps (SStatus 133 SControl 300)
[    1.054932] ata5.00: ATA-9: INTEL SSDSC2BB120G4, D2012370, max UDMA/133
[    1.055293] ata5.00: 234441648 sectors, multi 1: LBA48 NCQ (depth 31/32)
[    1.055879] ata5.00: configured for UDMA/133
[    1.056490] scsi 4:0:0:0: Direct-Access     ATA      INTEL SSDSC2BB12 2370 PQ: 0 ANSI: 5
[    1.057381] sd 4:0:0:0: Attached scsi generic sg0 type 0
[    1.057394] ata5.00: Enabling discard_zeroes_data
[    1.057609] sd 4:0:0:0: [sda] 234441648 512-byte logical blocks: (120 GB/112 GiB)
[    1.057611] sd 4:0:0:0: [sda] 4096-byte physical blocks
[    1.057639] sd 4:0:0:0: [sda] Write Protect is off
[    1.057641] sd 4:0:0:0: [sda] Mode Sense: 00 3a 00 00
[    1.057688] sd 4:0:0:0: [sda] Write cache: enabled, read cache: enabled, doesn't support DPO or FUA
[    1.057873] ata5.00: Enabling discard_zeroes_data
[    1.058401]  sda: sda1 sda2
[    1.058651] ata5.00: Enabling discard_zeroes_data
[    1.058970] sd 4:0:0:0: [sda] Attached SCSI disk
[    1.097754] ata7.00: ATA-7: MAXTOR STM3500630AS, 3.AAE, max UDMA/133
[    1.098154] ata7.00: 976773168 sectors, multi 16: LBA48 NCQ (depth 31/32)
[    1.098508] ata8.00: ATA-7: MAXTOR STM3500630AS, 3.AAE, max UDMA/133
[    1.098855] ata8.00: 976773168 sectors, multi 16: LBA48 NCQ (depth 31/32)
[    1.104409] ata6.00: ATA-7: MAXTOR STM3500630AS, 3.AAE, max UDMA/133
[    1.104776] ata6.00: 976773168 sectors, multi 16: LBA48 NCQ (depth 31/32)
[    1.156053] ata7.00: configured for UDMA/133
[    1.162713] ata6.00: configured for UDMA/133
[    1.163312] scsi 5:0:0:0: Direct-Access     ATA      MAXTOR STM350063 E    PQ: 0 ANSI: 5
[    1.164183] sd 5:0:0:0: [sdb] 976773168 512-byte logical blocks: (500 GB/466 GiB)
[    1.164226] sd 5:0:0:0: Attached scsi generic sg1 type 0
[    1.164378] ata8.00: configured for UDMA/133
[    1.164465] scsi 6:0:0:0: Direct-Access     ATA      MAXTOR STM350063 E    PQ: 0 ANSI: 5
[    1.164681] sd 6:0:0:0: Attached scsi generic sg2 type 0
[    1.164746] sd 6:0:0:0: [sdc] 976773168 512-byte logical blocks: (500 GB/466 GiB)
[    1.164772] sd 6:0:0:0: [sdc] Write Protect is off
[    1.164774] sd 6:0:0:0: [sdc] Mode Sense: 00 3a 00 00
[    1.164816] sd 6:0:0:0: [sdc] Write cache: enabled, read cache: enabled, doesn't support DPO or FUA
[    1.164872] scsi 7:0:0:0: Direct-Access     ATA      MAXTOR STM350063 E    PQ: 0 ANSI: 5
[    1.165051] sd 7:0:0:0: Attached scsi generic sg3 type 0
[    1.165115] sd 7:0:0:0: [sdd] 976773168 512-byte logical blocks: (500 GB/466 GiB)
[    1.165137] sd 7:0:0:0: [sdd] Write Protect is off
[    1.165139] sd 7:0:0:0: [sdd] Mode Sense: 00 3a 00 00
[    1.165176] sd 7:0:0:0: [sdd] Write cache: enabled, read cache: enabled, doesn't support DPO or FUA
[    1.170744] sd 5:0:0:0: [sdb] Write Protect is off
[    1.171092] sd 5:0:0:0: [sdb] Mode Sense: 00 3a 00 00
[    1.171104] sd 5:0:0:0: [sdb] Write cache: enabled, read cache: enabled, doesn't support DPO or FUA
[    1.195718]  sdc: sdc1
[    1.196527] sd 6:0:0:0: [sdc] Attached SCSI disk
[    1.202353]  sdb: sdb1
[    1.202864] sd 5:0:0:0: [sdb] Attached SCSI disk
[    1.204079]  sdd: sdd1
[    1.204880] sd 7:0:0:0: [sdd] Attached SCSI disk
[    1.224595] pps pps1: new PPS source ptp1
[    1.224936] igb 0000:06:00.0: added PHC on eth1
[    1.225287] igb 0000:06:00.0: Intel(R) Gigabit Ethernet Network Connection
[    1.225630] igb 0000:06:00.0: eth1: (PCIe:2.5Gb/s:Width x1) 0c:c4:7a:ca:23:f1
[    1.226020] igb 0000:06:00.0: eth1: PBA No: 011000-000
[    1.226362] igb 0000:06:00.0: Using MSI-X interrupts. 4 rx queue(s), 4 tx queue(s)
[    1.227045] igbvf: Intel(R) Gigabit Virtual Function Network Driver - version 2.4.0-k
[    1.227660] igbvf: Copyright (c) 2009 - 2012 Intel Corporation.
[    1.228121] ehci_hcd: USB 2.0 'Enhanced' Host Controller (EHCI) Driver
[    1.228465] ehci-pci: EHCI PCI platform driver
[    1.228988] ehci-pci 0000:00:1a.0: EHCI Host Controller
[    1.229418] ehci-pci 0000:00:1a.0: new USB bus registered, assigned bus number 1
[    1.230052] ehci-pci 0000:00:1a.0: debug port 2
[    1.234278] ehci-pci 0000:00:1a.0: cache line size of 64 is not supported
[    1.234290] ehci-pci 0000:00:1a.0: irq 18, io mem 0xc7334000
[    1.241069] ehci-pci 0000:00:1a.0: USB 2.0 started, EHCI 1.00
[    1.241457] usb usb1: New USB device found, idVendor=1d6b, idProduct=0002
[    1.241801] usb usb1: New USB device strings: Mfr=3, Product=2, SerialNumber=1
[    1.242422] usb usb1: Product: EHCI Host Controller
[    1.242760] usb usb1: Manufacturer: Linux 4.15.3 ehci_hcd
[    1.243109] usb usb1: SerialNumber: 0000:00:1a.0
[    1.243560] hub 1-0:1.0: USB hub found
[    1.243903] hub 1-0:1.0: 2 ports detected
[    1.244502] ehci-pci 0000:00:1d.0: EHCI Host Controller
[    1.244902] ehci-pci 0000:00:1d.0: new USB bus registered, assigned bus number 2
[    1.245535] ehci-pci 0000:00:1d.0: debug port 2
[    1.249781] ehci-pci 0000:00:1d.0: cache line size of 64 is not supported
[    1.249786] ehci-pci 0000:00:1d.0: irq 18, io mem 0xc7333000
[    1.257079] ehci-pci 0000:00:1d.0: USB 2.0 started, EHCI 1.00
[    1.257443] usb usb2: New USB device found, idVendor=1d6b, idProduct=0002
[    1.257791] usb usb2: New USB device strings: Mfr=3, Product=2, SerialNumber=1
[    1.258411] usb usb2: Product: EHCI Host Controller
[    1.258749] usb usb2: Manufacturer: Linux 4.15.3 ehci_hcd
[    1.259096] usb usb2: SerialNumber: 0000:00:1d.0
[    1.259541] hub 2-0:1.0: USB hub found
[    1.259885] hub 2-0:1.0: 2 ports detected
[    1.260398] ohci_hcd: USB 1.1 'Open' Host Controller (OHCI) Driver
[    1.260763] ohci-pci: OHCI PCI platform driver
[    1.261137] uhci_hcd: USB Universal Host Controller Interface driver
[    1.261514] usbcore: registered new interface driver usblp
[    1.261874] usbcore: registered new interface driver usb-storage
[    1.262255] i8042: PNP: No PS/2 controller found.
[    1.262731] rtc_cmos 00:00: RTC can wake from S4
[    1.263187] rtc_cmos 00:00: rtc core: registered rtc_cmos as rtc0
[    1.263551] rtc_cmos 00:00: alarms up to one month, y3k, 114 bytes nvram, hpet irqs
[    1.264343] i801_smbus 0000:00:1f.3: SMBus using PCI interrupt
[    1.266514] device-mapper: ioctl: 4.37.0-ioctl (2017-09-20) initialised: dm-devel@redhat.com
[    1.267333] device-mapper: multipath round-robin: version 1.2.0 loaded
[    1.267674] device-mapper: multipath queue-length: version 0.2.0 loaded
[    1.268022] device-mapper: multipath service-time: version 0.3.0 loaded
[    1.268376] device-mapper: raid: Loading target version 1.13.0
[    1.268730] intel_pstate: Intel P-state driver initializing
[    1.272342] hidraw: raw HID events driver (C) Jiri Kosina
[    1.272960] usbcore: registered new interface driver usbhid
[    1.273353] usbhid: USB HID core driver
[    1.273942] Netfilter messages via NETLINK v0.30.
[    1.274534] nf_conntrack version 0.5.0 (65536 buckets, 262144 max)
[    1.274894] ctnetlink v0.93: registering with nfnetlink.
[    1.275356] ip_tables: (C) 2000-2006 Netfilter Core Team
[    1.276477] Initializing XFRM netlink socket
[    1.276919] NET: Registered protocol family 10
[    1.277583] Segment Routing with IPv6
[    1.277934] ip6_tables: (C) 2000-2006 Netfilter Core Team
[    1.279088] sit: IPv6, IPv4 and MPLS over IPv4 tunneling driver
[    1.279543] NET: Registered protocol family 17
[    1.279893] Key type dns_resolver registered
[    1.282469] microcode: sig=0x406f1, pf=0x1, revision=0xb00001d
[    1.283167] microcode: Microcode Update Driver: v2.2.
[    1.283173] AVX2 version of gcm_enc/dec engaged.
[    1.283914] AES CTR mode by8 optimization enabled
[    1.285245] sched_clock: Marking stable (1285230154, 0)->(1562575751, -277345597)
[    1.286257] registered taskstats version 1
[    1.286594] Loading compiled-in X.509 certificates
[    1.287140] Btrfs loaded, crc32c=crc32c-intel, ref-verify=on
[    1.287501] BTRFS: selftest: sectorsize: 4096  nodesize: 4096
[    1.287839] BTRFS: selftest: Running btrfs free space cache tests
[    1.288199] BTRFS: selftest: Running extent only tests
[    1.288539] BTRFS: selftest: Running bitmap only tests
[    1.288881] BTRFS: selftest: Running bitmap and extent tests
[    1.289231] BTRFS: selftest: Running space stealing from bitmap to extent
[    1.289822] BTRFS: selftest: Free space cache tests finished
[    1.290185] BTRFS: selftest: Running extent buffer operation tests
[    1.290578] BTRFS: selftest: Running btrfs_split_item tests
[    1.290927] BTRFS: selftest: Running extent I/O tests
[    1.291289] BTRFS: selftest: Running find delalloc tests
[    1.334786] BTRFS: selftest: Running extent buffer bitmap tests
[    1.352671] BTRFS: selftest: Extent I/O tests finished
[    1.353011] BTRFS: selftest: Running btrfs_get_extent tests
[    1.353460] BTRFS: selftest: Running hole first btrfs_get_extent test
[    1.353807] BTRFS: selftest: Running outstanding_extents tests
[    1.354190] BTRFS: selftest: Running qgroup tests
[    1.354559] BTRFS: selftest: Qgroup basic add
[    1.363064] BTRFS: selftest: Qgroup multiple refs test
[    1.363464] BTRFS: selftest: Running free space tree tests
[    1.379711] BTRFS: selftest: sectorsize: 4096  nodesize: 8192
[    1.380072] BTRFS: selftest: Running btrfs free space cache tests
[    1.380448] BTRFS: selftest: Running extent only tests
[    1.380785] BTRFS: selftest: Running bitmap only tests
[    1.381149] BTRFS: selftest: Running bitmap and extent tests
[    1.381524] BTRFS: selftest: Running space stealing from bitmap to extent
[    1.382114] BTRFS: selftest: Free space cache tests finished
[    1.382485] BTRFS: selftest: Running extent buffer operation tests
[    1.382823] BTRFS: selftest: Running btrfs_split_item tests
[    1.383194] BTRFS: selftest: Running extent I/O tests
[    1.383564] BTRFS: selftest: Running find delalloc tests
[    1.426015] BTRFS: selftest: Running extent buffer bitmap tests
[    1.443800] BTRFS: selftest: Extent I/O tests finished
[    1.444163] BTRFS: selftest: Running btrfs_get_extent tests
[    1.444565] BTRFS: selftest: Running hole first btrfs_get_extent test
[    1.444912] BTRFS: selftest: Running outstanding_extents tests
[    1.445290] BTRFS: selftest: Running qgroup tests
[    1.445660] BTRFS: selftest: Qgroup basic add
[    1.446001] BTRFS: selftest: Qgroup multiple refs test
[    1.446414] BTRFS: selftest: Running free space tree tests
[    1.462142] BTRFS: selftest: sectorsize: 4096  nodesize: 16384
[    1.462480] BTRFS: selftest: Running btrfs free space cache tests
[    1.462821] BTRFS: selftest: Running extent only tests
[    1.463161] BTRFS: selftest: Running bitmap only tests
[    1.463500] BTRFS: selftest: Running bitmap and extent tests
[    1.463841] BTRFS: selftest: Running space stealing from bitmap to extent
[    1.464401] BTRFS: selftest: Free space cache tests finished
[    1.464738] BTRFS: selftest: Running extent buffer operation tests
[    1.465082] BTRFS: selftest: Running btrfs_split_item tests
[    1.465426] BTRFS: selftest: Running extent I/O tests
[    1.465762] BTRFS: selftest: Running find delalloc tests
[    1.503771] BTRFS: selftest: Running extent buffer bitmap tests
[    1.519733] BTRFS: selftest: Extent I/O tests finished
[    1.520072] BTRFS: selftest: Running btrfs_get_extent tests
[    1.520439] BTRFS: selftest: Running hole first btrfs_get_extent test
[    1.520786] BTRFS: selftest: Running outstanding_extents tests
[    1.521142] BTRFS: selftest: Running qgroup tests
[    1.521477] BTRFS: selftest: Qgroup basic add
[    1.521818] BTRFS: selftest: Qgroup multiple refs test
[    1.522183] BTRFS: selftest: Running free space tree tests
[    1.536820] BTRFS: selftest: sectorsize: 4096  nodesize: 32768
[    1.537163] BTRFS: selftest: Running btrfs free space cache tests
[    1.537504] BTRFS: selftest: Running extent only tests
[    1.537841] BTRFS: selftest: Running bitmap only tests
[    1.538182] BTRFS: selftest: Running bitmap and extent tests
[    1.538523] BTRFS: selftest: Running space stealing from bitmap to extent
[    1.539079] BTRFS: selftest: Free space cache tests finished
[    1.539416] BTRFS: selftest: Running extent buffer operation tests
[    1.539755] BTRFS: selftest: Running btrfs_split_item tests
[    1.540105] BTRFS: selftest: Running extent I/O tests
[    1.540441] BTRFS: selftest: Running find delalloc tests
[    1.569064] usb 1-1: new high-speed USB device number 2 using ehci-pci
[    1.578484] BTRFS: selftest: Running extent buffer bitmap tests
[    1.585064] usb 2-1: new high-speed USB device number 2 using ehci-pci
[    1.594466] BTRFS: selftest: Extent I/O tests finished
[    1.594803] BTRFS: selftest: Running btrfs_get_extent tests
[    1.595173] BTRFS: selftest: Running hole first btrfs_get_extent test
[    1.595521] BTRFS: selftest: Running outstanding_extents tests
[    1.595871] BTRFS: selftest: Running qgroup tests
[    1.596213] BTRFS: selftest: Qgroup basic add
[    1.596554] BTRFS: selftest: Qgroup multiple refs test
[    1.596916] BTRFS: selftest: Running free space tree tests
[    1.611738] BTRFS: selftest: sectorsize: 4096  nodesize: 65536
[    1.612080] BTRFS: selftest: Running btrfs free space cache tests
[    1.612422] BTRFS: selftest: Running extent only tests
[    1.612759] BTRFS: selftest: Running bitmap only tests
[    1.613103] BTRFS: selftest: Running bitmap and extent tests
[    1.613444] BTRFS: selftest: Running space stealing from bitmap to extent
[    1.613993] BTRFS: selftest: Free space cache tests finished
[    1.614334] BTRFS: selftest: Running extent buffer operation tests
[    1.614672] BTRFS: selftest: Running btrfs_split_item tests
[    1.615017] BTRFS: selftest: Running extent I/O tests
[    1.615356] BTRFS: selftest: Running find delalloc tests
[    1.631084] tsc: Refined TSC clocksource calibration: 2099.998 MHz
[    1.631522] clocksource: tsc: mask: 0xffffffffffffffff max_cycles: 0x1e452ea631d, max_idle_ns: 440795244572 ns
[    1.653609] BTRFS: selftest: Running extent buffer bitmap tests
[    1.669521] BTRFS: selftest: Extent I/O tests finished
[    1.669857] BTRFS: selftest: Running btrfs_get_extent tests
[    1.670230] BTRFS: selftest: Running hole first btrfs_get_extent test
[    1.670577] BTRFS: selftest: Running outstanding_extents tests
[    1.670928] BTRFS: selftest: Running qgroup tests
[    1.671266] BTRFS: selftest: Qgroup basic add
[    1.671607] BTRFS: selftest: Qgroup multiple refs test
[    1.671970] BTRFS: selftest: Running free space tree tests
[    1.687353] console [netcon0] enabled
[    1.687686] netconsole: network logging started
[    1.688195] md: Waiting for all devices to be available before autodetect
[    1.688535] md: If you don't use raid, use raid=noautodetect
[    1.689044] md: Autodetecting RAID arrays.
[    1.697450] usb 1-1: New USB device found, idVendor=8087, idProduct=800a
[    1.697826] usb 1-1: New USB device strings: Mfr=0, Product=0, SerialNumber=0
[    1.698353] hub 1-1:1.0: USB hub found
[    1.698847] hub 1-1:1.0: 6 ports detected
[    1.713444] usb 2-1: New USB device found, idVendor=8087, idProduct=8002
[    1.713845] usb 2-1: New USB device strings: Mfr=0, Product=0, SerialNumber=0
[    1.714363] hub 2-1:1.0: USB hub found
[    1.714846] hub 2-1:1.0: 8 ports detected
[    1.758049] md: autorun ...
[    1.758431] md: running: <sdd1><sdb1><sdc1>
[    1.758893] md0: detected capacity change from 0 to 1500318793728
[    1.759247] md: ... autorun DONE.
[    1.759813] EXT4-fs (sda2): couldn't mount as ext3 due to feature incompatibilities
[    1.769382] EXT4-fs (sda2): mounted filesystem with ordered data mode. Opts: (null)
[    1.769999] VFS: Mounted root (ext4 filesystem) readonly on device 8:2.
[    1.771073] devtmpfs: mounted
[    1.772834] Freeing unused kernel memory: 1200K
[    1.773195] Write protecting the kernel read-only data: 20480k
[    1.774360] Freeing unused kernel memory: 1980K
[    1.775856] Freeing unused kernel memory: 584K
[    1.819617] kbd_mode (2770) used greatest stack depth: 13872 bytes left
[    1.824461] loadkeys (2772) used greatest stack depth: 13856 bytes left
[    1.824968] init-early.sh (2768) used greatest stack depth: 13376 bytes left
[    1.991075] usb 2-1.8: new high-speed USB device number 3 using ehci-pci
[    2.069445] usb 2-1.8: New USB device found, idVendor=0557, idProduct=7000
[    2.069803] usb 2-1.8: New USB device strings: Mfr=0, Product=0, SerialNumber=0
[    2.070718] hub 2-1.8:1.0: USB hub found
[    2.071197] hub 2-1.8:1.0: 4 ports detected
[    2.338490] udevd[3151]: starting version 3.2.5
[    2.347023] udevd[3152]: starting eudev-3.2.5
[    2.363090] usb 2-1.8.1: new low-speed USB device number 4 using ehci-pci
[    2.451312] igb 0000:05:00.0 eno1: renamed from eth0
[    2.464169] igb 0000:06:00.0 eno2: renamed from eth1
[    2.468074] usb 2-1.8.1: New USB device found, idVendor=0557, idProduct=2419
[    2.468076] usb 2-1.8.1: New USB device strings: Mfr=0, Product=0, SerialNumber=0
[    2.468868] input: HID 0557:2419 as /devices/pci0000:00/0000:00:1d.0/usb2/2-1/2-1.8/2-1.8.1/2-1.8.1:1.0/0003:0557:2419.0001/input/input2
[    2.481327] random: crng init done
[    2.520178] hid-generic 0003:0557:2419.0001: input,hidraw0: USB HID v1.00 Keyboard [HID 0557:2419] on usb-0000:00:1d.0-1.8.1/input0
[    2.520727] input: HID 0557:2419 as /devices/pci0000:00/0000:00:1d.0/usb2/2-1/2-1.8/2-1.8.1/2-1.8.1:1.1/0003:0557:2419.0002/input/input3
[    2.520817] hid-generic 0003:0557:2419.0002: input,hidraw1: USB HID v1.00 Mouse [HID 0557:2419] on usb-0000:00:1d.0-1.8.1/input1
[    2.527342] power_meter ACPI000D:00: Found ACPI power meter.
[    2.527406] power_meter ACPI000D:00: Ignoring unsafe software power cap!
[    2.527410] power_meter ACPI000D:00: hwmon_device_register() is deprecated. Please convert the driver to use hwmon_device_register_with_info().
[    2.639270] clocksource: Switched to clocksource tsc
[    3.506521] EXT4-fs (sda2): re-mounted. Opts: (null)
[    3.632435] XFS (nvme0n1p1): Mounting V5 Filesystem
[    3.655065] XFS (nvme0n1p1): Ending clean mount
[    3.663813] XFS (md0): Mounting V5 Filesystem
[    3.823839] XFS (md0): Ending clean mount
[    4.520368] ip (3960) used greatest stack depth: 12944 bytes left
[    4.807434] IPv6: ADDRCONF(NETDEV_UP): eno1: link is not ready
[    4.852264] IPv6: ADDRCONF(NETDEV_UP): eno2: link is not ready
[    8.578605] igb 0000:05:00.0 eno1: igb: eno1 NIC Link is Up 1000 Mbps Full Duplex, Flow Control: RX/TX
[    8.687287] IPv6: ADDRCONF(NETDEV_CHANGE): eno1: link becomes ready
[ 2626.669994] postgres (4795) used greatest stack depth: 12648 bytes left
[10294.239192] kworker/dying (53) used greatest stack depth: 12224 bytes left
[37299.743543] nvme nvme0: I/O 180 QID 17 timeout, aborting
[37299.743557] nvme nvme0: I/O 181 QID 17 timeout, aborting
[37299.743566] nvme nvme0: I/O 460 QID 31 timeout, aborting
[37304.799443] nvme nvme0: I/O 0 QID 6 timeout, aborting
[37330.719512] nvme nvme0: I/O 180 QID 17 timeout, reset controller
[37333.121821] nvme nvme0: Abort status: 0x0
[37333.121824] nvme nvme0: Abort status: 0x0
[37333.121825] nvme nvme0: Abort status: 0x0
[37333.121826] nvme nvme0: Abort status: 0x0
