[    0.000000] Linux version 4.15.3 (root@bench2) (gcc version 7.3.0 (GCC)) #2 SMP Mon Feb 19 11:29:04 CET 2018
[    0.000000] Command line: BOOT_IMAGE=/vmlinuz-4.15.3 root=/dev/sda2 ro nopcid
[    0.000000] x86/fpu: Supporting XSAVE feature 0x001: 'x87 floating point registers'
[    0.000000] x86/fpu: Supporting XSAVE feature 0x002: 'SSE registers'
[    0.000000] x86/fpu: Supporting XSAVE feature 0x004: 'AVX registers'
[    0.000000] x86/fpu: xstate_offset[2]:  576, xstate_sizes[2]:  256
[    0.000000] x86/fpu: Enabled xstate features 0x7, context size is 832 bytes, using 'standard' format.
[    0.000000] e820: BIOS-provided physical RAM map:
[    0.000000] BIOS-e820: [mem 0x0000000000000000-0x0000000000099bff] usable
[    0.000000] BIOS-e820: [mem 0x0000000000099c00-0x000000000009ffff] reserved
[    0.000000] BIOS-e820: [mem 0x00000000000e0000-0x00000000000fffff] reserved
[    0.000000] BIOS-e820: [mem 0x0000000000100000-0x0000000078f35fff] usable
[    0.000000] BIOS-e820: [mem 0x0000000078f36000-0x0000000079838fff] reserved
[    0.000000] BIOS-e820: [mem 0x0000000079839000-0x0000000079d49fff] ACPI NVS
[    0.000000] BIOS-e820: [mem 0x0000000079d4a000-0x000000008fffffff] reserved
[    0.000000] BIOS-e820: [mem 0x00000000fed1c000-0x00000000fed44fff] reserved
[    0.000000] BIOS-e820: [mem 0x00000000ff000000-0x00000000ffffffff] reserved
[    0.000000] BIOS-e820: [mem 0x0000000100000000-0x000000107fffffff] usable
[    0.000000] nopcid: PCID feature disabled
[    0.000000] NX (Execute Disable) protection: active
[    0.000000] random: fast init done
[    0.000000] SMBIOS 3.0 present.
[    0.000000] DMI: Supermicro Super Server/X10DRL-i, BIOS 2.0a 08/25/2016
[    0.000000] e820: update [mem 0x00000000-0x00000fff] usable ==> reserved
[    0.000000] e820: remove [mem 0x000a0000-0x000fffff] usable
[    0.000000] e820: last_pfn = 0x1080000 max_arch_pfn = 0x400000000
[    0.000000] MTRR default type: write-back
[    0.000000] MTRR fixed ranges enabled:
[    0.000000]   00000-9FFFF write-back
[    0.000000]   A0000-BFFFF uncachable
[    0.000000]   C0000-FFFFF write-protect
[    0.000000] MTRR variable ranges enabled:
[    0.000000]   0 base 000080000000 mask 3FFF80000000 uncachable
[    0.000000]   1 base 380000000000 mask 3F8000000000 uncachable
[    0.000000]   2 disabled
[    0.000000]   3 disabled
[    0.000000]   4 disabled
[    0.000000]   5 disabled
[    0.000000]   6 disabled
[    0.000000]   7 disabled
[    0.000000]   8 disabled
[    0.000000]   9 disabled
[    0.000000] x86/PAT: Configuration [0-7]: WB  WC  UC- UC  WB  WP  UC- WT  
[    0.000000] e820: last_pfn = 0x78f36 max_arch_pfn = 0x400000000
[    0.000000] Scanning 1 areas for low memory corruption
[    0.000000] Base memory trampoline at [        (ptrval)] 93000 size 24576
[    0.000000] Using GB pages for direct mapping
[    0.000000] BRK [0xd73de0000, 0xd73de0fff] PGTABLE
[    0.000000] BRK [0xd73de1000, 0xd73de1fff] PGTABLE
[    0.000000] BRK [0xd73de2000, 0xd73de2fff] PGTABLE
[    0.000000] BRK [0xd73de3000, 0xd73de3fff] PGTABLE
[    0.000000] BRK [0xd73de4000, 0xd73de4fff] PGTABLE
[    0.000000] BRK [0xd73de5000, 0xd73de5fff] PGTABLE
[    0.000000] ACPI: Early table checksum verification disabled
[    0.000000] ACPI: RSDP 0x00000000000F05B0 000024 (v02 SUPERM)
[    0.000000] ACPI: XSDT 0x00000000798990A8 0000D4 (v01                 01072009 AMI  00010013)
[    0.000000] ACPI: FACP 0x00000000798C9E70 00010C (v05 SUPERM SMCI--MB 01072009 AMI  00010013)
[    0.000000] ACPI: DSDT 0x0000000079899218 030C57 (v02 SUPERM SMCI--MB 01072009 INTL 20091013)
[    0.000000] ACPI: FACS 0x0000000079D48F80 000040
[    0.000000] ACPI: APIC 0x00000000798C9F80 000224 (v03 SUPERM SMCI--MB 01072009 AMI  00010013)
[    0.000000] ACPI: FPDT 0x00000000798CA1A8 000044 (v01 SUPERM SMCI--MB 01072009 AMI  00010013)
[    0.000000] ACPI: FIDT 0x00000000798CA1F0 00009C (v01 SUPERM SMCI--MB 01072009 AMI  00010013)
[    0.000000] ACPI: SPMI 0x00000000798CA290 000040 (v05 SUPERM SMCI--MB 00000000 AMI. 00000000)
[    0.000000] ACPI: MCFG 0x00000000798CA2D0 00003C (v01 SUPERM SMCI--MB 01072009 MSFT 00000097)
[    0.000000] ACPI: UEFI 0x00000000798CA310 000042 (v01 SUPERM SMCI--MB 01072009      00000000)
[    0.000000] ACPI: HPET 0x00000000798CA358 000038 (v01 SUPERM SMCI--MB 00000001 INTL 20091013)
[    0.000000] ACPI: MSCT 0x00000000798CA390 000090 (v01 SUPERM SMCI--MB 00000001 INTL 20091013)
[    0.000000] ACPI: SLIT 0x00000000798CA420 000030 (v01 SUPERM SMCI--MB 00000001 INTL 20091013)
[    0.000000] ACPI: SRAT 0x00000000798CA450 001158 (v03 SUPERM SMCI--MB 00000001 INTL 20091013)
[    0.000000] ACPI: WDDT 0x00000000798CB5A8 000040 (v01 SUPERM SMCI--MB 00000000 INTL 20091013)
[    0.000000] ACPI: SSDT 0x00000000798CB5E8 016FB3 (v02 SUPERM PmMgt    00000001 INTL 20120913)
[    0.000000] ACPI: NITR 0x00000000798E25A0 000071 (v02 SUPERM SMCI--MB 00000001 INTL 20091013)
[    0.000000] ACPI: SSDT 0x00000000798E2618 00264C (v02 SUPERM SpsNm    00000002 INTL 20120913)
[    0.000000] ACPI: SSDT 0x00000000798E4C68 000064 (v02 SUPERM SpsNvs   00000002 INTL 20120913)
[    0.000000] ACPI: PRAD 0x00000000798E4CD0 000102 (v02 SUPERM SMCI--MB 00000002 INTL 20120913)
[    0.000000] ACPI: DMAR 0x00000000798E4DD8 000140 (v01 SUPERM SMCI--MB 00000001 INTL 20091013)
[    0.000000] ACPI: HEST 0x00000000798E4F18 00027C (v01 SUPERM SMCI--MB 00000001 INTL 00000001)
[    0.000000] ACPI: BERT 0x00000000798E5198 000030 (v01 SUPERM SMCI--MB 00000001 INTL 00000001)
[    0.000000] ACPI: ERST 0x00000000798E51C8 000230 (v01 SUPERM SMCI--MB 00000001 INTL 00000001)
[    0.000000] ACPI: EINJ 0x00000000798E53F8 000130 (v01 SUPERM SMCI--MB 00000001 INTL 00000001)
[    0.000000] ACPI: Local APIC address 0xfee00000
[    0.000000] SRAT: PXM 0 -> APIC 0x00 -> Node 0
[    0.000000] SRAT: PXM 0 -> APIC 0x02 -> Node 0
[    0.000000] SRAT: PXM 0 -> APIC 0x04 -> Node 0
[    0.000000] SRAT: PXM 0 -> APIC 0x06 -> Node 0
[    0.000000] SRAT: PXM 0 -> APIC 0x08 -> Node 0
[    0.000000] SRAT: PXM 0 -> APIC 0x0a -> Node 0
[    0.000000] SRAT: PXM 0 -> APIC 0x0c -> Node 0
[    0.000000] SRAT: PXM 0 -> APIC 0x0e -> Node 0
[    0.000000] SRAT: PXM 1 -> APIC 0x10 -> Node 1
[    0.000000] SRAT: PXM 1 -> APIC 0x12 -> Node 1
[    0.000000] SRAT: PXM 1 -> APIC 0x14 -> Node 1
[    0.000000] SRAT: PXM 1 -> APIC 0x16 -> Node 1
[    0.000000] SRAT: PXM 1 -> APIC 0x18 -> Node 1
[    0.000000] SRAT: PXM 1 -> APIC 0x1a -> Node 1
[    0.000000] SRAT: PXM 1 -> APIC 0x1c -> Node 1
[    0.000000] SRAT: PXM 1 -> APIC 0x1e -> Node 1
[    0.000000] SRAT: PXM 0 -> APIC 0x01 -> Node 0
[    0.000000] SRAT: PXM 0 -> APIC 0x03 -> Node 0
[    0.000000] SRAT: PXM 0 -> APIC 0x05 -> Node 0
[    0.000000] SRAT: PXM 0 -> APIC 0x07 -> Node 0
[    0.000000] SRAT: PXM 0 -> APIC 0x09 -> Node 0
[    0.000000] SRAT: PXM 0 -> APIC 0x0b -> Node 0
[    0.000000] SRAT: PXM 0 -> APIC 0x0d -> Node 0
[    0.000000] SRAT: PXM 0 -> APIC 0x0f -> Node 0
[    0.000000] SRAT: PXM 1 -> APIC 0x11 -> Node 1
[    0.000000] SRAT: PXM 1 -> APIC 0x13 -> Node 1
[    0.000000] SRAT: PXM 1 -> APIC 0x15 -> Node 1
[    0.000000] SRAT: PXM 1 -> APIC 0x17 -> Node 1
[    0.000000] SRAT: PXM 1 -> APIC 0x19 -> Node 1
[    0.000000] SRAT: PXM 1 -> APIC 0x1b -> Node 1
[    0.000000] SRAT: PXM 1 -> APIC 0x1d -> Node 1
[    0.000000] SRAT: PXM 1 -> APIC 0x1f -> Node 1
[    0.000000] ACPI: SRAT: Node 0 PXM 0 [mem 0x00000000-0x7fffffff]
[    0.000000] ACPI: SRAT: Node 0 PXM 0 [mem 0x100000000-0x87fffffff]
[    0.000000] ACPI: SRAT: Node 1 PXM 1 [mem 0x880000000-0x107fffffff]
[    0.000000] NUMA: Initialized distance table, cnt=2
[    0.000000] NUMA: Node 0 [mem 0x00000000-0x7fffffff] + [mem 0x100000000-0x87fffffff] -> [mem 0x00000000-0x87fffffff]
[    0.000000] NODE_DATA(0) allocated [mem 0x87fffc000-0x87fffffff]
[    0.000000] NODE_DATA(1) allocated [mem 0x107fffb000-0x107fffefff]
[    0.000000] tsc: Fast TSC calibration using PIT
[    0.000000] Zone ranges:
[    0.000000]   DMA      [mem 0x0000000000001000-0x0000000000ffffff]
[    0.000000]   DMA32    [mem 0x0000000001000000-0x00000000ffffffff]
[    0.000000]   Normal   [mem 0x0000000100000000-0x000000107fffffff]
[    0.000000] Movable zone start for each node
[    0.000000] Early memory node ranges
[    0.000000]   node   0: [mem 0x0000000000001000-0x0000000000098fff]
[    0.000000]   node   0: [mem 0x0000000000100000-0x0000000078f35fff]
[    0.000000]   node   0: [mem 0x0000000100000000-0x000000087fffffff]
[    0.000000]   node   1: [mem 0x0000000880000000-0x000000107fffffff]
[    0.000000] Initmem setup node 0 [mem 0x0000000000001000-0x000000087fffffff]
[    0.000000] On node 0 totalpages: 8359630
[    0.000000]   DMA zone: 64 pages used for memmap
[    0.000000]   DMA zone: 21 pages reserved
[    0.000000]   DMA zone: 3992 pages, LIFO batch:0
[    0.000000]   DMA32 zone: 7677 pages used for memmap
[    0.000000]   DMA32 zone: 491318 pages, LIFO batch:31
[    0.000000]   Normal zone: 122880 pages used for memmap
[    0.000000]   Normal zone: 7864320 pages, LIFO batch:31
[    0.000000] Initmem setup node 1 [mem 0x0000000880000000-0x000000107fffffff]
[    0.000000] On node 1 totalpages: 8388608
[    0.000000]   Normal zone: 131072 pages used for memmap
[    0.000000]   Normal zone: 8388608 pages, LIFO batch:31
[    0.000000] Reserved but unavailable: 104 pages
[    0.000000] ACPI: PM-Timer IO Port: 0x408
[    0.000000] ACPI: Local APIC address 0xfee00000
[    0.000000] ACPI: LAPIC_NMI (acpi_id[0x00] high edge lint[0x1])
[    0.000000] ACPI: LAPIC_NMI (acpi_id[0x02] high edge lint[0x1])
[    0.000000] ACPI: LAPIC_NMI (acpi_id[0x04] high edge lint[0x1])
[    0.000000] ACPI: LAPIC_NMI (acpi_id[0x06] high edge lint[0x1])
[    0.000000] ACPI: LAPIC_NMI (acpi_id[0x08] high edge lint[0x1])
[    0.000000] ACPI: LAPIC_NMI (acpi_id[0x0a] high edge lint[0x1])
[    0.000000] ACPI: LAPIC_NMI (acpi_id[0x0c] high edge lint[0x1])
[    0.000000] ACPI: LAPIC_NMI (acpi_id[0x0e] high edge lint[0x1])
[    0.000000] ACPI: LAPIC_NMI (acpi_id[0x10] high edge lint[0x1])
[    0.000000] ACPI: LAPIC_NMI (acpi_id[0x12] high edge lint[0x1])
[    0.000000] ACPI: LAPIC_NMI (acpi_id[0x14] high edge lint[0x1])
[    0.000000] ACPI: LAPIC_NMI (acpi_id[0x16] high edge lint[0x1])
[    0.000000] ACPI: LAPIC_NMI (acpi_id[0x18] high edge lint[0x1])
[    0.000000] ACPI: LAPIC_NMI (acpi_id[0x1a] high edge lint[0x1])
[    0.000000] ACPI: LAPIC_NMI (acpi_id[0x1c] high edge lint[0x1])
[    0.000000] ACPI: LAPIC_NMI (acpi_id[0x1e] high edge lint[0x1])
[    0.000000] ACPI: LAPIC_NMI (acpi_id[0x01] high edge lint[0x1])
[    0.000000] ACPI: LAPIC_NMI (acpi_id[0x03] high edge lint[0x1])
[    0.000000] ACPI: LAPIC_NMI (acpi_id[0x05] high edge lint[0x1])
[    0.000000] ACPI: LAPIC_NMI (acpi_id[0x07] high edge lint[0x1])
[    0.000000] ACPI: LAPIC_NMI (acpi_id[0x09] high edge lint[0x1])
[    0.000000] ACPI: LAPIC_NMI (acpi_id[0x0b] high edge lint[0x1])
[    0.000000] ACPI: LAPIC_NMI (acpi_id[0x0d] high edge lint[0x1])
[    0.000000] ACPI: LAPIC_NMI (acpi_id[0x0f] high edge lint[0x1])
[    0.000000] ACPI: LAPIC_NMI (acpi_id[0x11] high edge lint[0x1])
[    0.000000] ACPI: LAPIC_NMI (acpi_id[0x13] high edge lint[0x1])
[    0.000000] ACPI: LAPIC_NMI (acpi_id[0x15] high edge lint[0x1])
[    0.000000] ACPI: LAPIC_NMI (acpi_id[0x17] high edge lint[0x1])
[    0.000000] ACPI: LAPIC_NMI (acpi_id[0x19] high edge lint[0x1])
[    0.000000] ACPI: LAPIC_NMI (acpi_id[0x1b] high edge lint[0x1])
[    0.000000] ACPI: LAPIC_NMI (acpi_id[0x1d] high edge lint[0x1])
[    0.000000] ACPI: LAPIC_NMI (acpi_id[0x1f] high edge lint[0x1])
[    0.000000] IOAPIC[0]: apic_id 1, version 32, address 0xfec00000, GSI 0-23
[    0.000000] IOAPIC[1]: apic_id 2, version 32, address 0xfec01000, GSI 24-47
[    0.000000] IOAPIC[2]: apic_id 3, version 32, address 0xfec40000, GSI 48-71
[    0.000000] ACPI: INT_SRC_OVR (bus 0 bus_irq 0 global_irq 2 dfl dfl)
[    0.000000] ACPI: INT_SRC_OVR (bus 0 bus_irq 9 global_irq 9 high level)
[    0.000000] ACPI: IRQ0 used by override.
[    0.000000] ACPI: IRQ9 used by override.
[    0.000000] Using ACPI (MADT) for SMP configuration information
[    0.000000] ACPI: HPET id: 0x8086a701 base: 0xfed00000
[    0.000000] [Firmware Bug]: TSC_DEADLINE disabled due to Errata; please update microcode to version: 0xb000020 (or later)
[    0.000000] smpboot: Allowing 32 CPUs, 0 hotplug CPUs
[    0.000000] e820: [mem 0x90000000-0xfed1bfff] available for PCI devices
[    0.000000] clocksource: refined-jiffies: mask: 0xffffffff max_cycles: 0xffffffff, max_idle_ns: 1910969940391419 ns
[    0.000000] setup_percpu: NR_CPUS:64 nr_cpumask_bits:64 nr_cpu_ids:32 nr_node_ids:2
[    0.000000] percpu: Embedded 43 pages/cpu @        (ptrval) s137304 r8192 d30632 u262144
[    0.000000] pcpu-alloc: s137304 r8192 d30632 u262144 alloc=1*2097152
[    0.000000] pcpu-alloc: [0] 00 01 02 03 04 05 06 07 [0] 16 17 18 19 20 21 22 23 
[    0.000000] pcpu-alloc: [1] 08 09 10 11 12 13 14 15 [1] 24 25 26 27 28 29 30 31 
[    0.000000] Built 2 zonelists, mobility grouping on.  Total pages: 16486524
[    0.000000] Policy zone: Normal
[    0.000000] Kernel command line: BOOT_IMAGE=/vmlinuz-4.15.3 root=/dev/sda2 ro nopcid
[    0.000000] Memory: 65844124K/66992952K available (14364K kernel code, 1522K rwdata, 3512K rodata, 1192K init, 636K bss, 1148828K reserved, 0K cma-reserved)
[    0.000000] SLUB: HWalign=64, Order=0-3, MinObjects=0, CPUs=32, Nodes=2
[    0.000000] Kernel/User page tables isolation: enabled
[    0.000000] Hierarchical RCU implementation.
[    0.000000] 	RCU event tracing is enabled.
[    0.000000] 	RCU restricting CPUs from NR_CPUS=64 to nr_cpu_ids=32.
[    0.000000] RCU: Adjusting geometry for rcu_fanout_leaf=16, nr_cpu_ids=32
[    0.000000] NR_IRQS: 4352, nr_irqs: 1496, preallocated irqs: 16
[    0.000000] Console: colour VGA+ 80x25
[    0.000000] console [tty0] enabled
[    0.000000] ACPI: Core revision 20170831
[    0.000000] ACPI: 4 ACPI AML tables successfully acquired and loaded
[    0.000000] clocksource: hpet: mask: 0xffffffff max_cycles: 0xffffffff, max_idle_ns: 133484882848 ns
[    0.000000] hpet clockevent registered
[    0.000000] APIC: Switch to symmetric I/O mode setup
[    0.000000] Switched APIC routing to physical flat.
[    0.000000] ..TIMER: vector=0x30 apic1=0 pin1=2 apic2=-1 pin2=-1
[    0.005000] tsc: Fast TSC calibration using PIT
[    0.006000] tsc: Detected 2100.076 MHz processor
[    0.006000] Calibrating delay loop (skipped), value calculated using timer frequency.. 4200.15 BogoMIPS (lpj=2100076)
[    0.007001] pid_max: default: 32768 minimum: 301
[    0.007187] Security Framework initialized
[    0.020199] Dentry cache hash table entries: 8388608 (order: 14, 67108864 bytes)
[    0.026833] Inode-cache hash table entries: 4194304 (order: 13, 33554432 bytes)
[    0.027229] Mount-cache hash table entries: 131072 (order: 8, 1048576 bytes)
[    0.027565] Mountpoint-cache hash table entries: 131072 (order: 8, 1048576 bytes)
[    0.028070] CPU: Physical Processor ID: 0
[    0.028198] CPU: Processor Core ID: 0
[    0.028333] mce: CPU supports 22 MCE banks
[    0.028476] CPU0: Thermal monitoring enabled (TM1)
[    0.028647] process: using mwait in idle threads
[    0.028778] Last level iTLB entries: 4KB 64, 2MB 8, 4MB 8
[    0.028908] Last level dTLB entries: 4KB 64, 2MB 0, 4MB 0, 1GB 4
[    0.029001] Spectre V2 : kernel not compiled with retpoline; no mitigation available!
[    0.029911] Freeing SMP alternatives memory: 48K
[    0.032000] smpboot: CPU0: Intel(R) Xeon(R) CPU E5-2620 v4 @ 2.10GHz (family: 0x6, model: 0x4f, stepping: 0x1)
[    0.032000] Performance Events: PEBS fmt2+, Broadwell events, 16-deep LBR, full-width counters, Intel PMU driver.
[    0.032005] ... version:                3
[    0.032343] ... bit width:              48
[    0.033001] ... generic registers:      4
[    0.033338] ... value mask:             0000ffffffffffff
[    0.033679] ... max period:             00007fffffffffff
[    0.034000] ... fixed-purpose events:   3
[    0.034338] ... event mask:             000000070000000f
[    0.034737] Hierarchical SRCU implementation.
[    0.035460] smp: Bringing up secondary CPUs ...
[    0.036032] x86: Booting SMP configuration:
[    0.036370] .... node  #0, CPUs:        #1  #2  #3  #4  #5  #6  #7
[    0.044003] .... node  #1, CPUs:    #8  #9 #10 #11 #12 #13 #14 #15
[    0.114001] .... node  #0, CPUs:   #16 #17 #18 #19 #20 #21 #22 #23
[    0.123464] .... node  #1, CPUs:   #24 #25 #26 #27 #28 #29 #30 #31
[    0.132699] smp: Brought up 2 nodes, 32 CPUs
[    0.133340] smpboot: Max logical packages: 2
[    0.133679] smpboot: Total of 32 processors activated (134393.21 BogoMIPS)
[    0.137140] devtmpfs: initialized
[    0.137510] kworker/u65:0 (172) used greatest stack depth: 14304 bytes left
[    0.137510] clocksource: jiffies: mask: 0xffffffff max_cycles: 0xffffffff, max_idle_ns: 1911260446275000 ns
[    0.138003] futex hash table entries: 8192 (order: 7, 524288 bytes)
[    0.138219] xor: automatically using best checksumming function   avx       
[    0.139651] NET: Registered protocol family 16
[    0.140072] audit: initializing netlink subsys (disabled)
[    0.140419] audit: type=2000 audit(1519197701.140:1): state=initialized audit_enabled=0 res=1
[    0.141069] cpuidle: using governor menu
[    0.141168] ACPI FADT declares the system doesn't support PCIe ASPM, so disable it
[    0.141784] ACPI: bus type PCI registered
[    0.142070] PCI: MMCONFIG for domain 0000 [bus 00-ff] at [mem 0x80000000-0x8fffffff] (base 0x80000000)
[    0.142691] PCI: MMCONFIG at [mem 0x80000000-0x8fffffff] reserved in E820
[    0.143014] PCI: Using configuration type 1 for base access
[    0.148327] HugeTLB registered 2.00 MiB page size, pre-allocated 0 pages
[    0.166007] raid6: sse2x1   gen()  7546 MB/s
[    0.183007] raid6: sse2x1   xor()  5203 MB/s
[    0.200008] raid6: sse2x2   gen()  8832 MB/s
[    0.217004] raid6: sse2x2   xor()  5697 MB/s
[    0.234001] raid6: sse2x4   gen() 10609 MB/s
[    0.251001] raid6: sse2x4   xor()  6640 MB/s
[    0.268001] raid6: avx2x1   gen() 14859 MB/s
[    0.285001] raid6: avx2x1   xor()  9902 MB/s
[    0.302003] raid6: avx2x2   gen() 17074 MB/s
[    0.319002] raid6: avx2x2   xor() 10400 MB/s
[    0.336002] raid6: avx2x4   gen() 20062 MB/s
[    0.353002] raid6: avx2x4   xor() 12453 MB/s
[    0.353340] raid6: using algorithm avx2x4 gen() 20062 MB/s
[    0.353681] raid6: .... xor() 12453 MB/s, rmw enabled
[    0.354001] raid6: using avx2x2 recovery algorithm
[    0.354445] ACPI: Added _OSI(Module Device)
[    0.354783] ACPI: Added _OSI(Processor Device)
[    0.355013] ACPI: Added _OSI(3.0 _SCP Extensions)
[    0.355352] ACPI: Added _OSI(Processor Aggregator Device)
[    0.367219] ACPI: [Firmware Bug]: BIOS _OSI(Linux) query ignored
[    0.376108] ACPI: Dynamic OEM Table Load:
[    0.398538] ACPI: Interpreter enabled
[    0.398881] ACPI: (supports S0 S5)
[    0.399001] ACPI: Using IOAPIC for interrupt routing
[    0.399366] PCI: Using host bridge windows from ACPI; if necessary, use "pci=nocrs" and report a bug
[    0.400493] ACPI: GPE 0x24 active on init
[    0.400836] ACPI: Enabled 5 GPEs in block 00 to 3F
[    0.438488] ACPI: PCI Root Bridge [UNC1] (domain 0000 [bus ff])
[    0.438835] acpi PNP0A03:02: _OSC: OS supports [ExtendedConfig ASPM ClockPM Segments MSI]
[    0.441449] acpi PNP0A03:02: _OSC: platform does not support [AER]
[    0.442514] acpi PNP0A03:02: _OSC: OS now controls [PCIeHotplug PME PCIeCapability]
[    0.443001] acpi PNP0A03:02: FADT indicates ASPM is unsupported, using BIOS configuration
[    0.443650] PCI host bridge to bus 0000:ff
[    0.444003] pci_bus 0000:ff: root bus resource [bus ff]
[    0.444353] pci 0000:ff:08.0: [8086:6f80] type 00 class 0x088000
[    0.444412] pci 0000:ff:08.2: [8086:6f32] type 00 class 0x110100
[    0.444461] pci 0000:ff:08.3: [8086:6f83] type 00 class 0x088000
[    0.444518] pci 0000:ff:09.0: [8086:6f90] type 00 class 0x088000
[    0.444563] pci 0000:ff:09.2: [8086:6f33] type 00 class 0x110100
[    0.444611] pci 0000:ff:09.3: [8086:6f93] type 00 class 0x088000
[    0.445013] pci 0000:ff:0b.0: [8086:6f81] type 00 class 0x088000
[    0.445013] pci 0000:ff:0b.1: [8086:6f36] type 00 class 0x110100
[    0.445013] pci 0000:ff:0b.2: [8086:6f37] type 00 class 0x110100
[    0.445013] pci 0000:ff:0b.3: [8086:6f76] type 00 class 0x088000
[    0.445013] pci 0000:ff:0c.0: [8086:6fe0] type 00 class 0x088000
[    0.445013] pci 0000:ff:0c.1: [8086:6fe1] type 00 class 0x088000
[    0.445034] pci 0000:ff:0c.2: [8086:6fe2] type 00 class 0x088000
[    0.445074] pci 0000:ff:0c.3: [8086:6fe3] type 00 class 0x088000
[    0.445115] pci 0000:ff:0c.4: [8086:6fe4] type 00 class 0x088000
[    0.445155] pci 0000:ff:0c.5: [8086:6fe5] type 00 class 0x088000
[    0.445197] pci 0000:ff:0c.6: [8086:6fe6] type 00 class 0x088000
[    0.445237] pci 0000:ff:0c.7: [8086:6fe7] type 00 class 0x088000
[    0.445279] pci 0000:ff:0f.0: [8086:6ff8] type 00 class 0x088000
[    0.445320] pci 0000:ff:0f.1: [8086:6ff9] type 00 class 0x088000
[    0.445363] pci 0000:ff:0f.4: [8086:6ffc] type 00 class 0x088000
[    0.445405] pci 0000:ff:0f.5: [8086:6ffd] type 00 class 0x088000
[    0.445446] pci 0000:ff:0f.6: [8086:6ffe] type 00 class 0x088000
[    0.445496] pci 0000:ff:10.0: [8086:6f1d] type 00 class 0x088000
[    0.445537] pci 0000:ff:10.1: [8086:6f34] type 00 class 0x110100
[    0.445580] pci 0000:ff:10.5: [8086:6f1e] type 00 class 0x088000
[    0.445620] pci 0000:ff:10.6: [8086:6f7d] type 00 class 0x110100
[    0.445660] pci 0000:ff:10.7: [8086:6f1f] type 00 class 0x088000
[    0.445703] pci 0000:ff:12.0: [8086:6fa0] type 00 class 0x088000
[    0.446012] pci 0000:ff:12.1: [8086:6f30] type 00 class 0x110100
[    0.446012] pci 0000:ff:13.0: [8086:6fa8] type 00 class 0x088000
[    0.446014] pci 0000:ff:13.1: [8086:6f71] type 00 class 0x088000
[    0.446014] pci 0000:ff:13.2: [8086:6faa] type 00 class 0x088000
[    0.446019] pci 0000:ff:13.3: [8086:6fab] type 00 class 0x088000
[    0.446019] pci 0000:ff:13.4: [8086:6fac] type 00 class 0x088000
[    0.446070] pci 0000:ff:13.5: [8086:6fad] type 00 class 0x088000
[    0.446122] pci 0000:ff:13.6: [8086:6fae] type 00 class 0x088000
[    0.446168] pci 0000:ff:13.7: [8086:6faf] type 00 class 0x088000
[    0.446214] pci 0000:ff:14.0: [8086:6fb0] type 00 class 0x088000
[    0.446268] pci 0000:ff:14.1: [8086:6fb1] type 00 class 0x088000
[    0.446321] pci 0000:ff:14.2: [8086:6fb2] type 00 class 0x088000
[    0.446375] pci 0000:ff:14.3: [8086:6fb3] type 00 class 0x088000
[    0.446427] pci 0000:ff:14.4: [8086:6fbc] type 00 class 0x088000
[    0.446470] pci 0000:ff:14.5: [8086:6fbd] type 00 class 0x088000
[    0.446513] pci 0000:ff:14.6: [8086:6fbe] type 00 class 0x088000
[    0.446556] pci 0000:ff:14.7: [8086:6fbf] type 00 class 0x088000
[    0.446601] pci 0000:ff:15.0: [8086:6fb4] type 00 class 0x088000
[    0.446655] pci 0000:ff:15.1: [8086:6fb5] type 00 class 0x088000
[    0.446709] pci 0000:ff:15.2: [8086:6fb6] type 00 class 0x088000
[    0.447011] pci 0000:ff:15.3: [8086:6fb7] type 00 class 0x088000
[    0.447011] pci 0000:ff:16.0: [8086:6f68] type 00 class 0x088000
[    0.447011] pci 0000:ff:16.6: [8086:6f6e] type 00 class 0x088000
[    0.447011] pci 0000:ff:16.7: [8086:6f6f] type 00 class 0x088000
[    0.447011] pci 0000:ff:17.0: [8086:6fd0] type 00 class 0x088000
[    0.447013] pci 0000:ff:17.4: [8086:6fb8] type 00 class 0x088000
[    0.447055] pci 0000:ff:17.5: [8086:6fb9] type 00 class 0x088000
[    0.447098] pci 0000:ff:17.6: [8086:6fba] type 00 class 0x088000
[    0.447142] pci 0000:ff:17.7: [8086:6fbb] type 00 class 0x088000
[    0.447191] pci 0000:ff:1e.0: [8086:6f98] type 00 class 0x088000
[    0.447233] pci 0000:ff:1e.1: [8086:6f99] type 00 class 0x088000
[    0.447276] pci 0000:ff:1e.2: [8086:6f9a] type 00 class 0x088000
[    0.447319] pci 0000:ff:1e.3: [8086:6fc0] type 00 class 0x088000
[    0.447350] pci 0000:ff:1e.4: [8086:6f9c] type 00 class 0x088000
[    0.447397] pci 0000:ff:1f.0: [8086:6f88] type 00 class 0x088000
[    0.447440] pci 0000:ff:1f.2: [8086:6f8a] type 00 class 0x088000
[    0.447536] ACPI: PCI Root Bridge [UNC0] (domain 0000 [bus 7f])
[    0.447880] acpi PNP0A03:03: _OSC: OS supports [ExtendedConfig ASPM ClockPM Segments MSI]
[    0.448436] acpi PNP0A03:03: _OSC: platform does not support [AER]
[    0.449722] acpi PNP0A03:03: _OSC: OS now controls [PCIeHotplug PME PCIeCapability]
[    0.450001] acpi PNP0A03:03: FADT indicates ASPM is unsupported, using BIOS configuration
[    0.451031] PCI host bridge to bus 0000:7f
[    0.451371] pci_bus 0000:7f: root bus resource [bus 7f]
[    0.451718] pci 0000:7f:08.0: [8086:6f80] type 00 class 0x088000
[    0.451761] pci 0000:7f:08.2: [8086:6f32] type 00 class 0x110100
[    0.452036] pci 0000:7f:08.3: [8086:6f83] type 00 class 0x088000
[    0.452089] pci 0000:7f:09.0: [8086:6f90] type 00 class 0x088000
[    0.452131] pci 0000:7f:09.2: [8086:6f33] type 00 class 0x110100
[    0.452174] pci 0000:7f:09.3: [8086:6f93] type 00 class 0x088000
[    0.452226] pci 0000:7f:0b.0: [8086:6f81] type 00 class 0x088000
[    0.452265] pci 0000:7f:0b.1: [8086:6f36] type 00 class 0x110100
[    0.452303] pci 0000:7f:0b.2: [8086:6f37] type 00 class 0x110100
[    0.452342] pci 0000:7f:0b.3: [8086:6f76] type 00 class 0x088000
[    0.452383] pci 0000:7f:0c.0: [8086:6fe0] type 00 class 0x088000
[    0.452421] pci 0000:7f:0c.1: [8086:6fe1] type 00 class 0x088000
[    0.452462] pci 0000:7f:0c.2: [8086:6fe2] type 00 class 0x088000
[    0.452509] pci 0000:7f:0c.3: [8086:6fe3] type 00 class 0x088000
[    0.452547] pci 0000:7f:0c.4: [8086:6fe4] type 00 class 0x088000
[    0.452586] pci 0000:7f:0c.5: [8086:6fe5] type 00 class 0x088000
[    0.452624] pci 0000:7f:0c.6: [8086:6fe6] type 00 class 0x088000
[    0.452663] pci 0000:7f:0c.7: [8086:6fe7] type 00 class 0x088000
[    0.452702] pci 0000:7f:0f.0: [8086:6ff8] type 00 class 0x088000
[    0.453012] pci 0000:7f:0f.1: [8086:6ff9] type 00 class 0x088000
[    0.453012] pci 0000:7f:0f.4: [8086:6ffc] type 00 class 0x088000
[    0.453012] pci 0000:7f:0f.5: [8086:6ffd] type 00 class 0x088000
[    0.453013] pci 0000:7f:0f.6: [8086:6ffe] type 00 class 0x088000
[    0.453018] pci 0000:7f:10.0: [8086:6f1d] type 00 class 0x088000
[    0.453018] pci 0000:7f:10.1: [8086:6f34] type 00 class 0x110100
[    0.453018] pci 0000:7f:10.5: [8086:6f1e] type 00 class 0x088000
[    0.453020] pci 0000:7f:10.6: [8086:6f7d] type 00 class 0x110100
[    0.453058] pci 0000:7f:10.7: [8086:6f1f] type 00 class 0x088000
[    0.453097] pci 0000:7f:12.0: [8086:6fa0] type 00 class 0x088000
[    0.453126] pci 0000:7f:12.1: [8086:6f30] type 00 class 0x110100
[    0.453172] pci 0000:7f:13.0: [8086:6fa8] type 00 class 0x088000
[    0.453239] pci 0000:7f:13.1: [8086:6f71] type 00 class 0x088000
[    0.453289] pci 0000:7f:13.2: [8086:6faa] type 00 class 0x088000
[    0.453340] pci 0000:7f:13.3: [8086:6fab] type 00 class 0x088000
[    0.453390] pci 0000:7f:13.4: [8086:6fac] type 00 class 0x088000
[    0.453441] pci 0000:7f:13.5: [8086:6fad] type 00 class 0x088000
[    0.453490] pci 0000:7f:13.6: [8086:6fae] type 00 class 0x088000
[    0.453532] pci 0000:7f:13.7: [8086:6faf] type 00 class 0x088000
[    0.453574] pci 0000:7f:14.0: [8086:6fb0] type 00 class 0x088000
[    0.453624] pci 0000:7f:14.1: [8086:6fb1] type 00 class 0x088000
[    0.453675] pci 0000:7f:14.2: [8086:6fb2] type 00 class 0x088000
[    0.453726] pci 0000:7f:14.3: [8086:6fb3] type 00 class 0x088000
[    0.454011] pci 0000:7f:14.4: [8086:6fbc] type 00 class 0x088000
[    0.454011] pci 0000:7f:14.5: [8086:6fbd] type 00 class 0x088000
[    0.454011] pci 0000:7f:14.6: [8086:6fbe] type 00 class 0x088000
[    0.454011] pci 0000:7f:14.7: [8086:6fbf] type 00 class 0x088000
[    0.454012] pci 0000:7f:15.0: [8086:6fb4] type 00 class 0x088000
[    0.454012] pci 0000:7f:15.1: [8086:6fb5] type 00 class 0x088000
[    0.454041] pci 0000:7f:15.2: [8086:6fb6] type 00 class 0x088000
[    0.454093] pci 0000:7f:15.3: [8086:6fb7] type 00 class 0x088000
[    0.454147] pci 0000:7f:16.0: [8086:6f68] type 00 class 0x088000
[    0.454198] pci 0000:7f:16.6: [8086:6f6e] type 00 class 0x088000
[    0.454239] pci 0000:7f:16.7: [8086:6f6f] type 00 class 0x088000
[    0.454281] pci 0000:7f:17.0: [8086:6fd0] type 00 class 0x088000
[    0.454328] pci 0000:7f:17.4: [8086:6fb8] type 00 class 0x088000
[    0.454369] pci 0000:7f:17.5: [8086:6fb9] type 00 class 0x088000
[    0.454409] pci 0000:7f:17.6: [8086:6fba] type 00 class 0x088000
[    0.454450] pci 0000:7f:17.7: [8086:6fbb] type 00 class 0x088000
[    0.454497] pci 0000:7f:1e.0: [8086:6f98] type 00 class 0x088000
[    0.454536] pci 0000:7f:1e.1: [8086:6f99] type 00 class 0x088000
[    0.454576] pci 0000:7f:1e.2: [8086:6f9a] type 00 class 0x088000
[    0.454615] pci 0000:7f:1e.3: [8086:6fc0] type 00 class 0x088000
[    0.454645] pci 0000:7f:1e.4: [8086:6f9c] type 00 class 0x088000
[    0.454688] pci 0000:7f:1f.0: [8086:6f88] type 00 class 0x088000
[    0.454730] pci 0000:7f:1f.2: [8086:6f8a] type 00 class 0x088000
[    0.462938] ACPI: PCI Root Bridge [PCI0] (domain 0000 [bus 00-7e])
[    0.463003] acpi PNP0A08:00: _OSC: OS supports [ExtendedConfig ASPM ClockPM Segments MSI]
[    0.464237] acpi PNP0A08:00: _OSC: platform does not support [AER]
[    0.465075] acpi PNP0A08:00: _OSC: OS now controls [PCIeHotplug PME PCIeCapability]
[    0.465689] acpi PNP0A08:00: FADT indicates ASPM is unsupported, using BIOS configuration
[    0.466039] PCI host bridge to bus 0000:00
[    0.466378] pci_bus 0000:00: root bus resource [io  0x0000-0x0cf7 window]
[    0.467002] pci_bus 0000:00: root bus resource [io  0x1000-0x7fff window]
[    0.467346] pci_bus 0000:00: root bus resource [mem 0x000a0000-0x000bffff window]
[    0.467960] pci_bus 0000:00: root bus resource [mem 0xfedb0000-0xfedb000f window]
[    0.468001] pci_bus 0000:00: root bus resource [mem 0xfedc0000-0xfedc000f window]
[    0.469001] pci_bus 0000:00: root bus resource [mem 0x90000000-0xc7ffbfff window]
[    0.469614] pci_bus 0000:00: root bus resource [bus 00-7e]
[    0.470009] pci 0000:00:00.0: [8086:6f00] type 00 class 0x060000
[    0.470141] pci 0000:00:01.0: [8086:6f02] type 01 class 0x060400
[    0.470189] pci 0000:00:01.0: PME# supported from D0 D3hot D3cold
[    0.470281] pci 0000:00:03.0: [8086:6f08] type 01 class 0x060400
[    0.470327] pci 0000:00:03.0: PME# supported from D0 D3hot D3cold
[    0.470418] pci 0000:00:04.0: [8086:6f20] type 00 class 0x088000
[    0.470430] pci 0000:00:04.0: reg 0x10: [mem 0xc732c000-0xc732ffff 64bit]
[    0.470548] pci 0000:00:04.1: [8086:6f21] type 00 class 0x088000
[    0.470559] pci 0000:00:04.1: reg 0x10: [mem 0xc7328000-0xc732bfff 64bit]
[    0.471012] pci 0000:00:04.2: [8086:6f22] type 00 class 0x088000
[    0.471012] pci 0000:00:04.2: reg 0x10: [mem 0xc7324000-0xc7327fff 64bit]
[    0.471012] pci 0000:00:04.3: [8086:6f23] type 00 class 0x088000
[    0.471012] pci 0000:00:04.3: reg 0x10: [mem 0xc7320000-0xc7323fff 64bit]
[    0.471106] pci 0000:00:04.4: [8086:6f24] type 00 class 0x088000
[    0.471117] pci 0000:00:04.4: reg 0x10: [mem 0xc731c000-0xc731ffff 64bit]
[    0.471235] pci 0000:00:04.5: [8086:6f25] type 00 class 0x088000
[    0.471247] pci 0000:00:04.5: reg 0x10: [mem 0xc7318000-0xc731bfff 64bit]
[    0.471363] pci 0000:00:04.6: [8086:6f26] type 00 class 0x088000
[    0.471374] pci 0000:00:04.6: reg 0x10: [mem 0xc7314000-0xc7317fff 64bit]
[    0.471489] pci 0000:00:04.7: [8086:6f27] type 00 class 0x088000
[    0.471500] pci 0000:00:04.7: reg 0x10: [mem 0xc7310000-0xc7313fff 64bit]
[    0.471616] pci 0000:00:05.0: [8086:6f28] type 00 class 0x088000
[    0.471728] pci 0000:00:05.1: [8086:6f29] type 00 class 0x088000
[    0.472012] pci 0000:00:05.2: [8086:6f2a] type 00 class 0x088000
[    0.472012] pci 0000:00:05.4: [8086:6f2c] type 00 class 0x080020
[    0.472012] pci 0000:00:05.4: reg 0x10: [mem 0xc7339000-0xc7339fff]
[    0.472101] pci 0000:00:11.0: [8086:8d7c] type 00 class 0xff0000
[    0.472289] pci 0000:00:11.4: [8086:8d62] type 00 class 0x010601
[    0.472307] pci 0000:00:11.4: reg 0x10: [io  0x7110-0x7117]
[    0.472315] pci 0000:00:11.4: reg 0x14: [io  0x7100-0x7103]
[    0.472322] pci 0000:00:11.4: reg 0x18: [io  0x70f0-0x70f7]
[    0.472330] pci 0000:00:11.4: reg 0x1c: [io  0x70e0-0x70e3]
[    0.472337] pci 0000:00:11.4: reg 0x20: [io  0x7020-0x703f]
[    0.472345] pci 0000:00:11.4: reg 0x24: [mem 0xc7338000-0xc73387ff]
[    0.472384] pci 0000:00:11.4: PME# supported from D3hot
[    0.472477] pci 0000:00:14.0: [8086:8d31] type 00 class 0x0c0330
[    0.472497] pci 0000:00:14.0: reg 0x10: [mem 0xc7300000-0xc730ffff 64bit]
[    0.472553] pci 0000:00:14.0: PME# supported from D3hot D3cold
[    0.472639] pci 0000:00:16.0: [8086:8d3a] type 00 class 0x078000
[    0.472659] pci 0000:00:16.0: reg 0x10: [mem 0xc7337000-0xc733700f 64bit]
[    0.472716] pci 0000:00:16.0: PME# supported from D0 D3hot D3cold
[    0.472803] pci 0000:00:16.1: [8086:8d3b] type 00 class 0x078000
[    0.472823] pci 0000:00:16.1: reg 0x10: [mem 0xc7336000-0xc733600f 64bit]
[    0.472880] pci 0000:00:16.1: PME# supported from D0 D3hot D3cold
[    0.473012] pci 0000:00:1a.0: [8086:8d2d] type 00 class 0x0c0320
[    0.473012] pci 0000:00:1a.0: reg 0x10: [mem 0xc7334000-0xc73343ff]
[    0.473076] pci 0000:00:1a.0: PME# supported from D0 D3hot D3cold
[    0.473167] pci 0000:00:1c.0: [8086:8d10] type 01 class 0x060400
[    0.473233] pci 0000:00:1c.0: PME# supported from D0 D3hot D3cold
[    0.473328] pci 0000:00:1c.2: [8086:8d14] type 01 class 0x060400
[    0.473394] pci 0000:00:1c.2: PME# supported from D0 D3hot D3cold
[    0.473489] pci 0000:00:1c.3: [8086:8d16] type 01 class 0x060400
[    0.473555] pci 0000:00:1c.3: PME# supported from D0 D3hot D3cold
[    0.473651] pci 0000:00:1d.0: [8086:8d26] type 00 class 0x0c0320
[    0.473671] pci 0000:00:1d.0: reg 0x10: [mem 0xc7333000-0xc73333ff]
[    0.473750] pci 0000:00:1d.0: PME# supported from D0 D3hot D3cold
[    0.473842] pci 0000:00:1f.0: [8086:8d44] type 00 class 0x060100
[    0.474030] pci 0000:00:1f.2: [8086:8d02] type 00 class 0x010601
[    0.474046] pci 0000:00:1f.2: reg 0x10: [io  0x7070-0x7077]
[    0.474052] pci 0000:00:1f.2: reg 0x14: [io  0x7060-0x7063]
[    0.474058] pci 0000:00:1f.2: reg 0x18: [io  0x7050-0x7057]
[    0.474065] pci 0000:00:1f.2: reg 0x1c: [io  0x7040-0x7043]
[    0.474071] pci 0000:00:1f.2: reg 0x20: [io  0x7000-0x701f]
[    0.474077] pci 0000:00:1f.2: reg 0x24: [mem 0xc7332000-0xc73327ff]
[    0.474111] pci 0000:00:1f.2: PME# supported from D3hot
[    0.474197] pci 0000:00:1f.3: [8086:8d22] type 00 class 0x0c0500
[    0.474214] pci 0000:00:1f.3: reg 0x10: [mem 0xc7331000-0xc73310ff 64bit]
[    0.474232] pci 0000:00:1f.3: reg 0x20: [io  0x0580-0x059f]
[    0.474358] pci 0000:00:01.0: PCI bridge to [bus 01]
[    0.474725] pci 0000:00:03.0: PCI bridge to [bus 02]
[    0.475053] pci 0000:03:00.0: [1a03:1150] type 01 class 0x060400
[    0.475120] pci 0000:03:00.0: enabling Extended Tags
[    0.475532] pci 0000:03:00.0: supports D1 D2
[    0.475533] pci 0000:03:00.0: PME# supported from D0 D1 D2 D3hot D3cold
[    0.478017] pci 0000:00:1c.0: PCI bridge to [bus 03-04]
[    0.478362] pci 0000:00:1c.0:   bridge window [io  0x6000-0x6fff]
[    0.478366] pci 0000:00:1c.0:   bridge window [mem 0xc6000000-0xc70fffff]
[    0.478450] pci 0000:04:00.0: [1a03:2000] type 00 class 0x030000
[    0.478482] pci 0000:04:00.0: reg 0x10: [mem 0xc6000000-0xc6ffffff]
[    0.478495] pci 0000:04:00.0: reg 0x14: [mem 0xc7000000-0xc701ffff]
[    0.478508] pci 0000:04:00.0: reg 0x18: [io  0x6000-0x607f]
[    0.478611] pci 0000:04:00.0: supports D1 D2
[    0.478612] pci 0000:04:00.0: PME# supported from D0 D1 D2 D3hot D3cold
[    0.478711] pci 0000:03:00.0: PCI bridge to [bus 04]
[    0.479009] pci 0000:03:00.0:   bridge window [io  0x6000-0x6fff]
[    0.479013] pci 0000:03:00.0:   bridge window [mem 0xc6000000-0xc70fffff]
[    0.479082] pci 0000:05:00.0: [8086:1533] type 00 class 0x020000
[    0.479118] pci 0000:05:00.0: reg 0x10: [mem 0xc7200000-0xc727ffff]
[    0.479146] pci 0000:05:00.0: reg 0x18: [io  0x5000-0x501f]
[    0.479160] pci 0000:05:00.0: reg 0x1c: [mem 0xc7280000-0xc7283fff]
[    0.479294] pci 0000:05:00.0: PME# supported from D0 D3hot D3cold
[    0.482018] pci 0000:00:1c.2: PCI bridge to [bus 05]
[    0.482356] pci 0000:00:1c.2:   bridge window [io  0x5000-0x5fff]
[    0.482359] pci 0000:00:1c.2:   bridge window [mem 0xc7200000-0xc72fffff]
[    0.482417] pci 0000:06:00.0: [8086:1533] type 00 class 0x020000
[    0.482453] pci 0000:06:00.0: reg 0x10: [mem 0xc7100000-0xc717ffff]
[    0.482480] pci 0000:06:00.0: reg 0x18: [io  0x4000-0x401f]
[    0.482494] pci 0000:06:00.0: reg 0x1c: [mem 0xc7180000-0xc7183fff]
[    0.482628] pci 0000:06:00.0: PME# supported from D0 D3hot D3cold
[    0.486035] pci 0000:00:1c.3: PCI bridge to [bus 06]
[    0.486373] pci 0000:00:1c.3:   bridge window [io  0x4000-0x4fff]
[    0.486376] pci 0000:00:1c.3:   bridge window [mem 0xc7100000-0xc71fffff]
[    0.486401] pci_bus 0000:00: on NUMA node 0
[    0.487102] ACPI: PCI Root Bridge [PCI1] (domain 0000 [bus 80-fe])
[    0.487444] acpi PNP0A08:01: _OSC: OS supports [ExtendedConfig ASPM ClockPM Segments MSI]
[    0.488330] acpi PNP0A08:01: _OSC: platform does not support [AER]
[    0.489205] acpi PNP0A08:01: _OSC: OS now controls [PCIeHotplug PME PCIeCapability]
[    0.489811] acpi PNP0A08:01: FADT indicates ASPM is unsupported, using BIOS configuration
[    0.490051] PCI host bridge to bus 0000:80
[    0.490387] pci_bus 0000:80: root bus resource [io  0x8000-0xffff window]
[    0.491002] pci_bus 0000:80: root bus resource [mem 0xc8000000-0xfbffbfff window]
[    0.491608] pci_bus 0000:80: root bus resource [bus 80-fe]
[    0.492010] pci 0000:80:03.0: [8086:6f08] type 01 class 0x060400
[    0.492063] pci 0000:80:03.0: PME# supported from D0 D3hot D3cold
[    0.492133] pci 0000:80:03.3: [8086:6f0b] type 01 class 0x060400
[    0.492184] pci 0000:80:03.3: PME# supported from D0 D3hot D3cold
[    0.492248] pci 0000:80:04.0: [8086:6f20] type 00 class 0x088000
[    0.492261] pci 0000:80:04.0: reg 0x10: [mem 0xfbf1c000-0xfbf1ffff 64bit]
[    0.492354] pci 0000:80:04.1: [8086:6f21] type 00 class 0x088000
[    0.492366] pci 0000:80:04.1: reg 0x10: [mem 0xfbf18000-0xfbf1bfff 64bit]
[    0.492458] pci 0000:80:04.2: [8086:6f22] type 00 class 0x088000
[    0.492470] pci 0000:80:04.2: reg 0x10: [mem 0xfbf14000-0xfbf17fff 64bit]
[    0.492561] pci 0000:80:04.3: [8086:6f23] type 00 class 0x088000
[    0.492573] pci 0000:80:04.3: reg 0x10: [mem 0xfbf10000-0xfbf13fff 64bit]
[    0.492662] pci 0000:80:04.4: [8086:6f24] type 00 class 0x088000
[    0.492674] pci 0000:80:04.4: reg 0x10: [mem 0xfbf0c000-0xfbf0ffff 64bit]
[    0.493011] pci 0000:80:04.5: [8086:6f25] type 00 class 0x088000
[    0.493011] pci 0000:80:04.5: reg 0x10: [mem 0xfbf08000-0xfbf0bfff 64bit]
[    0.493011] pci 0000:80:04.6: [8086:6f26] type 00 class 0x088000
[    0.493011] pci 0000:80:04.6: reg 0x10: [mem 0xfbf04000-0xfbf07fff 64bit]
[    0.493058] pci 0000:80:04.7: [8086:6f27] type 00 class 0x088000
[    0.493070] pci 0000:80:04.7: reg 0x10: [mem 0xfbf00000-0xfbf03fff 64bit]
[    0.493158] pci 0000:80:05.0: [8086:6f28] type 00 class 0x088000
[    0.493244] pci 0000:80:05.1: [8086:6f29] type 00 class 0x088000
[    0.493343] pci 0000:80:05.2: [8086:6f2a] type 00 class 0x088000
[    0.493429] pci 0000:80:05.4: [8086:6f2c] type 00 class 0x080020
[    0.493438] pci 0000:80:05.4: reg 0x10: [mem 0xfbf20000-0xfbf20fff]
[    0.493559] pci 0000:80:03.0: PCI bridge to [bus 81]
[    0.493933] pci 0000:82:00.0: [8086:0953] type 00 class 0x010802
[    0.493948] pci 0000:82:00.0: reg 0x10: [mem 0xfbe10000-0xfbe13fff 64bit]
[    0.493969] pci 0000:82:00.0: reg 0x30: [mem 0xfbe00000-0xfbe0ffff pref]
[    0.493974] pci 0000:82:00.0: enabling Extended Tags
[    0.494084] pci 0000:80:03.3: PCI bridge to [bus 82]
[    0.494422] pci 0000:80:03.3:   bridge window [mem 0xfbe00000-0xfbefffff]
[    0.494434] pci_bus 0000:80: on NUMA node 1
[    0.495045] ACPI: PCI Interrupt Link [LNKA] (IRQs 3 4 5 6 7 10 *11 12 14 15)
[    0.495431] ACPI: PCI Interrupt Link [LNKB] (IRQs 3 4 5 6 7 *10 11 12 14 15)
[    0.495813] ACPI: PCI Interrupt Link [LNKC] (IRQs 3 4 *5 6 10 11 12 14 15)
[    0.496052] ACPI: PCI Interrupt Link [LNKD] (IRQs 3 4 5 6 10 *11 12 14 15)
[    0.496433] ACPI: PCI Interrupt Link [LNKE] (IRQs 3 4 5 6 7 10 11 12 14 15) *0, disabled.
[    0.497040] ACPI: PCI Interrupt Link [LNKF] (IRQs 3 4 5 6 7 10 11 12 14 15) *0, disabled.
[    0.497689] ACPI: PCI Interrupt Link [LNKG] (IRQs 3 4 5 6 7 10 11 12 14 15) *0, disabled.
[    0.498040] ACPI: PCI Interrupt Link [LNKH] (IRQs 3 4 5 6 7 10 11 12 14 15) *0, disabled.
[    0.507183] pci 0000:04:00.0: vgaarb: setting as boot VGA device
[    0.507367] pci 0000:04:00.0: vgaarb: VGA device added: decodes=io+mem,owns=io+mem,locks=none
[    0.508004] pci 0000:04:00.0: vgaarb: bridge control possible
[    0.508341] vgaarb: loaded
[    0.509010] SCSI subsystem initialized
[    0.509042] libata version 3.00 loaded.
[    0.509042] ACPI: bus type USB registered
[    0.509381] usbcore: registered new interface driver usbfs
[    0.509726] usbcore: registered new interface driver hub
[    0.510080] usbcore: registered new device driver usb
[    0.510439] pps_core: LinuxPPS API ver. 1 registered
[    0.511001] pps_core: Software ver. 5.3.6 - Copyright 2005-2007 Rodolfo Giometti <giometti@linux.it>
[    0.511614] PTP clock support registered
[    0.512044] EDAC MC: Ver: 3.0.0
[    0.512586] PCI: Using ACPI for IRQ routing
[    0.517350] PCI: pci_cache_line_size set to 64 bytes
[    0.517519] e820: reserve RAM buffer [mem 0x00099c00-0x0009ffff]
[    0.517522] e820: reserve RAM buffer [mem 0x78f36000-0x7bffffff]
[    0.517620] NetLabel: Initializing
[    0.517952] NetLabel:  domain hash size = 128
[    0.518001] NetLabel:  protocols = UNLABELED CIPSOv4 CALIPSO
[    0.518353] NetLabel:  unlabeled traffic allowed by default
[    0.519048] hpet0: at MMIO 0xfed00000, IRQs 2, 8, 0, 0, 0, 0, 0, 0
[    0.519391] hpet0: 8 comparators, 64-bit 14.318180 MHz counter
[    0.522072] clocksource: Switched to clocksource hpet
[    0.536052] VFS: Disk quotas dquot_6.6.0
[    0.536416] VFS: Dquot-cache hash table entries: 512 (order 0, 4096 bytes)
[    0.536821] pnp: PnP ACPI init
[    0.537441] pnp 00:00: Plug and Play ACPI device, IDs PNP0b00 (active)
[    0.537544] system 00:01: [io  0x0500-0x057f] has been reserved
[    0.537884] system 00:01: [io  0x0400-0x047f] has been reserved
[    0.538230] system 00:01: [io  0x0580-0x059f] has been reserved
[    0.538568] system 00:01: [io  0x0600-0x061f] has been reserved
[    0.538906] system 00:01: [io  0x0880-0x0883] has been reserved
[    0.539250] system 00:01: [io  0x0800-0x081f] has been reserved
[    0.539588] system 00:01: [mem 0xfed1c000-0xfed3ffff] has been reserved
[    0.539927] system 00:01: [mem 0xfed45000-0xfed8bfff] has been reserved
[    0.540272] system 00:01: [mem 0xff000000-0xffffffff] has been reserved
[    0.540611] system 00:01: [mem 0xfee00000-0xfeefffff] has been reserved
[    0.540950] system 00:01: [mem 0xfed12000-0xfed1200f] has been reserved
[    0.541296] system 00:01: [mem 0xfed12010-0xfed1201f] has been reserved
[    0.541634] system 00:01: [mem 0xfed1b000-0xfed1bfff] has been reserved
[    0.541976] system 00:01: Plug and Play ACPI device, IDs PNP0c02 (active)
[    0.542189] system 00:02: [io  0x0a00-0x0a0f] has been reserved
[    0.542527] system 00:02: [io  0x0a10-0x0a1f] has been reserved
[    0.542865] system 00:02: [io  0x0a20-0x0a2f] has been reserved
[    0.543210] system 00:02: [io  0x0a30-0x0a3f] has been reserved
[    0.543547] system 00:02: [io  0x0a40-0x0a4f] has been reserved
[    0.543888] system 00:02: Plug and Play ACPI device, IDs PNP0c02 (active)
[    0.544063] pnp 00:03: [dma 0 disabled]
[    0.544101] pnp 00:03: Plug and Play ACPI device, IDs PNP0501 (active)
[    0.544257] pnp 00:04: [dma 0 disabled]
[    0.544289] pnp 00:04: Plug and Play ACPI device, IDs PNP0501 (active)
[    0.544820] pnp: PnP ACPI: found 5 devices
[    0.551312] clocksource: acpi_pm: mask: 0xffffff max_cycles: 0xffffff, max_idle_ns: 2085701024 ns
[    0.551978] pci 0000:00:01.0: PCI bridge to [bus 01]
[    0.552324] pci 0000:00:03.0: PCI bridge to [bus 02]
[    0.552665] pci 0000:03:00.0: PCI bridge to [bus 04]
[    0.553005] pci 0000:03:00.0:   bridge window [io  0x6000-0x6fff]
[    0.553348] pci 0000:03:00.0:   bridge window [mem 0xc6000000-0xc70fffff]
[    0.553697] pci 0000:00:1c.0: PCI bridge to [bus 03-04]
[    0.554040] pci 0000:00:1c.0:   bridge window [io  0x6000-0x6fff]
[    0.554380] pci 0000:00:1c.0:   bridge window [mem 0xc6000000-0xc70fffff]
[    0.554724] pci 0000:00:1c.2: PCI bridge to [bus 05]
[    0.555067] pci 0000:00:1c.2:   bridge window [io  0x5000-0x5fff]
[    0.555406] pci 0000:00:1c.2:   bridge window [mem 0xc7200000-0xc72fffff]
[    0.555750] pci 0000:00:1c.3: PCI bridge to [bus 06]
[    0.556092] pci 0000:00:1c.3:   bridge window [io  0x4000-0x4fff]
[    0.556432] pci 0000:00:1c.3:   bridge window [mem 0xc7100000-0xc71fffff]
[    0.556777] pci_bus 0000:00: resource 4 [io  0x0000-0x0cf7 window]
[    0.556779] pci_bus 0000:00: resource 5 [io  0x1000-0x7fff window]
[    0.556780] pci_bus 0000:00: resource 6 [mem 0x000a0000-0x000bffff window]
[    0.556781] pci_bus 0000:00: resource 7 [mem 0xfedb0000-0xfedb000f window]
[    0.556782] pci_bus 0000:00: resource 8 [mem 0xfedc0000-0xfedc000f window]
[    0.556783] pci_bus 0000:00: resource 9 [mem 0x90000000-0xc7ffbfff window]
[    0.556785] pci_bus 0000:03: resource 0 [io  0x6000-0x6fff]
[    0.556786] pci_bus 0000:03: resource 1 [mem 0xc6000000-0xc70fffff]
[    0.556787] pci_bus 0000:04: resource 0 [io  0x6000-0x6fff]
[    0.556788] pci_bus 0000:04: resource 1 [mem 0xc6000000-0xc70fffff]
[    0.556789] pci_bus 0000:05: resource 0 [io  0x5000-0x5fff]
[    0.556790] pci_bus 0000:05: resource 1 [mem 0xc7200000-0xc72fffff]
[    0.556791] pci_bus 0000:06: resource 0 [io  0x4000-0x4fff]
[    0.556791] pci_bus 0000:06: resource 1 [mem 0xc7100000-0xc71fffff]
[    0.556909] pci 0000:80:03.0: PCI bridge to [bus 81]
[    0.557256] pci 0000:80:03.3: PCI bridge to [bus 82]
[    0.557592] pci 0000:80:03.3:   bridge window [mem 0xfbe00000-0xfbefffff]
[    0.557935] pci_bus 0000:80: resource 4 [io  0x8000-0xffff window]
[    0.557936] pci_bus 0000:80: resource 5 [mem 0xc8000000-0xfbffbfff window]
[    0.557938] pci_bus 0000:82: resource 1 [mem 0xfbe00000-0xfbefffff]
[    0.558060] NET: Registered protocol family 2
[    0.558678] TCP established hash table entries: 524288 (order: 10, 4194304 bytes)
[    0.559962] TCP bind hash table entries: 65536 (order: 8, 1048576 bytes)
[    0.560457] TCP: Hash tables configured (established 524288 bind 65536)
[    0.560889] UDP hash table entries: 32768 (order: 8, 1048576 bytes)
[    0.561419] UDP-Lite hash table entries: 32768 (order: 8, 1048576 bytes)
[    0.562049] NET: Registered protocol family 1
[    0.562548] RPC: Registered named UNIX socket transport module.
[    0.562885] RPC: Registered udp transport module.
[    0.563228] RPC: Registered tcp transport module.
[    0.563563] RPC: Registered tcp NFSv4.1 backchannel transport module.
[    0.564206] pci 0000:00:14.0: CONFIG_USB_XHCI_HCD is turned off, defaulting to EHCI.
[    0.564813] pci 0000:00:14.0: USB 3.0 devices will work at USB 2.0 speeds.
[    0.598135] pci 0000:04:00.0: Video device with shadowed ROM at [mem 0x000c0000-0x000dffff]
[    0.598792] PCI: CLS mismatch (64 != 32), using 64 bytes
[    0.598834] DMAR: Host address width 46
[    0.599176] DMAR: DRHD base: 0x000000fbffc000 flags: 0x0
[    0.599519] DMAR: dmar0: reg_base_addr fbffc000 ver 1:0 cap 8d2078c106f0466 ecap f020de
[    0.600131] DMAR: DRHD base: 0x000000c7ffc000 flags: 0x1
[    0.600472] DMAR: dmar1: reg_base_addr c7ffc000 ver 1:0 cap 8d2078c106f0466 ecap f020de
[    0.601083] DMAR: RMRR base: 0x0000007ba70000 end: 0x0000007ba7ffff
[    0.601422] DMAR: ATSR flags: 0x0
[    0.601753] DMAR: RHSA base: 0x000000c7ffc000 proximity domain: 0x0
[    0.602096] DMAR: RHSA base: 0x000000fbffc000 proximity domain: 0x1
[    0.602475] PCI-DMA: Using software bounce buffering for IO (SWIOTLB)
[    0.602815] software IO TLB [mem 0x74f36000-0x78f36000] (64MB) mapped at [0000000070ab0e47-00000000ddf083a4]
[    0.603836] RAPL PMU: API unit is 2^-32 Joules, 3 fixed counters, 655360 ms ovfl timer
[    0.604450] RAPL PMU: hw unit of domain pp0-core 2^-14 Joules
[    0.604787] RAPL PMU: hw unit of domain package 2^-14 Joules
[    0.605129] RAPL PMU: hw unit of domain dram 2^-16 Joules
[    0.611300] Scanning for low memory corruption every 60 seconds
[    0.617753] Initialise system trusted keyrings
[    0.618178] workingset: timestamp_bits=40 max_order=24 bucket_order=0
[    0.620635] NFS: Registering the id_resolver key type
[    0.620976] Key type id_resolver registered
[    0.621317] Key type id_legacy registered
[    0.621681] SGI XFS with ACLs, security attributes, realtime, no debug enabled
[    0.626216] NET: Registered protocol family 38
[    0.626592] async_tx: api initialized (async)
[    0.626927] Key type asymmetric registered
[    0.627269] Asymmetric key parser 'x509' registered
[    0.627615] Block layer SCSI generic (bsg) driver version 0.4 loaded (major 249)
[    0.628231] io scheduler noop registered
[    0.628565] io scheduler deadline registered
[    0.628945] io scheduler cfq registered (default)
[    0.629290] io scheduler mq-deadline registered
[    0.629625] io scheduler kyber registered
[    0.629982] io scheduler bfq registered
[    0.631966] pcieport 0000:00:01.0: Signaling PME with IRQ 25
[    0.632353] pcieport 0000:00:03.0: Signaling PME with IRQ 27
[    0.632714] pcieport 0000:00:1c.0: Signaling PME with IRQ 28
[    0.633078] pcieport 0000:00:1c.2: Signaling PME with IRQ 29
[    0.633434] pcieport 0000:00:1c.3: Signaling PME with IRQ 30
[    0.633795] pcieport 0000:80:03.0: Signaling PME with IRQ 32
[    0.634163] pcieport 0000:80:03.3: Signaling PME with IRQ 33
[    0.634628] input: Power Button as /devices/LNXSYSTM:00/LNXSYBUS:00/PNP0C0C:00/input/input0
[    0.635261] ACPI: Power Button [PWRB]
[    0.635625] input: Power Button as /devices/LNXSYSTM:00/LNXPWRBN:00/input/input1
[    0.636242] ACPI: Power Button [PWRF]
[    0.636741] Monitor-Mwait will be used to enter C-1 state
[    0.636744] Monitor-Mwait will be used to enter C-2 state
[    0.643282] Serial: 8250/16550 driver, 4 ports, IRQ sharing enabled
[    0.664239] 00:03: ttyS0 at I/O 0x3f8 (irq = 4, base_baud = 115200) is a 16550A
[    0.685493] 00:04: ttyS1 at I/O 0x2f8 (irq = 3, base_baud = 115200) is a 16550A
[    0.686576] Non-volatile memory driver v1.3
[    0.686964] Linux agpgart interface v0.103
[    0.692876] loop: module loaded
[    0.693564] nvme nvme0: pci function 0000:82:00.0
[    0.694222] ahci 0000:00:11.4: version 3.0
[    0.694399] ahci 0000:00:11.4: AHCI 0001.0300 32 slots 4 ports 6 Gbps 0xf impl SATA mode
[    0.695028] ahci 0000:00:11.4: flags: 64bit ncq pm led clo pio slum part ems apst 
[    0.704524] scsi host0: ahci
[    0.704971] scsi host1: ahci
[    0.705411] scsi host2: ahci
[    0.705848] scsi host3: ahci
[    0.706214] ata1: SATA max UDMA/133 abar m2048@0xc7338000 port 0xc7338100 irq 36
[    0.706826] ata2: SATA max UDMA/133 abar m2048@0xc7338000 port 0xc7338180 irq 36
[    0.707443] ata3: SATA max UDMA/133 abar m2048@0xc7338000 port 0xc7338200 irq 36
[    0.708057] ata4: SATA max UDMA/133 abar m2048@0xc7338000 port 0xc7338280 irq 36
[    0.708895] ahci 0000:00:1f.2: AHCI 0001.0300 32 slots 6 ports 6 Gbps 0x3f impl SATA mode
[    0.709516] ahci 0000:00:1f.2: flags: 64bit ncq pm led clo pio slum part ems apst 
[    0.726491] scsi host4: ahci
[    0.726927] scsi host5: ahci
[    0.727406] scsi host6: ahci
[    0.727830] scsi host7: ahci
[    0.728281] scsi host8: ahci
[    0.728715] scsi host9: ahci
[    0.729077] ata5: SATA max UDMA/133 abar m2048@0xc7332000 port 0xc7332100 irq 37
[    0.729688] ata6: SATA max UDMA/133 abar m2048@0xc7332000 port 0xc7332180 irq 37
[    0.730305] ata7: SATA max UDMA/133 abar m2048@0xc7332000 port 0xc7332200 irq 37
[    0.730912] ata8: SATA max UDMA/133 abar m2048@0xc7332000 port 0xc7332280 irq 37
[    0.731529] ata9: SATA max UDMA/133 abar m2048@0xc7332000 port 0xc7332300 irq 37
[    0.732145] ata10: SATA max UDMA/133 abar m2048@0xc7332000 port 0xc7332380 irq 37
[    0.740628] e100: Intel(R) PRO/100 Network Driver, 3.5.24-k2-NAPI
[    0.740990] e100: Copyright(c) 1999-2006 Intel Corporation
[    0.741372] e1000: Intel(R) PRO/1000 Network Driver - version 7.3.21-k8-NAPI
[    0.741721] e1000: Copyright (c) 1999-2006 Intel Corporation.
[    0.742105] e1000e: Intel(R) PRO/1000 Network Driver - 3.2.6-k
[    0.742445] e1000e: Copyright(c) 1999 - 2015 Intel Corporation.
[    0.742829] igb: Intel(R) Gigabit Ethernet Network Driver - version 5.4.0-k
[    0.743180] igb: Copyright (c) 2007-2014 Intel Corporation.
[    0.806810]  nvme0n1: p1
[    0.976146] pps pps0: new PPS source ptp0
[    0.976484] igb 0000:05:00.0: added PHC on eth0
[    0.976822] igb 0000:05:00.0: Intel(R) Gigabit Ethernet Network Connection
[    0.977174] igb 0000:05:00.0: eth0: (PCIe:2.5Gb/s:Width x1) 0c:c4:7a:ca:23:f0
[    0.977567] igb 0000:05:00.0: eth0: PBA No: 013A00-000
[    0.977903] igb 0000:05:00.0: Using MSI-X interrupts. 4 rx queue(s), 4 tx queue(s)
[    1.012931] ata1: SATA link down (SStatus 0 SControl 300)
[    1.013320] ata2: SATA link down (SStatus 0 SControl 300)
[    1.013689] ata4: SATA link down (SStatus 0 SControl 300)
[    1.020205] ata3: SATA link down (SStatus 0 SControl 300)
[    1.044216] ata6: SATA link up 3.0 Gbps (SStatus 123 SControl 300)
[    1.044636] ata5: SATA link up 6.0 Gbps (SStatus 133 SControl 300)
[    1.045028] ata8: SATA link up 3.0 Gbps (SStatus 123 SControl 300)
[    1.045394] ata7: SATA link up 3.0 Gbps (SStatus 123 SControl 300)
[    1.045760] ata10: SATA link down (SStatus 0 SControl 300)
[    1.046189] ata5.00: ATA-9: INTEL SSDSC2BB120G4, D2012370, max UDMA/133
[    1.046534] ata5.00: 234441648 sectors, multi 1: LBA48 NCQ (depth 31/32)
[    1.047134] ata5.00: configured for UDMA/133
[    1.047686] scsi 4:0:0:0: Direct-Access     ATA      INTEL SSDSC2BB12 2370 PQ: 0 ANSI: 5
[    1.048520] ata5.00: Enabling discard_zeroes_data
[    1.048521] sd 4:0:0:0: Attached scsi generic sg0 type 0
[    1.049444] sd 4:0:0:0: [sda] 234441648 512-byte logical blocks: (120 GB/112 GiB)
[    1.050062] sd 4:0:0:0: [sda] 4096-byte physical blocks
[    1.050442] sd 4:0:0:0: [sda] Write Protect is off
[    1.050780] sd 4:0:0:0: [sda] Mode Sense: 00 3a 00 00
[    1.050883] sd 4:0:0:0: [sda] Write cache: enabled, read cache: enabled, doesn't support DPO or FUA
[    1.051749] ata5.00: Enabling discard_zeroes_data
[    1.052599]  sda: sda1 sda2
[    1.052955] ata9: SATA link down (SStatus 0 SControl 300)
[    1.053165] ata5.00: Enabling discard_zeroes_data
[    1.053202] sd 4:0:0:0: [sda] Attached SCSI disk
[    1.093372] ata8.00: ATA-7: MAXTOR STM3500630AS, 3.AAE, max UDMA/133
[    1.093734] ata8.00: 976773168 sectors, multi 16: LBA48 NCQ (depth 31/32)
[    1.099855] ata6.00: ATA-7: MAXTOR STM3500630AS, 3.AAE, max UDMA/133
[    1.100229] ata6.00: 976773168 sectors, multi 16: LBA48 NCQ (depth 31/32)
[    1.109717] ata7.00: ATA-7: MAXTOR STM3500630AS, 3.AAE, max UDMA/133
[    1.110066] ata7.00: 976773168 sectors, multi 16: LBA48 NCQ (depth 31/32)
[    1.151690] ata8.00: configured for UDMA/133
[    1.158153] ata6.00: configured for UDMA/133
[    1.158787] scsi 5:0:0:0: Direct-Access     ATA      MAXTOR STM350063 E    PQ: 0 ANSI: 5
[    1.159693] sd 5:0:0:0: Attached scsi generic sg1 type 0
[    1.159804] sd 5:0:0:0: [sdb] 976773168 512-byte logical blocks: (500 GB/466 GiB)
[    1.159825] sd 5:0:0:0: [sdb] Write Protect is off
[    1.159827] sd 5:0:0:0: [sdb] Mode Sense: 00 3a 00 00
[    1.159862] sd 5:0:0:0: [sdb] Write cache: enabled, read cache: enabled, doesn't support DPO or FUA
[    1.167994] ata7.00: configured for UDMA/133
[    1.168587] scsi 6:0:0:0: Direct-Access     ATA      MAXTOR STM350063 E    PQ: 0 ANSI: 5
[    1.169432] sd 6:0:0:0: Attached scsi generic sg2 type 0
[    1.169606] sd 6:0:0:0: [sdc] 976773168 512-byte logical blocks: (500 GB/466 GiB)
[    1.169632] sd 6:0:0:0: [sdc] Write Protect is off
[    1.169634] sd 6:0:0:0: [sdc] Mode Sense: 00 3a 00 00
[    1.169685] sd 6:0:0:0: [sdc] Write cache: enabled, read cache: enabled, doesn't support DPO or FUA
[    1.171627] scsi 7:0:0:0: Direct-Access     ATA      MAXTOR STM350063 E    PQ: 0 ANSI: 5
[    1.172524] sd 7:0:0:0: Attached scsi generic sg3 type 0
[    1.172624] sd 7:0:0:0: [sdd] 976773168 512-byte logical blocks: (500 GB/466 GiB)
[    1.172649] sd 7:0:0:0: [sdd] Write Protect is off
[    1.172651] sd 7:0:0:0: [sdd] Mode Sense: 00 3a 00 00
[    1.172697] sd 7:0:0:0: [sdd] Write cache: enabled, read cache: enabled, doesn't support DPO or FUA
[    1.191348]  sdd: sdd1
[    1.192132] sd 7:0:0:0: [sdd] Attached SCSI disk
[    1.197802]  sdb: sdb1
[    1.198582] sd 5:0:0:0: [sdb] Attached SCSI disk
[    1.207618]  sdc: sdc1
[    1.208287] sd 6:0:0:0: [sdc] Attached SCSI disk
[    1.212260] pps pps1: new PPS source ptp1
[    1.212602] igb 0000:06:00.0: added PHC on eth1
[    1.212941] igb 0000:06:00.0: Intel(R) Gigabit Ethernet Network Connection
[    1.213297] igb 0000:06:00.0: eth1: (PCIe:2.5Gb/s:Width x1) 0c:c4:7a:ca:23:f1
[    1.213685] igb 0000:06:00.0: eth1: PBA No: 011000-000
[    1.214031] igb 0000:06:00.0: Using MSI-X interrupts. 4 rx queue(s), 4 tx queue(s)
[    1.214712] igbvf: Intel(R) Gigabit Virtual Function Network Driver - version 2.4.0-k
[    1.215346] igbvf: Copyright (c) 2009 - 2012 Intel Corporation.
[    1.215829] ehci_hcd: USB 2.0 'Enhanced' Host Controller (EHCI) Driver
[    1.216184] ehci-pci: EHCI PCI platform driver
[    1.216703] ehci-pci 0000:00:1a.0: EHCI Host Controller
[    1.217127] ehci-pci 0000:00:1a.0: new USB bus registered, assigned bus number 1
[    1.217753] ehci-pci 0000:00:1a.0: debug port 2
[    1.222021] ehci-pci 0000:00:1a.0: cache line size of 64 is not supported
[    1.222034] ehci-pci 0000:00:1a.0: irq 18, io mem 0xc7334000
[    1.229065] ehci-pci 0000:00:1a.0: USB 2.0 started, EHCI 1.00
[    1.229456] usb usb1: New USB device found, idVendor=1d6b, idProduct=0002
[    1.229801] usb usb1: New USB device strings: Mfr=3, Product=2, SerialNumber=1
[    1.230425] usb usb1: Product: EHCI Host Controller
[    1.230764] usb usb1: Manufacturer: Linux 4.15.3 ehci_hcd
[    1.231115] usb usb1: SerialNumber: 0000:00:1a.0
[    1.231573] hub 1-0:1.0: USB hub found
[    1.231916] hub 1-0:1.0: 2 ports detected
[    1.232510] ehci-pci 0000:00:1d.0: EHCI Host Controller
[    1.232913] ehci-pci 0000:00:1d.0: new USB bus registered, assigned bus number 2
[    1.233548] ehci-pci 0000:00:1d.0: debug port 2
[    1.237799] ehci-pci 0000:00:1d.0: cache line size of 64 is not supported
[    1.237803] ehci-pci 0000:00:1d.0: irq 18, io mem 0xc7333000
[    1.245018] ehci-pci 0000:00:1d.0: USB 2.0 started, EHCI 1.00
[    1.245399] usb usb2: New USB device found, idVendor=1d6b, idProduct=0002
[    1.245747] usb usb2: New USB device strings: Mfr=3, Product=2, SerialNumber=1
[    1.246367] usb usb2: Product: EHCI Host Controller
[    1.246707] usb usb2: Manufacturer: Linux 4.15.3 ehci_hcd
[    1.247053] usb usb2: SerialNumber: 0000:00:1d.0
[    1.247487] hub 2-0:1.0: USB hub found
[    1.247830] hub 2-0:1.0: 2 ports detected
[    1.248303] ohci_hcd: USB 1.1 'Open' Host Controller (OHCI) Driver
[    1.248653] ohci-pci: OHCI PCI platform driver
[    1.249018] uhci_hcd: USB Universal Host Controller Interface driver
[    1.249404] usbcore: registered new interface driver usblp
[    1.249762] usbcore: registered new interface driver usb-storage
[    1.250134] i8042: PNP: No PS/2 controller found.
[    1.250628] rtc_cmos 00:00: RTC can wake from S4
[    1.251089] rtc_cmos 00:00: rtc core: registered rtc_cmos as rtc0
[    1.251456] rtc_cmos 00:00: alarms up to one month, y3k, 114 bytes nvram, hpet irqs
[    1.252255] i801_smbus 0000:00:1f.3: SMBus using PCI interrupt
[    1.254409] device-mapper: ioctl: 4.37.0-ioctl (2017-09-20) initialised: dm-devel@redhat.com
[    1.255315] device-mapper: multipath round-robin: version 1.2.0 loaded
[    1.255658] device-mapper: multipath queue-length: version 0.2.0 loaded
[    1.256005] device-mapper: multipath service-time: version 0.3.0 loaded
[    1.256359] device-mapper: raid: Loading target version 1.13.0
[    1.256716] intel_pstate: Intel P-state driver initializing
[    1.260208] hidraw: raw HID events driver (C) Jiri Kosina
[    1.260861] usbcore: registered new interface driver usbhid
[    1.261211] usbhid: USB HID core driver
[    1.261823] Netfilter messages via NETLINK v0.30.
[    1.262427] nf_conntrack version 0.5.0 (65536 buckets, 262144 max)
[    1.262837] ctnetlink v0.93: registering with nfnetlink.
[    1.263282] ip_tables: (C) 2000-2006 Netfilter Core Team
[    1.264503] Initializing XFRM netlink socket
[    1.264952] NET: Registered protocol family 10
[    1.265685] Segment Routing with IPv6
[    1.266048] ip6_tables: (C) 2000-2006 Netfilter Core Team
[    1.267313] sit: IPv6, IPv4 and MPLS over IPv4 tunneling driver
[    1.267774] NET: Registered protocol family 17
[    1.268154] Key type dns_resolver registered
[    1.270721] microcode: sig=0x406f1, pf=0x1, revision=0xb00001d
[    1.271298] microcode: Microcode Update Driver: v2.2.
[    1.271306] AVX2 version of gcm_enc/dec engaged.
[    1.272086] AES CTR mode by8 optimization enabled
[    1.273747] sched_clock: Marking stable (1273741544, 0)->(1552932657, -279191113)
[    1.274855] registered taskstats version 1
[    1.275198] Loading compiled-in X.509 certificates
[    1.275730] Btrfs loaded, crc32c=crc32c-intel, ref-verify=on
[    1.276105] BTRFS: selftest: sectorsize: 4096  nodesize: 4096
[    1.276442] BTRFS: selftest: Running btrfs free space cache tests
[    1.276797] BTRFS: selftest: Running extent only tests
[    1.277142] BTRFS: selftest: Running bitmap only tests
[    1.277519] BTRFS: selftest: Running bitmap and extent tests
[    1.277860] BTRFS: selftest: Running space stealing from bitmap to extent
[    1.278520] BTRFS: selftest: Free space cache tests finished
[    1.278856] BTRFS: selftest: Running extent buffer operation tests
[    1.279218] BTRFS: selftest: Running btrfs_split_item tests
[    1.279591] BTRFS: selftest: Running extent I/O tests
[    1.279926] BTRFS: selftest: Running find delalloc tests
[    1.323744] BTRFS: selftest: Running extent buffer bitmap tests
[    1.343115] BTRFS: selftest: Extent I/O tests finished
[    1.343483] BTRFS: selftest: Running btrfs_get_extent tests
[    1.343860] BTRFS: selftest: Running hole first btrfs_get_extent test
[    1.344248] BTRFS: selftest: Running outstanding_extents tests
[    1.352715] BTRFS: selftest: Running qgroup tests
[    1.353066] BTRFS: selftest: Qgroup basic add
[    1.353429] BTRFS: selftest: Qgroup multiple refs test
[    1.353793] BTRFS: selftest: Running free space tree tests
[    1.370472] BTRFS: selftest: sectorsize: 4096  nodesize: 8192
[    1.370807] BTRFS: selftest: Running btrfs free space cache tests
[    1.371170] BTRFS: selftest: Running extent only tests
[    1.371539] BTRFS: selftest: Running bitmap only tests
[    1.371876] BTRFS: selftest: Running bitmap and extent tests
[    1.372240] BTRFS: selftest: Running space stealing from bitmap to extent
[    1.372843] BTRFS: selftest: Free space cache tests finished
[    1.373202] BTRFS: selftest: Running extent buffer operation tests
[    1.373557] BTRFS: selftest: Running btrfs_split_item tests
[    1.373899] BTRFS: selftest: Running extent I/O tests
[    1.374258] BTRFS: selftest: Running find delalloc tests
[    1.416216] BTRFS: selftest: Running extent buffer bitmap tests
[    1.435150] BTRFS: selftest: Extent I/O tests finished
[    1.435518] BTRFS: selftest: Running btrfs_get_extent tests
[    1.435884] BTRFS: selftest: Running hole first btrfs_get_extent test
[    1.436253] BTRFS: selftest: Running outstanding_extents tests
[    1.436636] BTRFS: selftest: Running qgroup tests
[    1.436969] BTRFS: selftest: Qgroup basic add
[    1.437365] BTRFS: selftest: Qgroup multiple refs test
[    1.437725] BTRFS: selftest: Running free space tree tests
[    1.453887] BTRFS: selftest: sectorsize: 4096  nodesize: 16384
[    1.454227] BTRFS: selftest: Running btrfs free space cache tests
[    1.454566] BTRFS: selftest: Running extent only tests
[    1.454901] BTRFS: selftest: Running bitmap only tests
[    1.455262] BTRFS: selftest: Running bitmap and extent tests
[    1.455617] BTRFS: selftest: Running space stealing from bitmap to extent
[    1.456214] BTRFS: selftest: Free space cache tests finished
[    1.456564] BTRFS: selftest: Running extent buffer operation tests
[    1.456901] BTRFS: selftest: Running btrfs_split_item tests
[    1.457251] BTRFS: selftest: Running extent I/O tests
[    1.457584] BTRFS: selftest: Running find delalloc tests
[    1.496611] BTRFS: selftest: Running extent buffer bitmap tests
[    1.514363] BTRFS: selftest: Extent I/O tests finished
[    1.514697] BTRFS: selftest: Running btrfs_get_extent tests
[    1.515066] BTRFS: selftest: Running hole first btrfs_get_extent test
[    1.515411] BTRFS: selftest: Running outstanding_extents tests
[    1.515761] BTRFS: selftest: Running qgroup tests
[    1.516097] BTRFS: selftest: Qgroup basic add
[    1.516436] BTRFS: selftest: Qgroup multiple refs test
[    1.516796] BTRFS: selftest: Running free space tree tests
[    1.532315] BTRFS: selftest: sectorsize: 4096  nodesize: 32768
[    1.532651] BTRFS: selftest: Running btrfs free space cache tests
[    1.532994] BTRFS: selftest: Running extent only tests
[    1.533328] BTRFS: selftest: Running bitmap only tests
[    1.533665] BTRFS: selftest: Running bitmap and extent tests
[    1.534007] BTRFS: selftest: Running space stealing from bitmap to extent
[    1.534578] BTRFS: selftest: Free space cache tests finished
[    1.534913] BTRFS: selftest: Running extent buffer operation tests
[    1.535254] BTRFS: selftest: Running btrfs_split_item tests
[    1.535598] BTRFS: selftest: Running extent I/O tests
[    1.535932] BTRFS: selftest: Running find delalloc tests
[    1.553032] usb 1-1: new high-speed USB device number 2 using ehci-pci
[    1.569032] usb 2-1: new high-speed USB device number 2 using ehci-pci
[    1.575038] BTRFS: selftest: Running extent buffer bitmap tests
[    1.592741] BTRFS: selftest: Extent I/O tests finished
[    1.593078] BTRFS: selftest: Running btrfs_get_extent tests
[    1.593447] BTRFS: selftest: Running hole first btrfs_get_extent test
[    1.593792] BTRFS: selftest: Running outstanding_extents tests
[    1.594147] BTRFS: selftest: Running qgroup tests
[    1.594480] BTRFS: selftest: Qgroup basic add
[    1.594820] BTRFS: selftest: Qgroup multiple refs test
[    1.595185] BTRFS: selftest: Running free space tree tests
[    1.610871] BTRFS: selftest: sectorsize: 4096  nodesize: 65536
[    1.611212] BTRFS: selftest: Running btrfs free space cache tests
[    1.611552] BTRFS: selftest: Running extent only tests
[    1.611887] BTRFS: selftest: Running bitmap only tests
[    1.612228] BTRFS: selftest: Running bitmap and extent tests
[    1.612567] BTRFS: selftest: Running space stealing from bitmap to extent
[    1.613140] BTRFS: selftest: Free space cache tests finished
[    1.613474] BTRFS: selftest: Running extent buffer operation tests
[    1.613811] BTRFS: selftest: Running btrfs_split_item tests
[    1.614159] BTRFS: selftest: Running extent I/O tests
[    1.614493] BTRFS: selftest: Running find delalloc tests
[    1.630994] tsc: Refined TSC clocksource calibration: 2099.998 MHz
[    1.631476] clocksource: tsc: mask: 0xffffffffffffffff max_cycles: 0x1e452ea631d, max_idle_ns: 440795244572 ns
[    1.653951] BTRFS: selftest: Running extent buffer bitmap tests
[    1.671107] BTRFS: selftest: Extent I/O tests finished
[    1.671441] BTRFS: selftest: Running btrfs_get_extent tests
[    1.671809] BTRFS: selftest: Running hole first btrfs_get_extent test
[    1.672159] BTRFS: selftest: Running outstanding_extents tests
[    1.672508] BTRFS: selftest: Running qgroup tests
[    1.672841] BTRFS: selftest: Qgroup basic add
[    1.673186] BTRFS: selftest: Qgroup multiple refs test
[    1.673546] BTRFS: selftest: Running free space tree tests
[    1.681402] usb 1-1: New USB device found, idVendor=8087, idProduct=800a
[    1.681743] usb 1-1: New USB device strings: Mfr=0, Product=0, SerialNumber=0
[    1.682287] hub 1-1:1.0: USB hub found
[    1.682774] hub 1-1:1.0: 6 ports detected
[    1.689262] console [netcon0] enabled
[    1.689610] netconsole: network logging started
[    1.690126] md: Waiting for all devices to be available before autodetect
[    1.690479] md: If you don't use raid, use raid=noautodetect
[    1.690997] md: Autodetecting RAID arrays.
[    1.697408] usb 2-1: New USB device found, idVendor=8087, idProduct=8002
[    1.697783] usb 2-1: New USB device strings: Mfr=0, Product=0, SerialNumber=0
[    1.698310] hub 2-1:1.0: USB hub found
[    1.698805] hub 2-1:1.0: 8 ports detected
[    1.767329] md: autorun ...
[    1.767682] md: running: <sdc1><sdb1><sdd1>
[    1.768129] md0: detected capacity change from 0 to 1500318793728
[    1.768487] md: ... autorun DONE.
[    1.769065] EXT4-fs (sda2): couldn't mount as ext3 due to feature incompatibilities
[    1.773188] EXT4-fs (sda2): mounted filesystem with ordered data mode. Opts: (null)
[    1.773832] VFS: Mounted root (ext4 filesystem) readonly on device 8:2.
[    1.774857] devtmpfs: mounted
[    1.776744] Freeing unused kernel memory: 1192K
[    1.777102] Write protecting the kernel read-only data: 20480k
[    1.778399] Freeing unused kernel memory: 1980K
[    1.779928] Freeing unused kernel memory: 584K
[    1.826937] kbd_mode (2773) used greatest stack depth: 13872 bytes left
[    1.831907] loadkeys (2775) used greatest stack depth: 13728 bytes left
[    1.832457] init-early.sh (2771) used greatest stack depth: 13376 bytes left
[    1.975020] usb 2-1.8: new high-speed USB device number 3 using ehci-pci
[    2.053403] usb 2-1.8: New USB device found, idVendor=0557, idProduct=7000
[    2.053766] usb 2-1.8: New USB device strings: Mfr=0, Product=0, SerialNumber=0
[    2.054677] hub 2-1.8:1.0: USB hub found
[    2.055155] hub 2-1.8:1.0: 4 ports detected
[    2.347023] usb 2-1.8.1: new low-speed USB device number 4 using ehci-pci
[    2.358544] udevd[3155]: starting version 3.2.5
[    2.366677] udevd[3156]: starting eudev-3.2.5
[    2.452057] usb 2-1.8.1: New USB device found, idVendor=0557, idProduct=2419
[    2.452059] usb 2-1.8.1: New USB device strings: Mfr=0, Product=0, SerialNumber=0
[    2.452699] input: HID 0557:2419 as /devices/pci0000:00/0000:00:1d.0/usb2/2-1/2-1.8/2-1.8.1/2-1.8.1:1.0/0003:0557:2419.0001/input/input2
[    2.474755] igb 0000:05:00.0 eno1: renamed from eth0
[    2.487108] igb 0000:06:00.0 eno2: renamed from eth1
[    2.505134] hid-generic 0003:0557:2419.0001: input,hidraw0: USB HID v1.00 Keyboard [HID 0557:2419] on usb-0000:00:1d.0-1.8.1/input0
[    2.505669] input: HID 0557:2419 as /devices/pci0000:00/0000:00:1d.0/usb2/2-1/2-1.8/2-1.8.1/2-1.8.1:1.1/0003:0557:2419.0002/input/input3
[    2.505745] hid-generic 0003:0557:2419.0002: input,hidraw1: USB HID v1.00 Mouse [HID 0557:2419] on usb-0000:00:1d.0-1.8.1/input1
[    2.507419] random: crng init done
[    2.551231] power_meter ACPI000D:00: Found ACPI power meter.
[    2.551250] power_meter ACPI000D:00: Ignoring unsafe software power cap!
[    2.551253] power_meter ACPI000D:00: hwmon_device_register() is deprecated. Please convert the driver to use hwmon_device_register_with_info().
[    2.639219] clocksource: Switched to clocksource tsc
[    3.520098] EXT4-fs (sda2): re-mounted. Opts: (null)
[    3.660355] XFS (nvme0n1p1): Mounting V5 Filesystem
[    3.687982] XFS (nvme0n1p1): Ending clean mount
[    3.692600] XFS (md0): Mounting V5 Filesystem
[    3.869174] XFS (md0): Ending clean mount
[    4.639377] ip (3963) used greatest stack depth: 13008 bytes left
[    4.954306] IPv6: ADDRCONF(NETDEV_UP): eno1: link is not ready
[    4.999209] IPv6: ADDRCONF(NETDEV_UP): eno2: link is not ready
[    8.652567] igb 0000:05:00.0 eno1: igb: eno1 NIC Link is Up 1000 Mbps Full Duplex, Flow Control: RX/TX
[    8.759256] IPv6: ADDRCONF(NETDEV_CHANGE): eno1: link becomes ready
[ 6165.491106] kworker/dying (2514) used greatest stack depth: 12832 bytes left
[ 7283.436041] postgres (31033) used greatest stack depth: 12456 bytes left
[24912.863300] kworker/dying (434) used greatest stack depth: 12128 bytes left
