[    0.000000] Linux version 4.15.3 (root@bench) (gcc version 7.3.0 (GCC)) #3 SMP Mon Feb 19 12:21:00 CET 2018
[    0.000000] Command line: BOOT_IMAGE=/vmlinuz-4.15.3 root=/dev/sdg2 ro nopti nopcid
[    0.000000] x86/fpu: Supporting XSAVE feature 0x001: 'x87 floating point registers'
[    0.000000] x86/fpu: Supporting XSAVE feature 0x002: 'SSE registers'
[    0.000000] x86/fpu: Supporting XSAVE feature 0x004: 'AVX registers'
[    0.000000] x86/fpu: xstate_offset[2]:  576, xstate_sizes[2]:  256
[    0.000000] x86/fpu: Enabled xstate features 0x7, context size is 832 bytes, using 'standard' format.
[    0.000000] e820: BIOS-provided physical RAM map:
[    0.000000] BIOS-e820: [mem 0x0000000000000000-0x000000000009b3ff] usable
[    0.000000] BIOS-e820: [mem 0x000000000009b400-0x000000000009ffff] reserved
[    0.000000] BIOS-e820: [mem 0x00000000000e0000-0x00000000000fffff] reserved
[    0.000000] BIOS-e820: [mem 0x0000000000100000-0x000000001fffffff] usable
[    0.000000] BIOS-e820: [mem 0x0000000020000000-0x00000000201fffff] reserved
[    0.000000] BIOS-e820: [mem 0x0000000020200000-0x000000003fffffff] usable
[    0.000000] BIOS-e820: [mem 0x0000000040000000-0x00000000401fffff] reserved
[    0.000000] BIOS-e820: [mem 0x0000000040200000-0x00000000b677dfff] usable
[    0.000000] BIOS-e820: [mem 0x00000000b677e000-0x00000000b67d4fff] ACPI NVS
[    0.000000] BIOS-e820: [mem 0x00000000b67d5000-0x00000000b6b5bfff] reserved
[    0.000000] BIOS-e820: [mem 0x00000000b6b5c000-0x00000000b6b5efff] ACPI NVS
[    0.000000] BIOS-e820: [mem 0x00000000b6b5f000-0x00000000b6da4fff] reserved
[    0.000000] BIOS-e820: [mem 0x00000000b6da5000-0x00000000b6db5fff] ACPI NVS
[    0.000000] BIOS-e820: [mem 0x00000000b6db6000-0x00000000b6dccfff] reserved
[    0.000000] BIOS-e820: [mem 0x00000000b6dcd000-0x00000000b6dcefff] usable
[    0.000000] BIOS-e820: [mem 0x00000000b6dcf000-0x00000000b6dd6fff] reserved
[    0.000000] BIOS-e820: [mem 0x00000000b6dd7000-0x00000000b6de1fff] ACPI NVS
[    0.000000] BIOS-e820: [mem 0x00000000b6de2000-0x00000000b6e3dfff] reserved
[    0.000000] BIOS-e820: [mem 0x00000000b6e3e000-0x00000000b6e80fff] ACPI NVS
[    0.000000] BIOS-e820: [mem 0x00000000b6e81000-0x00000000b6ffffff] usable
[    0.000000] BIOS-e820: [mem 0x00000000b7800000-0x00000000bf9fffff] reserved
[    0.000000] BIOS-e820: [mem 0x00000000fed1c000-0x00000000fed1ffff] reserved
[    0.000000] BIOS-e820: [mem 0x00000000ff000000-0x00000000ffffffff] reserved
[    0.000000] BIOS-e820: [mem 0x0000000100000000-0x000000023fdfffff] usable
[    0.000000] nopcid: PCID feature disabled
[    0.000000] NX (Execute Disable) protection: active
[    0.000000] random: fast init done
[    0.000000] SMBIOS 2.6 present.
[    0.000000] DMI: System manufacturer System Product Name/P8Z68-V PRO, BIOS 0501 05/09/2011
[    0.000000] e820: update [mem 0x00000000-0x00000fff] usable ==> reserved
[    0.000000] e820: remove [mem 0x000a0000-0x000fffff] usable
[    0.000000] e820: last_pfn = 0x23fe00 max_arch_pfn = 0x400000000
[    0.000000] MTRR default type: uncachable
[    0.000000] MTRR fixed ranges enabled:
[    0.000000]   00000-9FFFF write-back
[    0.000000]   A0000-BFFFF uncachable
[    0.000000]   C0000-D3FFF write-protect
[    0.000000]   D4000-E7FFF uncachable
[    0.000000]   E8000-FFFFF write-protect
[    0.000000] MTRR variable ranges enabled:
[    0.000000]   0 base 000000000 mask E00000000 write-back
[    0.000000]   1 base 200000000 mask FC0000000 write-back
[    0.000000]   2 base 0B7800000 mask FFF800000 uncachable
[    0.000000]   3 base 0B8000000 mask FF8000000 uncachable
[    0.000000]   4 base 0C0000000 mask FC0000000 uncachable
[    0.000000]   5 base 23FE00000 mask FFFE00000 uncachable
[    0.000000]   6 disabled
[    0.000000]   7 disabled
[    0.000000]   8 disabled
[    0.000000]   9 disabled
[    0.000000] x86/PAT: Configuration [0-7]: WB  WC  UC- UC  WB  WP  UC- WT  
[    0.000000] e820: update [mem 0xb7800000-0xffffffff] usable ==> reserved
[    0.000000] e820: last_pfn = 0xb7000 max_arch_pfn = 0x400000000
[    0.000000] Scanning 1 areas for low memory corruption
[    0.000000] Base memory trampoline at [        (ptrval)] 95000 size 24576
[    0.000000] reserving inaccessible SNB gfx pages
[    0.000000] Kernel/User page tables isolation: disabled on command line.
[    0.000000] BRK [0x17be8000, 0x17be8fff] PGTABLE
[    0.000000] BRK [0x17be9000, 0x17be9fff] PGTABLE
[    0.000000] BRK [0x17bea000, 0x17beafff] PGTABLE
[    0.000000] BRK [0x17beb000, 0x17bebfff] PGTABLE
[    0.000000] BRK [0x17bec000, 0x17becfff] PGTABLE
[    0.000000] BRK [0x17bed000, 0x17bedfff] PGTABLE
[    0.000000] BRK [0x17bee000, 0x17beefff] PGTABLE
[    0.000000] BRK [0x17bef000, 0x17beffff] PGTABLE
[    0.000000] BRK [0x17bf0000, 0x17bf0fff] PGTABLE
[    0.000000] BRK [0x17bf1000, 0x17bf1fff] PGTABLE
[    0.000000] BRK [0x17bf2000, 0x17bf2fff] PGTABLE
[    0.000000] BRK [0x17bf3000, 0x17bf3fff] PGTABLE
[    0.000000] ACPI: Early table checksum verification disabled
[    0.000000] ACPI: RSDP 0x00000000000F0420 000024 (v02 ALASKA)
[    0.000000] ACPI: XSDT 0x00000000B67CA068 00004C (v01 ALASKA A M I    01072009 AMI  00010013)
[    0.000000] ACPI: FACP 0x00000000B67D42D8 0000F4 (v04 ALASKA A M I    01072009 AMI  00010013)
[    0.000000] ACPI: DSDT 0x00000000B67CA140 00A198 (v02 ALASKA A M I    00000000 INTL 20051117)
[    0.000000] ACPI: FACS 0x00000000B6DD9F80 000040
[    0.000000] ACPI: APIC 0x00000000B67D43D0 000072 (v03 ALASKA A M I    01072009 AMI  00010013)
[    0.000000] ACPI: SSDT 0x00000000B67D4448 000102 (v01 AMICPU PROC     00000001 MSFT 03000001)
[    0.000000] ACPI: MCFG 0x00000000B67D4550 00003C (v01 ALASKA A M I    01072009 MSFT 00000097)
[    0.000000] ACPI: HPET 0x00000000B67D4590 000038 (v01 ALASKA A M I    01072009 AMI. 00000004)
[    0.000000] ACPI: Local APIC address 0xfee00000
[    0.000000] No NUMA configuration found
[    0.000000] Faking a node at [mem 0x0000000000000000-0x000000023fdfffff]
[    0.000000] NODE_DATA(0) allocated [mem 0x23fdfa000-0x23fdfdfff]
[    0.000000] tsc: Fast TSC calibration using PIT
[    0.000000] Zone ranges:
[    0.000000]   DMA      [mem 0x0000000000001000-0x0000000000ffffff]
[    0.000000]   DMA32    [mem 0x0000000001000000-0x00000000ffffffff]
[    0.000000]   Normal   [mem 0x0000000100000000-0x000000023fdfffff]
[    0.000000] Movable zone start for each node
[    0.000000] Early memory node ranges
[    0.000000]   node   0: [mem 0x0000000000001000-0x000000000009afff]
[    0.000000]   node   0: [mem 0x0000000000100000-0x000000001fffffff]
[    0.000000]   node   0: [mem 0x0000000020200000-0x000000003fffffff]
[    0.000000]   node   0: [mem 0x0000000040200000-0x00000000b677dfff]
[    0.000000]   node   0: [mem 0x00000000b6dcd000-0x00000000b6dcefff]
[    0.000000]   node   0: [mem 0x00000000b6e81000-0x00000000b6ffffff]
[    0.000000]   node   0: [mem 0x0000000100000000-0x000000023fdfffff]
[    0.000000] Initmem setup node 0 [mem 0x0000000000001000-0x000000023fdfffff]
[    0.000000] On node 0 totalpages: 2056857
[    0.000000]   DMA zone: 64 pages used for memmap
[    0.000000]   DMA zone: 154 pages reserved
[    0.000000]   DMA zone: 3994 pages, LIFO batch:0
[    0.000000]   DMA32 zone: 11604 pages used for memmap
[    0.000000]   DMA32 zone: 742655 pages, LIFO batch:31
[    0.000000]   Normal zone: 20472 pages used for memmap
[    0.000000]   Normal zone: 1310208 pages, LIFO batch:31
[    0.000000] Reserved but unavailable: 107 pages
[    0.000000] Reserving Intel graphics memory at 0x00000000b7a00000-0x00000000bf9fffff
[    0.000000] ACPI: PM-Timer IO Port: 0x408
[    0.000000] ACPI: Local APIC address 0xfee00000
[    0.000000] ACPI: LAPIC_NMI (acpi_id[0xff] high edge lint[0x1])
[    0.000000] IOAPIC[0]: apic_id 0, version 32, address 0xfec00000, GSI 0-23
[    0.000000] ACPI: INT_SRC_OVR (bus 0 bus_irq 0 global_irq 2 dfl dfl)
[    0.000000] ACPI: INT_SRC_OVR (bus 0 bus_irq 9 global_irq 9 high level)
[    0.000000] ACPI: IRQ0 used by override.
[    0.000000] ACPI: IRQ9 used by override.
[    0.000000] Using ACPI (MADT) for SMP configuration information
[    0.000000] ACPI: HPET id: 0x8086a701 base: 0xfed00000
[    0.000000] smpboot: Allowing 4 CPUs, 0 hotplug CPUs
[    0.000000] e820: [mem 0xbfa00000-0xfed1bfff] available for PCI devices
[    0.000000] clocksource: refined-jiffies: mask: 0xffffffff max_cycles: 0xffffffff, max_idle_ns: 1910969940391419 ns
[    0.000000] setup_percpu: NR_CPUS:64 nr_cpumask_bits:64 nr_cpu_ids:4 nr_node_ids:1
[    0.000000] percpu: Embedded 43 pages/cpu @        (ptrval) s137304 r8192 d30632 u524288
[    0.000000] pcpu-alloc: s137304 r8192 d30632 u524288 alloc=1*2097152
[    0.000000] pcpu-alloc: [0] 0 1 2 3 
[    0.000000] Built 1 zonelists, mobility grouping on.  Total pages: 2024563
[    0.000000] Policy zone: Normal
[    0.000000] Kernel command line: BOOT_IMAGE=/vmlinuz-4.15.3 root=/dev/sdg2 ro nopti nopcid
[    0.000000] Memory: 8002440K/8227428K available (14364K kernel code, 1528K rwdata, 3512K rodata, 1204K init, 644K bss, 224988K reserved, 0K cma-reserved)
[    0.000000] SLUB: HWalign=64, Order=0-3, MinObjects=0, CPUs=4, Nodes=1
[    0.000000] Hierarchical RCU implementation.
[    0.000000] 	RCU event tracing is enabled.
[    0.000000] 	RCU restricting CPUs from NR_CPUS=64 to nr_cpu_ids=4.
[    0.000000] RCU: Adjusting geometry for rcu_fanout_leaf=16, nr_cpu_ids=4
[    0.000000] NR_IRQS: 4352, nr_irqs: 456, preallocated irqs: 16
[    0.000000] Console: colour VGA+ 80x25
[    0.000000] console [tty0] enabled
[    0.000000] ACPI: Core revision 20170831
[    0.000000] ACPI: 2 ACPI AML tables successfully acquired and loaded
[    0.000000] clocksource: hpet: mask: 0xffffffff max_cycles: 0xffffffff, max_idle_ns: 133484882848 ns
[    0.000000] hpet clockevent registered
[    0.000000] APIC: Switch to symmetric I/O mode setup
[    0.000000] ..TIMER: vector=0x30 apic1=0 pin1=2 apic2=-1 pin2=-1
[    0.005000] tsc: Fast TSC calibration using PIT
[    0.006000] tsc: Detected 3300.102 MHz processor
[    0.006000] Calibrating delay loop (skipped), value calculated using timer frequency.. 6600.20 BogoMIPS (lpj=3300102)
[    0.006000] pid_max: default: 32768 minimum: 301
[    0.006000] Security Framework initialized
[    0.007394] Dentry cache hash table entries: 1048576 (order: 11, 8388608 bytes)
[    0.008026] Inode-cache hash table entries: 524288 (order: 10, 4194304 bytes)
[    0.008122] Mount-cache hash table entries: 16384 (order: 5, 131072 bytes)
[    0.008210] Mountpoint-cache hash table entries: 16384 (order: 5, 131072 bytes)
[    0.008436] CPU: Physical Processor ID: 0
[    0.008502] CPU: Processor Core ID: 0
[    0.008572] ENERGY_PERF_BIAS: Set to 'normal', was 'performance'
[    0.008641] ENERGY_PERF_BIAS: View and update with x86_energy_perf_policy(8)
[    0.008715] mce: CPU supports 9 MCE banks
[    0.008787] CPU0: Thermal monitoring enabled (TM1)
[    0.008862] process: using mwait in idle threads
[    0.008931] Last level iTLB entries: 4KB 512, 2MB 8, 4MB 8
[    0.009001] Last level dTLB entries: 4KB 512, 2MB 32, 4MB 32, 1GB 0
[    0.009071] Spectre V2 : kernel not compiled with retpoline; no mitigation available!
[    0.009165] Freeing SMP alternatives memory: 44K
[    0.010049] TSC deadline timer enabled
[    0.010051] smpboot: CPU0: Intel(R) Core(TM) i5-2500K CPU @ 3.30GHz (family: 0x6, model: 0x2a, stepping: 0x7)
[    0.010191] Performance Events: PEBS fmt1+, SandyBridge events, 16-deep LBR, full-width counters, Intel PMU driver.
[    0.010306] core: PEBS disabled due to CPU errata, please upgrade microcode
[    0.010378] ... version:                3
[    0.010444] ... bit width:              48
[    0.010511] ... generic registers:      8
[    0.010577] ... value mask:             0000ffffffffffff
[    0.010645] ... max period:             00007fffffffffff
[    0.010714] ... fixed-purpose events:   3
[    0.010781] ... event mask:             00000007000000ff
[    0.010875] Hierarchical SRCU implementation.
[    0.011000] smp: Bringing up secondary CPUs ...
[    0.011046] x86: Booting SMP configuration:
[    0.011114] .... node  #0, CPUs:      #1 #2 #3
[    0.014019] smp: Brought up 1 node, 4 CPUs
[    0.014139] smpboot: Max logical packages: 1
[    0.014206] smpboot: Total of 4 processors activated (26400.81 BogoMIPS)
[    0.015189] devtmpfs: initialized
[    0.015189] clocksource: jiffies: mask: 0xffffffff max_cycles: 0xffffffff, max_idle_ns: 1911260446275000 ns
[    0.015189] kworker/u8:0 (30) used greatest stack depth: 14320 bytes left
[    0.015231] futex hash table entries: 1024 (order: 4, 65536 bytes)
[    0.015322] xor: automatically using best checksumming function   avx       
[    0.015446] NET: Registered protocol family 16
[    0.016024] audit: initializing netlink subsys (disabled)
[    0.016096] audit: type=2000 audit(1519099045.016:1): state=initialized audit_enabled=0 res=1
[    0.016104] cpuidle: using governor menu
[    0.016111] ACPI: bus type PCI registered
[    0.016219] PCI: MMCONFIG for domain 0000 [bus 00-3f] at [mem 0xe0000000-0xe3ffffff] (base 0xe0000000)
[    0.016318] PCI: not using MMCONFIG
[    0.016384] PCI: Using configuration type 1 for base access
[    0.016482] core: PMU erratum BJ122, BV98, HSD29 workaround disabled, HT off
[    0.018024] kworker/u8:3 (280) used greatest stack depth: 14160 bytes left
[    0.018848] HugeTLB registered 2.00 MiB page size, pre-allocated 0 pages
[    0.036002] raid6: sse2x1   gen() 10156 MB/s
[    0.053003] raid6: sse2x1   xor()  7107 MB/s
[    0.070005] raid6: sse2x2   gen() 11917 MB/s
[    0.087004] raid6: sse2x2   xor()  8107 MB/s
[    0.104003] raid6: sse2x4   gen() 14144 MB/s
[    0.121001] raid6: sse2x4   xor()  9433 MB/s
[    0.121068] raid6: using algorithm sse2x4 gen() 14144 MB/s
[    0.121137] raid6: .... xor() 9433 MB/s, rmw enabled
[    0.121205] raid6: using ssse3x2 recovery algorithm
[    0.121301] ACPI: Added _OSI(Module Device)
[    0.121824] ACPI: Added _OSI(Processor Device)
[    0.121891] ACPI: Added _OSI(3.0 _SCP Extensions)
[    0.121959] ACPI: Added _OSI(Processor Aggregator Device)
[    0.122113] ACPI: Executed 1 blocks of module-level executable AML code
[    0.124355] ACPI: Dynamic OEM Table Load:
[    0.124426] ACPI: SSDT 0xFFFF9207F6312000 0003E0 (v01 AMI    IST      00000001 MSFT 03000001)
[    0.124637] ACPI: Dynamic OEM Table Load:
[    0.124706] ACPI: SSDT 0xFFFF9207F611AC00 0000E4 (v01 AMI    CST      00000001 MSFT 03000001)
[    0.125141] ACPI: EC: EC started
[    0.125207] ACPI: EC: interrupt blocked
[    0.125278] ACPI: \_SB_.PCI0.SBRG.EC0_: Used as first EC
[    0.125348] ACPI: \_SB_.PCI0.SBRG.EC0_: GPE=0x18, EC_CMD/EC_SC=0x66, EC_DATA=0x62
[    0.125443] ACPI: \_SB_.PCI0.SBRG.EC0_: Used as boot DSDT EC to handle transactions
[    0.125538] ACPI: Interpreter enabled
[    0.125608] ACPI: (supports S0 S5)
[    0.125673] ACPI: Using IOAPIC for interrupt routing
[    0.125763] PCI: MMCONFIG for domain 0000 [bus 00-3f] at [mem 0xe0000000-0xe3ffffff] (base 0xe0000000)
[    0.125894] PCI: MMCONFIG at [mem 0xe0000000-0xe3ffffff] reserved in ACPI motherboard resources
[    0.125998] pmd_set_huge: Cannot satisfy [mem 0xe0000000-0xe0200000] with a huge-page mapping due to MTRR override.
[    0.126031] PCI: Using host bridge windows from ACPI; if necessary, use "pci=nocrs" and report a bug
[    0.126254] ACPI: Enabled 6 GPEs in block 00 to 3F
[    0.126478] ACPI: [Firmware Bug]: BIOS _OSI(Linux) query ignored
[    0.130591] ACPI: PCI Root Bridge [PCI0] (domain 0000 [bus 00-ff])
[    0.130664] acpi PNP0A08:00: _OSC: OS supports [ExtendedConfig ASPM ClockPM Segments MSI]
[    0.130844] acpi PNP0A08:00: _OSC: platform does not support [PCIeHotplug]
[    0.130991] acpi PNP0A08:00: _OSC: OS now controls [PME AER PCIeCapability]
[    0.131007] acpi PNP0A08:00: [Firmware Info]: MMCONFIG for domain 0000 [bus 00-3f] only partially covers this bridge
[    0.131164] acpi PNP0A08:00: ignoring host bridge window [mem 0x000c8000-0x000dffff window] (conflicts with Video ROM [mem 0x000c0000-0x000cdbff])
[    0.131285] PCI host bridge to bus 0000:00
[    0.131353] pci_bus 0000:00: root bus resource [io  0x0000-0x0cf7 window]
[    0.131424] pci_bus 0000:00: root bus resource [io  0x0d00-0xffff window]
[    0.131495] pci_bus 0000:00: root bus resource [mem 0x000a0000-0x000bffff window]
[    0.131591] pci_bus 0000:00: root bus resource [mem 0xbfa00000-0xffffffff window]
[    0.131686] pci_bus 0000:00: root bus resource [bus 00-ff]
[    0.131760] pci 0000:00:00.0: [8086:0100] type 00 class 0x060000
[    0.131821] pci 0000:00:01.0: [8086:0101] type 01 class 0x060400
[    0.131844] pci 0000:00:01.0: PME# supported from D0 D3hot D3cold
[    0.131891] pci 0000:00:02.0: [8086:0112] type 00 class 0x030000
[    0.131899] pci 0000:00:02.0: reg 0x10: [mem 0xfa400000-0xfa7fffff 64bit]
[    0.131903] pci 0000:00:02.0: reg 0x18: [mem 0xc0000000-0xcfffffff 64bit pref]
[    0.131905] pci 0000:00:02.0: reg 0x20: [io  0xf000-0xf03f]
[    0.131977] pci 0000:00:16.0: [8086:1c3a] type 00 class 0x078000
[    0.132000] pci 0000:00:16.0: reg 0x10: [mem 0xfad29000-0xfad2900f 64bit]
[    0.132066] pci 0000:00:16.0: PME# supported from D0 D3hot D3cold
[    0.132120] pci 0000:00:19.0: [8086:1503] type 00 class 0x020000
[    0.132137] pci 0000:00:19.0: reg 0x10: [mem 0xfad00000-0xfad1ffff]
[    0.132145] pci 0000:00:19.0: reg 0x14: [mem 0xfad28000-0xfad28fff]
[    0.132151] pci 0000:00:19.0: reg 0x18: [io  0xf080-0xf09f]
[    0.132205] pci 0000:00:19.0: PME# supported from D0 D3hot D3cold
[    0.132255] pci 0000:00:1a.0: [8086:1c2d] type 00 class 0x0c0320
[    0.132275] pci 0000:00:1a.0: reg 0x10: [mem 0xfad27000-0xfad273ff]
[    0.132351] pci 0000:00:1a.0: PME# supported from D0 D3hot D3cold
[    0.132402] pci 0000:00:1b.0: [8086:1c20] type 00 class 0x040300
[    0.132421] pci 0000:00:1b.0: reg 0x10: [mem 0xfad20000-0xfad23fff 64bit]
[    0.132487] pci 0000:00:1b.0: PME# supported from D0 D3hot D3cold
[    0.132536] pci 0000:00:1c.0: [8086:1c10] type 01 class 0x060400
[    0.132612] pci 0000:00:1c.0: PME# supported from D0 D3hot D3cold
[    0.132665] pci 0000:00:1c.1: [8086:1c12] type 01 class 0x060400
[    0.132741] pci 0000:00:1c.1: PME# supported from D0 D3hot D3cold
[    0.132793] pci 0000:00:1c.2: [8086:1c14] type 01 class 0x060400
[    0.132868] pci 0000:00:1c.2: PME# supported from D0 D3hot D3cold
[    0.132921] pci 0000:00:1c.3: [8086:1c16] type 01 class 0x060400
[    0.132996] pci 0000:00:1c.3: PME# supported from D0 D3hot D3cold
[    0.133050] pci 0000:00:1c.4: [8086:1c18] type 01 class 0x060400
[    0.133126] pci 0000:00:1c.4: PME# supported from D0 D3hot D3cold
[    0.133179] pci 0000:00:1c.6: [8086:244e] type 01 class 0x060401
[    0.133254] pci 0000:00:1c.6: PME# supported from D0 D3hot D3cold
[    0.133306] pci 0000:00:1c.7: [8086:1c1e] type 01 class 0x060400
[    0.133381] pci 0000:00:1c.7: PME# supported from D0 D3hot D3cold
[    0.133435] pci 0000:00:1d.0: [8086:1c26] type 00 class 0x0c0320
[    0.133455] pci 0000:00:1d.0: reg 0x10: [mem 0xfad26000-0xfad263ff]
[    0.133531] pci 0000:00:1d.0: PME# supported from D0 D3hot D3cold
[    0.133582] pci 0000:00:1f.0: [8086:1c44] type 00 class 0x060100
[    0.133726] pci 0000:00:1f.2: [8086:1c02] type 00 class 0x010601
[    0.133742] pci 0000:00:1f.2: reg 0x10: [io  0xf0d0-0xf0d7]
[    0.133749] pci 0000:00:1f.2: reg 0x14: [io  0xf0c0-0xf0c3]
[    0.133755] pci 0000:00:1f.2: reg 0x18: [io  0xf0b0-0xf0b7]
[    0.133762] pci 0000:00:1f.2: reg 0x1c: [io  0xf0a0-0xf0a3]
[    0.133768] pci 0000:00:1f.2: reg 0x20: [io  0xf060-0xf07f]
[    0.133775] pci 0000:00:1f.2: reg 0x24: [mem 0xfad25000-0xfad257ff]
[    0.133811] pci 0000:00:1f.2: PME# supported from D3hot
[    0.133855] pci 0000:00:1f.3: [8086:1c22] type 00 class 0x0c0500
[    0.133872] pci 0000:00:1f.3: reg 0x10: [mem 0xfad24000-0xfad240ff 64bit]
[    0.133890] pci 0000:00:1f.3: reg 0x20: [io  0xf040-0xf05f]
[    0.133968] pci 0000:01:00.0: [10de:1245] type 00 class 0x030000
[    0.133981] pci 0000:01:00.0: reg 0x10: [mem 0xf8000000-0xf9ffffff]
[    0.133987] pci 0000:01:00.0: reg 0x14: [mem 0xd0000000-0xd7ffffff 64bit pref]
[    0.133994] pci 0000:01:00.0: reg 0x1c: [mem 0xd8000000-0xdbffffff 64bit pref]
[    0.133998] pci 0000:01:00.0: reg 0x24: [io  0xe000-0xe07f]
[    0.134002] pci 0000:01:00.0: reg 0x30: [mem 0xfa000000-0xfa07ffff pref]
[    0.134006] pci 0000:01:00.0: enabling Extended Tags
[    0.134135] pci 0000:01:00.1: [10de:0bee] type 00 class 0x040300
[    0.134147] pci 0000:01:00.1: reg 0x10: [mem 0xfa080000-0xfa083fff]
[    0.134177] pci 0000:01:00.1: enabling Extended Tags
[    0.134301] pci 0000:00:01.0: PCI bridge to [bus 01]
[    0.134370] pci 0000:00:01.0:   bridge window [io  0xe000-0xefff]
[    0.134371] pci 0000:00:01.0:   bridge window [mem 0xf8000000-0xfa0fffff]
[    0.134373] pci 0000:00:01.0:   bridge window [mem 0xd0000000-0xdbffffff 64bit pref]
[    0.134406] pci 0000:00:1c.0: PCI bridge to [bus 02]
[    0.134534] pci 0000:03:00.0: [1b21:1042] type 00 class 0x0c0330
[    0.134574] pci 0000:03:00.0: reg 0x10: [mem 0xfac00000-0xfac07fff 64bit]
[    0.134727] pci 0000:03:00.0: PME# supported from D3hot D3cold
[    0.137024] pci 0000:00:1c.1: PCI bridge to [bus 03]
[    0.137096] pci 0000:00:1c.1:   bridge window [mem 0xfac00000-0xfacfffff]
[    0.137134] pci 0000:00:1c.2: PCI bridge to [bus 04]
[    0.137261] pci 0000:05:00.0: [197b:2362] type 00 class 0x010185
[    0.137308] pci 0000:05:00.0: reg 0x10: [io  0xd040-0xd047]
[    0.137323] pci 0000:05:00.0: reg 0x14: [io  0xd030-0xd033]
[    0.137338] pci 0000:05:00.0: reg 0x18: [io  0xd020-0xd027]
[    0.137353] pci 0000:05:00.0: reg 0x1c: [io  0xd010-0xd013]
[    0.137368] pci 0000:05:00.0: reg 0x20: [io  0xd000-0xd00f]
[    0.137383] pci 0000:05:00.0: reg 0x24: [mem 0xfab10000-0xfab101ff]
[    0.137398] pci 0000:05:00.0: reg 0x30: [mem 0x00000000-0x0000ffff pref]
[    0.137467] pci 0000:05:00.0: PME# supported from D3hot
[    0.140016] pci 0000:00:1c.3: PCI bridge to [bus 05]
[    0.140086] pci 0000:00:1c.3:   bridge window [io  0xd000-0xdfff]
[    0.140090] pci 0000:00:1c.3:   bridge window [mem 0xfab00000-0xfabfffff]
[    0.140148] pci 0000:06:00.0: [1b21:1042] type 00 class 0x0c0330
[    0.140188] pci 0000:06:00.0: reg 0x10: [mem 0xfaa00000-0xfaa07fff 64bit]
[    0.140342] pci 0000:06:00.0: PME# supported from D3hot D3cold
[    0.143016] pci 0000:00:1c.4: PCI bridge to [bus 06]
[    0.143089] pci 0000:00:1c.4:   bridge window [mem 0xfaa00000-0xfaafffff]
[    0.143138] pci 0000:07:00.0: [1b21:1080] type 01 class 0x060401
[    0.143270] pci 0000:00:1c.6: PCI bridge to [bus 07-08] (subtractive decode)
[    0.143344] pci 0000:00:1c.6:   bridge window [io  0xc000-0xcfff]
[    0.143347] pci 0000:00:1c.6:   bridge window [mem 0xfa900000-0xfa9fffff]
[    0.143353] pci 0000:00:1c.6:   bridge window [io  0x0000-0x0cf7 window] (subtractive decode)
[    0.143353] pci 0000:00:1c.6:   bridge window [io  0x0d00-0xffff window] (subtractive decode)
[    0.143354] pci 0000:00:1c.6:   bridge window [mem 0x000a0000-0x000bffff window] (subtractive decode)
[    0.143355] pci 0000:00:1c.6:   bridge window [mem 0xbfa00000-0xffffffff window] (subtractive decode)
[    0.143407] pci 0000:08:02.0: [1106:3044] type 00 class 0x0c0010
[    0.143444] pci 0000:08:02.0: reg 0x10: [mem 0xfa900000-0xfa9007ff]
[    0.143461] pci 0000:08:02.0: reg 0x14: [io  0xc000-0xc07f]
[    0.143589] pci 0000:08:02.0: supports D2
[    0.143590] pci 0000:08:02.0: PME# supported from D2 D3hot D3cold
[    0.143679] pci 0000:07:00.0: PCI bridge to [bus 08] (subtractive decode)
[    0.143758] pci 0000:07:00.0:   bridge window [io  0xc000-0xcfff]
[    0.143763] pci 0000:07:00.0:   bridge window [mem 0xfa900000-0xfa9fffff]
[    0.143772] pci 0000:07:00.0:   bridge window [io  0xc000-0xcfff] (subtractive decode)
[    0.143773] pci 0000:07:00.0:   bridge window [mem 0xfa900000-0xfa9fffff] (subtractive decode)
[    0.143774] pci 0000:07:00.0:   bridge window [io  0x0000-0x0cf7 window] (subtractive decode)
[    0.143774] pci 0000:07:00.0:   bridge window [io  0x0d00-0xffff window] (subtractive decode)
[    0.143775] pci 0000:07:00.0:   bridge window [mem 0x000a0000-0x000bffff window] (subtractive decode)
[    0.143776] pci 0000:07:00.0:   bridge window [mem 0xbfa00000-0xffffffff window] (subtractive decode)
[    0.143834] pci 0000:09:00.0: [1b4b:9172] type 00 class 0x010601
[    0.143861] pci 0000:09:00.0: reg 0x10: [io  0xb040-0xb047]
[    0.143872] pci 0000:09:00.0: reg 0x14: [io  0xb030-0xb033]
[    0.143883] pci 0000:09:00.0: reg 0x18: [io  0xb020-0xb027]
[    0.143895] pci 0000:09:00.0: reg 0x1c: [io  0xb010-0xb013]
[    0.143907] pci 0000:09:00.0: reg 0x20: [io  0xb000-0xb00f]
[    0.143919] pci 0000:09:00.0: reg 0x24: [mem 0xfa810000-0xfa8101ff]
[    0.143930] pci 0000:09:00.0: reg 0x30: [mem 0xfa800000-0xfa80ffff pref]
[    0.143943] pci 0000:09:00.0: Enabling fixed DMA alias to 00.1
[    0.144051] pci 0000:09:00.0: PME# supported from D3hot
[    0.147014] pci 0000:00:1c.7: PCI bridge to [bus 09]
[    0.147083] pci 0000:00:1c.7:   bridge window [io  0xb000-0xbfff]
[    0.147086] pci 0000:00:1c.7:   bridge window [mem 0xfa800000-0xfa8fffff]
[    0.147432] ACPI: PCI Interrupt Link [LNKA] (IRQs 3 4 5 6 7 10 *11 12 14 15)
[    0.147540] ACPI: PCI Interrupt Link [LNKB] (IRQs 3 4 5 6 7 *10 11 12 14 15)
[    0.147645] ACPI: PCI Interrupt Link [LNKC] (IRQs *3 4 5 6 10 11 12 14 15)
[    0.147749] ACPI: PCI Interrupt Link [LNKD] (IRQs 3 4 5 6 10 *11 12 14 15)
[    0.147853] ACPI: PCI Interrupt Link [LNKE] (IRQs 3 4 6 7 *10 11 12 14 15)
[    0.147958] ACPI: PCI Interrupt Link [LNKF] (IRQs 3 4 *5 6 7 10 11 12 14 15)
[    0.148033] ACPI: PCI Interrupt Link [LNKG] (IRQs 3 *4 5 6 7 10 11 12 14 15)
[    0.148140] ACPI: PCI Interrupt Link [LNKH] (IRQs 3 4 5 6 *7 10 11 12 14 15)
[    0.148267] ACPI: EC: interrupt unblocked
[    0.148338] ACPI: EC: event unblocked
[    0.148408] ACPI: \_SB_.PCI0.SBRG.EC0_: GPE=0x18, EC_CMD/EC_SC=0x66, EC_DATA=0x62
[    0.148505] ACPI: \_SB_.PCI0.SBRG.EC0_: Used as boot DSDT EC to handle transactions and events
[    0.148636] pci 0000:00:02.0: vgaarb: setting as boot VGA device
[    0.148636] pci 0000:00:02.0: vgaarb: VGA device added: decodes=io+mem,owns=io+mem,locks=none
[    0.148636] pci 0000:01:00.0: vgaarb: VGA device added: decodes=io+mem,owns=none,locks=none
[    0.148636] pci 0000:01:00.0: vgaarb: bridge control possible
[    0.148636] pci 0000:00:02.0: vgaarb: no bridge control possible
[    0.149002] vgaarb: loaded
[    0.149119] SCSI subsystem initialized
[    0.149192] libata version 3.00 loaded.
[    0.149192] ACPI: bus type USB registered
[    0.149192] usbcore: registered new interface driver usbfs
[    0.149192] usbcore: registered new interface driver hub
[    0.149245] usbcore: registered new device driver usb
[    0.149325] pps_core: LinuxPPS API ver. 1 registered
[    0.149393] pps_core: Software ver. 5.3.6 - Copyright 2005-2007 Rodolfo Giometti <giometti@linux.it>
[    0.149492] PTP clock support registered
[    0.149570] EDAC MC: Ver: 3.0.0
[    0.149570] Advanced Linux Sound Architecture Driver Initialized.
[    0.150001] PCI: Using ACPI for IRQ routing
[    0.150773] PCI: pci_cache_line_size set to 64 bytes
[    0.150837] e820: reserve RAM buffer [mem 0x0009b400-0x0009ffff]
[    0.150838] e820: reserve RAM buffer [mem 0xb677e000-0xb7ffffff]
[    0.150839] e820: reserve RAM buffer [mem 0xb6dcf000-0xb7ffffff]
[    0.150840] e820: reserve RAM buffer [mem 0xb7000000-0xb7ffffff]
[    0.150841] e820: reserve RAM buffer [mem 0x23fe00000-0x23fffffff]
[    0.151014] NetLabel: Initializing
[    0.151014] NetLabel:  domain hash size = 128
[    0.151014] NetLabel:  protocols = UNLABELED CIPSOv4 CALIPSO
[    0.151090] NetLabel:  unlabeled traffic allowed by default
[    0.151166] hpet0: at MMIO 0xfed00000, IRQs 2, 8, 0, 0, 0, 0, 0, 0
[    0.151166] hpet0: 8 comparators, 64-bit 14.318180 MHz counter
[    0.155013] clocksource: Switched to clocksource hpet
[    0.163547] VFS: Disk quotas dquot_6.6.0
[    0.163628] VFS: Dquot-cache hash table entries: 512 (order 0, 4096 bytes)
[    0.163739] pnp: PnP ACPI init
[    0.163912] system 00:00: [mem 0xfed10000-0xfed19fff] has been reserved
[    0.163984] system 00:00: [mem 0xe0000000-0xe3ffffff] has been reserved
[    0.164068] system 00:00: [mem 0xfed90000-0xfed93fff] has been reserved
[    0.164139] system 00:00: [mem 0xfed20000-0xfed3ffff] has been reserved
[    0.164210] system 00:00: [mem 0xfee00000-0xfee0ffff] has been reserved
[    0.164284] system 00:00: Plug and Play ACPI device, IDs PNP0c01 (active)
[    0.164344] system 00:01: [io  0x0290-0x029f] has been reserved
[    0.164417] system 00:01: Plug and Play ACPI device, IDs PNP0c02 (active)
[    0.164436] pnp 00:02: Plug and Play ACPI device, IDs PNP0b00 (active)
[    0.164469] system 00:03: [io  0x04d0-0x04d1] has been reserved
[    0.164542] system 00:03: Plug and Play ACPI device, IDs PNP0c02 (active)
[    0.164715] system 00:04: [io  0x0400-0x0453] has been reserved
[    0.164787] system 00:04: [io  0x0458-0x047f] has been reserved
[    0.164856] system 00:04: [io  0x0500-0x057f] has been reserved
[    0.164926] system 00:04: [mem 0xfed1c000-0xfed1ffff] has been reserved
[    0.164997] system 00:04: [mem 0xfec00000-0xfecfffff] could not be reserved
[    0.165081] system 00:04: [mem 0xfed08000-0xfed08fff] has been reserved
[    0.165152] system 00:04: [mem 0xff000000-0xffffffff] has been reserved
[    0.165225] system 00:04: Plug and Play ACPI device, IDs PNP0c01 (active)
[    0.165264] system 00:05: [io  0x0454-0x0457] has been reserved
[    0.165337] system 00:05: Plug and Play ACPI device, IDs INT3f0d PNP0c02 (active)
[    0.165488] pnp: PnP ACPI: found 6 devices
[    0.171206] clocksource: acpi_pm: mask: 0xffffff max_cycles: 0xffffff, max_idle_ns: 2085701024 ns
[    0.171366] pci 0000:00:01.0: PCI bridge to [bus 01]
[    0.171435] pci 0000:00:01.0:   bridge window [io  0xe000-0xefff]
[    0.171506] pci 0000:00:01.0:   bridge window [mem 0xf8000000-0xfa0fffff]
[    0.171578] pci 0000:00:01.0:   bridge window [mem 0xd0000000-0xdbffffff 64bit pref]
[    0.171675] pci 0000:00:1c.0: PCI bridge to [bus 02]
[    0.171752] pci 0000:00:1c.1: PCI bridge to [bus 03]
[    0.171822] pci 0000:00:1c.1:   bridge window [mem 0xfac00000-0xfacfffff]
[    0.171899] pci 0000:00:1c.2: PCI bridge to [bus 04]
[    0.171978] pci 0000:05:00.0: BAR 6: assigned [mem 0xfab00000-0xfab0ffff pref]
[    0.172082] pci 0000:00:1c.3: PCI bridge to [bus 05]
[    0.172151] pci 0000:00:1c.3:   bridge window [io  0xd000-0xdfff]
[    0.172224] pci 0000:00:1c.3:   bridge window [mem 0xfab00000-0xfabfffff]
[    0.172300] pci 0000:00:1c.4: PCI bridge to [bus 06]
[    0.172371] pci 0000:00:1c.4:   bridge window [mem 0xfaa00000-0xfaafffff]
[    0.172448] pci 0000:07:00.0: PCI bridge to [bus 08]
[    0.172518] pci 0000:07:00.0:   bridge window [io  0xc000-0xcfff]
[    0.172593] pci 0000:07:00.0:   bridge window [mem 0xfa900000-0xfa9fffff]
[    0.172675] pci 0000:00:1c.6: PCI bridge to [bus 07-08]
[    0.172745] pci 0000:00:1c.6:   bridge window [io  0xc000-0xcfff]
[    0.172818] pci 0000:00:1c.6:   bridge window [mem 0xfa900000-0xfa9fffff]
[    0.172894] pci 0000:00:1c.7: PCI bridge to [bus 09]
[    0.172963] pci 0000:00:1c.7:   bridge window [io  0xb000-0xbfff]
[    0.173047] pci 0000:00:1c.7:   bridge window [mem 0xfa800000-0xfa8fffff]
[    0.173125] pci_bus 0000:00: resource 4 [io  0x0000-0x0cf7 window]
[    0.173126] pci_bus 0000:00: resource 5 [io  0x0d00-0xffff window]
[    0.173127] pci_bus 0000:00: resource 6 [mem 0x000a0000-0x000bffff window]
[    0.173127] pci_bus 0000:00: resource 7 [mem 0xbfa00000-0xffffffff window]
[    0.173128] pci_bus 0000:01: resource 0 [io  0xe000-0xefff]
[    0.173129] pci_bus 0000:01: resource 1 [mem 0xf8000000-0xfa0fffff]
[    0.173130] pci_bus 0000:01: resource 2 [mem 0xd0000000-0xdbffffff 64bit pref]
[    0.173131] pci_bus 0000:03: resource 1 [mem 0xfac00000-0xfacfffff]
[    0.173132] pci_bus 0000:05: resource 0 [io  0xd000-0xdfff]
[    0.173133] pci_bus 0000:05: resource 1 [mem 0xfab00000-0xfabfffff]
[    0.173134] pci_bus 0000:06: resource 1 [mem 0xfaa00000-0xfaafffff]
[    0.173134] pci_bus 0000:07: resource 0 [io  0xc000-0xcfff]
[    0.173135] pci_bus 0000:07: resource 1 [mem 0xfa900000-0xfa9fffff]
[    0.173136] pci_bus 0000:07: resource 4 [io  0x0000-0x0cf7 window]
[    0.173137] pci_bus 0000:07: resource 5 [io  0x0d00-0xffff window]
[    0.173137] pci_bus 0000:07: resource 6 [mem 0x000a0000-0x000bffff window]
[    0.173138] pci_bus 0000:07: resource 7 [mem 0xbfa00000-0xffffffff window]
[    0.173139] pci_bus 0000:08: resource 0 [io  0xc000-0xcfff]
[    0.173140] pci_bus 0000:08: resource 1 [mem 0xfa900000-0xfa9fffff]
[    0.173140] pci_bus 0000:08: resource 4 [io  0xc000-0xcfff]
[    0.173141] pci_bus 0000:08: resource 5 [mem 0xfa900000-0xfa9fffff]
[    0.173142] pci_bus 0000:08: resource 6 [io  0x0000-0x0cf7 window]
[    0.173143] pci_bus 0000:08: resource 7 [io  0x0d00-0xffff window]
[    0.173143] pci_bus 0000:08: resource 8 [mem 0x000a0000-0x000bffff window]
[    0.173144] pci_bus 0000:08: resource 9 [mem 0xbfa00000-0xffffffff window]
[    0.173145] pci_bus 0000:09: resource 0 [io  0xb000-0xbfff]
[    0.173146] pci_bus 0000:09: resource 1 [mem 0xfa800000-0xfa8fffff]
[    0.173205] NET: Registered protocol family 2
[    0.173375] TCP established hash table entries: 65536 (order: 7, 524288 bytes)
[    0.173557] TCP bind hash table entries: 65536 (order: 8, 1048576 bytes)
[    0.173747] TCP: Hash tables configured (established 65536 bind 65536)
[    0.173840] UDP hash table entries: 4096 (order: 5, 131072 bytes)
[    0.173929] UDP-Lite hash table entries: 4096 (order: 5, 131072 bytes)
[    0.174044] NET: Registered protocol family 1
[    0.174171] RPC: Registered named UNIX socket transport module.
[    0.174241] RPC: Registered udp transport module.
[    0.174309] RPC: Registered tcp transport module.
[    0.174376] RPC: Registered tcp NFSv4.1 backchannel transport module.
[    0.174453] pci 0000:00:02.0: Video device with shadowed ROM at [mem 0x000c0000-0x000dffff]
[    0.423263] PCI: CLS 64 bytes, default 64
[    0.423288] PCI-DMA: Using software bounce buffering for IO (SWIOTLB)
[    0.423361] software IO TLB [mem 0xb277e000-0xb677e000] (64MB) mapped at [00000000d7be2c41-000000006d6b8ea7]
[    0.423524] RAPL PMU: API unit is 2^-32 Joules, 3 fixed counters, 163840 ms ovfl timer
[    0.423620] RAPL PMU: hw unit of domain pp0-core 2^-16 Joules
[    0.423689] RAPL PMU: hw unit of domain package 2^-16 Joules
[    0.423758] RAPL PMU: hw unit of domain pp1-gpu 2^-16 Joules
[    0.424287] Scanning for low memory corruption every 60 seconds
[    0.426027] AVX2 or AES-NI instructions are not detected.
[    0.426096] AVX2 instructions are not detected.
[    0.426630] Initialise system trusted keyrings
[    0.426722] workingset: timestamp_bits=40 max_order=21 bucket_order=0
[    0.427869] NFS: Registering the id_resolver key type
[    0.427940] Key type id_resolver registered
[    0.428015] Key type id_legacy registered
[    0.428106] SGI XFS with ACLs, security attributes, realtime, no debug enabled
[    0.430414] NET: Registered protocol family 38
[    0.430507] async_tx: api initialized (async)
[    0.431082] Key type asymmetric registered
[    0.431149] Asymmetric key parser 'x509' registered
[    0.431227] Block layer SCSI generic (bsg) driver version 0.4 loaded (major 249)
[    0.431324] io scheduler noop registered
[    0.431390] io scheduler deadline registered
[    0.431487] io scheduler cfq registered (default)
[    0.431556] io scheduler mq-deadline registered
[    0.431623] io scheduler kyber registered
[    0.431703] io scheduler bfq registered
[    0.432498] pcieport 0000:00:01.0: Signaling PME with IRQ 24
[    0.432585] pcieport 0000:00:1c.0: Signaling PME with IRQ 25
[    0.432671] pcieport 0000:00:1c.1: Signaling PME with IRQ 26
[    0.432756] pcieport 0000:00:1c.2: Signaling PME with IRQ 27
[    0.432841] pcieport 0000:00:1c.3: Signaling PME with IRQ 28
[    0.432928] pcieport 0000:00:1c.4: Signaling PME with IRQ 29
[    0.433020] pcieport 0000:00:1c.7: Signaling PME with IRQ 30
[    0.433138] input: Power Button as /devices/LNXSYSTM:00/LNXSYBUS:00/PNP0C0C:00/input/input0
[    0.433237] ACPI: Power Button [PWRB]
[    0.433324] input: Power Button as /devices/LNXSYSTM:00/LNXPWRBN:00/input/input1
[    0.433421] ACPI: Power Button [PWRF]
[    0.433540] Monitor-Mwait will be used to enter C-1 state
[    0.433548] Monitor-Mwait will be used to enter C-3 state
[    0.434081] Serial: 8250/16550 driver, 4 ports, IRQ sharing enabled
[    0.434551] Non-volatile memory driver v1.3
[    0.434641] Linux agpgart interface v0.103
[    0.435158] [drm] Memory usable by graphics device = 2048M
[    0.435228] [drm] Replacing VGA console driver
[    0.435668] Console: switching to colour dummy device 80x25
[    0.441121] [drm] Supports vblank timestamp caching Rev 2 (21.10.2013).
[    0.441123] [drm] Driver supports precise vblank timestamp query.
[    0.443239] i915 0000:00:02.0: vgaarb: changed VGA decodes: olddecodes=io+mem,decodes=none:owns=io+mem
[    0.447012] [drm] Initialized i915 1.6.0 20171023 for 0000:00:02.0 on minor 0
[    0.447504] ACPI: Video Device [GFX0] (multi-head: yes  rom: no  post: no)
[    0.447711] acpi device:41: registered as cooling_device4
[    0.447752] input: Video Bus as /devices/LNXSYSTM:00/LNXSYBUS:00/PNP0A08:00/LNXVIDEO:00/input/input2
[    0.448817] loop: module loaded
[    0.448871] ahci 0000:00:1f.2: version 3.0
[    0.459096] ahci 0000:00:1f.2: AHCI 0001.0300 32 slots 6 ports 6 Gbps 0x3f impl SATA mode
[    0.459112] ahci 0000:00:1f.2: flags: 64bit ncq sntf pm led clo pio slum part ems apst 
[    0.474470] scsi host0: ahci
[    0.474628] scsi host1: ahci
[    0.474699] scsi host2: ahci
[    0.474767] scsi host3: ahci
[    0.474816] scsi host4: ahci
[    0.474868] scsi host5: ahci
[    0.474893] ata1: SATA max UDMA/133 abar m2048@0xfad25000 port 0xfad25100 irq 32
[    0.474897] ata2: SATA max UDMA/133 abar m2048@0xfad25000 port 0xfad25180 irq 32
[    0.474900] ata3: SATA max UDMA/133 abar m2048@0xfad25000 port 0xfad25200 irq 32
[    0.474903] ata4: SATA max UDMA/133 abar m2048@0xfad25000 port 0xfad25280 irq 32
[    0.474906] ata5: SATA max UDMA/133 abar m2048@0xfad25000 port 0xfad25300 irq 32
[    0.474909] ata6: SATA max UDMA/133 abar m2048@0xfad25000 port 0xfad25380 irq 32
[    0.475052] ahci 0000:05:00.0: AHCI 0001.0100 32 slots 2 ports 3 Gbps 0x3 impl SATA mode
[    0.475056] ahci 0000:05:00.0: flags: 64bit ncq pm led clo pmp pio slum part 
[    0.475211] scsi host6: ahci
[    0.475276] scsi host7: ahci
[    0.475301] ata7: SATA max UDMA/133 abar m512@0xfab10000 port 0xfab10100 irq 19
[    0.475306] ata8: SATA max UDMA/133 abar m512@0xfab10000 port 0xfab10180 irq 19
[    0.475443] ahci 0000:09:00.0: AHCI 0001.0000 32 slots 2 ports 6 Gbps 0x3 impl SATA mode
[    0.475446] ahci 0000:09:00.0: flags: 64bit ncq sntf led only pmp fbs pio slum part sxs 
[    0.475609] scsi host8: ahci
[    0.475678] scsi host9: ahci
[    0.475703] ata9: SATA max UDMA/133 abar m512@0xfa810000 port 0xfa810100 irq 33
[    0.475707] ata10: SATA max UDMA/133 abar m512@0xfa810000 port 0xfa810180 irq 33
[    0.475749] e1000e: Intel(R) PRO/1000 Network Driver - 3.2.6-k
[    0.475750] e1000e: Copyright(c) 1999 - 2015 Intel Corporation.
[    0.475827] e1000e 0000:00:19.0: Interrupt Throttling Rate (ints/sec) set to dynamic conservative mode
[    0.512417] [drm] Cannot find any crtc or sizes
[    0.617219] e1000e 0000:00:19.0 0000:00:19.0 (uninitialized): registered PHC clock
[    0.730405] e1000e 0000:00:19.0 eth0: (PCI Express:2.5GT/s:Width x1) 14:da:e9:0f:78:84
[    0.730409] e1000e 0000:00:19.0 eth0: Intel(R) PRO/1000 Network Connection
[    0.730445] e1000e 0000:00:19.0 eth0: MAC: 10, PHY: 11, PBA No: FFFFFF-0FF
[    0.730553] ehci_hcd: USB 2.0 'Enhanced' Host Controller (EHCI) Driver
[    0.730556] ehci-pci: EHCI PCI platform driver
[    0.730629] ehci-pci 0000:00:1a.0: EHCI Host Controller
[    0.730744] ehci-pci 0000:00:1a.0: new USB bus registered, assigned bus number 1
[    0.730758] ehci-pci 0000:00:1a.0: debug port 2
[    0.734662] ehci-pci 0000:00:1a.0: cache line size of 64 is not supported
[    0.734669] ehci-pci 0000:00:1a.0: irq 23, io mem 0xfad27000
[    0.741062] ehci-pci 0000:00:1a.0: USB 2.0 started, EHCI 1.00
[    0.741119] usb usb1: New USB device found, idVendor=1d6b, idProduct=0002
[    0.741122] usb usb1: New USB device strings: Mfr=3, Product=2, SerialNumber=1
[    0.741124] usb usb1: Product: EHCI Host Controller
[    0.741126] usb usb1: Manufacturer: Linux 4.15.3 ehci_hcd
[    0.741128] usb usb1: SerialNumber: 0000:00:1a.0
[    0.741258] hub 1-0:1.0: USB hub found
[    0.741265] hub 1-0:1.0: 2 ports detected
[    0.741389] ehci-pci 0000:00:1d.0: EHCI Host Controller
[    0.741471] ehci-pci 0000:00:1d.0: new USB bus registered, assigned bus number 2
[    0.741484] ehci-pci 0000:00:1d.0: debug port 2
[    0.745374] ehci-pci 0000:00:1d.0: cache line size of 64 is not supported
[    0.745378] ehci-pci 0000:00:1d.0: irq 23, io mem 0xfad26000
[    0.752067] ehci-pci 0000:00:1d.0: USB 2.0 started, EHCI 1.00
[    0.752118] usb usb2: New USB device found, idVendor=1d6b, idProduct=0002
[    0.752121] usb usb2: New USB device strings: Mfr=3, Product=2, SerialNumber=1
[    0.752123] usb usb2: Product: EHCI Host Controller
[    0.752125] usb usb2: Manufacturer: Linux 4.15.3 ehci_hcd
[    0.752126] usb usb2: SerialNumber: 0000:00:1d.0
[    0.752249] hub 2-0:1.0: USB hub found
[    0.752256] hub 2-0:1.0: 2 ports detected
[    0.752330] ohci_hcd: USB 1.1 'Open' Host Controller (OHCI) Driver
[    0.752334] ohci-pci: OHCI PCI platform driver
[    0.752341] uhci_hcd: USB Universal Host Controller Interface driver
[    0.752360] usbcore: registered new interface driver usblp
[    0.752383] usbcore: registered new interface driver usb-storage
[    0.752420] i8042: PNP: No PS/2 controller found.
[    0.752660] rtc_cmos 00:02: RTC can wake from S4
[    0.752769] rtc_cmos 00:02: rtc core: registered rtc_cmos as rtc0
[    0.752797] rtc_cmos 00:02: alarms up to one month, y3k, 114 bytes nvram, hpet irqs
[    0.752874] i801_smbus 0000:00:1f.3: SMBus using PCI interrupt
[    0.753061] device-mapper: ioctl: 4.37.0-ioctl (2017-09-20) initialised: dm-devel@redhat.com
[    0.753126] device-mapper: multipath round-robin: version 1.2.0 loaded
[    0.753129] device-mapper: multipath queue-length: version 0.2.0 loaded
[    0.753131] device-mapper: multipath service-time: version 0.3.0 loaded
[    0.753140] device-mapper: raid: Loading target version 1.13.0
[    0.753150] intel_pstate: Intel P-state driver initializing
[    0.753233] hidraw: raw HID events driver (C) Jiri Kosina
[    0.753328] usbcore: registered new interface driver usbhid
[    0.753329] usbhid: USB HID core driver
[    0.753484] snd_hda_intel 0000:00:1b.0: bound 0000:00:02.0 (ops 0xffffffff9f0eb300)
[    0.753570] snd_hda_intel 0000:01:00.1: Disabling MSI
[    0.753623] Netfilter messages via NETLINK v0.30.
[    0.753711] nf_conntrack version 0.5.0 (65536 buckets, 262144 max)
[    0.753726] ctnetlink v0.93: registering with nfnetlink.
[    0.753775] ip_tables: (C) 2000-2006 Netfilter Core Team
[    0.753976] Initializing XFRM netlink socket
[    0.754050] NET: Registered protocol family 10
[    0.754167] Segment Routing with IPv6
[    0.754181] ip6_tables: (C) 2000-2006 Netfilter Core Team
[    0.754361] sit: IPv6, IPv4 and MPLS over IPv4 tunneling driver
[    0.754431] NET: Registered protocol family 17
[    0.754443] Key type dns_resolver registered
[    0.754583] microcode: sig=0x206a7, pf=0x2, revision=0x14
[    0.754613] microcode: Microcode Update Driver: v2.2.
[    0.754621] AVX version of gcm_enc/dec engaged.
[    0.754624] AES CTR mode by8 optimization enabled
[    0.755179] sched_clock: Marking stable (755176530, 0)->(857330781, -102154251)
[    0.755305] registered taskstats version 1
[    0.755307] Loading compiled-in X.509 certificates
[    0.755430] Btrfs loaded, crc32c=crc32c-intel, ref-verify=on
[    0.755444] BTRFS: selftest: sectorsize: 4096  nodesize: 4096
[    0.755445] BTRFS: selftest: Running btrfs free space cache tests
[    0.755451] BTRFS: selftest: Running extent only tests
[    0.755454] BTRFS: selftest: Running bitmap only tests
[    0.755459] BTRFS: selftest: Running bitmap and extent tests
[    0.755464] BTRFS: selftest: Running space stealing from bitmap to extent
[    0.755662] BTRFS: selftest: Free space cache tests finished
[    0.755664] BTRFS: selftest: Running extent buffer operation tests
[    0.755665] BTRFS: selftest: Running btrfs_split_item tests
[    0.755676] BTRFS: selftest: Running extent I/O tests
[    0.755677] BTRFS: selftest: Running find delalloc tests
[    0.762115] hdaudio hdaudioC0D0: Unable to bind the codec
[    0.762208] hdaudio hdaudioC0D3: Unable to bind the codec
[    0.780683] ata2: SATA link up 6.0 Gbps (SStatus 133 SControl 300)
[    0.780685] ata8: SATA link down (SStatus 0 SControl 300)
[    0.780725] ata6: SATA link up 3.0 Gbps (SStatus 123 SControl 300)
[    0.780743] ata3: SATA link up 3.0 Gbps (SStatus 123 SControl 300)
[    0.780774] ata7: SATA link down (SStatus 0 SControl 300)
[    0.780801] ata4: SATA link up 3.0 Gbps (SStatus 123 SControl 300)
[    0.780818] ata1: SATA link up 6.0 Gbps (SStatus 133 SControl 300)
[    0.780856] ata5: SATA link up 3.0 Gbps (SStatus 123 SControl 300)
[    0.780914] ata6.00: ATA-9: INTEL SSDSC2BA100G3, 5DV12270, max UDMA/133
[    0.780916] ata6.00: 195371568 sectors, multi 1: LBA48 NCQ (depth 31/32)
[    0.780932] ata2.00: ATA-9: INTEL SSDSC2BA100G3, 5DV12270, max UDMA/133
[    0.780934] ata2.00: 195371568 sectors, multi 1: LBA48 NCQ (depth 31/32)
[    0.780960] ata3.00: ATA-9: INTEL SSDSC2BA100G3, 5DV12270, max UDMA/133
[    0.780963] ata3.00: 195371568 sectors, multi 1: LBA48 NCQ (depth 31/32)
[    0.780980] ata4.00: ATA-9: INTEL SSDSC2BA100G3, 5DV12270, max UDMA/133
[    0.780982] ata4.00: 195371568 sectors, multi 1: LBA48 NCQ (depth 31/32)
[    0.780998] ata1.00: ATA-9: INTEL SSDSC2BA100G3, 5DV12270, max UDMA/133
[    0.780999] ata1.00: 195371568 sectors, multi 1: LBA48 NCQ (depth 31/32)
[    0.781066] ata5.00: ATA-9: INTEL SSDSC2BA100G3, 5DV12270, max UDMA/133
[    0.781069] ata5.00: 195371568 sectors, multi 1: LBA48 NCQ (depth 31/32)
[    0.781141] ata2.00: configured for UDMA/133
[    0.781168] ata3.00: configured for UDMA/133
[    0.781183] ata6.00: configured for UDMA/133
[    0.781191] ata4.00: configured for UDMA/133
[    0.781232] ata1.00: configured for UDMA/133
[    0.781279] ata5.00: configured for UDMA/133
[    0.781341] scsi 0:0:0:0: Direct-Access     ATA      INTEL SSDSC2BA10 2270 PQ: 0 ANSI: 5
[    0.781488] sd 0:0:0:0: Attached scsi generic sg0 type 0
[    0.781494] ata1.00: Enabling discard_zeroes_data
[    0.781544] sd 0:0:0:0: [sda] 195371568 512-byte logical blocks: (100 GB/93.2 GiB)
[    0.781546] sd 0:0:0:0: [sda] 4096-byte physical blocks
[    0.781557] sd 0:0:0:0: [sda] Write Protect is off
[    0.781560] sd 0:0:0:0: [sda] Mode Sense: 00 3a 00 00
[    0.781577] sd 0:0:0:0: [sda] Write cache: enabled, read cache: enabled, doesn't support DPO or FUA
[    0.781587] scsi 1:0:0:0: Direct-Access     ATA      INTEL SSDSC2BA10 2270 PQ: 0 ANSI: 5
[    0.781647] ata1.00: Enabling discard_zeroes_data
[    0.781677] ata2.00: Enabling discard_zeroes_data
[    0.781684] sd 1:0:0:0: Attached scsi generic sg1 type 0
[    0.781721] sd 1:0:0:0: [sdb] 195371568 512-byte logical blocks: (100 GB/93.2 GiB)
[    0.781723] sd 1:0:0:0: [sdb] 4096-byte physical blocks
[    0.781730] sd 1:0:0:0: [sdb] Write Protect is off
[    0.781732] sd 1:0:0:0: [sdb] Mode Sense: 00 3a 00 00
[    0.781744] sd 1:0:0:0: [sdb] Write cache: enabled, read cache: enabled, doesn't support DPO or FUA
[    0.781791] scsi 2:0:0:0: Direct-Access     ATA      INTEL SSDSC2BA10 2270 PQ: 0 ANSI: 5
[    0.781823] ata2.00: Enabling discard_zeroes_data
[    0.781865] ata3.00: Enabling discard_zeroes_data
[    0.781866] sd 2:0:0:0: Attached scsi generic sg2 type 0
[    0.781906] sd 2:0:0:0: [sdc] 195371568 512-byte logical blocks: (100 GB/93.2 GiB)
[    0.781908] sd 2:0:0:0: [sdc] 4096-byte physical blocks
[    0.781909]  sda: sda1
[    0.781915] sd 2:0:0:0: [sdc] Write Protect is off
[    0.781917] sd 2:0:0:0: [sdc] Mode Sense: 00 3a 00 00
[    0.781928] sd 2:0:0:0: [sdc] Write cache: enabled, read cache: enabled, doesn't support DPO or FUA
[    0.781942] scsi 3:0:0:0: Direct-Access     ATA      INTEL SSDSC2BA10 2270 PQ: 0 ANSI: 5
[    0.781988] ata3.00: Enabling discard_zeroes_data
[    0.782040] ata4.00: Enabling discard_zeroes_data
[    0.782065] sd 3:0:0:0: Attached scsi generic sg3 type 0
[    0.782077] ata1.00: Enabling discard_zeroes_data
[    0.782085] sd 3:0:0:0: [sdd] 195371568 512-byte logical blocks: (100 GB/93.2 GiB)
[    0.782087] sd 3:0:0:0: [sdd] 4096-byte physical blocks
[    0.782106] sd 3:0:0:0: [sdd] Write Protect is off
[    0.782108] sd 3:0:0:0: [sdd] Mode Sense: 00 3a 00 00
[    0.782120] sd 3:0:0:0: [sdd] Write cache: enabled, read cache: enabled, doesn't support DPO or FUA
[    0.782155] sd 0:0:0:0: [sda] Attached SCSI disk
[    0.782168] scsi 4:0:0:0: Direct-Access     ATA      INTEL SSDSC2BA10 2270 PQ: 0 ANSI: 5
[    0.782179] ata4.00: Enabling discard_zeroes_data
[    0.782181]  sdb: sdb1
[    0.782187]  sdc: sdc1
[    0.782263] ata2.00: Enabling discard_zeroes_data
[    0.782281] ata5.00: Enabling discard_zeroes_data
[    0.782320] sd 4:0:0:0: [sde] 195371568 512-byte logical blocks: (100 GB/93.2 GiB)
[    0.782322] sd 4:0:0:0: [sde] 4096-byte physical blocks
[    0.782335] sd 4:0:0:0: [sde] Write Protect is off
[    0.782336] sd 4:0:0:0: [sde] Mode Sense: 00 3a 00 00
[    0.782338] sd 4:0:0:0: Attached scsi generic sg4 type 0
[    0.782349] sd 4:0:0:0: [sde] Write cache: enabled, read cache: enabled, doesn't support DPO or FUA
[    0.782365] sd 1:0:0:0: [sdb] Attached SCSI disk
[    0.782385] ata3.00: Enabling discard_zeroes_data
[    0.782401] ata5.00: Enabling discard_zeroes_data
[    0.782434] scsi 5:0:0:0: Direct-Access     ATA      INTEL SSDSC2BA10 2270 PQ: 0 ANSI: 5
[    0.782452] sd 2:0:0:0: [sdc] Attached SCSI disk
[    0.782508] sd 5:0:0:0: Attached scsi generic sg5 type 0
[    0.782544] ata6.00: Enabling discard_zeroes_data
[    0.782594] sd 5:0:0:0: [sdf] 195371568 512-byte logical blocks: (100 GB/93.2 GiB)
[    0.782596] sd 5:0:0:0: [sdf] 4096-byte physical blocks
[    0.782604]  sde: sde1
[    0.782605] sd 5:0:0:0: [sdf] Write Protect is off
[    0.782606] sd 5:0:0:0: [sdf] Mode Sense: 00 3a 00 00
[    0.782621] sd 5:0:0:0: [sdf] Write cache: enabled, read cache: enabled, doesn't support DPO or FUA
[    0.782668] ata5.00: Enabling discard_zeroes_data
[    0.782687] ata6.00: Enabling discard_zeroes_data
[    0.782710]  sdd: sdd1
[    0.782751] sd 4:0:0:0: [sde] Attached SCSI disk
[    0.782776] ata4.00: Enabling discard_zeroes_data
[    0.782876] sd 3:0:0:0: [sdd] Attached SCSI disk
[    0.782895]  sdf: sdf1
[    0.782956] ata6.00: Enabling discard_zeroes_data
[    0.783064] sd 5:0:0:0: [sdf] Attached SCSI disk
[    0.784935] BTRFS: selftest: Running extent buffer bitmap tests
[    0.799904] BTRFS: selftest: Extent I/O tests finished
[    0.799906] BTRFS: selftest: Running btrfs_get_extent tests
[    0.799938] BTRFS: selftest: Running hole first btrfs_get_extent test
[    0.799945] BTRFS: selftest: Running outstanding_extents tests
[    0.799957] BTRFS: selftest: Running qgroup tests
[    0.799958] BTRFS: selftest: Qgroup basic add
[    0.799970] BTRFS: selftest: Qgroup multiple refs test
[    0.799995] BTRFS: selftest: Running free space tree tests
[    0.812689] BTRFS: selftest: sectorsize: 4096  nodesize: 8192
[    0.812690] BTRFS: selftest: Running btrfs free space cache tests
[    0.812694] BTRFS: selftest: Running extent only tests
[    0.812697] BTRFS: selftest: Running bitmap only tests
[    0.812701] BTRFS: selftest: Running bitmap and extent tests
[    0.812706] BTRFS: selftest: Running space stealing from bitmap to extent
[    0.812903] BTRFS: selftest: Free space cache tests finished
[    0.812904] BTRFS: selftest: Running extent buffer operation tests
[    0.812905] BTRFS: selftest: Running btrfs_split_item tests
[    0.812912] BTRFS: selftest: Running extent I/O tests
[    0.812913] BTRFS: selftest: Running find delalloc tests
[    0.841547] BTRFS: selftest: Running extent buffer bitmap tests
[    0.856124] BTRFS: selftest: Extent I/O tests finished
[    0.856126] BTRFS: selftest: Running btrfs_get_extent tests
[    0.856154] BTRFS: selftest: Running hole first btrfs_get_extent test
[    0.856160] BTRFS: selftest: Running outstanding_extents tests
[    0.856170] BTRFS: selftest: Running qgroup tests
[    0.856172] BTRFS: selftest: Qgroup basic add
[    0.856182] BTRFS: selftest: Qgroup multiple refs test
[    0.856206] BTRFS: selftest: Running free space tree tests
[    0.868888] BTRFS: selftest: sectorsize: 4096  nodesize: 16384
[    0.868890] BTRFS: selftest: Running btrfs free space cache tests
[    0.868893] BTRFS: selftest: Running extent only tests
[    0.868896] BTRFS: selftest: Running bitmap only tests
[    0.868900] BTRFS: selftest: Running bitmap and extent tests
[    0.868904] BTRFS: selftest: Running space stealing from bitmap to extent
[    0.869106] BTRFS: selftest: Free space cache tests finished
[    0.869107] BTRFS: selftest: Running extent buffer operation tests
[    0.869108] BTRFS: selftest: Running btrfs_split_item tests
[    0.869115] BTRFS: selftest: Running extent I/O tests
[    0.869116] BTRFS: selftest: Running find delalloc tests
[    0.897601] BTRFS: selftest: Running extent buffer bitmap tests
[    0.912179] BTRFS: selftest: Extent I/O tests finished
[    0.912180] BTRFS: selftest: Running btrfs_get_extent tests
[    0.912206] BTRFS: selftest: Running hole first btrfs_get_extent test
[    0.912213] BTRFS: selftest: Running outstanding_extents tests
[    0.912223] BTRFS: selftest: Running qgroup tests
[    0.912224] BTRFS: selftest: Qgroup basic add
[    0.912232] BTRFS: selftest: Qgroup multiple refs test
[    0.912255] BTRFS: selftest: Running free space tree tests
[    0.925116] BTRFS: selftest: sectorsize: 4096  nodesize: 32768
[    0.925118] BTRFS: selftest: Running btrfs free space cache tests
[    0.925121] BTRFS: selftest: Running extent only tests
[    0.925124] BTRFS: selftest: Running bitmap only tests
[    0.925129] BTRFS: selftest: Running bitmap and extent tests
[    0.925133] BTRFS: selftest: Running space stealing from bitmap to extent
[    0.925330] BTRFS: selftest: Free space cache tests finished
[    0.925331] BTRFS: selftest: Running extent buffer operation tests
[    0.925332] BTRFS: selftest: Running btrfs_split_item tests
[    0.925339] BTRFS: selftest: Running extent I/O tests
[    0.925340] BTRFS: selftest: Running find delalloc tests
[    0.935028] ata10: SATA link up 3.0 Gbps (SStatus 123 SControl 300)
[    0.935052] ata9: SATA link up 6.0 Gbps (SStatus 133 SControl 300)
[    0.935369] ata10.00: ATA-8: INTEL SSDSA2CW120G3, 4PC10362, max UDMA/133
[    0.935373] ata10.00: 234441648 sectors, multi 1: LBA48 NCQ (depth 31/32)
[    0.935506] ata9.00: ATA-9: INTEL SSDSC2BB080G6, G2010150, max UDMA/133
[    0.935509] ata9.00: 156301488 sectors, multi 1: LBA48 NCQ (depth 31/32)
[    0.935714] ata10.00: configured for UDMA/133
[    0.936073] ata9.00: configured for UDMA/133
[    0.936230] scsi 8:0:0:0: Direct-Access     ATA      INTEL SSDSC2BB08 0150 PQ: 0 ANSI: 5
[    0.936459] sd 8:0:0:0: Attached scsi generic sg6 type 0
[    0.936461] ata9.00: Enabling discard_zeroes_data
[    0.936512] sd 8:0:0:0: [sdg] 156301488 512-byte logical blocks: (80.0 GB/74.5 GiB)
[    0.936515] sd 8:0:0:0: [sdg] 4096-byte physical blocks
[    0.936523] sd 8:0:0:0: [sdg] Write Protect is off
[    0.936525] sd 8:0:0:0: [sdg] Mode Sense: 00 3a 00 00
[    0.936550] sd 8:0:0:0: [sdg] Write cache: enabled, read cache: enabled, doesn't support DPO or FUA
[    0.936556] scsi 9:0:0:0: Direct-Access     ATA      INTEL SSDSA2CW12 0362 PQ: 0 ANSI: 5
[    0.936649] ata9.00: Enabling discard_zeroes_data
[    0.936685] sd 9:0:0:0: Attached scsi generic sg7 type 0
[    0.936688] ata10.00: Enabling discard_zeroes_data
[    0.936732] sd 9:0:0:0: [sdh] 234441648 512-byte logical blocks: (120 GB/112 GiB)
[    0.936742] sd 9:0:0:0: [sdh] Write Protect is off
[    0.936744] sd 9:0:0:0: [sdh] Mode Sense: 00 3a 00 00
[    0.936756] sd 9:0:0:0: [sdh] Write cache: enabled, read cache: enabled, doesn't support DPO or FUA
[    0.936834] ata10.00: Enabling discard_zeroes_data
[    0.936994]  sdg: sdg1 sdg2
[    0.937097] ata9.00: Enabling discard_zeroes_data
[    0.937146]  sdh: sdh1
[    0.937207] ata10.00: Enabling discard_zeroes_data
[    0.937208] sd 8:0:0:0: [sdg] Attached SCSI removable disk
[    0.937312] sd 9:0:0:0: [sdh] Attached SCSI removable disk
[    0.953871] BTRFS: selftest: Running extent buffer bitmap tests
[    0.968454] BTRFS: selftest: Extent I/O tests finished
[    0.968456] BTRFS: selftest: Running btrfs_get_extent tests
[    0.968485] BTRFS: selftest: Running hole first btrfs_get_extent test
[    0.968492] BTRFS: selftest: Running outstanding_extents tests
[    0.968503] BTRFS: selftest: Running qgroup tests
[    0.968504] BTRFS: selftest: Qgroup basic add
[    0.968514] BTRFS: selftest: Qgroup multiple refs test
[    0.968539] BTRFS: selftest: Running free space tree tests
[    0.981239] BTRFS: selftest: sectorsize: 4096  nodesize: 65536
[    0.981240] BTRFS: selftest: Running btrfs free space cache tests
[    0.981244] BTRFS: selftest: Running extent only tests
[    0.981247] BTRFS: selftest: Running bitmap only tests
[    0.981251] BTRFS: selftest: Running bitmap and extent tests
[    0.981255] BTRFS: selftest: Running space stealing from bitmap to extent
[    0.981452] BTRFS: selftest: Free space cache tests finished
[    0.981453] BTRFS: selftest: Running extent buffer operation tests
[    0.981454] BTRFS: selftest: Running btrfs_split_item tests
[    0.981462] BTRFS: selftest: Running extent I/O tests
[    0.981463] BTRFS: selftest: Running find delalloc tests
[    0.996056] hdaudio hdaudioC1D0: Unable to bind the codec
[    0.996091] hdaudio hdaudioC1D1: Unable to bind the codec
[    0.996118] hdaudio hdaudioC1D2: Unable to bind the codec
[    0.996142] hdaudio hdaudioC1D3: Unable to bind the codec
[    1.009918] BTRFS: selftest: Running extent buffer bitmap tests
[    1.024496] BTRFS: selftest: Extent I/O tests finished
[    1.024498] BTRFS: selftest: Running btrfs_get_extent tests
[    1.024526] BTRFS: selftest: Running hole first btrfs_get_extent test
[    1.024534] BTRFS: selftest: Running outstanding_extents tests
[    1.024545] BTRFS: selftest: Running qgroup tests
[    1.024546] BTRFS: selftest: Qgroup basic add
[    1.024555] BTRFS: selftest: Qgroup multiple refs test
[    1.024580] BTRFS: selftest: Running free space tree tests
[    1.037789] console [netcon0] enabled
[    1.037791] netconsole: network logging started
[    1.037824] ALSA device list:
[    1.037825]   No soundcards found.
[    1.037871] md: Waiting for all devices to be available before autodetect
[    1.037872] md: If you don't use raid, use raid=noautodetect
[    1.037986] md: Autodetecting RAID arrays.
[    1.038856] md: autorun ...
[    1.038888] md: running: <sdf1><sdd1><sde1><sdc1><sdb1><sda1>
[    1.038970] md0: detected capacity change from 0 to 600173445120
[    1.038976] md: ... autorun DONE.
[    1.048473] XFS (sdg2): Mounting V5 Filesystem
[    1.065010] usb 1-1: new high-speed USB device number 2 using ehci-pci
[    1.073007] usb 2-1: new high-speed USB device number 2 using ehci-pci
[    1.077861] XFS (sdg2): Ending clean mount
[    1.078143] VFS: Mounted root (xfs filesystem) readonly on device 8:98.
[    1.079114] devtmpfs: mounted
[    1.079981] Freeing unused kernel memory: 1204K
[    1.079983] Write protecting the kernel read-only data: 20480k
[    1.080460] Freeing unused kernel memory: 1980K
[    1.081308] Freeing unused kernel memory: 584K
[    1.132827] loadkeys (1588) used greatest stack depth: 13424 bytes left
[    1.193351] usb 1-1: New USB device found, idVendor=8087, idProduct=0024
[    1.193355] usb 1-1: New USB device strings: Mfr=0, Product=0, SerialNumber=0
[    1.193614] hub 1-1:1.0: USB hub found
[    1.193696] hub 1-1:1.0: 6 ports detected
[    1.201349] usb 2-1: New USB device found, idVendor=8087, idProduct=0024
[    1.201353] usb 2-1: New USB device strings: Mfr=0, Product=0, SerialNumber=0
[    1.201585] hub 2-1:1.0: USB hub found
[    1.201695] hub 2-1:1.0: 8 ports detected
[    1.439016] tsc: Refined TSC clocksource calibration: 3300.022 MHz
[    1.439020] clocksource: tsc: mask: 0xffffffffffffffff max_cycles: 0x2f91614f8ec, max_idle_ns: 440795344305 ns
[    1.472994] usb 2-1.5: new full-speed USB device number 3 using ehci-pci
[    1.508785] udevd[1950]: starting version 3.2.5
[    1.516421] udevd[1951]: starting eudev-3.2.5
[    1.552066] usb 2-1.5: New USB device found, idVendor=067b, idProduct=2303
[    1.552067] usb 2-1.5: New USB device strings: Mfr=1, Product=2, SerialNumber=0
[    1.552068] usb 2-1.5: Product: USB-Serial Controller D
[    1.552069] usb 2-1.5: Manufacturer: Prolific Technology Inc. 
[    1.559080] e1000e 0000:00:19.0 eno1: renamed from eth0
[    1.615996] usb 2-1.7: new full-speed USB device number 4 using ehci-pci
[    1.694718] usb 2-1.7: New USB device found, idVendor=0cf3, idProduct=3000
[    1.694719] usb 2-1.7: New USB device strings: Mfr=0, Product=0, SerialNumber=0
[    2.447167] clocksource: Switched to clocksource tsc
[    2.534980] EXT4-fs (sdh1): mounted filesystem with ordered data mode. Opts: (null)
[    2.541378] EXT4-fs (md0): mounted filesystem with ordered data mode. Opts: (null)
[    2.650736] dmesg (2551) used greatest stack depth: 13056 bytes left
[    2.752721] ip (2713) used greatest stack depth: 13008 bytes left
[    2.913225] cat (2839) used greatest stack depth: 12576 bytes left
[    3.175174] IPv6: ADDRCONF(NETDEV_UP): eno1: link is not ready
[    6.585046] e1000e: eno1 NIC Link is Up 1000 Mbps Full Duplex, Flow Control: Rx/Tx
[    6.585078] IPv6: ADDRCONF(NETDEV_CHANGE): eno1: link becomes ready
[   61.054579] random: crng init done
[ 2724.830990] kworker/dying (29) used greatest stack depth: 12304 bytes left
[19338.206843] kworker/dying (1644) used greatest stack depth: 12288 bytes left
[19665.886832] kworker/dying (1597) used greatest stack depth: 12176 bytes left
[25429.686948] postgres (30068) used greatest stack depth: 12168 bytes left
[26547.166767] kworker/dying (14751) used greatest stack depth: 11928 bytes left
[46502.878658] kworker/dying (29593) used greatest stack depth: 11768 bytes left
