[    0.000000] Linux version 4.15.3 (root@bench) (gcc version 7.3.0 (GCC)) #2 SMP Fri Feb 16 20:02:39 CET 2018
[    0.000000] Command line: BOOT_IMAGE=/vmlinuz-4.15.3 root=/dev/sdg2 ro
[    0.000000] x86/fpu: Supporting XSAVE feature 0x001: 'x87 floating point registers'
[    0.000000] x86/fpu: Supporting XSAVE feature 0x002: 'SSE registers'
[    0.000000] x86/fpu: Supporting XSAVE feature 0x004: 'AVX registers'
[    0.000000] x86/fpu: xstate_offset[2]:  576, xstate_sizes[2]:  256
[    0.000000] x86/fpu: Enabled xstate features 0x7, context size is 832 bytes, using 'standard' format.
[    0.000000] e820: BIOS-provided physical RAM map:
[    0.000000] BIOS-e820: [mem 0x0000000000000000-0x000000000009b3ff] usable
[    0.000000] BIOS-e820: [mem 0x000000000009b400-0x000000000009ffff] reserved
[    0.000000] BIOS-e820: [mem 0x00000000000e0000-0x00000000000fffff] reserved
[    0.000000] BIOS-e820: [mem 0x0000000000100000-0x000000001fffffff] usable
[    0.000000] BIOS-e820: [mem 0x0000000020000000-0x00000000201fffff] reserved
[    0.000000] BIOS-e820: [mem 0x0000000020200000-0x000000003fffffff] usable
[    0.000000] BIOS-e820: [mem 0x0000000040000000-0x00000000401fffff] reserved
[    0.000000] BIOS-e820: [mem 0x0000000040200000-0x00000000b677dfff] usable
[    0.000000] BIOS-e820: [mem 0x00000000b677e000-0x00000000b67d4fff] ACPI NVS
[    0.000000] BIOS-e820: [mem 0x00000000b67d5000-0x00000000b6b5bfff] reserved
[    0.000000] BIOS-e820: [mem 0x00000000b6b5c000-0x00000000b6b5efff] ACPI NVS
[    0.000000] BIOS-e820: [mem 0x00000000b6b5f000-0x00000000b6da4fff] reserved
[    0.000000] BIOS-e820: [mem 0x00000000b6da5000-0x00000000b6db5fff] ACPI NVS
[    0.000000] BIOS-e820: [mem 0x00000000b6db6000-0x00000000b6dccfff] reserved
[    0.000000] BIOS-e820: [mem 0x00000000b6dcd000-0x00000000b6dcefff] usable
[    0.000000] BIOS-e820: [mem 0x00000000b6dcf000-0x00000000b6dd6fff] reserved
[    0.000000] BIOS-e820: [mem 0x00000000b6dd7000-0x00000000b6de1fff] ACPI NVS
[    0.000000] BIOS-e820: [mem 0x00000000b6de2000-0x00000000b6e3dfff] reserved
[    0.000000] BIOS-e820: [mem 0x00000000b6e3e000-0x00000000b6e80fff] ACPI NVS
[    0.000000] BIOS-e820: [mem 0x00000000b6e81000-0x00000000b6ffffff] usable
[    0.000000] BIOS-e820: [mem 0x00000000b7800000-0x00000000bf9fffff] reserved
[    0.000000] BIOS-e820: [mem 0x00000000fed1c000-0x00000000fed1ffff] reserved
[    0.000000] BIOS-e820: [mem 0x00000000ff000000-0x00000000ffffffff] reserved
[    0.000000] BIOS-e820: [mem 0x0000000100000000-0x000000023fdfffff] usable
[    0.000000] NX (Execute Disable) protection: active
[    0.000000] random: fast init done
[    0.000000] SMBIOS 2.6 present.
[    0.000000] DMI: System manufacturer System Product Name/P8Z68-V PRO, BIOS 0501 05/09/2011
[    0.000000] e820: update [mem 0x00000000-0x00000fff] usable ==> reserved
[    0.000000] e820: remove [mem 0x000a0000-0x000fffff] usable
[    0.000000] e820: last_pfn = 0x23fe00 max_arch_pfn = 0x400000000
[    0.000000] MTRR default type: uncachable
[    0.000000] MTRR fixed ranges enabled:
[    0.000000]   00000-9FFFF write-back
[    0.000000]   A0000-BFFFF uncachable
[    0.000000]   C0000-D3FFF write-protect
[    0.000000]   D4000-E7FFF uncachable
[    0.000000]   E8000-FFFFF write-protect
[    0.000000] MTRR variable ranges enabled:
[    0.000000]   0 base 000000000 mask E00000000 write-back
[    0.000000]   1 base 200000000 mask FC0000000 write-back
[    0.000000]   2 base 0B7800000 mask FFF800000 uncachable
[    0.000000]   3 base 0B8000000 mask FF8000000 uncachable
[    0.000000]   4 base 0C0000000 mask FC0000000 uncachable
[    0.000000]   5 base 23FE00000 mask FFFE00000 uncachable
[    0.000000]   6 disabled
[    0.000000]   7 disabled
[    0.000000]   8 disabled
[    0.000000]   9 disabled
[    0.000000] x86/PAT: Configuration [0-7]: WB  WC  UC- UC  WB  WP  UC- WT  
[    0.000000] e820: update [mem 0xb7800000-0xffffffff] usable ==> reserved
[    0.000000] e820: last_pfn = 0xb7000 max_arch_pfn = 0x400000000
[    0.000000] Scanning 1 areas for low memory corruption
[    0.000000] Base memory trampoline at [        (ptrval)] 95000 size 24576
[    0.000000] reserving inaccessible SNB gfx pages
[    0.000000] BRK [0x1f5fe9000, 0x1f5fe9fff] PGTABLE
[    0.000000] BRK [0x1f5fea000, 0x1f5feafff] PGTABLE
[    0.000000] BRK [0x1f5feb000, 0x1f5febfff] PGTABLE
[    0.000000] BRK [0x1f5fec000, 0x1f5fecfff] PGTABLE
[    0.000000] BRK [0x1f5fed000, 0x1f5fedfff] PGTABLE
[    0.000000] BRK [0x1f5fee000, 0x1f5feefff] PGTABLE
[    0.000000] BRK [0x1f5fef000, 0x1f5feffff] PGTABLE
[    0.000000] BRK [0x1f5ff0000, 0x1f5ff0fff] PGTABLE
[    0.000000] BRK [0x1f5ff1000, 0x1f5ff1fff] PGTABLE
[    0.000000] BRK [0x1f5ff2000, 0x1f5ff2fff] PGTABLE
[    0.000000] ACPI: Early table checksum verification disabled
[    0.000000] ACPI: RSDP 0x00000000000F0420 000024 (v02 ALASKA)
[    0.000000] ACPI: XSDT 0x00000000B67CA068 00004C (v01 ALASKA A M I    01072009 AMI  00010013)
[    0.000000] ACPI: FACP 0x00000000B67D42D8 0000F4 (v04 ALASKA A M I    01072009 AMI  00010013)
[    0.000000] ACPI: DSDT 0x00000000B67CA140 00A198 (v02 ALASKA A M I    00000000 INTL 20051117)
[    0.000000] ACPI: FACS 0x00000000B6DD9F80 000040
[    0.000000] ACPI: APIC 0x00000000B67D43D0 000072 (v03 ALASKA A M I    01072009 AMI  00010013)
[    0.000000] ACPI: SSDT 0x00000000B67D4448 000102 (v01 AMICPU PROC     00000001 MSFT 03000001)
[    0.000000] ACPI: MCFG 0x00000000B67D4550 00003C (v01 ALASKA A M I    01072009 MSFT 00000097)
[    0.000000] ACPI: HPET 0x00000000B67D4590 000038 (v01 ALASKA A M I    01072009 AMI. 00000004)
[    0.000000] ACPI: Local APIC address 0xfee00000
[    0.000000] No NUMA configuration found
[    0.000000] Faking a node at [mem 0x0000000000000000-0x000000023fdfffff]
[    0.000000] NODE_DATA(0) allocated [mem 0x23fdf8000-0x23fdfbfff]
[    0.000000] tsc: Fast TSC calibration using PIT
[    0.000000] Zone ranges:
[    0.000000]   DMA      [mem 0x0000000000001000-0x0000000000ffffff]
[    0.000000]   DMA32    [mem 0x0000000001000000-0x00000000ffffffff]
[    0.000000]   Normal   [mem 0x0000000100000000-0x000000023fdfffff]
[    0.000000] Movable zone start for each node
[    0.000000] Early memory node ranges
[    0.000000]   node   0: [mem 0x0000000000001000-0x000000000009afff]
[    0.000000]   node   0: [mem 0x0000000000100000-0x000000001fffffff]
[    0.000000]   node   0: [mem 0x0000000020200000-0x000000003fffffff]
[    0.000000]   node   0: [mem 0x0000000040200000-0x00000000b677dfff]
[    0.000000]   node   0: [mem 0x00000000b6dcd000-0x00000000b6dcefff]
[    0.000000]   node   0: [mem 0x00000000b6e81000-0x00000000b6ffffff]
[    0.000000]   node   0: [mem 0x0000000100000000-0x000000023fdfffff]
[    0.000000] Initmem setup node 0 [mem 0x0000000000001000-0x000000023fdfffff]
[    0.000000] On node 0 totalpages: 2056857
[    0.000000]   DMA zone: 64 pages used for memmap
[    0.000000]   DMA zone: 154 pages reserved
[    0.000000]   DMA zone: 3994 pages, LIFO batch:0
[    0.000000]   DMA32 zone: 11604 pages used for memmap
[    0.000000]   DMA32 zone: 742655 pages, LIFO batch:31
[    0.000000]   Normal zone: 20472 pages used for memmap
[    0.000000]   Normal zone: 1310208 pages, LIFO batch:31
[    0.000000] Reserved but unavailable: 107 pages
[    0.000000] Reserving Intel graphics memory at 0x00000000b7a00000-0x00000000bf9fffff
[    0.000000] ACPI: PM-Timer IO Port: 0x408
[    0.000000] ACPI: Local APIC address 0xfee00000
[    0.000000] ACPI: LAPIC_NMI (acpi_id[0xff] high edge lint[0x1])
[    0.000000] IOAPIC[0]: apic_id 0, version 32, address 0xfec00000, GSI 0-23
[    0.000000] ACPI: INT_SRC_OVR (bus 0 bus_irq 0 global_irq 2 dfl dfl)
[    0.000000] ACPI: INT_SRC_OVR (bus 0 bus_irq 9 global_irq 9 high level)
[    0.000000] ACPI: IRQ0 used by override.
[    0.000000] ACPI: IRQ9 used by override.
[    0.000000] Using ACPI (MADT) for SMP configuration information
[    0.000000] ACPI: HPET id: 0x8086a701 base: 0xfed00000
[    0.000000] smpboot: Allowing 4 CPUs, 0 hotplug CPUs
[    0.000000] e820: [mem 0xbfa00000-0xfed1bfff] available for PCI devices
[    0.000000] clocksource: refined-jiffies: mask: 0xffffffff max_cycles: 0xffffffff, max_idle_ns: 1910969940391419 ns
[    0.000000] setup_percpu: NR_CPUS:64 nr_cpumask_bits:64 nr_cpu_ids:4 nr_node_ids:1
[    0.000000] percpu: Embedded 43 pages/cpu @        (ptrval) s137304 r8192 d30632 u524288
[    0.000000] pcpu-alloc: s137304 r8192 d30632 u524288 alloc=1*2097152
[    0.000000] pcpu-alloc: [0] 0 1 2 3 
[    0.000000] Built 1 zonelists, mobility grouping on.  Total pages: 2024563
[    0.000000] Policy zone: Normal
[    0.000000] Kernel command line: BOOT_IMAGE=/vmlinuz-4.15.3 root=/dev/sdg2 ro
[    0.000000] Memory: 8002428K/8227428K available (14364K kernel code, 1528K rwdata, 3512K rodata, 1204K init, 644K bss, 225000K reserved, 0K cma-reserved)
[    0.000000] SLUB: HWalign=64, Order=0-3, MinObjects=0, CPUs=4, Nodes=1
[    0.000000] Kernel/User page tables isolation: enabled
[    0.000000] Hierarchical RCU implementation.
[    0.000000] 	RCU event tracing is enabled.
[    0.000000] 	RCU restricting CPUs from NR_CPUS=64 to nr_cpu_ids=4.
[    0.000000] RCU: Adjusting geometry for rcu_fanout_leaf=16, nr_cpu_ids=4
[    0.000000] NR_IRQS: 4352, nr_irqs: 456, preallocated irqs: 16
[    0.000000] Console: colour VGA+ 80x25
[    0.000000] console [tty0] enabled
[    0.000000] ACPI: Core revision 20170831
[    0.000000] ACPI: 2 ACPI AML tables successfully acquired and loaded
[    0.000000] clocksource: hpet: mask: 0xffffffff max_cycles: 0xffffffff, max_idle_ns: 133484882848 ns
[    0.000000] hpet clockevent registered
[    0.000000] APIC: Switch to symmetric I/O mode setup
[    0.000000] ..TIMER: vector=0x30 apic1=0 pin1=2 apic2=-1 pin2=-1
[    0.005000] tsc: Fast TSC calibration using PIT
[    0.006000] tsc: Detected 3300.130 MHz processor
[    0.006000] Calibrating delay loop (skipped), value calculated using timer frequency.. 6600.26 BogoMIPS (lpj=3300130)
[    0.006000] pid_max: default: 32768 minimum: 301
[    0.006000] Security Framework initialized
[    0.007602] Dentry cache hash table entries: 1048576 (order: 11, 8388608 bytes)
[    0.008234] Inode-cache hash table entries: 524288 (order: 10, 4194304 bytes)
[    0.008329] Mount-cache hash table entries: 16384 (order: 5, 131072 bytes)
[    0.008417] Mountpoint-cache hash table entries: 16384 (order: 5, 131072 bytes)
[    0.008640] CPU: Physical Processor ID: 0
[    0.008706] CPU: Processor Core ID: 0
[    0.008775] ENERGY_PERF_BIAS: Set to 'normal', was 'performance'
[    0.008844] ENERGY_PERF_BIAS: View and update with x86_energy_perf_policy(8)
[    0.008918] mce: CPU supports 9 MCE banks
[    0.008990] CPU0: Thermal monitoring enabled (TM1)
[    0.009008] process: using mwait in idle threads
[    0.009077] Last level iTLB entries: 4KB 512, 2MB 8, 4MB 8
[    0.009146] Last level dTLB entries: 4KB 512, 2MB 32, 4MB 32, 1GB 0
[    0.009216] Spectre V2 : Mitigation: Full generic retpoline
[    0.009386] Freeing SMP alternatives memory: 48K
[    0.010052] TSC deadline timer enabled
[    0.010055] smpboot: CPU0: Intel(R) Core(TM) i5-2500K CPU @ 3.30GHz (family: 0x6, model: 0x2a, stepping: 0x7)
[    0.010198] Performance Events: PEBS fmt1+, SandyBridge events, 16-deep LBR, full-width counters, Intel PMU driver.
[    0.010313] core: PEBS disabled due to CPU errata, please upgrade microcode
[    0.010386] ... version:                3
[    0.010452] ... bit width:              48
[    0.010518] ... generic registers:      8
[    0.010584] ... value mask:             0000ffffffffffff
[    0.010652] ... max period:             00007fffffffffff
[    0.010720] ... fixed-purpose events:   3
[    0.010787] ... event mask:             00000007000000ff
[    0.010883] Hierarchical SRCU implementation.
[    0.011000] smp: Bringing up secondary CPUs ...
[    0.011048] x86: Booting SMP configuration:
[    0.011115] .... node  #0, CPUs:      #1 #2 #3
[    0.014021] smp: Brought up 1 node, 4 CPUs
[    0.014139] smpboot: Max logical packages: 1
[    0.014206] smpboot: Total of 4 processors activated (26401.04 BogoMIPS)
[    0.015191] devtmpfs: initialized
[    0.015191] clocksource: jiffies: mask: 0xffffffff max_cycles: 0xffffffff, max_idle_ns: 1911260446275000 ns
[    0.015191] kworker/u8:0 (30) used greatest stack depth: 14320 bytes left
[    0.015220] futex hash table entries: 1024 (order: 4, 65536 bytes)
[    0.015312] xor: automatically using best checksumming function   avx       
[    0.015441] NET: Registered protocol family 16
[    0.015556] audit: initializing netlink subsys (disabled)
[    0.016006] audit: type=2000 audit(1518808302.016:1): state=initialized audit_enabled=0 res=1
[    0.016104] cpuidle: using governor menu
[    0.016104] ACPI: bus type PCI registered
[    0.016208] PCI: MMCONFIG for domain 0000 [bus 00-3f] at [mem 0xe0000000-0xe3ffffff] (base 0xe0000000)
[    0.016307] PCI: not using MMCONFIG
[    0.016373] PCI: Using configuration type 1 for base access
[    0.016459] core: PMU erratum BJ122, BV98, HSD29 workaround disabled, HT off
[    0.018852] HugeTLB registered 2.00 MiB page size, pre-allocated 0 pages
[    0.036000] raid6: sse2x1   gen() 10144 MB/s
[    0.052069] raid6: sse2x1   xor()  7105 MB/s
[    0.069073] raid6: sse2x2   gen() 11910 MB/s
[    0.086077] raid6: sse2x2   xor()  8115 MB/s
[    0.104000] raid6: sse2x4   gen() 14117 MB/s
[    0.120085] raid6: sse2x4   xor()  9417 MB/s
[    0.120152] raid6: using algorithm sse2x4 gen() 14117 MB/s
[    0.120221] raid6: .... xor() 9417 MB/s, rmw enabled
[    0.120289] raid6: using ssse3x2 recovery algorithm
[    0.121037] ACPI: Added _OSI(Module Device)
[    0.121105] ACPI: Added _OSI(Processor Device)
[    0.121172] ACPI: Added _OSI(3.0 _SCP Extensions)
[    0.121240] ACPI: Added _OSI(Processor Aggregator Device)
[    0.121430] ACPI: Executed 1 blocks of module-level executable AML code
[    0.123187] ACPI: Dynamic OEM Table Load:
[    0.123717] ACPI: SSDT 0xFFFF9C7835CED800 0003E0 (v01 AMI    IST      00000001 MSFT 03000001)
[    0.123953] ACPI: Dynamic OEM Table Load:
[    0.124002] ACPI: SSDT 0xFFFF9C7836329200 0000E4 (v01 AMI    CST      00000001 MSFT 03000001)
[    0.124461] ACPI: EC: EC started
[    0.124526] ACPI: EC: interrupt blocked
[    0.124597] ACPI: \_SB_.PCI0.SBRG.EC0_: Used as first EC
[    0.124667] ACPI: \_SB_.PCI0.SBRG.EC0_: GPE=0x18, EC_CMD/EC_SC=0x66, EC_DATA=0x62
[    0.124763] ACPI: \_SB_.PCI0.SBRG.EC0_: Used as boot DSDT EC to handle transactions
[    0.124858] ACPI: Interpreter enabled
[    0.124927] ACPI: (supports S0 S5)
[    0.124993] ACPI: Using IOAPIC for interrupt routing
[    0.126000] PCI: MMCONFIG for domain 0000 [bus 00-3f] at [mem 0xe0000000-0xe3ffffff] (base 0xe0000000)
[    0.126000] PCI: MMCONFIG at [mem 0xe0000000-0xe3ffffff] reserved in ACPI motherboard resources
[    0.126000] pmd_set_huge: Cannot satisfy [mem 0xe0000000-0xe0200000] with a huge-page mapping due to MTRR override.
[    0.126000] PCI: Using host bridge windows from ACPI; if necessary, use "pci=nocrs" and report a bug
[    0.126000] ACPI: Enabled 6 GPEs in block 00 to 3F
[    0.126012] ACPI: [Firmware Bug]: BIOS _OSI(Linux) query ignored
[    0.130009] ACPI: PCI Root Bridge [PCI0] (domain 0000 [bus 00-ff])
[    0.131004] acpi PNP0A08:00: _OSC: OS supports [ExtendedConfig ASPM ClockPM Segments MSI]
[    0.131188] acpi PNP0A08:00: _OSC: platform does not support [PCIeHotplug]
[    0.131340] acpi PNP0A08:00: _OSC: OS now controls [PME AER PCIeCapability]
[    0.131416] acpi PNP0A08:00: [Firmware Info]: MMCONFIG for domain 0000 [bus 00-3f] only partially covers this bridge
[    0.131577] acpi PNP0A08:00: ignoring host bridge window [mem 0x000c8000-0x000dffff window] (conflicts with Video ROM [mem 0x000c0000-0x000cdbff])
[    0.131696] PCI host bridge to bus 0000:00
[    0.131764] pci_bus 0000:00: root bus resource [io  0x0000-0x0cf7 window]
[    0.131835] pci_bus 0000:00: root bus resource [io  0x0d00-0xffff window]
[    0.131906] pci_bus 0000:00: root bus resource [mem 0x000a0000-0x000bffff window]
[    0.132002] pci_bus 0000:00: root bus resource [mem 0xbfa00000-0xffffffff window]
[    0.132098] pci_bus 0000:00: root bus resource [bus 00-ff]
[    0.132173] pci 0000:00:00.0: [8086:0100] type 00 class 0x060000
[    0.132236] pci 0000:00:01.0: [8086:0101] type 01 class 0x060400
[    0.132261] pci 0000:00:01.0: PME# supported from D0 D3hot D3cold
[    0.132310] pci 0000:00:02.0: [8086:0112] type 00 class 0x030000
[    0.132317] pci 0000:00:02.0: reg 0x10: [mem 0xfa400000-0xfa7fffff 64bit]
[    0.132321] pci 0000:00:02.0: reg 0x18: [mem 0xc0000000-0xcfffffff 64bit pref]
[    0.132325] pci 0000:00:02.0: reg 0x20: [io  0xf000-0xf03f]
[    0.132398] pci 0000:00:16.0: [8086:1c3a] type 00 class 0x078000
[    0.132422] pci 0000:00:16.0: reg 0x10: [mem 0xfad29000-0xfad2900f 64bit]
[    0.132490] pci 0000:00:16.0: PME# supported from D0 D3hot D3cold
[    0.132543] pci 0000:00:19.0: [8086:1503] type 00 class 0x020000
[    0.132560] pci 0000:00:19.0: reg 0x10: [mem 0xfad00000-0xfad1ffff]
[    0.132568] pci 0000:00:19.0: reg 0x14: [mem 0xfad28000-0xfad28fff]
[    0.132576] pci 0000:00:19.0: reg 0x18: [io  0xf080-0xf09f]
[    0.132631] pci 0000:00:19.0: PME# supported from D0 D3hot D3cold
[    0.132681] pci 0000:00:1a.0: [8086:1c2d] type 00 class 0x0c0320
[    0.132701] pci 0000:00:1a.0: reg 0x10: [mem 0xfad27000-0xfad273ff]
[    0.132780] pci 0000:00:1a.0: PME# supported from D0 D3hot D3cold
[    0.132831] pci 0000:00:1b.0: [8086:1c20] type 00 class 0x040300
[    0.132850] pci 0000:00:1b.0: reg 0x10: [mem 0xfad20000-0xfad23fff 64bit]
[    0.132919] pci 0000:00:1b.0: PME# supported from D0 D3hot D3cold
[    0.133002] pci 0000:00:1c.0: [8086:1c10] type 01 class 0x060400
[    0.133046] pci 0000:00:1c.0: PME# supported from D0 D3hot D3cold
[    0.133100] pci 0000:00:1c.1: [8086:1c12] type 01 class 0x060400
[    0.133177] pci 0000:00:1c.1: PME# supported from D0 D3hot D3cold
[    0.133230] pci 0000:00:1c.2: [8086:1c14] type 01 class 0x060400
[    0.133307] pci 0000:00:1c.2: PME# supported from D0 D3hot D3cold
[    0.133360] pci 0000:00:1c.3: [8086:1c16] type 01 class 0x060400
[    0.133437] pci 0000:00:1c.3: PME# supported from D0 D3hot D3cold
[    0.133489] pci 0000:00:1c.4: [8086:1c18] type 01 class 0x060400
[    0.133566] pci 0000:00:1c.4: PME# supported from D0 D3hot D3cold
[    0.133620] pci 0000:00:1c.6: [8086:244e] type 01 class 0x060401
[    0.133697] pci 0000:00:1c.6: PME# supported from D0 D3hot D3cold
[    0.133749] pci 0000:00:1c.7: [8086:1c1e] type 01 class 0x060400
[    0.133826] pci 0000:00:1c.7: PME# supported from D0 D3hot D3cold
[    0.133879] pci 0000:00:1d.0: [8086:1c26] type 00 class 0x0c0320
[    0.133900] pci 0000:00:1d.0: reg 0x10: [mem 0xfad26000-0xfad263ff]
[    0.133978] pci 0000:00:1d.0: PME# supported from D0 D3hot D3cold
[    0.134031] pci 0000:00:1f.0: [8086:1c44] type 00 class 0x060100
[    0.134178] pci 0000:00:1f.2: [8086:1c02] type 00 class 0x010601
[    0.134195] pci 0000:00:1f.2: reg 0x10: [io  0xf0d0-0xf0d7]
[    0.134201] pci 0000:00:1f.2: reg 0x14: [io  0xf0c0-0xf0c3]
[    0.134208] pci 0000:00:1f.2: reg 0x18: [io  0xf0b0-0xf0b7]
[    0.134215] pci 0000:00:1f.2: reg 0x1c: [io  0xf0a0-0xf0a3]
[    0.134222] pci 0000:00:1f.2: reg 0x20: [io  0xf060-0xf07f]
[    0.134229] pci 0000:00:1f.2: reg 0x24: [mem 0xfad25000-0xfad257ff]
[    0.134266] pci 0000:00:1f.2: PME# supported from D3hot
[    0.134311] pci 0000:00:1f.3: [8086:1c22] type 00 class 0x0c0500
[    0.134329] pci 0000:00:1f.3: reg 0x10: [mem 0xfad24000-0xfad240ff 64bit]
[    0.134348] pci 0000:00:1f.3: reg 0x20: [io  0xf040-0xf05f]
[    0.134427] pci 0000:01:00.0: [10de:1245] type 00 class 0x030000
[    0.134441] pci 0000:01:00.0: reg 0x10: [mem 0xf8000000-0xf9ffffff]
[    0.134448] pci 0000:01:00.0: reg 0x14: [mem 0xd0000000-0xd7ffffff 64bit pref]
[    0.134455] pci 0000:01:00.0: reg 0x1c: [mem 0xd8000000-0xdbffffff 64bit pref]
[    0.134459] pci 0000:01:00.0: reg 0x24: [io  0xe000-0xe07f]
[    0.134464] pci 0000:01:00.0: reg 0x30: [mem 0xfa000000-0xfa07ffff pref]
[    0.134468] pci 0000:01:00.0: enabling Extended Tags
[    0.134598] pci 0000:01:00.1: [10de:0bee] type 00 class 0x040300
[    0.134610] pci 0000:01:00.1: reg 0x10: [mem 0xfa080000-0xfa083fff]
[    0.134642] pci 0000:01:00.1: enabling Extended Tags
[    0.134768] pci 0000:00:01.0: PCI bridge to [bus 01]
[    0.134837] pci 0000:00:01.0:   bridge window [io  0xe000-0xefff]
[    0.134839] pci 0000:00:01.0:   bridge window [mem 0xf8000000-0xfa0fffff]
[    0.134841] pci 0000:00:01.0:   bridge window [mem 0xd0000000-0xdbffffff 64bit pref]
[    0.134876] pci 0000:00:1c.0: PCI bridge to [bus 02]
[    0.135007] pci 0000:03:00.0: [1b21:1042] type 00 class 0x0c0330
[    0.135048] pci 0000:03:00.0: reg 0x10: [mem 0xfac00000-0xfac07fff 64bit]
[    0.135203] pci 0000:03:00.0: PME# supported from D3hot D3cold
[    0.138039] pci 0000:00:1c.1: PCI bridge to [bus 03]
[    0.138111] pci 0000:00:1c.1:   bridge window [mem 0xfac00000-0xfacfffff]
[    0.138152] pci 0000:00:1c.2: PCI bridge to [bus 04]
[    0.138280] pci 0000:05:00.0: [197b:2362] type 00 class 0x010185
[    0.138327] pci 0000:05:00.0: reg 0x10: [io  0xd040-0xd047]
[    0.138343] pci 0000:05:00.0: reg 0x14: [io  0xd030-0xd033]
[    0.138358] pci 0000:05:00.0: reg 0x18: [io  0xd020-0xd027]
[    0.138374] pci 0000:05:00.0: reg 0x1c: [io  0xd010-0xd013]
[    0.138389] pci 0000:05:00.0: reg 0x20: [io  0xd000-0xd00f]
[    0.138405] pci 0000:05:00.0: reg 0x24: [mem 0xfab10000-0xfab101ff]
[    0.138421] pci 0000:05:00.0: reg 0x30: [mem 0x00000000-0x0000ffff pref]
[    0.138489] pci 0000:05:00.0: PME# supported from D3hot
[    0.141017] pci 0000:00:1c.3: PCI bridge to [bus 05]
[    0.141087] pci 0000:00:1c.3:   bridge window [io  0xd000-0xdfff]
[    0.141091] pci 0000:00:1c.3:   bridge window [mem 0xfab00000-0xfabfffff]
[    0.141151] pci 0000:06:00.0: [1b21:1042] type 00 class 0x0c0330
[    0.141191] pci 0000:06:00.0: reg 0x10: [mem 0xfaa00000-0xfaa07fff 64bit]
[    0.141346] pci 0000:06:00.0: PME# supported from D3hot D3cold
[    0.144016] pci 0000:00:1c.4: PCI bridge to [bus 06]
[    0.144089] pci 0000:00:1c.4:   bridge window [mem 0xfaa00000-0xfaafffff]
[    0.144142] pci 0000:07:00.0: [1b21:1080] type 01 class 0x060401
[    0.144276] pci 0000:00:1c.6: PCI bridge to [bus 07-08] (subtractive decode)
[    0.144350] pci 0000:00:1c.6:   bridge window [io  0xc000-0xcfff]
[    0.144353] pci 0000:00:1c.6:   bridge window [mem 0xfa900000-0xfa9fffff]
[    0.144359] pci 0000:00:1c.6:   bridge window [io  0x0000-0x0cf7 window] (subtractive decode)
[    0.144360] pci 0000:00:1c.6:   bridge window [io  0x0d00-0xffff window] (subtractive decode)
[    0.144361] pci 0000:00:1c.6:   bridge window [mem 0x000a0000-0x000bffff window] (subtractive decode)
[    0.144362] pci 0000:00:1c.6:   bridge window [mem 0xbfa00000-0xffffffff window] (subtractive decode)
[    0.144415] pci 0000:08:02.0: [1106:3044] type 00 class 0x0c0010
[    0.144453] pci 0000:08:02.0: reg 0x10: [mem 0xfa900000-0xfa9007ff]
[    0.144470] pci 0000:08:02.0: reg 0x14: [io  0xc000-0xc07f]
[    0.144599] pci 0000:08:02.0: supports D2
[    0.144600] pci 0000:08:02.0: PME# supported from D2 D3hot D3cold
[    0.144690] pci 0000:07:00.0: PCI bridge to [bus 08] (subtractive decode)
[    0.144769] pci 0000:07:00.0:   bridge window [io  0xc000-0xcfff]
[    0.144775] pci 0000:07:00.0:   bridge window [mem 0xfa900000-0xfa9fffff]
[    0.144784] pci 0000:07:00.0:   bridge window [io  0xc000-0xcfff] (subtractive decode)
[    0.144785] pci 0000:07:00.0:   bridge window [mem 0xfa900000-0xfa9fffff] (subtractive decode)
[    0.144786] pci 0000:07:00.0:   bridge window [io  0x0000-0x0cf7 window] (subtractive decode)
[    0.144787] pci 0000:07:00.0:   bridge window [io  0x0d00-0xffff window] (subtractive decode)
[    0.144788] pci 0000:07:00.0:   bridge window [mem 0x000a0000-0x000bffff window] (subtractive decode)
[    0.144789] pci 0000:07:00.0:   bridge window [mem 0xbfa00000-0xffffffff window] (subtractive decode)
[    0.144850] pci 0000:09:00.0: [1b4b:9172] type 00 class 0x010601
[    0.144877] pci 0000:09:00.0: reg 0x10: [io  0xb040-0xb047]
[    0.144889] pci 0000:09:00.0: reg 0x14: [io  0xb030-0xb033]
[    0.144901] pci 0000:09:00.0: reg 0x18: [io  0xb020-0xb027]
[    0.144913] pci 0000:09:00.0: reg 0x1c: [io  0xb010-0xb013]
[    0.144925] pci 0000:09:00.0: reg 0x20: [io  0xb000-0xb00f]
[    0.144937] pci 0000:09:00.0: reg 0x24: [mem 0xfa810000-0xfa8101ff]
[    0.144949] pci 0000:09:00.0: reg 0x30: [mem 0xfa800000-0xfa80ffff pref]
[    0.144962] pci 0000:09:00.0: Enabling fixed DMA alias to 00.1
[    0.145052] pci 0000:09:00.0: PME# supported from D3hot
[    0.148014] pci 0000:00:1c.7: PCI bridge to [bus 09]
[    0.148084] pci 0000:00:1c.7:   bridge window [io  0xb000-0xbfff]
[    0.148088] pci 0000:00:1c.7:   bridge window [mem 0xfa800000-0xfa8fffff]
[    0.148433] ACPI: PCI Interrupt Link [LNKA] (IRQs 3 4 5 6 7 10 *11 12 14 15)
[    0.148539] ACPI: PCI Interrupt Link [LNKB] (IRQs 3 4 5 6 7 *10 11 12 14 15)
[    0.148644] ACPI: PCI Interrupt Link [LNKC] (IRQs *3 4 5 6 10 11 12 14 15)
[    0.148749] ACPI: PCI Interrupt Link [LNKD] (IRQs 3 4 5 6 10 *11 12 14 15)
[    0.148853] ACPI: PCI Interrupt Link [LNKE] (IRQs 3 4 6 7 *10 11 12 14 15)
[    0.148959] ACPI: PCI Interrupt Link [LNKF] (IRQs 3 4 *5 6 7 10 11 12 14 15)
[    0.149033] ACPI: PCI Interrupt Link [LNKG] (IRQs 3 *4 5 6 7 10 11 12 14 15)
[    0.149138] ACPI: PCI Interrupt Link [LNKH] (IRQs 3 4 5 6 *7 10 11 12 14 15)
[    0.149264] ACPI: EC: interrupt unblocked
[    0.149336] ACPI: EC: event unblocked
[    0.149406] ACPI: \_SB_.PCI0.SBRG.EC0_: GPE=0x18, EC_CMD/EC_SC=0x66, EC_DATA=0x62
[    0.149502] ACPI: \_SB_.PCI0.SBRG.EC0_: Used as boot DSDT EC to handle transactions and events
[    0.149637] pci 0000:00:02.0: vgaarb: setting as boot VGA device
[    0.149637] pci 0000:00:02.0: vgaarb: VGA device added: decodes=io+mem,owns=io+mem,locks=none
[    0.149637] pci 0000:01:00.0: vgaarb: VGA device added: decodes=io+mem,owns=none,locks=none
[    0.149637] pci 0000:01:00.0: vgaarb: bridge control possible
[    0.149637] pci 0000:00:02.0: vgaarb: no bridge control possible
[    0.150001] vgaarb: loaded
[    0.150123] SCSI subsystem initialized
[    0.150195] libata version 3.00 loaded.
[    0.150195] ACPI: bus type USB registered
[    0.150195] usbcore: registered new interface driver usbfs
[    0.150195] usbcore: registered new interface driver hub
[    0.150259] usbcore: registered new device driver usb
[    0.150341] pps_core: LinuxPPS API ver. 1 registered
[    0.150409] pps_core: Software ver. 5.3.6 - Copyright 2005-2007 Rodolfo Giometti <giometti@linux.it>
[    0.150509] PTP clock support registered
[    0.150588] EDAC MC: Ver: 3.0.0
[    0.151029] Advanced Linux Sound Architecture Driver Initialized.
[    0.151108] PCI: Using ACPI for IRQ routing
[    0.151727] PCI: pci_cache_line_size set to 64 bytes
[    0.151793] e820: reserve RAM buffer [mem 0x0009b400-0x0009ffff]
[    0.151794] e820: reserve RAM buffer [mem 0xb677e000-0xb7ffffff]
[    0.151796] e820: reserve RAM buffer [mem 0xb6dcf000-0xb7ffffff]
[    0.151797] e820: reserve RAM buffer [mem 0xb7000000-0xb7ffffff]
[    0.151797] e820: reserve RAM buffer [mem 0x23fe00000-0x23fffffff]
[    0.152009] NetLabel: Initializing
[    0.152009] NetLabel:  domain hash size = 128
[    0.152009] NetLabel:  protocols = UNLABELED CIPSOv4 CALIPSO
[    0.152013] NetLabel:  unlabeled traffic allowed by default
[    0.153036] hpet0: at MMIO 0xfed00000, IRQs 2, 8, 0, 0, 0, 0, 0, 0
[    0.153110] hpet0: 8 comparators, 64-bit 14.318180 MHz counter
[    0.156013] clocksource: Switched to clocksource hpet
[    0.164732] VFS: Disk quotas dquot_6.6.0
[    0.164814] VFS: Dquot-cache hash table entries: 512 (order 0, 4096 bytes)
[    0.164928] pnp: PnP ACPI init
[    0.165116] system 00:00: [mem 0xfed10000-0xfed19fff] has been reserved
[    0.165188] system 00:00: [mem 0xe0000000-0xe3ffffff] has been reserved
[    0.165259] system 00:00: [mem 0xfed90000-0xfed93fff] has been reserved
[    0.165330] system 00:00: [mem 0xfed20000-0xfed3ffff] has been reserved
[    0.165401] system 00:00: [mem 0xfee00000-0xfee0ffff] has been reserved
[    0.165476] system 00:00: Plug and Play ACPI device, IDs PNP0c01 (active)
[    0.165538] system 00:01: [io  0x0290-0x029f] has been reserved
[    0.165611] system 00:01: Plug and Play ACPI device, IDs PNP0c02 (active)
[    0.165631] pnp 00:02: Plug and Play ACPI device, IDs PNP0b00 (active)
[    0.165667] system 00:03: [io  0x04d0-0x04d1] has been reserved
[    0.165741] system 00:03: Plug and Play ACPI device, IDs PNP0c02 (active)
[    0.165924] system 00:04: [io  0x0400-0x0453] has been reserved
[    0.165995] system 00:04: [io  0x0458-0x047f] has been reserved
[    0.166079] system 00:04: [io  0x0500-0x057f] has been reserved
[    0.166150] system 00:04: [mem 0xfed1c000-0xfed1ffff] has been reserved
[    0.166221] system 00:04: [mem 0xfec00000-0xfecfffff] could not be reserved
[    0.166293] system 00:04: [mem 0xfed08000-0xfed08fff] has been reserved
[    0.166364] system 00:04: [mem 0xff000000-0xffffffff] has been reserved
[    0.166438] system 00:04: Plug and Play ACPI device, IDs PNP0c01 (active)
[    0.166477] system 00:05: [io  0x0454-0x0457] has been reserved
[    0.166552] system 00:05: Plug and Play ACPI device, IDs INT3f0d PNP0c02 (active)
[    0.166696] pnp: PnP ACPI: found 6 devices
[    0.172415] clocksource: acpi_pm: mask: 0xffffff max_cycles: 0xffffff, max_idle_ns: 2085701024 ns
[    0.172579] pci 0000:00:01.0: PCI bridge to [bus 01]
[    0.172648] pci 0000:00:01.0:   bridge window [io  0xe000-0xefff]
[    0.172719] pci 0000:00:01.0:   bridge window [mem 0xf8000000-0xfa0fffff]
[    0.172791] pci 0000:00:01.0:   bridge window [mem 0xd0000000-0xdbffffff 64bit pref]
[    0.172888] pci 0000:00:1c.0: PCI bridge to [bus 02]
[    0.172965] pci 0000:00:1c.1: PCI bridge to [bus 03]
[    0.173049] pci 0000:00:1c.1:   bridge window [mem 0xfac00000-0xfacfffff]
[    0.173125] pci 0000:00:1c.2: PCI bridge to [bus 04]
[    0.173205] pci 0000:05:00.0: BAR 6: assigned [mem 0xfab00000-0xfab0ffff pref]
[    0.173300] pci 0000:00:1c.3: PCI bridge to [bus 05]
[    0.173369] pci 0000:00:1c.3:   bridge window [io  0xd000-0xdfff]
[    0.173443] pci 0000:00:1c.3:   bridge window [mem 0xfab00000-0xfabfffff]
[    0.173520] pci 0000:00:1c.4: PCI bridge to [bus 06]
[    0.173591] pci 0000:00:1c.4:   bridge window [mem 0xfaa00000-0xfaafffff]
[    0.173668] pci 0000:07:00.0: PCI bridge to [bus 08]
[    0.173738] pci 0000:07:00.0:   bridge window [io  0xc000-0xcfff]
[    0.173813] pci 0000:07:00.0:   bridge window [mem 0xfa900000-0xfa9fffff]
[    0.173897] pci 0000:00:1c.6: PCI bridge to [bus 07-08]
[    0.173966] pci 0000:00:1c.6:   bridge window [io  0xc000-0xcfff]
[    0.174052] pci 0000:00:1c.6:   bridge window [mem 0xfa900000-0xfa9fffff]
[    0.174129] pci 0000:00:1c.7: PCI bridge to [bus 09]
[    0.174197] pci 0000:00:1c.7:   bridge window [io  0xb000-0xbfff]
[    0.174270] pci 0000:00:1c.7:   bridge window [mem 0xfa800000-0xfa8fffff]
[    0.174347] pci_bus 0000:00: resource 4 [io  0x0000-0x0cf7 window]
[    0.174348] pci_bus 0000:00: resource 5 [io  0x0d00-0xffff window]
[    0.174350] pci_bus 0000:00: resource 6 [mem 0x000a0000-0x000bffff window]
[    0.174351] pci_bus 0000:00: resource 7 [mem 0xbfa00000-0xffffffff window]
[    0.174352] pci_bus 0000:01: resource 0 [io  0xe000-0xefff]
[    0.174353] pci_bus 0000:01: resource 1 [mem 0xf8000000-0xfa0fffff]
[    0.174354] pci_bus 0000:01: resource 2 [mem 0xd0000000-0xdbffffff 64bit pref]
[    0.174355] pci_bus 0000:03: resource 1 [mem 0xfac00000-0xfacfffff]
[    0.174356] pci_bus 0000:05: resource 0 [io  0xd000-0xdfff]
[    0.174357] pci_bus 0000:05: resource 1 [mem 0xfab00000-0xfabfffff]
[    0.174358] pci_bus 0000:06: resource 1 [mem 0xfaa00000-0xfaafffff]
[    0.174360] pci_bus 0000:07: resource 0 [io  0xc000-0xcfff]
[    0.174361] pci_bus 0000:07: resource 1 [mem 0xfa900000-0xfa9fffff]
[    0.174362] pci_bus 0000:07: resource 4 [io  0x0000-0x0cf7 window]
[    0.174363] pci_bus 0000:07: resource 5 [io  0x0d00-0xffff window]
[    0.174364] pci_bus 0000:07: resource 6 [mem 0x000a0000-0x000bffff window]
[    0.174365] pci_bus 0000:07: resource 7 [mem 0xbfa00000-0xffffffff window]
[    0.174366] pci_bus 0000:08: resource 0 [io  0xc000-0xcfff]
[    0.174367] pci_bus 0000:08: resource 1 [mem 0xfa900000-0xfa9fffff]
[    0.174368] pci_bus 0000:08: resource 4 [io  0xc000-0xcfff]
[    0.174369] pci_bus 0000:08: resource 5 [mem 0xfa900000-0xfa9fffff]
[    0.174370] pci_bus 0000:08: resource 6 [io  0x0000-0x0cf7 window]
[    0.174371] pci_bus 0000:08: resource 7 [io  0x0d00-0xffff window]
[    0.174372] pci_bus 0000:08: resource 8 [mem 0x000a0000-0x000bffff window]
[    0.174373] pci_bus 0000:08: resource 9 [mem 0xbfa00000-0xffffffff window]
[    0.174374] pci_bus 0000:09: resource 0 [io  0xb000-0xbfff]
[    0.174375] pci_bus 0000:09: resource 1 [mem 0xfa800000-0xfa8fffff]
[    0.174434] NET: Registered protocol family 2
[    0.174603] TCP established hash table entries: 65536 (order: 7, 524288 bytes)
[    0.174786] TCP bind hash table entries: 65536 (order: 8, 1048576 bytes)
[    0.174973] TCP: Hash tables configured (established 65536 bind 65536)
[    0.175079] UDP hash table entries: 4096 (order: 5, 131072 bytes)
[    0.175169] UDP-Lite hash table entries: 4096 (order: 5, 131072 bytes)
[    0.175275] NET: Registered protocol family 1
[    0.175399] RPC: Registered named UNIX socket transport module.
[    0.175469] RPC: Registered udp transport module.
[    0.175536] RPC: Registered tcp transport module.
[    0.175604] RPC: Registered tcp NFSv4.1 backchannel transport module.
[    0.175680] pci 0000:00:02.0: Video device with shadowed ROM at [mem 0x000c0000-0x000dffff]
[    0.424268] PCI: CLS 64 bytes, default 64
[    0.424293] PCI-DMA: Using software bounce buffering for IO (SWIOTLB)
[    0.424365] software IO TLB [mem 0xb277e000-0xb677e000] (64MB) mapped at [000000007b5d0630-000000008e2355c2]
[    0.424520] RAPL PMU: API unit is 2^-32 Joules, 3 fixed counters, 163840 ms ovfl timer
[    0.424616] RAPL PMU: hw unit of domain pp0-core 2^-16 Joules
[    0.424685] RAPL PMU: hw unit of domain package 2^-16 Joules
[    0.424753] RAPL PMU: hw unit of domain pp1-gpu 2^-16 Joules
[    0.425303] Scanning for low memory corruption every 60 seconds
[    0.427071] AVX2 or AES-NI instructions are not detected.
[    0.427139] AVX2 instructions are not detected.
[    0.427719] Initialise system trusted keyrings
[    0.427808] workingset: timestamp_bits=40 max_order=21 bucket_order=0
[    0.429075] NFS: Registering the id_resolver key type
[    0.429147] Key type id_resolver registered
[    0.429214] Key type id_legacy registered
[    0.429305] SGI XFS with ACLs, security attributes, realtime, no debug enabled
[    0.431613] NET: Registered protocol family 38
[    0.431706] async_tx: api initialized (async)
[    0.431774] Key type asymmetric registered
[    0.431841] Asymmetric key parser 'x509' registered
[    0.431920] Block layer SCSI generic (bsg) driver version 0.4 loaded (major 249)
[    0.432027] io scheduler noop registered
[    0.432554] io scheduler deadline registered
[    0.432653] io scheduler cfq registered (default)
[    0.432724] io scheduler mq-deadline registered
[    0.432791] io scheduler kyber registered
[    0.432872] io scheduler bfq registered
[    0.433775] pcieport 0000:00:01.0: Signaling PME with IRQ 24
[    0.433861] pcieport 0000:00:1c.0: Signaling PME with IRQ 25
[    0.433948] pcieport 0000:00:1c.1: Signaling PME with IRQ 26
[    0.434046] pcieport 0000:00:1c.2: Signaling PME with IRQ 27
[    0.434133] pcieport 0000:00:1c.3: Signaling PME with IRQ 28
[    0.434219] pcieport 0000:00:1c.4: Signaling PME with IRQ 29
[    0.434305] pcieport 0000:00:1c.7: Signaling PME with IRQ 30
[    0.434428] input: Power Button as /devices/LNXSYSTM:00/LNXSYBUS:00/PNP0C0C:00/input/input0
[    0.434528] ACPI: Power Button [PWRB]
[    0.434618] input: Power Button as /devices/LNXSYSTM:00/LNXPWRBN:00/input/input1
[    0.434715] ACPI: Power Button [PWRF]
[    0.434839] Monitor-Mwait will be used to enter C-1 state
[    0.434847] Monitor-Mwait will be used to enter C-3 state
[    0.435363] Serial: 8250/16550 driver, 4 ports, IRQ sharing enabled
[    0.435746] Non-volatile memory driver v1.3
[    0.435834] Linux agpgart interface v0.103
[    0.436339] [drm] Memory usable by graphics device = 2048M
[    0.436409] [drm] Replacing VGA console driver
[    0.436843] Console: switching to colour dummy device 80x25
[    0.442098] [drm] Supports vblank timestamp caching Rev 2 (21.10.2013).
[    0.442111] [drm] Driver supports precise vblank timestamp query.
[    0.444244] i915 0000:00:02.0: vgaarb: changed VGA decodes: olddecodes=io+mem,decodes=none:owns=io+mem
[    0.447991] [drm] Initialized i915 1.6.0 20171023 for 0000:00:02.0 on minor 0
[    0.448515] ACPI: Video Device [GFX0] (multi-head: yes  rom: no  post: no)
[    0.448713] acpi device:41: registered as cooling_device4
[    0.448754] input: Video Bus as /devices/LNXSYSTM:00/LNXSYBUS:00/PNP0A08:00/LNXVIDEO:00/input/input2
[    0.449888] loop: module loaded
[    0.449943] ahci 0000:00:1f.2: version 3.0
[    0.460174] ahci 0000:00:1f.2: AHCI 0001.0300 32 slots 6 ports 6 Gbps 0x3f impl SATA mode
[    0.460185] ahci 0000:00:1f.2: flags: 64bit ncq sntf pm led clo pio slum part ems apst 
[    0.475361] scsi host0: ahci
[    0.475464] scsi host1: ahci
[    0.475612] scsi host2: ahci
[    0.475684] scsi host3: ahci
[    0.475743] scsi host4: ahci
[    0.475794] scsi host5: ahci
[    0.475816] ata1: SATA max UDMA/133 abar m2048@0xfad25000 port 0xfad25100 irq 32
[    0.475820] ata2: SATA max UDMA/133 abar m2048@0xfad25000 port 0xfad25180 irq 32
[    0.475823] ata3: SATA max UDMA/133 abar m2048@0xfad25000 port 0xfad25200 irq 32
[    0.475826] ata4: SATA max UDMA/133 abar m2048@0xfad25000 port 0xfad25280 irq 32
[    0.475829] ata5: SATA max UDMA/133 abar m2048@0xfad25000 port 0xfad25300 irq 32
[    0.475832] ata6: SATA max UDMA/133 abar m2048@0xfad25000 port 0xfad25380 irq 32
[    0.475971] ahci 0000:05:00.0: AHCI 0001.0100 32 slots 2 ports 3 Gbps 0x3 impl SATA mode
[    0.475975] ahci 0000:05:00.0: flags: 64bit ncq pm led clo pmp pio slum part 
[    0.476144] scsi host6: ahci
[    0.476208] scsi host7: ahci
[    0.476242] ata7: SATA max UDMA/133 abar m512@0xfab10000 port 0xfab10100 irq 19
[    0.476247] ata8: SATA max UDMA/133 abar m512@0xfab10000 port 0xfab10180 irq 19
[    0.476379] ahci 0000:09:00.0: AHCI 0001.0000 32 slots 2 ports 6 Gbps 0x3 impl SATA mode
[    0.476383] ahci 0000:09:00.0: flags: 64bit ncq sntf led only pmp fbs pio slum part sxs 
[    0.476548] scsi host8: ahci
[    0.476604] scsi host9: ahci
[    0.476628] ata9: SATA max UDMA/133 abar m512@0xfa810000 port 0xfa810100 irq 33
[    0.476632] ata10: SATA max UDMA/133 abar m512@0xfa810000 port 0xfa810180 irq 33
[    0.476680] e1000e: Intel(R) PRO/1000 Network Driver - 3.2.6-k
[    0.476682] e1000e: Copyright(c) 1999 - 2015 Intel Corporation.
[    0.476757] e1000e 0000:00:19.0: Interrupt Throttling Rate (ints/sec) set to dynamic conservative mode
[    0.523363] [drm] Cannot find any crtc or sizes
[    0.617219] e1000e 0000:00:19.0 0000:00:19.0 (uninitialized): registered PHC clock
[    0.730559] e1000e 0000:00:19.0 eth0: (PCI Express:2.5GT/s:Width x1) 14:da:e9:0f:78:84
[    0.730564] e1000e 0000:00:19.0 eth0: Intel(R) PRO/1000 Network Connection
[    0.730600] e1000e 0000:00:19.0 eth0: MAC: 10, PHY: 11, PBA No: FFFFFF-0FF
[    0.730716] ehci_hcd: USB 2.0 'Enhanced' Host Controller (EHCI) Driver
[    0.730719] ehci-pci: EHCI PCI platform driver
[    0.730794] ehci-pci 0000:00:1a.0: EHCI Host Controller
[    0.730888] ehci-pci 0000:00:1a.0: new USB bus registered, assigned bus number 1
[    0.730902] ehci-pci 0000:00:1a.0: debug port 2
[    0.734807] ehci-pci 0000:00:1a.0: cache line size of 64 is not supported
[    0.734815] ehci-pci 0000:00:1a.0: irq 23, io mem 0xfad27000
[    0.741060] ehci-pci 0000:00:1a.0: USB 2.0 started, EHCI 1.00
[    0.741121] usb usb1: New USB device found, idVendor=1d6b, idProduct=0002
[    0.741124] usb usb1: New USB device strings: Mfr=3, Product=2, SerialNumber=1
[    0.741126] usb usb1: Product: EHCI Host Controller
[    0.741129] usb usb1: Manufacturer: Linux 4.15.3 ehci_hcd
[    0.741131] usb usb1: SerialNumber: 0000:00:1a.0
[    0.741268] hub 1-0:1.0: USB hub found
[    0.741277] hub 1-0:1.0: 2 ports detected
[    0.741401] ehci-pci 0000:00:1d.0: EHCI Host Controller
[    0.741474] ehci-pci 0000:00:1d.0: new USB bus registered, assigned bus number 2
[    0.741488] ehci-pci 0000:00:1d.0: debug port 2
[    0.745398] ehci-pci 0000:00:1d.0: cache line size of 64 is not supported
[    0.745401] ehci-pci 0000:00:1d.0: irq 23, io mem 0xfad26000
[    0.752068] ehci-pci 0000:00:1d.0: USB 2.0 started, EHCI 1.00
[    0.752121] usb usb2: New USB device found, idVendor=1d6b, idProduct=0002
[    0.752124] usb usb2: New USB device strings: Mfr=3, Product=2, SerialNumber=1
[    0.752127] usb usb2: Product: EHCI Host Controller
[    0.752129] usb usb2: Manufacturer: Linux 4.15.3 ehci_hcd
[    0.752131] usb usb2: SerialNumber: 0000:00:1d.0
[    0.752276] hub 2-0:1.0: USB hub found
[    0.752284] hub 2-0:1.0: 2 ports detected
[    0.752359] ohci_hcd: USB 1.1 'Open' Host Controller (OHCI) Driver
[    0.752363] ohci-pci: OHCI PCI platform driver
[    0.752370] uhci_hcd: USB Universal Host Controller Interface driver
[    0.752388] usbcore: registered new interface driver usblp
[    0.752402] usbcore: registered new interface driver usb-storage
[    0.752420] i8042: PNP: No PS/2 controller found.
[    0.752637] rtc_cmos 00:02: RTC can wake from S4
[    0.752755] rtc_cmos 00:02: rtc core: registered rtc_cmos as rtc0
[    0.752782] rtc_cmos 00:02: alarms up to one month, y3k, 114 bytes nvram, hpet irqs
[    0.752862] i801_smbus 0000:00:1f.3: SMBus using PCI interrupt
[    0.753049] device-mapper: ioctl: 4.37.0-ioctl (2017-09-20) initialised: dm-devel@redhat.com
[    0.753113] device-mapper: multipath round-robin: version 1.2.0 loaded
[    0.753117] device-mapper: multipath queue-length: version 0.2.0 loaded
[    0.753119] device-mapper: multipath service-time: version 0.3.0 loaded
[    0.753127] device-mapper: raid: Loading target version 1.13.0
[    0.753137] intel_pstate: Intel P-state driver initializing
[    0.753221] hidraw: raw HID events driver (C) Jiri Kosina
[    0.753322] usbcore: registered new interface driver usbhid
[    0.753324] usbhid: USB HID core driver
[    0.753468] snd_hda_intel 0000:00:1b.0: bound 0000:00:02.0 (ops 0xffffffff93ceb300)
[    0.753549] snd_hda_intel 0000:01:00.1: Disabling MSI
[    0.753599] Netfilter messages via NETLINK v0.30.
[    0.753685] nf_conntrack version 0.5.0 (65536 buckets, 262144 max)
[    0.753701] ctnetlink v0.93: registering with nfnetlink.
[    0.753745] ip_tables: (C) 2000-2006 Netfilter Core Team
[    0.753954] Initializing XFRM netlink socket
[    0.754025] NET: Registered protocol family 10
[    0.754148] Segment Routing with IPv6
[    0.754162] ip6_tables: (C) 2000-2006 Netfilter Core Team
[    0.754349] sit: IPv6, IPv4 and MPLS over IPv4 tunneling driver
[    0.754416] NET: Registered protocol family 17
[    0.754428] Key type dns_resolver registered
[    0.754567] microcode: sig=0x206a7, pf=0x2, revision=0x14
[    0.754601] microcode: Microcode Update Driver: v2.2.
[    0.754606] AVX version of gcm_enc/dec engaged.
[    0.754610] AES CTR mode by8 optimization enabled
[    0.755179] sched_clock: Marking stable (755176473, 0)->(856474502, -101298029)
[    0.755302] registered taskstats version 1
[    0.755304] Loading compiled-in X.509 certificates
[    0.755439] Btrfs loaded, crc32c=crc32c-intel, ref-verify=on
[    0.755454] BTRFS: selftest: sectorsize: 4096  nodesize: 4096
[    0.755455] BTRFS: selftest: Running btrfs free space cache tests
[    0.755461] BTRFS: selftest: Running extent only tests
[    0.755465] BTRFS: selftest: Running bitmap only tests
[    0.755469] BTRFS: selftest: Running bitmap and extent tests
[    0.755474] BTRFS: selftest: Running space stealing from bitmap to extent
[    0.755673] BTRFS: selftest: Free space cache tests finished
[    0.755675] BTRFS: selftest: Running extent buffer operation tests
[    0.755676] BTRFS: selftest: Running btrfs_split_item tests
[    0.755687] BTRFS: selftest: Running extent I/O tests
[    0.755688] BTRFS: selftest: Running find delalloc tests
[    0.762120] hdaudio hdaudioC0D0: Unable to bind the codec
[    0.762215] hdaudio hdaudioC0D3: Unable to bind the codec
[    0.780615] ata2: SATA link up 6.0 Gbps (SStatus 133 SControl 300)
[    0.780644] ata7: SATA link down (SStatus 0 SControl 300)
[    0.780651] ata5: SATA link up 3.0 Gbps (SStatus 123 SControl 300)
[    0.780685] ata6: SATA link up 3.0 Gbps (SStatus 123 SControl 300)
[    0.780715] ata8: SATA link down (SStatus 0 SControl 300)
[    0.780741] ata4: SATA link up 3.0 Gbps (SStatus 123 SControl 300)
[    0.780755] ata3: SATA link up 3.0 Gbps (SStatus 123 SControl 300)
[    0.780772] ata1: SATA link up 6.0 Gbps (SStatus 133 SControl 300)
[    0.780843] ata2.00: ATA-9: INTEL SSDSC2BA100G3, 5DV12270, max UDMA/133
[    0.780846] ata2.00: 195371568 sectors, multi 1: LBA48 NCQ (depth 31/32)
[    0.780862] ata5.00: ATA-9: INTEL SSDSC2BA100G3, 5DV12270, max UDMA/133
[    0.780864] ata5.00: 195371568 sectors, multi 1: LBA48 NCQ (depth 31/32)
[    0.780872] ata6.00: ATA-9: INTEL SSDSC2BA100G3, 5DV12270, max UDMA/133
[    0.780874] ata6.00: 195371568 sectors, multi 1: LBA48 NCQ (depth 31/32)
[    0.780926] ata4.00: ATA-9: INTEL SSDSC2BA100G3, 5DV12270, max UDMA/133
[    0.780928] ata4.00: 195371568 sectors, multi 1: LBA48 NCQ (depth 31/32)
[    0.780938] ata3.00: ATA-9: INTEL SSDSC2BA100G3, 5DV12270, max UDMA/133
[    0.780941] ata3.00: 195371568 sectors, multi 1: LBA48 NCQ (depth 31/32)
[    0.780951] ata1.00: ATA-9: INTEL SSDSC2BA100G3, 5DV12270, max UDMA/133
[    0.780953] ata1.00: 195371568 sectors, multi 1: LBA48 NCQ (depth 31/32)
[    0.781055] ata2.00: configured for UDMA/133
[    0.781128] ata5.00: configured for UDMA/133
[    0.781149] ata6.00: configured for UDMA/133
[    0.781175] ata4.00: configured for UDMA/133
[    0.781233] ata1.00: configured for UDMA/133
[    0.781247] ata3.00: configured for UDMA/133
[    0.781341] scsi 0:0:0:0: Direct-Access     ATA      INTEL SSDSC2BA10 2270 PQ: 0 ANSI: 5
[    0.781451] ata1.00: Enabling discard_zeroes_data
[    0.781477] sd 0:0:0:0: Attached scsi generic sg0 type 0
[    0.781542] sd 0:0:0:0: [sda] 195371568 512-byte logical blocks: (100 GB/93.2 GiB)
[    0.781545] sd 0:0:0:0: [sda] 4096-byte physical blocks
[    0.781555] sd 0:0:0:0: [sda] Write Protect is off
[    0.781558] sd 0:0:0:0: [sda] Mode Sense: 00 3a 00 00
[    0.781585] sd 0:0:0:0: [sda] Write cache: enabled, read cache: enabled, doesn't support DPO or FUA
[    0.781589] scsi 1:0:0:0: Direct-Access     ATA      INTEL SSDSC2BA10 2270 PQ: 0 ANSI: 5
[    0.781693] ata2.00: Enabling discard_zeroes_data
[    0.781694] sd 1:0:0:0: Attached scsi generic sg1 type 0
[    0.781745] sd 1:0:0:0: [sdb] 195371568 512-byte logical blocks: (100 GB/93.2 GiB)
[    0.781748] sd 1:0:0:0: [sdb] 4096-byte physical blocks
[    0.781756] sd 1:0:0:0: [sdb] Write Protect is off
[    0.781758] sd 1:0:0:0: [sdb] Mode Sense: 00 3a 00 00
[    0.781764] ata1.00: Enabling discard_zeroes_data
[    0.781772] sd 1:0:0:0: [sdb] Write cache: enabled, read cache: enabled, doesn't support DPO or FUA
[    0.781776] scsi 2:0:0:0: Direct-Access     ATA      INTEL SSDSC2BA10 2270 PQ: 0 ANSI: 5
[    0.781897] sd 2:0:0:0: Attached scsi generic sg2 type 0
[    0.781899] ata3.00: Enabling discard_zeroes_data
[    0.781915] ata2.00: Enabling discard_zeroes_data
[    0.781987] scsi 3:0:0:0: Direct-Access     ATA      INTEL SSDSC2BA10 2270 PQ: 0 ANSI: 5
[    0.781992] sd 2:0:0:0: [sdc] 195371568 512-byte logical blocks: (100 GB/93.2 GiB)
[    0.781995] sd 2:0:0:0: [sdc] 4096-byte physical blocks
[    0.781999]  sda: sda1
[    0.782058] sd 2:0:0:0: [sdc] Write Protect is off
[    0.782061] sd 2:0:0:0: [sdc] Mode Sense: 00 3a 00 00
[    0.782075] sd 2:0:0:0: [sdc] Write cache: enabled, read cache: enabled, doesn't support DPO or FUA
[    0.782115]  sdb: sdb1
[    0.782182] ata4.00: Enabling discard_zeroes_data
[    0.782194] ata2.00: Enabling discard_zeroes_data
[    0.782220] ata1.00: Enabling discard_zeroes_data
[    0.782236] sd 3:0:0:0: [sdd] 195371568 512-byte logical blocks: (100 GB/93.2 GiB)
[    0.782239] sd 3:0:0:0: [sdd] 4096-byte physical blocks
[    0.782246] sd 3:0:0:0: [sdd] Write Protect is off
[    0.782248] sd 3:0:0:0: [sdd] Mode Sense: 00 3a 00 00
[    0.782260] sd 3:0:0:0: [sdd] Write cache: enabled, read cache: enabled, doesn't support DPO or FUA
[    0.782275] sd 1:0:0:0: [sdb] Attached SCSI disk
[    0.782294] ata3.00: Enabling discard_zeroes_data
[    0.782298] sd 0:0:0:0: [sda] Attached SCSI disk
[    0.782310] sd 3:0:0:0: Attached scsi generic sg3 type 0
[    0.782313] ata4.00: Enabling discard_zeroes_data
[    0.782392] scsi 4:0:0:0: Direct-Access     ATA      INTEL SSDSC2BA10 2270 PQ: 0 ANSI: 5
[    0.782467] sd 4:0:0:0: Attached scsi generic sg4 type 0
[    0.782478] ata5.00: Enabling discard_zeroes_data
[    0.782500]  sdc: sdc1
[    0.782509]  sdd: sdd1
[    0.782537] sd 4:0:0:0: [sde] 195371568 512-byte logical blocks: (100 GB/93.2 GiB)
[    0.782540] sd 4:0:0:0: [sde] 4096-byte physical blocks
[    0.782548] sd 4:0:0:0: [sde] Write Protect is off
[    0.782550] sd 4:0:0:0: [sde] Mode Sense: 00 3a 00 00
[    0.782561] sd 4:0:0:0: [sde] Write cache: enabled, read cache: enabled, doesn't support DPO or FUA
[    0.782570] scsi 5:0:0:0: Direct-Access     ATA      INTEL SSDSC2BA10 2270 PQ: 0 ANSI: 5
[    0.782634] ata3.00: Enabling discard_zeroes_data
[    0.782643] ata4.00: Enabling discard_zeroes_data
[    0.782646] ata5.00: Enabling discard_zeroes_data
[    0.782665] ata6.00: Enabling discard_zeroes_data
[    0.782722] sd 5:0:0:0: [sdf] 195371568 512-byte logical blocks: (100 GB/93.2 GiB)
[    0.782724] sd 5:0:0:0: [sdf] 4096-byte physical blocks
[    0.782732] sd 5:0:0:0: [sdf] Write Protect is off
[    0.782734] sd 5:0:0:0: [sdf] Mode Sense: 00 3a 00 00
[    0.782746] sd 5:0:0:0: [sdf] Write cache: enabled, read cache: enabled, doesn't support DPO or FUA
[    0.782775] sd 3:0:0:0: [sdd] Attached SCSI disk
[    0.782777] sd 2:0:0:0: [sdc] Attached SCSI disk
[    0.782796] ata6.00: Enabling discard_zeroes_data
[    0.782828] sd 5:0:0:0: Attached scsi generic sg5 type 0
[    0.782865]  sde: sde1
[    0.782941] ata5.00: Enabling discard_zeroes_data
[    0.783024]  sdf: sdf1
[    0.783050] sd 4:0:0:0: [sde] Attached SCSI disk
[    0.783085] ata6.00: Enabling discard_zeroes_data
[    0.783195] sd 5:0:0:0: [sdf] Attached SCSI disk
[    0.786178] BTRFS: selftest: Running extent buffer bitmap tests
[    0.800401] BTRFS: selftest: Extent I/O tests finished
[    0.800403] BTRFS: selftest: Running btrfs_get_extent tests
[    0.800445] BTRFS: selftest: Running hole first btrfs_get_extent test
[    0.800452] BTRFS: selftest: Running outstanding_extents tests
[    0.800465] BTRFS: selftest: Running qgroup tests
[    0.800466] BTRFS: selftest: Qgroup basic add
[    0.800479] BTRFS: selftest: Qgroup multiple refs test
[    0.800504] BTRFS: selftest: Running free space tree tests
[    0.813231] BTRFS: selftest: sectorsize: 4096  nodesize: 8192
[    0.813234] BTRFS: selftest: Running btrfs free space cache tests
[    0.813238] BTRFS: selftest: Running extent only tests
[    0.813241] BTRFS: selftest: Running bitmap only tests
[    0.813246] BTRFS: selftest: Running bitmap and extent tests
[    0.813251] BTRFS: selftest: Running space stealing from bitmap to extent
[    0.813448] BTRFS: selftest: Free space cache tests finished
[    0.813449] BTRFS: selftest: Running extent buffer operation tests
[    0.813451] BTRFS: selftest: Running btrfs_split_item tests
[    0.813458] BTRFS: selftest: Running extent I/O tests
[    0.813459] BTRFS: selftest: Running find delalloc tests
[    0.843432] BTRFS: selftest: Running extent buffer bitmap tests
[    0.857639] BTRFS: selftest: Extent I/O tests finished
[    0.857641] BTRFS: selftest: Running btrfs_get_extent tests
[    0.857671] BTRFS: selftest: Running hole first btrfs_get_extent test
[    0.857678] BTRFS: selftest: Running outstanding_extents tests
[    0.857690] BTRFS: selftest: Running qgroup tests
[    0.857692] BTRFS: selftest: Qgroup basic add
[    0.857703] BTRFS: selftest: Qgroup multiple refs test
[    0.857729] BTRFS: selftest: Running free space tree tests
[    0.870433] BTRFS: selftest: sectorsize: 4096  nodesize: 16384
[    0.870435] BTRFS: selftest: Running btrfs free space cache tests
[    0.870438] BTRFS: selftest: Running extent only tests
[    0.870442] BTRFS: selftest: Running bitmap only tests
[    0.870446] BTRFS: selftest: Running bitmap and extent tests
[    0.870451] BTRFS: selftest: Running space stealing from bitmap to extent
[    0.870648] BTRFS: selftest: Free space cache tests finished
[    0.870649] BTRFS: selftest: Running extent buffer operation tests
[    0.870650] BTRFS: selftest: Running btrfs_split_item tests
[    0.870657] BTRFS: selftest: Running extent I/O tests
[    0.870658] BTRFS: selftest: Running find delalloc tests
[    0.900531] BTRFS: selftest: Running extent buffer bitmap tests
[    0.914719] BTRFS: selftest: Extent I/O tests finished
[    0.914721] BTRFS: selftest: Running btrfs_get_extent tests
[    0.914747] BTRFS: selftest: Running hole first btrfs_get_extent test
[    0.914754] BTRFS: selftest: Running outstanding_extents tests
[    0.914764] BTRFS: selftest: Running qgroup tests
[    0.914766] BTRFS: selftest: Qgroup basic add
[    0.914774] BTRFS: selftest: Qgroup multiple refs test
[    0.914799] BTRFS: selftest: Running free space tree tests
[    0.927711] BTRFS: selftest: sectorsize: 4096  nodesize: 32768
[    0.927713] BTRFS: selftest: Running btrfs free space cache tests
[    0.927716] BTRFS: selftest: Running extent only tests
[    0.927719] BTRFS: selftest: Running bitmap only tests
[    0.927723] BTRFS: selftest: Running bitmap and extent tests
[    0.927728] BTRFS: selftest: Running space stealing from bitmap to extent
[    0.927925] BTRFS: selftest: Free space cache tests finished
[    0.927926] BTRFS: selftest: Running extent buffer operation tests
[    0.927927] BTRFS: selftest: Running btrfs_split_item tests
[    0.927934] BTRFS: selftest: Running extent I/O tests
[    0.927936] BTRFS: selftest: Running find delalloc tests
[    0.935027] ata9: SATA link up 6.0 Gbps (SStatus 133 SControl 300)
[    0.935054] ata10: SATA link up 3.0 Gbps (SStatus 123 SControl 300)
[    0.935398] ata10.00: ATA-8: INTEL SSDSA2CW120G3, 4PC10362, max UDMA/133
[    0.935401] ata10.00: 234441648 sectors, multi 1: LBA48 NCQ (depth 31/32)
[    0.935545] ata9.00: ATA-9: INTEL SSDSC2BB080G6, G2010150, max UDMA/133
[    0.935549] ata9.00: 156301488 sectors, multi 1: LBA48 NCQ (depth 31/32)
[    0.935782] ata10.00: configured for UDMA/133
[    0.936105] ata9.00: configured for UDMA/133
[    0.936291] scsi 8:0:0:0: Direct-Access     ATA      INTEL SSDSC2BB08 0150 PQ: 0 ANSI: 5
[    0.936489] sd 8:0:0:0: Attached scsi generic sg6 type 0
[    0.936531] ata9.00: Enabling discard_zeroes_data
[    0.936575] sd 8:0:0:0: [sdg] 156301488 512-byte logical blocks: (80.0 GB/74.5 GiB)
[    0.936578] sd 8:0:0:0: [sdg] 4096-byte physical blocks
[    0.936586] scsi 9:0:0:0: Direct-Access     ATA      INTEL SSDSA2CW12 0362 PQ: 0 ANSI: 5
[    0.936592] sd 8:0:0:0: [sdg] Write Protect is off
[    0.936595] sd 8:0:0:0: [sdg] Mode Sense: 00 3a 00 00
[    0.936619] sd 8:0:0:0: [sdg] Write cache: enabled, read cache: enabled, doesn't support DPO or FUA
[    0.936753] ata10.00: Enabling discard_zeroes_data
[    0.936766] sd 9:0:0:0: Attached scsi generic sg7 type 0
[    0.936789] ata9.00: Enabling discard_zeroes_data
[    0.936799] sd 9:0:0:0: [sdh] 234441648 512-byte logical blocks: (120 GB/112 GiB)
[    0.936808] sd 9:0:0:0: [sdh] Write Protect is off
[    0.936811] sd 9:0:0:0: [sdh] Mode Sense: 00 3a 00 00
[    0.936824] sd 9:0:0:0: [sdh] Write cache: enabled, read cache: enabled, doesn't support DPO or FUA
[    0.936905] ata10.00: Enabling discard_zeroes_data
[    0.937063]  sdg: sdg1 sdg2
[    0.937163] ata9.00: Enabling discard_zeroes_data
[    0.937217]  sdh: sdh1
[    0.937266] sd 8:0:0:0: [sdg] Attached SCSI removable disk
[    0.937290] ata10.00: Enabling discard_zeroes_data
[    0.937400] sd 9:0:0:0: [sdh] Attached SCSI removable disk
[    0.958021] BTRFS: selftest: Running extent buffer bitmap tests
[    0.972203] BTRFS: selftest: Extent I/O tests finished
[    0.972205] BTRFS: selftest: Running btrfs_get_extent tests
[    0.972235] BTRFS: selftest: Running hole first btrfs_get_extent test
[    0.972243] BTRFS: selftest: Running outstanding_extents tests
[    0.972255] BTRFS: selftest: Running qgroup tests
[    0.972256] BTRFS: selftest: Qgroup basic add
[    0.972267] BTRFS: selftest: Qgroup multiple refs test
[    0.972292] BTRFS: selftest: Running free space tree tests
[    0.985032] BTRFS: selftest: sectorsize: 4096  nodesize: 65536
[    0.985034] BTRFS: selftest: Running btrfs free space cache tests
[    0.985038] BTRFS: selftest: Running extent only tests
[    0.985041] BTRFS: selftest: Running bitmap only tests
[    0.985046] BTRFS: selftest: Running bitmap and extent tests
[    0.985050] BTRFS: selftest: Running space stealing from bitmap to extent
[    0.985247] BTRFS: selftest: Free space cache tests finished
[    0.985249] BTRFS: selftest: Running extent buffer operation tests
[    0.985250] BTRFS: selftest: Running btrfs_split_item tests
[    0.985258] BTRFS: selftest: Running extent I/O tests
[    0.985259] BTRFS: selftest: Running find delalloc tests
[    0.998056] hdaudio hdaudioC1D0: Unable to bind the codec
[    0.998093] hdaudio hdaudioC1D1: Unable to bind the codec
[    0.998122] hdaudio hdaudioC1D2: Unable to bind the codec
[    0.998149] hdaudio hdaudioC1D3: Unable to bind the codec
[    1.015215] BTRFS: selftest: Running extent buffer bitmap tests
[    1.029407] BTRFS: selftest: Extent I/O tests finished
[    1.029409] BTRFS: selftest: Running btrfs_get_extent tests
[    1.029436] BTRFS: selftest: Running hole first btrfs_get_extent test
[    1.029445] BTRFS: selftest: Running outstanding_extents tests
[    1.029456] BTRFS: selftest: Running qgroup tests
[    1.029458] BTRFS: selftest: Qgroup basic add
[    1.029468] BTRFS: selftest: Qgroup multiple refs test
[    1.029494] BTRFS: selftest: Running free space tree tests
[    1.042736] console [netcon0] enabled
[    1.042739] netconsole: network logging started
[    1.042772] ALSA device list:
[    1.042774]   No soundcards found.
[    1.042816] md: Waiting for all devices to be available before autodetect
[    1.042818] md: If you don't use raid, use raid=noautodetect
[    1.042933] md: Autodetecting RAID arrays.
[    1.043816] md: autorun ...
[    1.043849] md: running: <sdf1><sde1><sdd1><sdc1><sdb1><sda1>
[    1.043961] md0: detected capacity change from 0 to 600173445120
[    1.043969] md: ... autorun DONE.
[    1.053900] XFS (sdg2): Mounting V5 Filesystem
[    1.065006] usb 1-1: new high-speed USB device number 2 using ehci-pci
[    1.073006] usb 2-1: new high-speed USB device number 2 using ehci-pci
[    1.084175] XFS (sdg2): Ending clean mount
[    1.084457] VFS: Mounted root (xfs filesystem) readonly on device 8:98.
[    1.086728] devtmpfs: mounted
[    1.087617] Freeing unused kernel memory: 1204K
[    1.087619] Write protecting the kernel read-only data: 20480k
[    1.088062] Freeing unused kernel memory: 1980K
[    1.088909] Freeing unused kernel memory: 584K
[    1.139118] loadkeys (1586) used greatest stack depth: 13728 bytes left
[    1.139610] init-early.sh (1584) used greatest stack depth: 13472 bytes left
[    1.193370] usb 1-1: New USB device found, idVendor=8087, idProduct=0024
[    1.193375] usb 1-1: New USB device strings: Mfr=0, Product=0, SerialNumber=0
[    1.193634] hub 1-1:1.0: USB hub found
[    1.193714] hub 1-1:1.0: 6 ports detected
[    1.201367] usb 2-1: New USB device found, idVendor=8087, idProduct=0024
[    1.201371] usb 2-1: New USB device strings: Mfr=0, Product=0, SerialNumber=0
[    1.201597] hub 2-1:1.0: USB hub found
[    1.201712] hub 2-1:1.0: 8 ports detected
[    1.438995] tsc: Refined TSC clocksource calibration: 3300.023 MHz
[    1.439001] clocksource: tsc: mask: 0xffffffffffffffff max_cycles: 0x2f91626a655, max_idle_ns: 440795305688 ns
[    1.472996] usb 2-1.5: new full-speed USB device number 3 using ehci-pci
[    1.538318] udevd[1948]: starting version 3.2.5
[    1.546085] udevd[1949]: starting eudev-3.2.5
[    1.552952] usb 2-1.5: New USB device found, idVendor=067b, idProduct=2303
[    1.552954] usb 2-1.5: New USB device strings: Mfr=1, Product=2, SerialNumber=0
[    1.552955] usb 2-1.5: Product: USB-Serial Controller D
[    1.552956] usb 2-1.5: Manufacturer: Prolific Technology Inc. 
[    1.591740] e1000e 0000:00:19.0 eno1: renamed from eth0
[    1.616990] usb 2-1.7: new full-speed USB device number 4 using ehci-pci
[    1.695783] usb 2-1.7: New USB device found, idVendor=0cf3, idProduct=3000
[    1.695787] usb 2-1.7: New USB device strings: Mfr=0, Product=0, SerialNumber=0
[    2.448152] clocksource: Switched to clocksource tsc
[    2.573233] EXT4-fs (sdh1): mounted filesystem with ordered data mode. Opts: (null)
[    2.580187] EXT4-fs (md0): mounted filesystem with ordered data mode. Opts: (null)
[    2.699834] dmesg (2548) used greatest stack depth: 13008 bytes left
[    2.982226] cat (2836) used greatest stack depth: 12832 bytes left
[    3.239168] IPv6: ADDRCONF(NETDEV_UP): eno1: link is not ready
[    6.211041] e1000e: eno1 NIC Link is Up 1000 Mbps Full Duplex, Flow Control: Rx/Tx
[    6.211073] IPv6: ADDRCONF(NETDEV_CHANGE): eno1: link becomes ready
[  206.163327] random: crng init done
[ 3314.657281] kworker/dying (3170) used greatest stack depth: 12384 bytes left
[ 3806.176322] kworker/dying (427) used greatest stack depth: 12208 bytes left
[21894.112796] kworker/dying (18709) used greatest stack depth: 12176 bytes left
[24908.769036] kworker/dying (32033) used greatest stack depth: 12128 bytes left
[34673.638828] kworker/dying (6509) used greatest stack depth: 12104 bytes left
[44635.106638] kworker/dying (16193) used greatest stack depth: 12000 bytes left
[48960.739026] kworker/dying (14347) used greatest stack depth: 11800 bytes left
