[    0.000000] Linux version 4.15.3 (root@bench) (gcc version 7.3.0 (GCC)) #2 SMP Fri Feb 16 20:02:39 CET 2018
[    0.000000] Command line: BOOT_IMAGE=/vmlinuz-4.15.3 root=/dev/sdg2 ro nopti nopcid
[    0.000000] x86/fpu: Supporting XSAVE feature 0x001: 'x87 floating point registers'
[    0.000000] x86/fpu: Supporting XSAVE feature 0x002: 'SSE registers'
[    0.000000] x86/fpu: Supporting XSAVE feature 0x004: 'AVX registers'
[    0.000000] x86/fpu: xstate_offset[2]:  576, xstate_sizes[2]:  256
[    0.000000] x86/fpu: Enabled xstate features 0x7, context size is 832 bytes, using 'standard' format.
[    0.000000] e820: BIOS-provided physical RAM map:
[    0.000000] BIOS-e820: [mem 0x0000000000000000-0x000000000009b3ff] usable
[    0.000000] BIOS-e820: [mem 0x000000000009b400-0x000000000009ffff] reserved
[    0.000000] BIOS-e820: [mem 0x00000000000e0000-0x00000000000fffff] reserved
[    0.000000] BIOS-e820: [mem 0x0000000000100000-0x000000001fffffff] usable
[    0.000000] BIOS-e820: [mem 0x0000000020000000-0x00000000201fffff] reserved
[    0.000000] BIOS-e820: [mem 0x0000000020200000-0x000000003fffffff] usable
[    0.000000] BIOS-e820: [mem 0x0000000040000000-0x00000000401fffff] reserved
[    0.000000] BIOS-e820: [mem 0x0000000040200000-0x00000000b677dfff] usable
[    0.000000] BIOS-e820: [mem 0x00000000b677e000-0x00000000b67d4fff] ACPI NVS
[    0.000000] BIOS-e820: [mem 0x00000000b67d5000-0x00000000b6b5bfff] reserved
[    0.000000] BIOS-e820: [mem 0x00000000b6b5c000-0x00000000b6b5efff] ACPI NVS
[    0.000000] BIOS-e820: [mem 0x00000000b6b5f000-0x00000000b6da4fff] reserved
[    0.000000] BIOS-e820: [mem 0x00000000b6da5000-0x00000000b6db5fff] ACPI NVS
[    0.000000] BIOS-e820: [mem 0x00000000b6db6000-0x00000000b6dccfff] reserved
[    0.000000] BIOS-e820: [mem 0x00000000b6dcd000-0x00000000b6dcefff] usable
[    0.000000] BIOS-e820: [mem 0x00000000b6dcf000-0x00000000b6dd6fff] reserved
[    0.000000] BIOS-e820: [mem 0x00000000b6dd7000-0x00000000b6de1fff] ACPI NVS
[    0.000000] BIOS-e820: [mem 0x00000000b6de2000-0x00000000b6e3dfff] reserved
[    0.000000] BIOS-e820: [mem 0x00000000b6e3e000-0x00000000b6e80fff] ACPI NVS
[    0.000000] BIOS-e820: [mem 0x00000000b6e81000-0x00000000b6ffffff] usable
[    0.000000] BIOS-e820: [mem 0x00000000b7800000-0x00000000bf9fffff] reserved
[    0.000000] BIOS-e820: [mem 0x00000000fed1c000-0x00000000fed1ffff] reserved
[    0.000000] BIOS-e820: [mem 0x00000000ff000000-0x00000000ffffffff] reserved
[    0.000000] BIOS-e820: [mem 0x0000000100000000-0x000000023fdfffff] usable
[    0.000000] nopcid: PCID feature disabled
[    0.000000] NX (Execute Disable) protection: active
[    0.000000] random: fast init done
[    0.000000] SMBIOS 2.6 present.
[    0.000000] DMI: System manufacturer System Product Name/P8Z68-V PRO, BIOS 0501 05/09/2011
[    0.000000] e820: update [mem 0x00000000-0x00000fff] usable ==> reserved
[    0.000000] e820: remove [mem 0x000a0000-0x000fffff] usable
[    0.000000] e820: last_pfn = 0x23fe00 max_arch_pfn = 0x400000000
[    0.000000] MTRR default type: uncachable
[    0.000000] MTRR fixed ranges enabled:
[    0.000000]   00000-9FFFF write-back
[    0.000000]   A0000-BFFFF uncachable
[    0.000000]   C0000-D3FFF write-protect
[    0.000000]   D4000-E7FFF uncachable
[    0.000000]   E8000-FFFFF write-protect
[    0.000000] MTRR variable ranges enabled:
[    0.000000]   0 base 000000000 mask E00000000 write-back
[    0.000000]   1 base 200000000 mask FC0000000 write-back
[    0.000000]   2 base 0B7800000 mask FFF800000 uncachable
[    0.000000]   3 base 0B8000000 mask FF8000000 uncachable
[    0.000000]   4 base 0C0000000 mask FC0000000 uncachable
[    0.000000]   5 base 23FE00000 mask FFFE00000 uncachable
[    0.000000]   6 disabled
[    0.000000]   7 disabled
[    0.000000]   8 disabled
[    0.000000]   9 disabled
[    0.000000] x86/PAT: Configuration [0-7]: WB  WC  UC- UC  WB  WP  UC- WT  
[    0.000000] e820: update [mem 0xb7800000-0xffffffff] usable ==> reserved
[    0.000000] e820: last_pfn = 0xb7000 max_arch_pfn = 0x400000000
[    0.000000] Scanning 1 areas for low memory corruption
[    0.000000] Base memory trampoline at [        (ptrval)] 95000 size 24576
[    0.000000] reserving inaccessible SNB gfx pages
[    0.000000] Kernel/User page tables isolation: disabled on command line.
[    0.000000] BRK [0x1cd5e9000, 0x1cd5e9fff] PGTABLE
[    0.000000] BRK [0x1cd5ea000, 0x1cd5eafff] PGTABLE
[    0.000000] BRK [0x1cd5eb000, 0x1cd5ebfff] PGTABLE
[    0.000000] BRK [0x1cd5ec000, 0x1cd5ecfff] PGTABLE
[    0.000000] BRK [0x1cd5ed000, 0x1cd5edfff] PGTABLE
[    0.000000] BRK [0x1cd5ee000, 0x1cd5eefff] PGTABLE
[    0.000000] BRK [0x1cd5ef000, 0x1cd5effff] PGTABLE
[    0.000000] BRK [0x1cd5f0000, 0x1cd5f0fff] PGTABLE
[    0.000000] BRK [0x1cd5f1000, 0x1cd5f1fff] PGTABLE
[    0.000000] BRK [0x1cd5f2000, 0x1cd5f2fff] PGTABLE
[    0.000000] ACPI: Early table checksum verification disabled
[    0.000000] ACPI: RSDP 0x00000000000F0420 000024 (v02 ALASKA)
[    0.000000] ACPI: XSDT 0x00000000B67CA068 00004C (v01 ALASKA A M I    01072009 AMI  00010013)
[    0.000000] ACPI: FACP 0x00000000B67D42D8 0000F4 (v04 ALASKA A M I    01072009 AMI  00010013)
[    0.000000] ACPI: DSDT 0x00000000B67CA140 00A198 (v02 ALASKA A M I    00000000 INTL 20051117)
[    0.000000] ACPI: FACS 0x00000000B6DD9F80 000040
[    0.000000] ACPI: APIC 0x00000000B67D43D0 000072 (v03 ALASKA A M I    01072009 AMI  00010013)
[    0.000000] ACPI: SSDT 0x00000000B67D4448 000102 (v01 AMICPU PROC     00000001 MSFT 03000001)
[    0.000000] ACPI: MCFG 0x00000000B67D4550 00003C (v01 ALASKA A M I    01072009 MSFT 00000097)
[    0.000000] ACPI: HPET 0x00000000B67D4590 000038 (v01 ALASKA A M I    01072009 AMI. 00000004)
[    0.000000] ACPI: Local APIC address 0xfee00000
[    0.000000] No NUMA configuration found
[    0.000000] Faking a node at [mem 0x0000000000000000-0x000000023fdfffff]
[    0.000000] NODE_DATA(0) allocated [mem 0x23fdf8000-0x23fdfbfff]
[    0.000000] tsc: Fast TSC calibration using PIT
[    0.000000] Zone ranges:
[    0.000000]   DMA      [mem 0x0000000000001000-0x0000000000ffffff]
[    0.000000]   DMA32    [mem 0x0000000001000000-0x00000000ffffffff]
[    0.000000]   Normal   [mem 0x0000000100000000-0x000000023fdfffff]
[    0.000000] Movable zone start for each node
[    0.000000] Early memory node ranges
[    0.000000]   node   0: [mem 0x0000000000001000-0x000000000009afff]
[    0.000000]   node   0: [mem 0x0000000000100000-0x000000001fffffff]
[    0.000000]   node   0: [mem 0x0000000020200000-0x000000003fffffff]
[    0.000000]   node   0: [mem 0x0000000040200000-0x00000000b677dfff]
[    0.000000]   node   0: [mem 0x00000000b6dcd000-0x00000000b6dcefff]
[    0.000000]   node   0: [mem 0x00000000b6e81000-0x00000000b6ffffff]
[    0.000000]   node   0: [mem 0x0000000100000000-0x000000023fdfffff]
[    0.000000] Initmem setup node 0 [mem 0x0000000000001000-0x000000023fdfffff]
[    0.000000] On node 0 totalpages: 2056857
[    0.000000]   DMA zone: 64 pages used for memmap
[    0.000000]   DMA zone: 154 pages reserved
[    0.000000]   DMA zone: 3994 pages, LIFO batch:0
[    0.000000]   DMA32 zone: 11604 pages used for memmap
[    0.000000]   DMA32 zone: 742655 pages, LIFO batch:31
[    0.000000]   Normal zone: 20472 pages used for memmap
[    0.000000]   Normal zone: 1310208 pages, LIFO batch:31
[    0.000000] Reserved but unavailable: 107 pages
[    0.000000] Reserving Intel graphics memory at 0x00000000b7a00000-0x00000000bf9fffff
[    0.000000] ACPI: PM-Timer IO Port: 0x408
[    0.000000] ACPI: Local APIC address 0xfee00000
[    0.000000] ACPI: LAPIC_NMI (acpi_id[0xff] high edge lint[0x1])
[    0.000000] IOAPIC[0]: apic_id 0, version 32, address 0xfec00000, GSI 0-23
[    0.000000] ACPI: INT_SRC_OVR (bus 0 bus_irq 0 global_irq 2 dfl dfl)
[    0.000000] ACPI: INT_SRC_OVR (bus 0 bus_irq 9 global_irq 9 high level)
[    0.000000] ACPI: IRQ0 used by override.
[    0.000000] ACPI: IRQ9 used by override.
[    0.000000] Using ACPI (MADT) for SMP configuration information
[    0.000000] ACPI: HPET id: 0x8086a701 base: 0xfed00000
[    0.000000] smpboot: Allowing 4 CPUs, 0 hotplug CPUs
[    0.000000] e820: [mem 0xbfa00000-0xfed1bfff] available for PCI devices
[    0.000000] clocksource: refined-jiffies: mask: 0xffffffff max_cycles: 0xffffffff, max_idle_ns: 1910969940391419 ns
[    0.000000] setup_percpu: NR_CPUS:64 nr_cpumask_bits:64 nr_cpu_ids:4 nr_node_ids:1
[    0.000000] percpu: Embedded 43 pages/cpu @        (ptrval) s137304 r8192 d30632 u524288
[    0.000000] pcpu-alloc: s137304 r8192 d30632 u524288 alloc=1*2097152
[    0.000000] pcpu-alloc: [0] 0 1 2 3 
[    0.000000] Built 1 zonelists, mobility grouping on.  Total pages: 2024563
[    0.000000] Policy zone: Normal
[    0.000000] Kernel command line: BOOT_IMAGE=/vmlinuz-4.15.3 root=/dev/sdg2 ro nopti nopcid
[    0.000000] Memory: 8002428K/8227428K available (14364K kernel code, 1528K rwdata, 3512K rodata, 1204K init, 644K bss, 225000K reserved, 0K cma-reserved)
[    0.000000] SLUB: HWalign=64, Order=0-3, MinObjects=0, CPUs=4, Nodes=1
[    0.000000] Hierarchical RCU implementation.
[    0.000000] 	RCU event tracing is enabled.
[    0.000000] 	RCU restricting CPUs from NR_CPUS=64 to nr_cpu_ids=4.
[    0.000000] RCU: Adjusting geometry for rcu_fanout_leaf=16, nr_cpu_ids=4
[    0.000000] NR_IRQS: 4352, nr_irqs: 456, preallocated irqs: 16
[    0.000000] Console: colour VGA+ 80x25
[    0.000000] console [tty0] enabled
[    0.000000] ACPI: Core revision 20170831
[    0.000000] ACPI: 2 ACPI AML tables successfully acquired and loaded
[    0.000000] clocksource: hpet: mask: 0xffffffff max_cycles: 0xffffffff, max_idle_ns: 133484882848 ns
[    0.000000] hpet clockevent registered
[    0.000000] APIC: Switch to symmetric I/O mode setup
[    0.000000] ..TIMER: vector=0x30 apic1=0 pin1=2 apic2=-1 pin2=-1
[    0.005000] tsc: Fast TSC calibration using PIT
[    0.006000] tsc: Detected 3299.954 MHz processor
[    0.006000] Calibrating delay loop (skipped), value calculated using timer frequency.. 6599.90 BogoMIPS (lpj=3299954)
[    0.006000] pid_max: default: 32768 minimum: 301
[    0.006000] Security Framework initialized
[    0.007387] Dentry cache hash table entries: 1048576 (order: 11, 8388608 bytes)
[    0.008018] Inode-cache hash table entries: 524288 (order: 10, 4194304 bytes)
[    0.008114] Mount-cache hash table entries: 16384 (order: 5, 131072 bytes)
[    0.008202] Mountpoint-cache hash table entries: 16384 (order: 5, 131072 bytes)
[    0.008426] CPU: Physical Processor ID: 0
[    0.008492] CPU: Processor Core ID: 0
[    0.008562] ENERGY_PERF_BIAS: Set to 'normal', was 'performance'
[    0.008631] ENERGY_PERF_BIAS: View and update with x86_energy_perf_policy(8)
[    0.008705] mce: CPU supports 9 MCE banks
[    0.008777] CPU0: Thermal monitoring enabled (TM1)
[    0.008852] process: using mwait in idle threads
[    0.008921] Last level iTLB entries: 4KB 512, 2MB 8, 4MB 8
[    0.008989] Last level dTLB entries: 4KB 512, 2MB 32, 4MB 32, 1GB 0
[    0.009001] Spectre V2 : Mitigation: Full generic retpoline
[    0.009070] Spectre V2 : Filling RSB on context switch
[    0.009237] Freeing SMP alternatives memory: 48K
[    0.010050] TSC deadline timer enabled
[    0.010052] smpboot: CPU0: Intel(R) Core(TM) i5-2500K CPU @ 3.30GHz (family: 0x6, model: 0x2a, stepping: 0x7)
[    0.010195] Performance Events: PEBS fmt1+, SandyBridge events, 16-deep LBR, full-width counters, Intel PMU driver.
[    0.010310] core: PEBS disabled due to CPU errata, please upgrade microcode
[    0.010382] ... version:                3
[    0.010448] ... bit width:              48
[    0.010515] ... generic registers:      8
[    0.010581] ... value mask:             0000ffffffffffff
[    0.010649] ... max period:             00007fffffffffff
[    0.010718] ... fixed-purpose events:   3
[    0.010784] ... event mask:             00000007000000ff
[    0.010880] Hierarchical SRCU implementation.
[    0.011000] smp: Bringing up secondary CPUs ...
[    0.011049] x86: Booting SMP configuration:
[    0.011117] .... node  #0, CPUs:      #1 #2 #3
[    0.014022] smp: Brought up 1 node, 4 CPUs
[    0.014138] smpboot: Max logical packages: 1
[    0.014205] smpboot: Total of 4 processors activated (26399.63 BogoMIPS)
[    0.015191] devtmpfs: initialized
[    0.015191] clocksource: jiffies: mask: 0xffffffff max_cycles: 0xffffffff, max_idle_ns: 1911260446275000 ns
[    0.015191] kworker/u8:0 (30) used greatest stack depth: 14320 bytes left
[    0.015227] futex hash table entries: 1024 (order: 4, 65536 bytes)
[    0.015318] xor: automatically using best checksumming function   avx       
[    0.015447] NET: Registered protocol family 16
[    0.016024] audit: initializing netlink subsys (disabled)
[    0.016096] audit: type=2000 audit(1518878444.016:1): state=initialized audit_enabled=0 res=1
[    0.016102] cpuidle: using governor menu
[    0.016108] ACPI: bus type PCI registered
[    0.016217] PCI: MMCONFIG for domain 0000 [bus 00-3f] at [mem 0xe0000000-0xe3ffffff] (base 0xe0000000)
[    0.016316] PCI: not using MMCONFIG
[    0.016381] PCI: Using configuration type 1 for base access
[    0.016475] core: PMU erratum BJ122, BV98, HSD29 workaround disabled, HT off
[    0.018014] kworker/u8:2 (268) used greatest stack depth: 14160 bytes left
[    0.018891] HugeTLB registered 2.00 MiB page size, pre-allocated 0 pages
[    0.035011] raid6: sse2x1   gen() 10148 MB/s
[    0.052014] raid6: sse2x1   xor()  7107 MB/s
[    0.069019] raid6: sse2x2   gen() 11906 MB/s
[    0.086026] raid6: sse2x2   xor()  8109 MB/s
[    0.103031] raid6: sse2x4   gen() 14144 MB/s
[    0.120035] raid6: sse2x4   xor()  9433 MB/s
[    0.120102] raid6: using algorithm sse2x4 gen() 14144 MB/s
[    0.120170] raid6: .... xor() 9433 MB/s, rmw enabled
[    0.120238] raid6: using ssse3x2 recovery algorithm
[    0.121008] ACPI: Added _OSI(Module Device)
[    0.121008] ACPI: Added _OSI(Processor Device)
[    0.121008] ACPI: Added _OSI(3.0 _SCP Extensions)
[    0.121008] ACPI: Added _OSI(Processor Aggregator Device)
[    0.122122] ACPI: Executed 1 blocks of module-level executable AML code
[    0.124662] ACPI: Dynamic OEM Table Load:
[    0.124732] ACPI: SSDT 0xFFFF9E1EF5F61800 0003E0 (v01 AMI    IST      00000001 MSFT 03000001)
[    0.124969] ACPI: Dynamic OEM Table Load:
[    0.125002] ACPI: SSDT 0xFFFF9E1EF624F500 0000E4 (v01 AMI    CST      00000001 MSFT 03000001)
[    0.125459] ACPI: EC: EC started
[    0.125525] ACPI: EC: interrupt blocked
[    0.125596] ACPI: \_SB_.PCI0.SBRG.EC0_: Used as first EC
[    0.125666] ACPI: \_SB_.PCI0.SBRG.EC0_: GPE=0x18, EC_CMD/EC_SC=0x66, EC_DATA=0x62
[    0.125762] ACPI: \_SB_.PCI0.SBRG.EC0_: Used as boot DSDT EC to handle transactions
[    0.125857] ACPI: Interpreter enabled
[    0.125926] ACPI: (supports S0 S5)
[    0.125991] ACPI: Using IOAPIC for interrupt routing
[    0.126024] PCI: MMCONFIG for domain 0000 [bus 00-3f] at [mem 0xe0000000-0xe3ffffff] (base 0xe0000000)
[    0.126157] PCI: MMCONFIG at [mem 0xe0000000-0xe3ffffff] reserved in ACPI motherboard resources
[    0.126257] pmd_set_huge: Cannot satisfy [mem 0xe0000000-0xe0200000] with a huge-page mapping due to MTRR override.
[    0.126388] PCI: Using host bridge windows from ACPI; if necessary, use "pci=nocrs" and report a bug
[    0.126601] ACPI: Enabled 6 GPEs in block 00 to 3F
[    0.126826] ACPI: [Firmware Bug]: BIOS _OSI(Linux) query ignored
[    0.131000] ACPI: PCI Root Bridge [PCI0] (domain 0000 [bus 00-ff])
[    0.131004] acpi PNP0A08:00: _OSC: OS supports [ExtendedConfig ASPM ClockPM Segments MSI]
[    0.131189] acpi PNP0A08:00: _OSC: platform does not support [PCIeHotplug]
[    0.131341] acpi PNP0A08:00: _OSC: OS now controls [PME AER PCIeCapability]
[    0.131417] acpi PNP0A08:00: [Firmware Info]: MMCONFIG for domain 0000 [bus 00-3f] only partially covers this bridge
[    0.131577] acpi PNP0A08:00: ignoring host bridge window [mem 0x000c8000-0x000dffff window] (conflicts with Video ROM [mem 0x000c0000-0x000cdbff])
[    0.131696] PCI host bridge to bus 0000:00
[    0.131765] pci_bus 0000:00: root bus resource [io  0x0000-0x0cf7 window]
[    0.131836] pci_bus 0000:00: root bus resource [io  0x0d00-0xffff window]
[    0.131907] pci_bus 0000:00: root bus resource [mem 0x000a0000-0x000bffff window]
[    0.132002] pci_bus 0000:00: root bus resource [mem 0xbfa00000-0xffffffff window]
[    0.132097] pci_bus 0000:00: root bus resource [bus 00-ff]
[    0.132172] pci 0000:00:00.0: [8086:0100] type 00 class 0x060000
[    0.132235] pci 0000:00:01.0: [8086:0101] type 01 class 0x060400
[    0.132261] pci 0000:00:01.0: PME# supported from D0 D3hot D3cold
[    0.132309] pci 0000:00:02.0: [8086:0112] type 00 class 0x030000
[    0.132317] pci 0000:00:02.0: reg 0x10: [mem 0xfa400000-0xfa7fffff 64bit]
[    0.132321] pci 0000:00:02.0: reg 0x18: [mem 0xc0000000-0xcfffffff 64bit pref]
[    0.132324] pci 0000:00:02.0: reg 0x20: [io  0xf000-0xf03f]
[    0.132398] pci 0000:00:16.0: [8086:1c3a] type 00 class 0x078000
[    0.132422] pci 0000:00:16.0: reg 0x10: [mem 0xfad29000-0xfad2900f 64bit]
[    0.132489] pci 0000:00:16.0: PME# supported from D0 D3hot D3cold
[    0.132542] pci 0000:00:19.0: [8086:1503] type 00 class 0x020000
[    0.132561] pci 0000:00:19.0: reg 0x10: [mem 0xfad00000-0xfad1ffff]
[    0.132568] pci 0000:00:19.0: reg 0x14: [mem 0xfad28000-0xfad28fff]
[    0.132576] pci 0000:00:19.0: reg 0x18: [io  0xf080-0xf09f]
[    0.132631] pci 0000:00:19.0: PME# supported from D0 D3hot D3cold
[    0.132680] pci 0000:00:1a.0: [8086:1c2d] type 00 class 0x0c0320
[    0.132700] pci 0000:00:1a.0: reg 0x10: [mem 0xfad27000-0xfad273ff]
[    0.132779] pci 0000:00:1a.0: PME# supported from D0 D3hot D3cold
[    0.132829] pci 0000:00:1b.0: [8086:1c20] type 00 class 0x040300
[    0.132849] pci 0000:00:1b.0: reg 0x10: [mem 0xfad20000-0xfad23fff 64bit]
[    0.132917] pci 0000:00:1b.0: PME# supported from D0 D3hot D3cold
[    0.133005] pci 0000:00:1c.0: [8086:1c10] type 01 class 0x060400
[    0.133047] pci 0000:00:1c.0: PME# supported from D0 D3hot D3cold
[    0.133101] pci 0000:00:1c.1: [8086:1c12] type 01 class 0x060400
[    0.133178] pci 0000:00:1c.1: PME# supported from D0 D3hot D3cold
[    0.133230] pci 0000:00:1c.2: [8086:1c14] type 01 class 0x060400
[    0.133308] pci 0000:00:1c.2: PME# supported from D0 D3hot D3cold
[    0.133361] pci 0000:00:1c.3: [8086:1c16] type 01 class 0x060400
[    0.133438] pci 0000:00:1c.3: PME# supported from D0 D3hot D3cold
[    0.133491] pci 0000:00:1c.4: [8086:1c18] type 01 class 0x060400
[    0.133568] pci 0000:00:1c.4: PME# supported from D0 D3hot D3cold
[    0.133621] pci 0000:00:1c.6: [8086:244e] type 01 class 0x060401
[    0.133699] pci 0000:00:1c.6: PME# supported from D0 D3hot D3cold
[    0.133751] pci 0000:00:1c.7: [8086:1c1e] type 01 class 0x060400
[    0.133828] pci 0000:00:1c.7: PME# supported from D0 D3hot D3cold
[    0.133881] pci 0000:00:1d.0: [8086:1c26] type 00 class 0x0c0320
[    0.133902] pci 0000:00:1d.0: reg 0x10: [mem 0xfad26000-0xfad263ff]
[    0.133980] pci 0000:00:1d.0: PME# supported from D0 D3hot D3cold
[    0.134033] pci 0000:00:1f.0: [8086:1c44] type 00 class 0x060100
[    0.134181] pci 0000:00:1f.2: [8086:1c02] type 00 class 0x010601
[    0.134197] pci 0000:00:1f.2: reg 0x10: [io  0xf0d0-0xf0d7]
[    0.134204] pci 0000:00:1f.2: reg 0x14: [io  0xf0c0-0xf0c3]
[    0.134211] pci 0000:00:1f.2: reg 0x18: [io  0xf0b0-0xf0b7]
[    0.134218] pci 0000:00:1f.2: reg 0x1c: [io  0xf0a0-0xf0a3]
[    0.134225] pci 0000:00:1f.2: reg 0x20: [io  0xf060-0xf07f]
[    0.134232] pci 0000:00:1f.2: reg 0x24: [mem 0xfad25000-0xfad257ff]
[    0.134268] pci 0000:00:1f.2: PME# supported from D3hot
[    0.134314] pci 0000:00:1f.3: [8086:1c22] type 00 class 0x0c0500
[    0.134331] pci 0000:00:1f.3: reg 0x10: [mem 0xfad24000-0xfad240ff 64bit]
[    0.134350] pci 0000:00:1f.3: reg 0x20: [io  0xf040-0xf05f]
[    0.134430] pci 0000:01:00.0: [10de:1245] type 00 class 0x030000
[    0.134443] pci 0000:01:00.0: reg 0x10: [mem 0xf8000000-0xf9ffffff]
[    0.134450] pci 0000:01:00.0: reg 0x14: [mem 0xd0000000-0xd7ffffff 64bit pref]
[    0.134457] pci 0000:01:00.0: reg 0x1c: [mem 0xd8000000-0xdbffffff 64bit pref]
[    0.134462] pci 0000:01:00.0: reg 0x24: [io  0xe000-0xe07f]
[    0.134466] pci 0000:01:00.0: reg 0x30: [mem 0xfa000000-0xfa07ffff pref]
[    0.134471] pci 0000:01:00.0: enabling Extended Tags
[    0.134601] pci 0000:01:00.1: [10de:0bee] type 00 class 0x040300
[    0.134613] pci 0000:01:00.1: reg 0x10: [mem 0xfa080000-0xfa083fff]
[    0.134645] pci 0000:01:00.1: enabling Extended Tags
[    0.134771] pci 0000:00:01.0: PCI bridge to [bus 01]
[    0.134840] pci 0000:00:01.0:   bridge window [io  0xe000-0xefff]
[    0.134842] pci 0000:00:01.0:   bridge window [mem 0xf8000000-0xfa0fffff]
[    0.134844] pci 0000:00:01.0:   bridge window [mem 0xd0000000-0xdbffffff 64bit pref]
[    0.134879] pci 0000:00:1c.0: PCI bridge to [bus 02]
[    0.135009] pci 0000:03:00.0: [1b21:1042] type 00 class 0x0c0330
[    0.135050] pci 0000:03:00.0: reg 0x10: [mem 0xfac00000-0xfac07fff 64bit]
[    0.135204] pci 0000:03:00.0: PME# supported from D3hot D3cold
[    0.138034] pci 0000:00:1c.1: PCI bridge to [bus 03]
[    0.138107] pci 0000:00:1c.1:   bridge window [mem 0xfac00000-0xfacfffff]
[    0.138147] pci 0000:00:1c.2: PCI bridge to [bus 04]
[    0.138276] pci 0000:05:00.0: [197b:2362] type 00 class 0x010185
[    0.138324] pci 0000:05:00.0: reg 0x10: [io  0xd040-0xd047]
[    0.138340] pci 0000:05:00.0: reg 0x14: [io  0xd030-0xd033]
[    0.138355] pci 0000:05:00.0: reg 0x18: [io  0xd020-0xd027]
[    0.138371] pci 0000:05:00.0: reg 0x1c: [io  0xd010-0xd013]
[    0.138386] pci 0000:05:00.0: reg 0x20: [io  0xd000-0xd00f]
[    0.138402] pci 0000:05:00.0: reg 0x24: [mem 0xfab10000-0xfab101ff]
[    0.138417] pci 0000:05:00.0: reg 0x30: [mem 0x00000000-0x0000ffff pref]
[    0.138486] pci 0000:05:00.0: PME# supported from D3hot
[    0.141017] pci 0000:00:1c.3: PCI bridge to [bus 05]
[    0.141087] pci 0000:00:1c.3:   bridge window [io  0xd000-0xdfff]
[    0.141090] pci 0000:00:1c.3:   bridge window [mem 0xfab00000-0xfabfffff]
[    0.141151] pci 0000:06:00.0: [1b21:1042] type 00 class 0x0c0330
[    0.141191] pci 0000:06:00.0: reg 0x10: [mem 0xfaa00000-0xfaa07fff 64bit]
[    0.141346] pci 0000:06:00.0: PME# supported from D3hot D3cold
[    0.144017] pci 0000:00:1c.4: PCI bridge to [bus 06]
[    0.144091] pci 0000:00:1c.4:   bridge window [mem 0xfaa00000-0xfaafffff]
[    0.144143] pci 0000:07:00.0: [1b21:1080] type 01 class 0x060401
[    0.144278] pci 0000:00:1c.6: PCI bridge to [bus 07-08] (subtractive decode)
[    0.144352] pci 0000:00:1c.6:   bridge window [io  0xc000-0xcfff]
[    0.144356] pci 0000:00:1c.6:   bridge window [mem 0xfa900000-0xfa9fffff]
[    0.144361] pci 0000:00:1c.6:   bridge window [io  0x0000-0x0cf7 window] (subtractive decode)
[    0.144362] pci 0000:00:1c.6:   bridge window [io  0x0d00-0xffff window] (subtractive decode)
[    0.144363] pci 0000:00:1c.6:   bridge window [mem 0x000a0000-0x000bffff window] (subtractive decode)
[    0.144364] pci 0000:00:1c.6:   bridge window [mem 0xbfa00000-0xffffffff window] (subtractive decode)
[    0.144417] pci 0000:08:02.0: [1106:3044] type 00 class 0x0c0010
[    0.144455] pci 0000:08:02.0: reg 0x10: [mem 0xfa900000-0xfa9007ff]
[    0.144472] pci 0000:08:02.0: reg 0x14: [io  0xc000-0xc07f]
[    0.144602] pci 0000:08:02.0: supports D2
[    0.144603] pci 0000:08:02.0: PME# supported from D2 D3hot D3cold
[    0.144692] pci 0000:07:00.0: PCI bridge to [bus 08] (subtractive decode)
[    0.144771] pci 0000:07:00.0:   bridge window [io  0xc000-0xcfff]
[    0.144777] pci 0000:07:00.0:   bridge window [mem 0xfa900000-0xfa9fffff]
[    0.144786] pci 0000:07:00.0:   bridge window [io  0xc000-0xcfff] (subtractive decode)
[    0.144787] pci 0000:07:00.0:   bridge window [mem 0xfa900000-0xfa9fffff] (subtractive decode)
[    0.144788] pci 0000:07:00.0:   bridge window [io  0x0000-0x0cf7 window] (subtractive decode)
[    0.144789] pci 0000:07:00.0:   bridge window [io  0x0d00-0xffff window] (subtractive decode)
[    0.144790] pci 0000:07:00.0:   bridge window [mem 0x000a0000-0x000bffff window] (subtractive decode)
[    0.144791] pci 0000:07:00.0:   bridge window [mem 0xbfa00000-0xffffffff window] (subtractive decode)
[    0.144852] pci 0000:09:00.0: [1b4b:9172] type 00 class 0x010601
[    0.144879] pci 0000:09:00.0: reg 0x10: [io  0xb040-0xb047]
[    0.144891] pci 0000:09:00.0: reg 0x14: [io  0xb030-0xb033]
[    0.144903] pci 0000:09:00.0: reg 0x18: [io  0xb020-0xb027]
[    0.144915] pci 0000:09:00.0: reg 0x1c: [io  0xb010-0xb013]
[    0.144927] pci 0000:09:00.0: reg 0x20: [io  0xb000-0xb00f]
[    0.144939] pci 0000:09:00.0: reg 0x24: [mem 0xfa810000-0xfa8101ff]
[    0.144951] pci 0000:09:00.0: reg 0x30: [mem 0xfa800000-0xfa80ffff pref]
[    0.144964] pci 0000:09:00.0: Enabling fixed DMA alias to 00.1
[    0.145052] pci 0000:09:00.0: PME# supported from D3hot
[    0.148014] pci 0000:00:1c.7: PCI bridge to [bus 09]
[    0.148084] pci 0000:00:1c.7:   bridge window [io  0xb000-0xbfff]
[    0.148088] pci 0000:00:1c.7:   bridge window [mem 0xfa800000-0xfa8fffff]
[    0.148437] ACPI: PCI Interrupt Link [LNKA] (IRQs 3 4 5 6 7 10 *11 12 14 15)
[    0.148544] ACPI: PCI Interrupt Link [LNKB] (IRQs 3 4 5 6 7 *10 11 12 14 15)
[    0.148649] ACPI: PCI Interrupt Link [LNKC] (IRQs *3 4 5 6 10 11 12 14 15)
[    0.148753] ACPI: PCI Interrupt Link [LNKD] (IRQs 3 4 5 6 10 *11 12 14 15)
[    0.148857] ACPI: PCI Interrupt Link [LNKE] (IRQs 3 4 6 7 *10 11 12 14 15)
[    0.148962] ACPI: PCI Interrupt Link [LNKF] (IRQs 3 4 *5 6 7 10 11 12 14 15)
[    0.149033] ACPI: PCI Interrupt Link [LNKG] (IRQs 3 *4 5 6 7 10 11 12 14 15)
[    0.149138] ACPI: PCI Interrupt Link [LNKH] (IRQs 3 4 5 6 *7 10 11 12 14 15)
[    0.149265] ACPI: EC: interrupt unblocked
[    0.149337] ACPI: EC: event unblocked
[    0.149407] ACPI: \_SB_.PCI0.SBRG.EC0_: GPE=0x18, EC_CMD/EC_SC=0x66, EC_DATA=0x62
[    0.149502] ACPI: \_SB_.PCI0.SBRG.EC0_: Used as boot DSDT EC to handle transactions and events
[    0.149638] pci 0000:00:02.0: vgaarb: setting as boot VGA device
[    0.149638] pci 0000:00:02.0: vgaarb: VGA device added: decodes=io+mem,owns=io+mem,locks=none
[    0.149638] pci 0000:01:00.0: vgaarb: VGA device added: decodes=io+mem,owns=none,locks=none
[    0.149638] pci 0000:01:00.0: vgaarb: bridge control possible
[    0.149638] pci 0000:00:02.0: vgaarb: no bridge control possible
[    0.150002] vgaarb: loaded
[    0.150123] SCSI subsystem initialized
[    0.150196] libata version 3.00 loaded.
[    0.150196] ACPI: bus type USB registered
[    0.150196] usbcore: registered new interface driver usbfs
[    0.150196] usbcore: registered new interface driver hub
[    0.150248] usbcore: registered new device driver usb
[    0.150329] pps_core: LinuxPPS API ver. 1 registered
[    0.150398] pps_core: Software ver. 5.3.6 - Copyright 2005-2007 Rodolfo Giometti <giometti@linux.it>
[    0.151000] PTP clock support registered
[    0.151010] EDAC MC: Ver: 3.0.0
[    0.151159] Advanced Linux Sound Architecture Driver Initialized.
[    0.151159] PCI: Using ACPI for IRQ routing
[    0.152763] PCI: pci_cache_line_size set to 64 bytes
[    0.152828] e820: reserve RAM buffer [mem 0x0009b400-0x0009ffff]
[    0.152829] e820: reserve RAM buffer [mem 0xb677e000-0xb7ffffff]
[    0.152830] e820: reserve RAM buffer [mem 0xb6dcf000-0xb7ffffff]
[    0.152831] e820: reserve RAM buffer [mem 0xb7000000-0xb7ffffff]
[    0.152832] e820: reserve RAM buffer [mem 0x23fe00000-0x23fffffff]
[    0.152898] NetLabel: Initializing
[    0.152964] NetLabel:  domain hash size = 128
[    0.153001] NetLabel:  protocols = UNLABELED CIPSOv4 CALIPSO
[    0.153081] NetLabel:  unlabeled traffic allowed by default
[    0.153157] hpet0: at MMIO 0xfed00000, IRQs 2, 8, 0, 0, 0, 0, 0, 0
[    0.153157] hpet0: 8 comparators, 64-bit 14.318180 MHz counter
[    0.156013] clocksource: Switched to clocksource hpet
[    0.164670] VFS: Disk quotas dquot_6.6.0
[    0.164751] VFS: Dquot-cache hash table entries: 512 (order 0, 4096 bytes)
[    0.164865] pnp: PnP ACPI init
[    0.165051] system 00:00: [mem 0xfed10000-0xfed19fff] has been reserved
[    0.165123] system 00:00: [mem 0xe0000000-0xe3ffffff] has been reserved
[    0.165194] system 00:00: [mem 0xfed90000-0xfed93fff] has been reserved
[    0.165265] system 00:00: [mem 0xfed20000-0xfed3ffff] has been reserved
[    0.165336] system 00:00: [mem 0xfee00000-0xfee0ffff] has been reserved
[    0.165411] system 00:00: Plug and Play ACPI device, IDs PNP0c01 (active)
[    0.165473] system 00:01: [io  0x0290-0x029f] has been reserved
[    0.165547] system 00:01: Plug and Play ACPI device, IDs PNP0c02 (active)
[    0.165566] pnp 00:02: Plug and Play ACPI device, IDs PNP0b00 (active)
[    0.165601] system 00:03: [io  0x04d0-0x04d1] has been reserved
[    0.165675] system 00:03: Plug and Play ACPI device, IDs PNP0c02 (active)
[    0.165857] system 00:04: [io  0x0400-0x0453] has been reserved
[    0.165929] system 00:04: [io  0x0458-0x047f] has been reserved
[    0.165998] system 00:04: [io  0x0500-0x057f] has been reserved
[    0.166083] system 00:04: [mem 0xfed1c000-0xfed1ffff] has been reserved
[    0.166154] system 00:04: [mem 0xfec00000-0xfecfffff] could not be reserved
[    0.166226] system 00:04: [mem 0xfed08000-0xfed08fff] has been reserved
[    0.166296] system 00:04: [mem 0xff000000-0xffffffff] has been reserved
[    0.166370] system 00:04: Plug and Play ACPI device, IDs PNP0c01 (active)
[    0.166409] system 00:05: [io  0x0454-0x0457] has been reserved
[    0.166483] system 00:05: Plug and Play ACPI device, IDs INT3f0d PNP0c02 (active)
[    0.166628] pnp: PnP ACPI: found 6 devices
[    0.172413] clocksource: acpi_pm: mask: 0xffffff max_cycles: 0xffffff, max_idle_ns: 2085701024 ns
[    0.172577] pci 0000:00:01.0: PCI bridge to [bus 01]
[    0.172647] pci 0000:00:01.0:   bridge window [io  0xe000-0xefff]
[    0.172718] pci 0000:00:01.0:   bridge window [mem 0xf8000000-0xfa0fffff]
[    0.172790] pci 0000:00:01.0:   bridge window [mem 0xd0000000-0xdbffffff 64bit pref]
[    0.172887] pci 0000:00:1c.0: PCI bridge to [bus 02]
[    0.172964] pci 0000:00:1c.1: PCI bridge to [bus 03]
[    0.173048] pci 0000:00:1c.1:   bridge window [mem 0xfac00000-0xfacfffff]
[    0.173124] pci 0000:00:1c.2: PCI bridge to [bus 04]
[    0.173203] pci 0000:05:00.0: BAR 6: assigned [mem 0xfab00000-0xfab0ffff pref]
[    0.173299] pci 0000:00:1c.3: PCI bridge to [bus 05]
[    0.173368] pci 0000:00:1c.3:   bridge window [io  0xd000-0xdfff]
[    0.173440] pci 0000:00:1c.3:   bridge window [mem 0xfab00000-0xfabfffff]
[    0.173517] pci 0000:00:1c.4: PCI bridge to [bus 06]
[    0.173588] pci 0000:00:1c.4:   bridge window [mem 0xfaa00000-0xfaafffff]
[    0.173665] pci 0000:07:00.0: PCI bridge to [bus 08]
[    0.173736] pci 0000:07:00.0:   bridge window [io  0xc000-0xcfff]
[    0.173812] pci 0000:07:00.0:   bridge window [mem 0xfa900000-0xfa9fffff]
[    0.173894] pci 0000:00:1c.6: PCI bridge to [bus 07-08]
[    0.173964] pci 0000:00:1c.6:   bridge window [io  0xc000-0xcfff]
[    0.174049] pci 0000:00:1c.6:   bridge window [mem 0xfa900000-0xfa9fffff]
[    0.174126] pci 0000:00:1c.7: PCI bridge to [bus 09]
[    0.174195] pci 0000:00:1c.7:   bridge window [io  0xb000-0xbfff]
[    0.174268] pci 0000:00:1c.7:   bridge window [mem 0xfa800000-0xfa8fffff]
[    0.174345] pci_bus 0000:00: resource 4 [io  0x0000-0x0cf7 window]
[    0.174346] pci_bus 0000:00: resource 5 [io  0x0d00-0xffff window]
[    0.174347] pci_bus 0000:00: resource 6 [mem 0x000a0000-0x000bffff window]
[    0.174348] pci_bus 0000:00: resource 7 [mem 0xbfa00000-0xffffffff window]
[    0.174349] pci_bus 0000:01: resource 0 [io  0xe000-0xefff]
[    0.174351] pci_bus 0000:01: resource 1 [mem 0xf8000000-0xfa0fffff]
[    0.174352] pci_bus 0000:01: resource 2 [mem 0xd0000000-0xdbffffff 64bit pref]
[    0.174353] pci_bus 0000:03: resource 1 [mem 0xfac00000-0xfacfffff]
[    0.174354] pci_bus 0000:05: resource 0 [io  0xd000-0xdfff]
[    0.174355] pci_bus 0000:05: resource 1 [mem 0xfab00000-0xfabfffff]
[    0.174356] pci_bus 0000:06: resource 1 [mem 0xfaa00000-0xfaafffff]
[    0.174357] pci_bus 0000:07: resource 0 [io  0xc000-0xcfff]
[    0.174358] pci_bus 0000:07: resource 1 [mem 0xfa900000-0xfa9fffff]
[    0.174359] pci_bus 0000:07: resource 4 [io  0x0000-0x0cf7 window]
[    0.174360] pci_bus 0000:07: resource 5 [io  0x0d00-0xffff window]
[    0.174361] pci_bus 0000:07: resource 6 [mem 0x000a0000-0x000bffff window]
[    0.174362] pci_bus 0000:07: resource 7 [mem 0xbfa00000-0xffffffff window]
[    0.174364] pci_bus 0000:08: resource 0 [io  0xc000-0xcfff]
[    0.174365] pci_bus 0000:08: resource 1 [mem 0xfa900000-0xfa9fffff]
[    0.174366] pci_bus 0000:08: resource 4 [io  0xc000-0xcfff]
[    0.174367] pci_bus 0000:08: resource 5 [mem 0xfa900000-0xfa9fffff]
[    0.174368] pci_bus 0000:08: resource 6 [io  0x0000-0x0cf7 window]
[    0.174369] pci_bus 0000:08: resource 7 [io  0x0d00-0xffff window]
[    0.174370] pci_bus 0000:08: resource 8 [mem 0x000a0000-0x000bffff window]
[    0.174371] pci_bus 0000:08: resource 9 [mem 0xbfa00000-0xffffffff window]
[    0.174372] pci_bus 0000:09: resource 0 [io  0xb000-0xbfff]
[    0.174373] pci_bus 0000:09: resource 1 [mem 0xfa800000-0xfa8fffff]
[    0.174430] NET: Registered protocol family 2
[    0.174601] TCP established hash table entries: 65536 (order: 7, 524288 bytes)
[    0.174785] TCP bind hash table entries: 65536 (order: 8, 1048576 bytes)
[    0.174975] TCP: Hash tables configured (established 65536 bind 65536)
[    0.175082] UDP hash table entries: 4096 (order: 5, 131072 bytes)
[    0.175172] UDP-Lite hash table entries: 4096 (order: 5, 131072 bytes)
[    0.175280] NET: Registered protocol family 1
[    0.175411] RPC: Registered named UNIX socket transport module.
[    0.175480] RPC: Registered udp transport module.
[    0.175548] RPC: Registered tcp transport module.
[    0.175615] RPC: Registered tcp NFSv4.1 backchannel transport module.
[    0.175692] pci 0000:00:02.0: Video device with shadowed ROM at [mem 0x000c0000-0x000dffff]
[    0.425271] PCI: CLS 64 bytes, default 64
[    0.425296] PCI-DMA: Using software bounce buffering for IO (SWIOTLB)
[    0.425368] software IO TLB [mem 0xb277e000-0xb677e000] (64MB) mapped at [00000000ce7b8443-00000000d05ef89a]
[    0.425532] RAPL PMU: API unit is 2^-32 Joules, 3 fixed counters, 163840 ms ovfl timer
[    0.425629] RAPL PMU: hw unit of domain pp0-core 2^-16 Joules
[    0.425697] RAPL PMU: hw unit of domain package 2^-16 Joules
[    0.425767] RAPL PMU: hw unit of domain pp1-gpu 2^-16 Joules
[    0.426301] Scanning for low memory corruption every 60 seconds
[    0.428094] AVX2 or AES-NI instructions are not detected.
[    0.428163] AVX2 instructions are not detected.
[    0.428745] Initialise system trusted keyrings
[    0.428838] workingset: timestamp_bits=40 max_order=21 bucket_order=0
[    0.430104] NFS: Registering the id_resolver key type
[    0.430176] Key type id_resolver registered
[    0.430243] Key type id_legacy registered
[    0.430333] SGI XFS with ACLs, security attributes, realtime, no debug enabled
[    0.432654] NET: Registered protocol family 38
[    0.432748] async_tx: api initialized (async)
[    0.433297] Key type asymmetric registered
[    0.433364] Asymmetric key parser 'x509' registered
[    0.433442] Block layer SCSI generic (bsg) driver version 0.4 loaded (major 249)
[    0.433539] io scheduler noop registered
[    0.433605] io scheduler deadline registered
[    0.433705] io scheduler cfq registered (default)
[    0.433775] io scheduler mq-deadline registered
[    0.433841] io scheduler kyber registered
[    0.433922] io scheduler bfq registered
[    0.434741] pcieport 0000:00:01.0: Signaling PME with IRQ 24
[    0.434827] pcieport 0000:00:1c.0: Signaling PME with IRQ 25
[    0.434916] pcieport 0000:00:1c.1: Signaling PME with IRQ 26
[    0.435070] pcieport 0000:00:1c.2: Signaling PME with IRQ 27
[    0.435159] pcieport 0000:00:1c.3: Signaling PME with IRQ 28
[    0.435244] pcieport 0000:00:1c.4: Signaling PME with IRQ 29
[    0.435330] pcieport 0000:00:1c.7: Signaling PME with IRQ 30
[    0.435461] input: Power Button as /devices/LNXSYSTM:00/LNXSYBUS:00/PNP0C0C:00/input/input0
[    0.435561] ACPI: Power Button [PWRB]
[    0.435650] input: Power Button as /devices/LNXSYSTM:00/LNXPWRBN:00/input/input1
[    0.435748] ACPI: Power Button [PWRF]
[    0.435869] Monitor-Mwait will be used to enter C-1 state
[    0.435877] Monitor-Mwait will be used to enter C-3 state
[    0.436393] Serial: 8250/16550 driver, 4 ports, IRQ sharing enabled
[    0.436761] Non-volatile memory driver v1.3
[    0.436851] Linux agpgart interface v0.103
[    0.437374] [drm] Memory usable by graphics device = 2048M
[    0.437443] [drm] Replacing VGA console driver
[    0.437883] Console: switching to colour dummy device 80x25
[    0.444095] [drm] Supports vblank timestamp caching Rev 2 (21.10.2013).
[    0.444101] [drm] Driver supports precise vblank timestamp query.
[    0.446241] i915 0000:00:02.0: vgaarb: changed VGA decodes: olddecodes=io+mem,decodes=none:owns=io+mem
[    0.450010] [drm] Initialized i915 1.6.0 20171023 for 0000:00:02.0 on minor 0
[    0.450526] ACPI: Video Device [GFX0] (multi-head: yes  rom: no  post: no)
[    0.450723] acpi device:41: registered as cooling_device4
[    0.450765] input: Video Bus as /devices/LNXSYSTM:00/LNXSYBUS:00/PNP0A08:00/LNXVIDEO:00/input/input2
[    0.451907] loop: module loaded
[    0.451961] ahci 0000:00:1f.2: version 3.0
[    0.462163] ahci 0000:00:1f.2: AHCI 0001.0300 32 slots 6 ports 6 Gbps 0x3f impl SATA mode
[    0.462169] ahci 0000:00:1f.2: flags: 64bit ncq sntf pm led clo pio slum part ems apst 
[    0.477460] scsi host0: ahci
[    0.477566] scsi host1: ahci
[    0.477629] scsi host2: ahci
[    0.477697] scsi host3: ahci
[    0.477755] scsi host4: ahci
[    0.477815] scsi host5: ahci
[    0.477848] ata1: SATA max UDMA/133 abar m2048@0xfad25000 port 0xfad25100 irq 32
[    0.477852] ata2: SATA max UDMA/133 abar m2048@0xfad25000 port 0xfad25180 irq 32
[    0.477855] ata3: SATA max UDMA/133 abar m2048@0xfad25000 port 0xfad25200 irq 32
[    0.477858] ata4: SATA max UDMA/133 abar m2048@0xfad25000 port 0xfad25280 irq 32
[    0.477862] ata5: SATA max UDMA/133 abar m2048@0xfad25000 port 0xfad25300 irq 32
[    0.477865] ata6: SATA max UDMA/133 abar m2048@0xfad25000 port 0xfad25380 irq 32
[    0.478015] ahci 0000:05:00.0: AHCI 0001.0100 32 slots 2 ports 3 Gbps 0x3 impl SATA mode
[    0.478019] ahci 0000:05:00.0: flags: 64bit ncq pm led clo pmp pio slum part 
[    0.478180] scsi host6: ahci
[    0.478240] scsi host7: ahci
[    0.478273] ata7: SATA max UDMA/133 abar m512@0xfab10000 port 0xfab10100 irq 19
[    0.478278] ata8: SATA max UDMA/133 abar m512@0xfab10000 port 0xfab10180 irq 19
[    0.478415] ahci 0000:09:00.0: AHCI 0001.0000 32 slots 2 ports 6 Gbps 0x3 impl SATA mode
[    0.478419] ahci 0000:09:00.0: flags: 64bit ncq sntf led only pmp fbs pio slum part sxs 
[    0.478586] scsi host8: ahci
[    0.478648] scsi host9: ahci
[    0.478672] ata9: SATA max UDMA/133 abar m512@0xfa810000 port 0xfa810100 irq 33
[    0.478676] ata10: SATA max UDMA/133 abar m512@0xfa810000 port 0xfa810180 irq 33
[    0.478723] e1000e: Intel(R) PRO/1000 Network Driver - 3.2.6-k
[    0.478725] e1000e: Copyright(c) 1999 - 2015 Intel Corporation.
[    0.478802] e1000e 0000:00:19.0: Interrupt Throttling Rate (ints/sec) set to dynamic conservative mode
[    0.516540] [drm] Cannot find any crtc or sizes
[    0.620259] e1000e 0000:00:19.0 0000:00:19.0 (uninitialized): registered PHC clock
[    0.733470] e1000e 0000:00:19.0 eth0: (PCI Express:2.5GT/s:Width x1) 14:da:e9:0f:78:84
[    0.733475] e1000e 0000:00:19.0 eth0: Intel(R) PRO/1000 Network Connection
[    0.733511] e1000e 0000:00:19.0 eth0: MAC: 10, PHY: 11, PBA No: FFFFFF-0FF
[    0.733577] ehci_hcd: USB 2.0 'Enhanced' Host Controller (EHCI) Driver
[    0.733579] ehci-pci: EHCI PCI platform driver
[    0.733649] ehci-pci 0000:00:1a.0: EHCI Host Controller
[    0.733736] ehci-pci 0000:00:1a.0: new USB bus registered, assigned bus number 1
[    0.733751] ehci-pci 0000:00:1a.0: debug port 2
[    0.737661] ehci-pci 0000:00:1a.0: cache line size of 64 is not supported
[    0.737668] ehci-pci 0000:00:1a.0: irq 23, io mem 0xfad27000
[    0.744059] ehci-pci 0000:00:1a.0: USB 2.0 started, EHCI 1.00
[    0.744112] usb usb1: New USB device found, idVendor=1d6b, idProduct=0002
[    0.744124] usb usb1: New USB device strings: Mfr=3, Product=2, SerialNumber=1
[    0.744126] usb usb1: Product: EHCI Host Controller
[    0.744128] usb usb1: Manufacturer: Linux 4.15.3 ehci_hcd
[    0.744130] usb usb1: SerialNumber: 0000:00:1a.0
[    0.744287] hub 1-0:1.0: USB hub found
[    0.744295] hub 1-0:1.0: 2 ports detected
[    0.744420] ehci-pci 0000:00:1d.0: EHCI Host Controller
[    0.744501] ehci-pci 0000:00:1d.0: new USB bus registered, assigned bus number 2
[    0.744515] ehci-pci 0000:00:1d.0: debug port 2
[    0.748404] ehci-pci 0000:00:1d.0: cache line size of 64 is not supported
[    0.748408] ehci-pci 0000:00:1d.0: irq 23, io mem 0xfad26000
[    0.755065] ehci-pci 0000:00:1d.0: USB 2.0 started, EHCI 1.00
[    0.755121] usb usb2: New USB device found, idVendor=1d6b, idProduct=0002
[    0.755124] usb usb2: New USB device strings: Mfr=3, Product=2, SerialNumber=1
[    0.755126] usb usb2: Product: EHCI Host Controller
[    0.755128] usb usb2: Manufacturer: Linux 4.15.3 ehci_hcd
[    0.755130] usb usb2: SerialNumber: 0000:00:1d.0
[    0.755260] hub 2-0:1.0: USB hub found
[    0.755267] hub 2-0:1.0: 2 ports detected
[    0.755342] ohci_hcd: USB 1.1 'Open' Host Controller (OHCI) Driver
[    0.755346] ohci-pci: OHCI PCI platform driver
[    0.755354] uhci_hcd: USB Universal Host Controller Interface driver
[    0.755372] usbcore: registered new interface driver usblp
[    0.755386] usbcore: registered new interface driver usb-storage
[    0.755405] i8042: PNP: No PS/2 controller found.
[    0.755632] rtc_cmos 00:02: RTC can wake from S4
[    0.755749] rtc_cmos 00:02: rtc core: registered rtc_cmos as rtc0
[    0.755775] rtc_cmos 00:02: alarms up to one month, y3k, 114 bytes nvram, hpet irqs
[    0.755854] i801_smbus 0000:00:1f.3: SMBus using PCI interrupt
[    0.756037] device-mapper: ioctl: 4.37.0-ioctl (2017-09-20) initialised: dm-devel@redhat.com
[    0.756134] device-mapper: multipath round-robin: version 1.2.0 loaded
[    0.756137] device-mapper: multipath queue-length: version 0.2.0 loaded
[    0.756139] device-mapper: multipath service-time: version 0.3.0 loaded
[    0.756149] device-mapper: raid: Loading target version 1.13.0
[    0.756160] intel_pstate: Intel P-state driver initializing
[    0.756244] hidraw: raw HID events driver (C) Jiri Kosina
[    0.756339] usbcore: registered new interface driver usbhid
[    0.756341] usbhid: USB HID core driver
[    0.756523] snd_hda_intel 0000:01:00.1: Disabling MSI
[    0.756546] Netfilter messages via NETLINK v0.30.
[    0.756634] nf_conntrack version 0.5.0 (65536 buckets, 262144 max)
[    0.756649] ctnetlink v0.93: registering with nfnetlink.
[    0.756694] ip_tables: (C) 2000-2006 Netfilter Core Team
[    0.756727] snd_hda_intel 0000:00:1b.0: bound 0000:00:02.0 (ops 0xffffffff9cceb300)
[    0.757026] Initializing XFRM netlink socket
[    0.757091] NET: Registered protocol family 10
[    0.757205] Segment Routing with IPv6
[    0.757219] ip6_tables: (C) 2000-2006 Netfilter Core Team
[    0.757438] sit: IPv6, IPv4 and MPLS over IPv4 tunneling driver
[    0.757506] NET: Registered protocol family 17
[    0.757518] Key type dns_resolver registered
[    0.757665] microcode: sig=0x206a7, pf=0x2, revision=0x14
[    0.757696] microcode: Microcode Update Driver: v2.2.
[    0.757701] AVX version of gcm_enc/dec engaged.
[    0.757704] AES CTR mode by8 optimization enabled
[    0.758290] sched_clock: Marking stable (758287972, 0)->(860126340, -101838368)
[    0.758411] registered taskstats version 1
[    0.758413] Loading compiled-in X.509 certificates
[    0.758547] Btrfs loaded, crc32c=crc32c-intel, ref-verify=on
[    0.758561] BTRFS: selftest: sectorsize: 4096  nodesize: 4096
[    0.758563] BTRFS: selftest: Running btrfs free space cache tests
[    0.758569] BTRFS: selftest: Running extent only tests
[    0.758572] BTRFS: selftest: Running bitmap only tests
[    0.758576] BTRFS: selftest: Running bitmap and extent tests
[    0.758581] BTRFS: selftest: Running space stealing from bitmap to extent
[    0.758780] BTRFS: selftest: Free space cache tests finished
[    0.758782] BTRFS: selftest: Running extent buffer operation tests
[    0.758783] BTRFS: selftest: Running btrfs_split_item tests
[    0.758798] BTRFS: selftest: Running extent I/O tests
[    0.758800] BTRFS: selftest: Running find delalloc tests
[    0.770212] hdaudio hdaudioC0D0: Unable to bind the codec
[    0.770308] hdaudio hdaudioC0D3: Unable to bind the codec
[    0.788632] ata5: SATA link up 3.0 Gbps (SStatus 123 SControl 300)
[    0.788652] ata6: SATA link up 3.0 Gbps (SStatus 123 SControl 300)
[    0.788669] ata2: SATA link up 6.0 Gbps (SStatus 133 SControl 300)
[    0.788706] ata3: SATA link up 3.0 Gbps (SStatus 123 SControl 300)
[    0.788708] ata8: SATA link down (SStatus 0 SControl 300)
[    0.788730] ata4: SATA link up 3.0 Gbps (SStatus 123 SControl 300)
[    0.788745] ata1: SATA link up 6.0 Gbps (SStatus 133 SControl 300)
[    0.788802] ata7: SATA link down (SStatus 0 SControl 300)
[    0.788828] ata5.00: ATA-9: INTEL SSDSC2BA100G3, 5DV12270, max UDMA/133
[    0.788830] ata5.00: 195371568 sectors, multi 1: LBA48 NCQ (depth 31/32)
[    0.788838] ata6.00: ATA-9: INTEL SSDSC2BA100G3, 5DV12270, max UDMA/133
[    0.788841] ata6.00: 195371568 sectors, multi 1: LBA48 NCQ (depth 31/32)
[    0.788859] ata2.00: ATA-9: INTEL SSDSC2BA100G3, 5DV12270, max UDMA/133
[    0.788862] ata2.00: 195371568 sectors, multi 1: LBA48 NCQ (depth 31/32)
[    0.788888] ata3.00: ATA-9: INTEL SSDSC2BA100G3, 5DV12270, max UDMA/133
[    0.788890] ata3.00: 195371568 sectors, multi 1: LBA48 NCQ (depth 31/32)
[    0.788929] ata1.00: ATA-9: INTEL SSDSC2BA100G3, 5DV12270, max UDMA/133
[    0.788931] ata1.00: 195371568 sectors, multi 1: LBA48 NCQ (depth 31/32)
[    0.788965] ata4.00: ATA-9: INTEL SSDSC2BA100G3, 5DV12270, max UDMA/133
[    0.788967] ata4.00: 195371568 sectors, multi 1: LBA48 NCQ (depth 31/32)
[    0.789058] ata5.00: configured for UDMA/133
[    0.789070] ata6.00: configured for UDMA/133
[    0.789087] ata3.00: configured for UDMA/133
[    0.789097] ata2.00: configured for UDMA/133
[    0.789178] ata4.00: configured for UDMA/133
[    0.789293] ata1.00: configured for UDMA/133
[    0.789403] scsi 0:0:0:0: Direct-Access     ATA      INTEL SSDSC2BA10 2270 PQ: 0 ANSI: 5
[    0.789531] sd 0:0:0:0: Attached scsi generic sg0 type 0
[    0.789533] ata1.00: Enabling discard_zeroes_data
[    0.789588] sd 0:0:0:0: [sda] 195371568 512-byte logical blocks: (100 GB/93.2 GiB)
[    0.789591] sd 0:0:0:0: [sda] 4096-byte physical blocks
[    0.789601] sd 0:0:0:0: [sda] Write Protect is off
[    0.789603] sd 0:0:0:0: [sda] Mode Sense: 00 3a 00 00
[    0.789616] sd 0:0:0:0: [sda] Write cache: enabled, read cache: enabled, doesn't support DPO or FUA
[    0.789640] scsi 1:0:0:0: Direct-Access     ATA      INTEL SSDSC2BA10 2270 PQ: 0 ANSI: 5
[    0.789683] ata1.00: Enabling discard_zeroes_data
[    0.789713] ata2.00: Enabling discard_zeroes_data
[    0.789737] sd 1:0:0:0: Attached scsi generic sg1 type 0
[    0.789756] sd 1:0:0:0: [sdb] 195371568 512-byte logical blocks: (100 GB/93.2 GiB)
[    0.789758] sd 1:0:0:0: [sdb] 4096-byte physical blocks
[    0.789768] sd 1:0:0:0: [sdb] Write Protect is off
[    0.789770] sd 1:0:0:0: [sdb] Mode Sense: 00 3a 00 00
[    0.789783] sd 1:0:0:0: [sdb] Write cache: enabled, read cache: enabled, doesn't support DPO or FUA
[    0.789848] ata2.00: Enabling discard_zeroes_data
[    0.789866] scsi 2:0:0:0: Direct-Access     ATA      INTEL SSDSC2BA10 2270 PQ: 0 ANSI: 5
[    0.789947]  sda: sda1
[    0.789951] sd 2:0:0:0: Attached scsi generic sg2 type 0
[    0.790012] ata3.00: Enabling discard_zeroes_data
[    0.790040] ata1.00: Enabling discard_zeroes_data
[    0.790055] sd 2:0:0:0: [sdc] 195371568 512-byte logical blocks: (100 GB/93.2 GiB)
[    0.790058] sd 2:0:0:0: [sdc] 4096-byte physical blocks
[    0.790065] sd 2:0:0:0: [sdc] Write Protect is off
[    0.790067] sd 2:0:0:0: [sdc] Mode Sense: 00 3a 00 00
[    0.790080] sd 2:0:0:0: [sdc] Write cache: enabled, read cache: enabled, doesn't support DPO or FUA
[    0.790114] scsi 3:0:0:0: Direct-Access     ATA      INTEL SSDSC2BA10 2270 PQ: 0 ANSI: 5
[    0.790117] sd 0:0:0:0: [sda] Attached SCSI disk
[    0.790138] ata3.00: Enabling discard_zeroes_data
[    0.790190] sd 3:0:0:0: Attached scsi generic sg3 type 0
[    0.790197] ata4.00: Enabling discard_zeroes_data
[    0.790236]  sdb: sdb1
[    0.790265] sd 3:0:0:0: [sdd] 195371568 512-byte logical blocks: (100 GB/93.2 GiB)
[    0.790267] sd 3:0:0:0: [sdd] 4096-byte physical blocks
[    0.790276] sd 3:0:0:0: [sdd] Write Protect is off
[    0.790277] scsi 4:0:0:0: Direct-Access     ATA      INTEL SSDSC2BA10 2270 PQ: 0 ANSI: 5
[    0.790279] sd 3:0:0:0: [sdd] Mode Sense: 00 3a 00 00
[    0.790293] sd 3:0:0:0: [sdd] Write cache: enabled, read cache: enabled, doesn't support DPO or FUA
[    0.790350] ata4.00: Enabling discard_zeroes_data
[    0.790353] ata5.00: Enabling discard_zeroes_data
[    0.790377] sd 4:0:0:0: Attached scsi generic sg4 type 0
[    0.790383]  sdc: sdc1
[    0.790426] sd 4:0:0:0: [sde] 195371568 512-byte logical blocks: (100 GB/93.2 GiB)
[    0.790429] sd 4:0:0:0: [sde] 4096-byte physical blocks
[    0.790437] sd 4:0:0:0: [sde] Write Protect is off
[    0.790439] sd 4:0:0:0: [sde] Mode Sense: 00 3a 00 00
[    0.790452] scsi 5:0:0:0: Direct-Access     ATA      INTEL SSDSC2BA10 2270 PQ: 0 ANSI: 5
[    0.790453] sd 4:0:0:0: [sde] Write cache: enabled, read cache: enabled, doesn't support DPO or FUA
[    0.790478] ata3.00: Enabling discard_zeroes_data
[    0.790526] sd 5:0:0:0: Attached scsi generic sg5 type 0
[    0.790552] sd 2:0:0:0: [sdc] Attached SCSI disk
[    0.790557] ata5.00: Enabling discard_zeroes_data
[    0.790567] ata6.00: Enabling discard_zeroes_data
[    0.790628] sd 5:0:0:0: [sdf] 195371568 512-byte logical blocks: (100 GB/93.2 GiB)
[    0.790630] sd 5:0:0:0: [sdf] 4096-byte physical blocks
[    0.790639] sd 5:0:0:0: [sdf] Write Protect is off
[    0.790641] sd 5:0:0:0: [sdf] Mode Sense: 00 3a 00 00
[    0.790650] ata2.00: Enabling discard_zeroes_data
[    0.790658] sd 5:0:0:0: [sdf] Write cache: enabled, read cache: enabled, doesn't support DPO or FUA
[    0.790712]  sdd: sdd1
[    0.790730] sd 1:0:0:0: [sdb] Attached SCSI disk
[    0.790776] ata4.00: Enabling discard_zeroes_data
[    0.790785] ata6.00: Enabling discard_zeroes_data
[    0.790799]  sde: sde1
[    0.790862] sd 3:0:0:0: [sdd] Attached SCSI disk
[    0.790871] ata5.00: Enabling discard_zeroes_data
[    0.790989] sd 4:0:0:0: [sde] Attached SCSI disk
[    0.791023]  sdf: sdf1
[    0.791086] ata6.00: Enabling discard_zeroes_data
[    0.791198] sd 5:0:0:0: [sdf] Attached SCSI disk
[    0.791321] BTRFS: selftest: Running extent buffer bitmap tests
[    0.805533] BTRFS: selftest: Extent I/O tests finished
[    0.805535] BTRFS: selftest: Running btrfs_get_extent tests
[    0.805613] BTRFS: selftest: Running hole first btrfs_get_extent test
[    0.805624] BTRFS: selftest: Running outstanding_extents tests
[    0.805638] BTRFS: selftest: Running qgroup tests
[    0.805640] BTRFS: selftest: Qgroup basic add
[    0.805652] BTRFS: selftest: Qgroup multiple refs test
[    0.805678] BTRFS: selftest: Running free space tree tests
[    0.818399] BTRFS: selftest: sectorsize: 4096  nodesize: 8192
[    0.818400] BTRFS: selftest: Running btrfs free space cache tests
[    0.818404] BTRFS: selftest: Running extent only tests
[    0.818408] BTRFS: selftest: Running bitmap only tests
[    0.818412] BTRFS: selftest: Running bitmap and extent tests
[    0.818417] BTRFS: selftest: Running space stealing from bitmap to extent
[    0.818615] BTRFS: selftest: Free space cache tests finished
[    0.818616] BTRFS: selftest: Running extent buffer operation tests
[    0.818617] BTRFS: selftest: Running btrfs_split_item tests
[    0.818624] BTRFS: selftest: Running extent I/O tests
[    0.818626] BTRFS: selftest: Running find delalloc tests
[    0.848641] BTRFS: selftest: Running extent buffer bitmap tests
[    0.862826] BTRFS: selftest: Extent I/O tests finished
[    0.862828] BTRFS: selftest: Running btrfs_get_extent tests
[    0.862856] BTRFS: selftest: Running hole first btrfs_get_extent test
[    0.862863] BTRFS: selftest: Running outstanding_extents tests
[    0.862874] BTRFS: selftest: Running qgroup tests
[    0.862876] BTRFS: selftest: Qgroup basic add
[    0.862886] BTRFS: selftest: Qgroup multiple refs test
[    0.862910] BTRFS: selftest: Running free space tree tests
[    0.875630] BTRFS: selftest: sectorsize: 4096  nodesize: 16384
[    0.875632] BTRFS: selftest: Running btrfs free space cache tests
[    0.875636] BTRFS: selftest: Running extent only tests
[    0.875639] BTRFS: selftest: Running bitmap only tests
[    0.875643] BTRFS: selftest: Running bitmap and extent tests
[    0.875648] BTRFS: selftest: Running space stealing from bitmap to extent
[    0.875845] BTRFS: selftest: Free space cache tests finished
[    0.875846] BTRFS: selftest: Running extent buffer operation tests
[    0.875847] BTRFS: selftest: Running btrfs_split_item tests
[    0.875854] BTRFS: selftest: Running extent I/O tests
[    0.875855] BTRFS: selftest: Running find delalloc tests
[    0.905735] BTRFS: selftest: Running extent buffer bitmap tests
[    0.919919] BTRFS: selftest: Extent I/O tests finished
[    0.919920] BTRFS: selftest: Running btrfs_get_extent tests
[    0.919946] BTRFS: selftest: Running hole first btrfs_get_extent test
[    0.919953] BTRFS: selftest: Running outstanding_extents tests
[    0.919964] BTRFS: selftest: Running qgroup tests
[    0.919965] BTRFS: selftest: Qgroup basic add
[    0.919974] BTRFS: selftest: Qgroup multiple refs test
[    0.919998] BTRFS: selftest: Running free space tree tests
[    0.932912] BTRFS: selftest: sectorsize: 4096  nodesize: 32768
[    0.932914] BTRFS: selftest: Running btrfs free space cache tests
[    0.932917] BTRFS: selftest: Running extent only tests
[    0.932921] BTRFS: selftest: Running bitmap only tests
[    0.932925] BTRFS: selftest: Running bitmap and extent tests
[    0.932930] BTRFS: selftest: Running space stealing from bitmap to extent
[    0.933133] BTRFS: selftest: Free space cache tests finished
[    0.933135] BTRFS: selftest: Running extent buffer operation tests
[    0.933136] BTRFS: selftest: Running btrfs_split_item tests
[    0.933143] BTRFS: selftest: Running extent I/O tests
[    0.933145] BTRFS: selftest: Running find delalloc tests
[    0.943033] ata9: SATA link up 6.0 Gbps (SStatus 133 SControl 300)
[    0.943058] ata10: SATA link up 3.0 Gbps (SStatus 123 SControl 300)
[    0.943403] ata10.00: ATA-8: INTEL SSDSA2CW120G3, 4PC10362, max UDMA/133
[    0.943406] ata10.00: 234441648 sectors, multi 1: LBA48 NCQ (depth 31/32)
[    0.943544] ata9.00: ATA-9: INTEL SSDSC2BB080G6, G2010150, max UDMA/133
[    0.943547] ata9.00: 156301488 sectors, multi 1: LBA48 NCQ (depth 31/32)
[    0.943792] ata10.00: configured for UDMA/133
[    0.944073] ata9.00: configured for UDMA/133
[    0.944260] scsi 8:0:0:0: Direct-Access     ATA      INTEL SSDSC2BB08 0150 PQ: 0 ANSI: 5
[    0.944489] ata9.00: Enabling discard_zeroes_data
[    0.944499] sd 8:0:0:0: Attached scsi generic sg6 type 0
[    0.944536] sd 8:0:0:0: [sdg] 156301488 512-byte logical blocks: (80.0 GB/74.5 GiB)
[    0.944539] sd 8:0:0:0: [sdg] 4096-byte physical blocks
[    0.944549] sd 8:0:0:0: [sdg] Write Protect is off
[    0.944551] sd 8:0:0:0: [sdg] Mode Sense: 00 3a 00 00
[    0.944562] sd 8:0:0:0: [sdg] Write cache: enabled, read cache: enabled, doesn't support DPO or FUA
[    0.944604] scsi 9:0:0:0: Direct-Access     ATA      INTEL SSDSA2CW12 0362 PQ: 0 ANSI: 5
[    0.944690] sd 9:0:0:0: Attached scsi generic sg7 type 0
[    0.944709] ata10.00: Enabling discard_zeroes_data
[    0.944730] ata9.00: Enabling discard_zeroes_data
[    0.944771] sd 9:0:0:0: [sdh] 234441648 512-byte logical blocks: (120 GB/112 GiB)
[    0.944783] sd 9:0:0:0: [sdh] Write Protect is off
[    0.944786] sd 9:0:0:0: [sdh] Mode Sense: 00 3a 00 00
[    0.944804] sd 9:0:0:0: [sdh] Write cache: enabled, read cache: enabled, doesn't support DPO or FUA
[    0.944883] ata10.00: Enabling discard_zeroes_data
[    0.945026]  sdg: sdg1 sdg2
[    0.945128] ata9.00: Enabling discard_zeroes_data
[    0.945192]  sdh: sdh1
[    0.945229] sd 8:0:0:0: [sdg] Attached SCSI removable disk
[    0.945257] ata10.00: Enabling discard_zeroes_data
[    0.945370] sd 9:0:0:0: [sdh] Attached SCSI removable disk
[    0.963163] BTRFS: selftest: Running extent buffer bitmap tests
[    0.977615] BTRFS: selftest: Extent I/O tests finished
[    0.977617] BTRFS: selftest: Running btrfs_get_extent tests
[    0.977647] BTRFS: selftest: Running hole first btrfs_get_extent test
[    0.977655] BTRFS: selftest: Running outstanding_extents tests
[    0.977667] BTRFS: selftest: Running qgroup tests
[    0.977668] BTRFS: selftest: Qgroup basic add
[    0.977679] BTRFS: selftest: Qgroup multiple refs test
[    0.977705] BTRFS: selftest: Running free space tree tests
[    0.990446] BTRFS: selftest: sectorsize: 4096  nodesize: 65536
[    0.990448] BTRFS: selftest: Running btrfs free space cache tests
[    0.990452] BTRFS: selftest: Running extent only tests
[    0.990455] BTRFS: selftest: Running bitmap only tests
[    0.990459] BTRFS: selftest: Running bitmap and extent tests
[    0.990464] BTRFS: selftest: Running space stealing from bitmap to extent
[    0.990661] BTRFS: selftest: Free space cache tests finished
[    0.990663] BTRFS: selftest: Running extent buffer operation tests
[    0.990664] BTRFS: selftest: Running btrfs_split_item tests
[    0.990672] BTRFS: selftest: Running extent I/O tests
[    0.990673] BTRFS: selftest: Running find delalloc tests
[    1.006073] hdaudio hdaudioC1D0: Unable to bind the codec
[    1.006109] hdaudio hdaudioC1D1: Unable to bind the codec
[    1.006138] hdaudio hdaudioC1D2: Unable to bind the codec
[    1.006165] hdaudio hdaudioC1D3: Unable to bind the codec
[    1.020612] BTRFS: selftest: Running extent buffer bitmap tests
[    1.035065] BTRFS: selftest: Extent I/O tests finished
[    1.035067] BTRFS: selftest: Running btrfs_get_extent tests
[    1.035096] BTRFS: selftest: Running hole first btrfs_get_extent test
[    1.035104] BTRFS: selftest: Running outstanding_extents tests
[    1.035115] BTRFS: selftest: Running qgroup tests
[    1.035117] BTRFS: selftest: Qgroup basic add
[    1.035127] BTRFS: selftest: Qgroup multiple refs test
[    1.035152] BTRFS: selftest: Running free space tree tests
[    1.048422] console [netcon0] enabled
[    1.048424] netconsole: network logging started
[    1.048458] ALSA device list:
[    1.048459]   No soundcards found.
[    1.048506] md: Waiting for all devices to be available before autodetect
[    1.048508] md: If you don't use raid, use raid=noautodetect
[    1.048643] md: Autodetecting RAID arrays.
[    1.049497] md: autorun ...
[    1.049531] md: running: <sdf1><sde1><sdd1><sdc1><sdb1><sda1>
[    1.049663] md0: detected capacity change from 0 to 600173445120
[    1.049671] md: ... autorun DONE.
[    1.058984] XFS (sdg2): Mounting V5 Filesystem
[    1.065020] usb 1-1: new high-speed USB device number 2 using ehci-pci
[    1.081022] usb 2-1: new high-speed USB device number 2 using ehci-pci
[    1.087695] XFS (sdg2): Ending clean mount
[    1.088095] VFS: Mounted root (xfs filesystem) readonly on device 8:98.
[    1.090940] devtmpfs: mounted
[    1.091831] Freeing unused kernel memory: 1204K
[    1.091833] Write protecting the kernel read-only data: 20480k
[    1.092289] Freeing unused kernel memory: 1980K
[    1.093127] Freeing unused kernel memory: 584K
[    1.140551] loadkeys (1586) used greatest stack depth: 13720 bytes left
[    1.141039] init-early.sh (1584) used greatest stack depth: 13344 bytes left
[    1.194388] usb 1-1: New USB device found, idVendor=8087, idProduct=0024
[    1.194393] usb 1-1: New USB device strings: Mfr=0, Product=0, SerialNumber=0
[    1.194603] hub 1-1:1.0: USB hub found
[    1.194714] hub 1-1:1.0: 6 ports detected
[    1.210386] usb 2-1: New USB device found, idVendor=8087, idProduct=0024
[    1.210391] usb 2-1: New USB device strings: Mfr=0, Product=0, SerialNumber=0
[    1.210600] hub 2-1:1.0: USB hub found
[    1.210713] hub 2-1:1.0: 8 ports detected
[    1.439025] tsc: Refined TSC clocksource calibration: 3300.024 MHz
[    1.439029] clocksource: tsc: mask: 0xffffffffffffffff max_cycles: 0x2f9162f7d0a, max_idle_ns: 440795286380 ns
[    1.488035] usb 2-1.5: new full-speed USB device number 3 using ehci-pci
[    1.514198] udevd[1948]: starting version 3.2.5
[    1.522042] udevd[1949]: starting eudev-3.2.5
[    1.564522] e1000e 0000:00:19.0 eno1: renamed from eth0
[    1.568971] usb 2-1.5: New USB device found, idVendor=067b, idProduct=2303
[    1.568973] usb 2-1.5: New USB device strings: Mfr=1, Product=2, SerialNumber=0
[    1.568974] usb 2-1.5: Product: USB-Serial Controller D
[    1.568975] usb 2-1.5: Manufacturer: Prolific Technology Inc. 
[    1.634031] usb 2-1.7: new full-speed USB device number 4 using ehci-pci
[    1.714144] usb 2-1.7: New USB device found, idVendor=0cf3, idProduct=3000
[    1.714146] usb 2-1.7: New USB device strings: Mfr=0, Product=0, SerialNumber=0
[    2.448131] clocksource: Switched to clocksource tsc
[    2.565530] EXT4-fs (sdh1): mounted filesystem with ordered data mode. Opts: (null)
[    2.572311] EXT4-fs (md0): mounted filesystem with ordered data mode. Opts: (null)
[    2.685522] dmesg (2549) used greatest stack depth: 13088 bytes left
[    2.786911] ip (2711) used greatest stack depth: 13008 bytes left
[    2.944256] cat (2837) used greatest stack depth: 12976 bytes left
[    3.207206] IPv6: ADDRCONF(NETDEV_UP): eno1: link is not ready
[    8.878075] e1000e: eno1 NIC Link is Up 1000 Mbps Full Duplex, Flow Control: Rx/Tx
[    8.878107] IPv6: ADDRCONF(NETDEV_CHANGE): eno1: link becomes ready
[  214.223103] random: crng init done
[  725.983034] kworker/dying (1309) used greatest stack depth: 12928 bytes left
[ 2692.062980] kworker/dying (1327) used greatest stack depth: 12320 bytes left
[14324.702700] kworker/dying (1859) used greatest stack depth: 12176 bytes left
[25793.388703] postgres (13036) used greatest stack depth: 12168 bytes left
[27005.919383] kworker/dying (28702) used greatest stack depth: 12104 bytes left
[37065.696129] kworker/dying (30537) used greatest stack depth: 11944 bytes left
