[    0.000000] Linux version 4.15.3 (root@bench) (gcc version 7.3.0 (GCC)) #3 SMP Mon Feb 19 12:21:00 CET 2018
[    0.000000] Command line: BOOT_IMAGE=/vmlinuz-4.15.3 root=/dev/sdg2 ro nopcid
[    0.000000] x86/fpu: Supporting XSAVE feature 0x001: 'x87 floating point registers'
[    0.000000] x86/fpu: Supporting XSAVE feature 0x002: 'SSE registers'
[    0.000000] x86/fpu: Supporting XSAVE feature 0x004: 'AVX registers'
[    0.000000] x86/fpu: xstate_offset[2]:  576, xstate_sizes[2]:  256
[    0.000000] x86/fpu: Enabled xstate features 0x7, context size is 832 bytes, using 'standard' format.
[    0.000000] e820: BIOS-provided physical RAM map:
[    0.000000] BIOS-e820: [mem 0x0000000000000000-0x000000000009b3ff] usable
[    0.000000] BIOS-e820: [mem 0x000000000009b400-0x000000000009ffff] reserved
[    0.000000] BIOS-e820: [mem 0x00000000000e0000-0x00000000000fffff] reserved
[    0.000000] BIOS-e820: [mem 0x0000000000100000-0x000000001fffffff] usable
[    0.000000] BIOS-e820: [mem 0x0000000020000000-0x00000000201fffff] reserved
[    0.000000] BIOS-e820: [mem 0x0000000020200000-0x000000003fffffff] usable
[    0.000000] BIOS-e820: [mem 0x0000000040000000-0x00000000401fffff] reserved
[    0.000000] BIOS-e820: [mem 0x0000000040200000-0x00000000b677dfff] usable
[    0.000000] BIOS-e820: [mem 0x00000000b677e000-0x00000000b67d4fff] ACPI NVS
[    0.000000] BIOS-e820: [mem 0x00000000b67d5000-0x00000000b6b5bfff] reserved
[    0.000000] BIOS-e820: [mem 0x00000000b6b5c000-0x00000000b6b5efff] ACPI NVS
[    0.000000] BIOS-e820: [mem 0x00000000b6b5f000-0x00000000b6da4fff] reserved
[    0.000000] BIOS-e820: [mem 0x00000000b6da5000-0x00000000b6db5fff] ACPI NVS
[    0.000000] BIOS-e820: [mem 0x00000000b6db6000-0x00000000b6dccfff] reserved
[    0.000000] BIOS-e820: [mem 0x00000000b6dcd000-0x00000000b6dcefff] usable
[    0.000000] BIOS-e820: [mem 0x00000000b6dcf000-0x00000000b6dd6fff] reserved
[    0.000000] BIOS-e820: [mem 0x00000000b6dd7000-0x00000000b6de1fff] ACPI NVS
[    0.000000] BIOS-e820: [mem 0x00000000b6de2000-0x00000000b6e3dfff] reserved
[    0.000000] BIOS-e820: [mem 0x00000000b6e3e000-0x00000000b6e80fff] ACPI NVS
[    0.000000] BIOS-e820: [mem 0x00000000b6e81000-0x00000000b6ffffff] usable
[    0.000000] BIOS-e820: [mem 0x00000000b7800000-0x00000000bf9fffff] reserved
[    0.000000] BIOS-e820: [mem 0x00000000fed1c000-0x00000000fed1ffff] reserved
[    0.000000] BIOS-e820: [mem 0x00000000ff000000-0x00000000ffffffff] reserved
[    0.000000] BIOS-e820: [mem 0x0000000100000000-0x000000023fdfffff] usable
[    0.000000] nopcid: PCID feature disabled
[    0.000000] NX (Execute Disable) protection: active
[    0.000000] random: fast init done
[    0.000000] SMBIOS 2.6 present.
[    0.000000] DMI: System manufacturer System Product Name/P8Z68-V PRO, BIOS 0501 05/09/2011
[    0.000000] e820: update [mem 0x00000000-0x00000fff] usable ==> reserved
[    0.000000] e820: remove [mem 0x000a0000-0x000fffff] usable
[    0.000000] e820: last_pfn = 0x23fe00 max_arch_pfn = 0x400000000
[    0.000000] MTRR default type: uncachable
[    0.000000] MTRR fixed ranges enabled:
[    0.000000]   00000-9FFFF write-back
[    0.000000]   A0000-BFFFF uncachable
[    0.000000]   C0000-D3FFF write-protect
[    0.000000]   D4000-E7FFF uncachable
[    0.000000]   E8000-FFFFF write-protect
[    0.000000] MTRR variable ranges enabled:
[    0.000000]   0 base 000000000 mask E00000000 write-back
[    0.000000]   1 base 200000000 mask FC0000000 write-back
[    0.000000]   2 base 0B7800000 mask FFF800000 uncachable
[    0.000000]   3 base 0B8000000 mask FF8000000 uncachable
[    0.000000]   4 base 0C0000000 mask FC0000000 uncachable
[    0.000000]   5 base 23FE00000 mask FFFE00000 uncachable
[    0.000000]   6 disabled
[    0.000000]   7 disabled
[    0.000000]   8 disabled
[    0.000000]   9 disabled
[    0.000000] x86/PAT: Configuration [0-7]: WB  WC  UC- UC  WB  WP  UC- WT  
[    0.000000] e820: update [mem 0xb7800000-0xffffffff] usable ==> reserved
[    0.000000] e820: last_pfn = 0xb7000 max_arch_pfn = 0x400000000
[    0.000000] Scanning 1 areas for low memory corruption
[    0.000000] Base memory trampoline at [        (ptrval)] 95000 size 24576
[    0.000000] reserving inaccessible SNB gfx pages
[    0.000000] BRK [0x1699e8000, 0x1699e8fff] PGTABLE
[    0.000000] BRK [0x1699e9000, 0x1699e9fff] PGTABLE
[    0.000000] BRK [0x1699ea000, 0x1699eafff] PGTABLE
[    0.000000] BRK [0x1699eb000, 0x1699ebfff] PGTABLE
[    0.000000] BRK [0x1699ec000, 0x1699ecfff] PGTABLE
[    0.000000] BRK [0x1699ed000, 0x1699edfff] PGTABLE
[    0.000000] BRK [0x1699ee000, 0x1699eefff] PGTABLE
[    0.000000] BRK [0x1699ef000, 0x1699effff] PGTABLE
[    0.000000] BRK [0x1699f0000, 0x1699f0fff] PGTABLE
[    0.000000] BRK [0x1699f1000, 0x1699f1fff] PGTABLE
[    0.000000] ACPI: Early table checksum verification disabled
[    0.000000] ACPI: RSDP 0x00000000000F0420 000024 (v02 ALASKA)
[    0.000000] ACPI: XSDT 0x00000000B67CA068 00004C (v01 ALASKA A M I    01072009 AMI  00010013)
[    0.000000] ACPI: FACP 0x00000000B67D42D8 0000F4 (v04 ALASKA A M I    01072009 AMI  00010013)
[    0.000000] ACPI: DSDT 0x00000000B67CA140 00A198 (v02 ALASKA A M I    00000000 INTL 20051117)
[    0.000000] ACPI: FACS 0x00000000B6DD9F80 000040
[    0.000000] ACPI: APIC 0x00000000B67D43D0 000072 (v03 ALASKA A M I    01072009 AMI  00010013)
[    0.000000] ACPI: SSDT 0x00000000B67D4448 000102 (v01 AMICPU PROC     00000001 MSFT 03000001)
[    0.000000] ACPI: MCFG 0x00000000B67D4550 00003C (v01 ALASKA A M I    01072009 MSFT 00000097)
[    0.000000] ACPI: HPET 0x00000000B67D4590 000038 (v01 ALASKA A M I    01072009 AMI. 00000004)
[    0.000000] ACPI: Local APIC address 0xfee00000
[    0.000000] No NUMA configuration found
[    0.000000] Faking a node at [mem 0x0000000000000000-0x000000023fdfffff]
[    0.000000] NODE_DATA(0) allocated [mem 0x23fdf8000-0x23fdfbfff]
[    0.000000] tsc: Fast TSC calibration using PIT
[    0.000000] Zone ranges:
[    0.000000]   DMA      [mem 0x0000000000001000-0x0000000000ffffff]
[    0.000000]   DMA32    [mem 0x0000000001000000-0x00000000ffffffff]
[    0.000000]   Normal   [mem 0x0000000100000000-0x000000023fdfffff]
[    0.000000] Movable zone start for each node
[    0.000000] Early memory node ranges
[    0.000000]   node   0: [mem 0x0000000000001000-0x000000000009afff]
[    0.000000]   node   0: [mem 0x0000000000100000-0x000000001fffffff]
[    0.000000]   node   0: [mem 0x0000000020200000-0x000000003fffffff]
[    0.000000]   node   0: [mem 0x0000000040200000-0x00000000b677dfff]
[    0.000000]   node   0: [mem 0x00000000b6dcd000-0x00000000b6dcefff]
[    0.000000]   node   0: [mem 0x00000000b6e81000-0x00000000b6ffffff]
[    0.000000]   node   0: [mem 0x0000000100000000-0x000000023fdfffff]
[    0.000000] Initmem setup node 0 [mem 0x0000000000001000-0x000000023fdfffff]
[    0.000000] On node 0 totalpages: 2056857
[    0.000000]   DMA zone: 64 pages used for memmap
[    0.000000]   DMA zone: 154 pages reserved
[    0.000000]   DMA zone: 3994 pages, LIFO batch:0
[    0.000000]   DMA32 zone: 11604 pages used for memmap
[    0.000000]   DMA32 zone: 742655 pages, LIFO batch:31
[    0.000000]   Normal zone: 20472 pages used for memmap
[    0.000000]   Normal zone: 1310208 pages, LIFO batch:31
[    0.000000] Reserved but unavailable: 107 pages
[    0.000000] Reserving Intel graphics memory at 0x00000000b7a00000-0x00000000bf9fffff
[    0.000000] ACPI: PM-Timer IO Port: 0x408
[    0.000000] ACPI: Local APIC address 0xfee00000
[    0.000000] ACPI: LAPIC_NMI (acpi_id[0xff] high edge lint[0x1])
[    0.000000] IOAPIC[0]: apic_id 0, version 32, address 0xfec00000, GSI 0-23
[    0.000000] ACPI: INT_SRC_OVR (bus 0 bus_irq 0 global_irq 2 dfl dfl)
[    0.000000] ACPI: INT_SRC_OVR (bus 0 bus_irq 9 global_irq 9 high level)
[    0.000000] ACPI: IRQ0 used by override.
[    0.000000] ACPI: IRQ9 used by override.
[    0.000000] Using ACPI (MADT) for SMP configuration information
[    0.000000] ACPI: HPET id: 0x8086a701 base: 0xfed00000
[    0.000000] smpboot: Allowing 4 CPUs, 0 hotplug CPUs
[    0.000000] e820: [mem 0xbfa00000-0xfed1bfff] available for PCI devices
[    0.000000] clocksource: refined-jiffies: mask: 0xffffffff max_cycles: 0xffffffff, max_idle_ns: 1910969940391419 ns
[    0.000000] setup_percpu: NR_CPUS:64 nr_cpumask_bits:64 nr_cpu_ids:4 nr_node_ids:1
[    0.000000] percpu: Embedded 43 pages/cpu @        (ptrval) s137304 r8192 d30632 u524288
[    0.000000] pcpu-alloc: s137304 r8192 d30632 u524288 alloc=1*2097152
[    0.000000] pcpu-alloc: [0] 0 1 2 3 
[    0.000000] Built 1 zonelists, mobility grouping on.  Total pages: 2024563
[    0.000000] Policy zone: Normal
[    0.000000] Kernel command line: BOOT_IMAGE=/vmlinuz-4.15.3 root=/dev/sdg2 ro nopcid
[    0.000000] Memory: 8002432K/8227428K available (14364K kernel code, 1528K rwdata, 3512K rodata, 1204K init, 644K bss, 224996K reserved, 0K cma-reserved)
[    0.000000] SLUB: HWalign=64, Order=0-3, MinObjects=0, CPUs=4, Nodes=1
[    0.000000] Kernel/User page tables isolation: enabled
[    0.000000] Hierarchical RCU implementation.
[    0.000000] 	RCU event tracing is enabled.
[    0.000000] 	RCU restricting CPUs from NR_CPUS=64 to nr_cpu_ids=4.
[    0.000000] RCU: Adjusting geometry for rcu_fanout_leaf=16, nr_cpu_ids=4
[    0.000000] NR_IRQS: 4352, nr_irqs: 456, preallocated irqs: 16
[    0.000000] Console: colour VGA+ 80x25
[    0.000000] console [tty0] enabled
[    0.000000] ACPI: Core revision 20170831
[    0.000000] ACPI: 2 ACPI AML tables successfully acquired and loaded
[    0.000000] clocksource: hpet: mask: 0xffffffff max_cycles: 0xffffffff, max_idle_ns: 133484882848 ns
[    0.000000] hpet clockevent registered
[    0.000000] APIC: Switch to symmetric I/O mode setup
[    0.000000] ..TIMER: vector=0x30 apic1=0 pin1=2 apic2=-1 pin2=-1
[    0.005000] tsc: Fast TSC calibration using PIT
[    0.006000] tsc: Detected 3299.968 MHz processor
[    0.006000] Calibrating delay loop (skipped), value calculated using timer frequency.. 6599.93 BogoMIPS (lpj=3299968)
[    0.006000] pid_max: default: 32768 minimum: 301
[    0.006000] Security Framework initialized
[    0.007605] Dentry cache hash table entries: 1048576 (order: 11, 8388608 bytes)
[    0.008239] Inode-cache hash table entries: 524288 (order: 10, 4194304 bytes)
[    0.008335] Mount-cache hash table entries: 16384 (order: 5, 131072 bytes)
[    0.008422] Mountpoint-cache hash table entries: 16384 (order: 5, 131072 bytes)
[    0.008649] CPU: Physical Processor ID: 0
[    0.008716] CPU: Processor Core ID: 0
[    0.008785] ENERGY_PERF_BIAS: Set to 'normal', was 'performance'
[    0.008854] ENERGY_PERF_BIAS: View and update with x86_energy_perf_policy(8)
[    0.008928] mce: CPU supports 9 MCE banks
[    0.009006] CPU0: Thermal monitoring enabled (TM1)
[    0.009081] process: using mwait in idle threads
[    0.009149] Last level iTLB entries: 4KB 512, 2MB 8, 4MB 8
[    0.009218] Last level dTLB entries: 4KB 512, 2MB 32, 4MB 32, 1GB 0
[    0.009288] Spectre V2 : kernel not compiled with retpoline; no mitigation available!
[    0.009383] Freeing SMP alternatives memory: 44K
[    0.010051] TSC deadline timer enabled
[    0.010053] smpboot: CPU0: Intel(R) Core(TM) i5-2500K CPU @ 3.30GHz (family: 0x6, model: 0x2a, stepping: 0x7)
[    0.010192] Performance Events: PEBS fmt1+, SandyBridge events, 16-deep LBR, full-width counters, Intel PMU driver.
[    0.010306] core: PEBS disabled due to CPU errata, please upgrade microcode
[    0.010378] ... version:                3
[    0.010443] ... bit width:              48
[    0.010510] ... generic registers:      8
[    0.010576] ... value mask:             0000ffffffffffff
[    0.010645] ... max period:             00007fffffffffff
[    0.010713] ... fixed-purpose events:   3
[    0.010780] ... event mask:             00000007000000ff
[    0.010875] Hierarchical SRCU implementation.
[    0.011000] smp: Bringing up secondary CPUs ...
[    0.011046] x86: Booting SMP configuration:
[    0.011112] .... node  #0, CPUs:      #1 #2 #3
[    0.014020] smp: Brought up 1 node, 4 CPUs
[    0.014137] smpboot: Max logical packages: 1
[    0.014204] smpboot: Total of 4 processors activated (26399.74 BogoMIPS)
[    0.015189] devtmpfs: initialized
[    0.015189] clocksource: jiffies: mask: 0xffffffff max_cycles: 0xffffffff, max_idle_ns: 1911260446275000 ns
[    0.015189] kworker/u8:0 (30) used greatest stack depth: 14320 bytes left
[    0.015225] futex hash table entries: 1024 (order: 4, 65536 bytes)
[    0.015315] xor: automatically using best checksumming function   avx       
[    0.015439] NET: Registered protocol family 16
[    0.016005] audit: initializing netlink subsys (disabled)
[    0.016077] audit: type=2000 audit(1519151338.016:1): state=initialized audit_enabled=0 res=1
[    0.016102] cpuidle: using governor menu
[    0.016105] ACPI: bus type PCI registered
[    0.016214] PCI: MMCONFIG for domain 0000 [bus 00-3f] at [mem 0xe0000000-0xe3ffffff] (base 0xe0000000)
[    0.016312] PCI: not using MMCONFIG
[    0.016378] PCI: Using configuration type 1 for base access
[    0.016476] core: PMU erratum BJ122, BV98, HSD29 workaround disabled, HT off
[    0.017546] kworker/u8:2 (228) used greatest stack depth: 14160 bytes left
[    0.018796] HugeTLB registered 2.00 MiB page size, pre-allocated 0 pages
[    0.035002] raid6: sse2x1   gen() 10160 MB/s
[    0.052005] raid6: sse2x1   xor()  7105 MB/s
[    0.069005] raid6: sse2x2   gen() 11910 MB/s
[    0.086003] raid6: sse2x2   xor()  8115 MB/s
[    0.103003] raid6: sse2x4   gen() 14144 MB/s
[    0.120000] raid6: sse2x4   xor()  9410 MB/s
[    0.120067] raid6: using algorithm sse2x4 gen() 14144 MB/s
[    0.120136] raid6: .... xor() 9410 MB/s, rmw enabled
[    0.120204] raid6: using ssse3x2 recovery algorithm
[    0.120300] ACPI: Added _OSI(Module Device)
[    0.120368] ACPI: Added _OSI(Processor Device)
[    0.120894] ACPI: Added _OSI(3.0 _SCP Extensions)
[    0.120962] ACPI: Added _OSI(Processor Aggregator Device)
[    0.121115] ACPI: Executed 1 blocks of module-level executable AML code
[    0.123281] ACPI: Dynamic OEM Table Load:
[    0.123351] ACPI: SSDT 0xFFFF8FDA75E10C00 0003E0 (v01 AMI    IST      00000001 MSFT 03000001)
[    0.123562] ACPI: Dynamic OEM Table Load:
[    0.123631] ACPI: SSDT 0xFFFF8FDA763BC300 0000E4 (v01 AMI    CST      00000001 MSFT 03000001)
[    0.124067] ACPI: EC: EC started
[    0.124133] ACPI: EC: interrupt blocked
[    0.124203] ACPI: \_SB_.PCI0.SBRG.EC0_: Used as first EC
[    0.124272] ACPI: \_SB_.PCI0.SBRG.EC0_: GPE=0x18, EC_CMD/EC_SC=0x66, EC_DATA=0x62
[    0.124367] ACPI: \_SB_.PCI0.SBRG.EC0_: Used as boot DSDT EC to handle transactions
[    0.124462] ACPI: Interpreter enabled
[    0.124530] ACPI: (supports S0 S5)
[    0.124597] ACPI: Using IOAPIC for interrupt routing
[    0.124685] PCI: MMCONFIG for domain 0000 [bus 00-3f] at [mem 0xe0000000-0xe3ffffff] (base 0xe0000000)
[    0.124816] PCI: MMCONFIG at [mem 0xe0000000-0xe3ffffff] reserved in ACPI motherboard resources
[    0.124919] pmd_set_huge: Cannot satisfy [mem 0xe0000000-0xe0200000] with a huge-page mapping due to MTRR override.
[    0.125033] PCI: Using host bridge windows from ACPI; if necessary, use "pci=nocrs" and report a bug
[    0.125255] ACPI: Enabled 6 GPEs in block 00 to 3F
[    0.125477] ACPI: [Firmware Bug]: BIOS _OSI(Linux) query ignored
[    0.129596] ACPI: PCI Root Bridge [PCI0] (domain 0000 [bus 00-ff])
[    0.129669] acpi PNP0A08:00: _OSC: OS supports [ExtendedConfig ASPM ClockPM Segments MSI]
[    0.129847] acpi PNP0A08:00: _OSC: platform does not support [PCIeHotplug]
[    0.129993] acpi PNP0A08:00: _OSC: OS now controls [PME AER PCIeCapability]
[    0.130007] acpi PNP0A08:00: [Firmware Info]: MMCONFIG for domain 0000 [bus 00-3f] only partially covers this bridge
[    0.130162] acpi PNP0A08:00: ignoring host bridge window [mem 0x000c8000-0x000dffff window] (conflicts with Video ROM [mem 0x000c0000-0x000cdbff])
[    0.130283] PCI host bridge to bus 0000:00
[    0.130350] pci_bus 0000:00: root bus resource [io  0x0000-0x0cf7 window]
[    0.130422] pci_bus 0000:00: root bus resource [io  0x0d00-0xffff window]
[    0.130493] pci_bus 0000:00: root bus resource [mem 0x000a0000-0x000bffff window]
[    0.130588] pci_bus 0000:00: root bus resource [mem 0xbfa00000-0xffffffff window]
[    0.130684] pci_bus 0000:00: root bus resource [bus 00-ff]
[    0.130758] pci 0000:00:00.0: [8086:0100] type 00 class 0x060000
[    0.130820] pci 0000:00:01.0: [8086:0101] type 01 class 0x060400
[    0.130844] pci 0000:00:01.0: PME# supported from D0 D3hot D3cold
[    0.130892] pci 0000:00:02.0: [8086:0112] type 00 class 0x030000
[    0.130899] pci 0000:00:02.0: reg 0x10: [mem 0xfa400000-0xfa7fffff 64bit]
[    0.130903] pci 0000:00:02.0: reg 0x18: [mem 0xc0000000-0xcfffffff 64bit pref]
[    0.130906] pci 0000:00:02.0: reg 0x20: [io  0xf000-0xf03f]
[    0.130978] pci 0000:00:16.0: [8086:1c3a] type 00 class 0x078000
[    0.131000] pci 0000:00:16.0: reg 0x10: [mem 0xfad29000-0xfad2900f 64bit]
[    0.131067] pci 0000:00:16.0: PME# supported from D0 D3hot D3cold
[    0.131120] pci 0000:00:19.0: [8086:1503] type 00 class 0x020000
[    0.131138] pci 0000:00:19.0: reg 0x10: [mem 0xfad00000-0xfad1ffff]
[    0.131145] pci 0000:00:19.0: reg 0x14: [mem 0xfad28000-0xfad28fff]
[    0.131152] pci 0000:00:19.0: reg 0x18: [io  0xf080-0xf09f]
[    0.131206] pci 0000:00:19.0: PME# supported from D0 D3hot D3cold
[    0.131255] pci 0000:00:1a.0: [8086:1c2d] type 00 class 0x0c0320
[    0.131274] pci 0000:00:1a.0: reg 0x10: [mem 0xfad27000-0xfad273ff]
[    0.131351] pci 0000:00:1a.0: PME# supported from D0 D3hot D3cold
[    0.131402] pci 0000:00:1b.0: [8086:1c20] type 00 class 0x040300
[    0.131421] pci 0000:00:1b.0: reg 0x10: [mem 0xfad20000-0xfad23fff 64bit]
[    0.131487] pci 0000:00:1b.0: PME# supported from D0 D3hot D3cold
[    0.131537] pci 0000:00:1c.0: [8086:1c10] type 01 class 0x060400
[    0.131613] pci 0000:00:1c.0: PME# supported from D0 D3hot D3cold
[    0.131666] pci 0000:00:1c.1: [8086:1c12] type 01 class 0x060400
[    0.131741] pci 0000:00:1c.1: PME# supported from D0 D3hot D3cold
[    0.131793] pci 0000:00:1c.2: [8086:1c14] type 01 class 0x060400
[    0.131869] pci 0000:00:1c.2: PME# supported from D0 D3hot D3cold
[    0.131920] pci 0000:00:1c.3: [8086:1c16] type 01 class 0x060400
[    0.131996] pci 0000:00:1c.3: PME# supported from D0 D3hot D3cold
[    0.132048] pci 0000:00:1c.4: [8086:1c18] type 01 class 0x060400
[    0.132123] pci 0000:00:1c.4: PME# supported from D0 D3hot D3cold
[    0.132177] pci 0000:00:1c.6: [8086:244e] type 01 class 0x060401
[    0.132252] pci 0000:00:1c.6: PME# supported from D0 D3hot D3cold
[    0.132305] pci 0000:00:1c.7: [8086:1c1e] type 01 class 0x060400
[    0.132380] pci 0000:00:1c.7: PME# supported from D0 D3hot D3cold
[    0.132433] pci 0000:00:1d.0: [8086:1c26] type 00 class 0x0c0320
[    0.132453] pci 0000:00:1d.0: reg 0x10: [mem 0xfad26000-0xfad263ff]
[    0.132529] pci 0000:00:1d.0: PME# supported from D0 D3hot D3cold
[    0.132580] pci 0000:00:1f.0: [8086:1c44] type 00 class 0x060100
[    0.132725] pci 0000:00:1f.2: [8086:1c02] type 00 class 0x010601
[    0.132741] pci 0000:00:1f.2: reg 0x10: [io  0xf0d0-0xf0d7]
[    0.132747] pci 0000:00:1f.2: reg 0x14: [io  0xf0c0-0xf0c3]
[    0.132754] pci 0000:00:1f.2: reg 0x18: [io  0xf0b0-0xf0b7]
[    0.132760] pci 0000:00:1f.2: reg 0x1c: [io  0xf0a0-0xf0a3]
[    0.132767] pci 0000:00:1f.2: reg 0x20: [io  0xf060-0xf07f]
[    0.132774] pci 0000:00:1f.2: reg 0x24: [mem 0xfad25000-0xfad257ff]
[    0.132809] pci 0000:00:1f.2: PME# supported from D3hot
[    0.132854] pci 0000:00:1f.3: [8086:1c22] type 00 class 0x0c0500
[    0.132870] pci 0000:00:1f.3: reg 0x10: [mem 0xfad24000-0xfad240ff 64bit]
[    0.132888] pci 0000:00:1f.3: reg 0x20: [io  0xf040-0xf05f]
[    0.132966] pci 0000:01:00.0: [10de:1245] type 00 class 0x030000
[    0.132978] pci 0000:01:00.0: reg 0x10: [mem 0xf8000000-0xf9ffffff]
[    0.132985] pci 0000:01:00.0: reg 0x14: [mem 0xd0000000-0xd7ffffff 64bit pref]
[    0.132991] pci 0000:01:00.0: reg 0x1c: [mem 0xd8000000-0xdbffffff 64bit pref]
[    0.132996] pci 0000:01:00.0: reg 0x24: [io  0xe000-0xe07f]
[    0.133000] pci 0000:01:00.0: reg 0x30: [mem 0xfa000000-0xfa07ffff pref]
[    0.133004] pci 0000:01:00.0: enabling Extended Tags
[    0.133132] pci 0000:01:00.1: [10de:0bee] type 00 class 0x040300
[    0.133144] pci 0000:01:00.1: reg 0x10: [mem 0xfa080000-0xfa083fff]
[    0.133175] pci 0000:01:00.1: enabling Extended Tags
[    0.133298] pci 0000:00:01.0: PCI bridge to [bus 01]
[    0.133368] pci 0000:00:01.0:   bridge window [io  0xe000-0xefff]
[    0.133369] pci 0000:00:01.0:   bridge window [mem 0xf8000000-0xfa0fffff]
[    0.133371] pci 0000:00:01.0:   bridge window [mem 0xd0000000-0xdbffffff 64bit pref]
[    0.133405] pci 0000:00:1c.0: PCI bridge to [bus 02]
[    0.133532] pci 0000:03:00.0: [1b21:1042] type 00 class 0x0c0330
[    0.133572] pci 0000:03:00.0: reg 0x10: [mem 0xfac00000-0xfac07fff 64bit]
[    0.133724] pci 0000:03:00.0: PME# supported from D3hot D3cold
[    0.136016] pci 0000:00:1c.1: PCI bridge to [bus 03]
[    0.136089] pci 0000:00:1c.1:   bridge window [mem 0xfac00000-0xfacfffff]
[    0.136127] pci 0000:00:1c.2: PCI bridge to [bus 04]
[    0.136253] pci 0000:05:00.0: [197b:2362] type 00 class 0x010185
[    0.136300] pci 0000:05:00.0: reg 0x10: [io  0xd040-0xd047]
[    0.136315] pci 0000:05:00.0: reg 0x14: [io  0xd030-0xd033]
[    0.136330] pci 0000:05:00.0: reg 0x18: [io  0xd020-0xd027]
[    0.136345] pci 0000:05:00.0: reg 0x1c: [io  0xd010-0xd013]
[    0.136360] pci 0000:05:00.0: reg 0x20: [io  0xd000-0xd00f]
[    0.136375] pci 0000:05:00.0: reg 0x24: [mem 0xfab10000-0xfab101ff]
[    0.136390] pci 0000:05:00.0: reg 0x30: [mem 0x00000000-0x0000ffff pref]
[    0.136459] pci 0000:05:00.0: PME# supported from D3hot
[    0.139016] pci 0000:00:1c.3: PCI bridge to [bus 05]
[    0.139086] pci 0000:00:1c.3:   bridge window [io  0xd000-0xdfff]
[    0.139090] pci 0000:00:1c.3:   bridge window [mem 0xfab00000-0xfabfffff]
[    0.139147] pci 0000:06:00.0: [1b21:1042] type 00 class 0x0c0330
[    0.139187] pci 0000:06:00.0: reg 0x10: [mem 0xfaa00000-0xfaa07fff 64bit]
[    0.139340] pci 0000:06:00.0: PME# supported from D3hot D3cold
[    0.142016] pci 0000:00:1c.4: PCI bridge to [bus 06]
[    0.142087] pci 0000:00:1c.4:   bridge window [mem 0xfaa00000-0xfaafffff]
[    0.142136] pci 0000:07:00.0: [1b21:1080] type 01 class 0x060401
[    0.142269] pci 0000:00:1c.6: PCI bridge to [bus 07-08] (subtractive decode)
[    0.142343] pci 0000:00:1c.6:   bridge window [io  0xc000-0xcfff]
[    0.142346] pci 0000:00:1c.6:   bridge window [mem 0xfa900000-0xfa9fffff]
[    0.142351] pci 0000:00:1c.6:   bridge window [io  0x0000-0x0cf7 window] (subtractive decode)
[    0.142352] pci 0000:00:1c.6:   bridge window [io  0x0d00-0xffff window] (subtractive decode)
[    0.142353] pci 0000:00:1c.6:   bridge window [mem 0x000a0000-0x000bffff window] (subtractive decode)
[    0.142354] pci 0000:00:1c.6:   bridge window [mem 0xbfa00000-0xffffffff window] (subtractive decode)
[    0.142405] pci 0000:08:02.0: [1106:3044] type 00 class 0x0c0010
[    0.142442] pci 0000:08:02.0: reg 0x10: [mem 0xfa900000-0xfa9007ff]
[    0.142459] pci 0000:08:02.0: reg 0x14: [io  0xc000-0xc07f]
[    0.142587] pci 0000:08:02.0: supports D2
[    0.142588] pci 0000:08:02.0: PME# supported from D2 D3hot D3cold
[    0.142676] pci 0000:07:00.0: PCI bridge to [bus 08] (subtractive decode)
[    0.142755] pci 0000:07:00.0:   bridge window [io  0xc000-0xcfff]
[    0.142760] pci 0000:07:00.0:   bridge window [mem 0xfa900000-0xfa9fffff]
[    0.142769] pci 0000:07:00.0:   bridge window [io  0xc000-0xcfff] (subtractive decode)
[    0.142770] pci 0000:07:00.0:   bridge window [mem 0xfa900000-0xfa9fffff] (subtractive decode)
[    0.142770] pci 0000:07:00.0:   bridge window [io  0x0000-0x0cf7 window] (subtractive decode)
[    0.142771] pci 0000:07:00.0:   bridge window [io  0x0d00-0xffff window] (subtractive decode)
[    0.142772] pci 0000:07:00.0:   bridge window [mem 0x000a0000-0x000bffff window] (subtractive decode)
[    0.142773] pci 0000:07:00.0:   bridge window [mem 0xbfa00000-0xffffffff window] (subtractive decode)
[    0.142831] pci 0000:09:00.0: [1b4b:9172] type 00 class 0x010601
[    0.142857] pci 0000:09:00.0: reg 0x10: [io  0xb040-0xb047]
[    0.142869] pci 0000:09:00.0: reg 0x14: [io  0xb030-0xb033]
[    0.142880] pci 0000:09:00.0: reg 0x18: [io  0xb020-0xb027]
[    0.142892] pci 0000:09:00.0: reg 0x1c: [io  0xb010-0xb013]
[    0.142904] pci 0000:09:00.0: reg 0x20: [io  0xb000-0xb00f]
[    0.142915] pci 0000:09:00.0: reg 0x24: [mem 0xfa810000-0xfa8101ff]
[    0.142927] pci 0000:09:00.0: reg 0x30: [mem 0xfa800000-0xfa80ffff pref]
[    0.142939] pci 0000:09:00.0: Enabling fixed DMA alias to 00.1
[    0.143051] pci 0000:09:00.0: PME# supported from D3hot
[    0.146013] pci 0000:00:1c.7: PCI bridge to [bus 09]
[    0.146084] pci 0000:00:1c.7:   bridge window [io  0xb000-0xbfff]
[    0.146087] pci 0000:00:1c.7:   bridge window [mem 0xfa800000-0xfa8fffff]
[    0.146432] ACPI: PCI Interrupt Link [LNKA] (IRQs 3 4 5 6 7 10 *11 12 14 15)
[    0.146539] ACPI: PCI Interrupt Link [LNKB] (IRQs 3 4 5 6 7 *10 11 12 14 15)
[    0.146644] ACPI: PCI Interrupt Link [LNKC] (IRQs *3 4 5 6 10 11 12 14 15)
[    0.146748] ACPI: PCI Interrupt Link [LNKD] (IRQs 3 4 5 6 10 *11 12 14 15)
[    0.146852] ACPI: PCI Interrupt Link [LNKE] (IRQs 3 4 6 7 *10 11 12 14 15)
[    0.146956] ACPI: PCI Interrupt Link [LNKF] (IRQs 3 4 *5 6 7 10 11 12 14 15)
[    0.147033] ACPI: PCI Interrupt Link [LNKG] (IRQs 3 *4 5 6 7 10 11 12 14 15)
[    0.147138] ACPI: PCI Interrupt Link [LNKH] (IRQs 3 4 5 6 *7 10 11 12 14 15)
[    0.147264] ACPI: EC: interrupt unblocked
[    0.147335] ACPI: EC: event unblocked
[    0.147405] ACPI: \_SB_.PCI0.SBRG.EC0_: GPE=0x18, EC_CMD/EC_SC=0x66, EC_DATA=0x62
[    0.147500] ACPI: \_SB_.PCI0.SBRG.EC0_: Used as boot DSDT EC to handle transactions and events
[    0.147632] pci 0000:00:02.0: vgaarb: setting as boot VGA device
[    0.147632] pci 0000:00:02.0: vgaarb: VGA device added: decodes=io+mem,owns=io+mem,locks=none
[    0.147632] pci 0000:01:00.0: vgaarb: VGA device added: decodes=io+mem,owns=none,locks=none
[    0.147632] pci 0000:01:00.0: vgaarb: bridge control possible
[    0.147632] pci 0000:00:02.0: vgaarb: no bridge control possible
[    0.148002] vgaarb: loaded
[    0.148120] SCSI subsystem initialized
[    0.148193] libata version 3.00 loaded.
[    0.148193] ACPI: bus type USB registered
[    0.148193] usbcore: registered new interface driver usbfs
[    0.148193] usbcore: registered new interface driver hub
[    0.148245] usbcore: registered new device driver usb
[    0.148333] pps_core: LinuxPPS API ver. 1 registered
[    0.148401] pps_core: Software ver. 5.3.6 - Copyright 2005-2007 Rodolfo Giometti <giometti@linux.it>
[    0.148501] PTP clock support registered
[    0.148579] EDAC MC: Ver: 3.0.0
[    0.148579] Advanced Linux Sound Architecture Driver Initialized.
[    0.149000] PCI: Using ACPI for IRQ routing
[    0.149621] PCI: pci_cache_line_size set to 64 bytes
[    0.149685] e820: reserve RAM buffer [mem 0x0009b400-0x0009ffff]
[    0.149687] e820: reserve RAM buffer [mem 0xb677e000-0xb7ffffff]
[    0.149688] e820: reserve RAM buffer [mem 0xb6dcf000-0xb7ffffff]
[    0.149689] e820: reserve RAM buffer [mem 0xb7000000-0xb7ffffff]
[    0.149689] e820: reserve RAM buffer [mem 0x23fe00000-0x23fffffff]
[    0.150010] NetLabel: Initializing
[    0.150010] NetLabel:  domain hash size = 128
[    0.150010] NetLabel:  protocols = UNLABELED CIPSOv4 CALIPSO
[    0.150010] NetLabel:  unlabeled traffic allowed by default
[    0.150037] hpet0: at MMIO 0xfed00000, IRQs 2, 8, 0, 0, 0, 0, 0, 0
[    0.150110] hpet0: 8 comparators, 64-bit 14.318180 MHz counter
[    0.154012] clocksource: Switched to clocksource hpet
[    0.162549] VFS: Disk quotas dquot_6.6.0
[    0.162630] VFS: Dquot-cache hash table entries: 512 (order 0, 4096 bytes)
[    0.162743] pnp: PnP ACPI init
[    0.162915] system 00:00: [mem 0xfed10000-0xfed19fff] has been reserved
[    0.162988] system 00:00: [mem 0xe0000000-0xe3ffffff] has been reserved
[    0.163073] system 00:00: [mem 0xfed90000-0xfed93fff] has been reserved
[    0.163144] system 00:00: [mem 0xfed20000-0xfed3ffff] has been reserved
[    0.163215] system 00:00: [mem 0xfee00000-0xfee0ffff] has been reserved
[    0.163288] system 00:00: Plug and Play ACPI device, IDs PNP0c01 (active)
[    0.163348] system 00:01: [io  0x0290-0x029f] has been reserved
[    0.163421] system 00:01: Plug and Play ACPI device, IDs PNP0c02 (active)
[    0.163440] pnp 00:02: Plug and Play ACPI device, IDs PNP0b00 (active)
[    0.163473] system 00:03: [io  0x04d0-0x04d1] has been reserved
[    0.163547] system 00:03: Plug and Play ACPI device, IDs PNP0c02 (active)
[    0.163724] system 00:04: [io  0x0400-0x0453] has been reserved
[    0.163795] system 00:04: [io  0x0458-0x047f] has been reserved
[    0.163864] system 00:04: [io  0x0500-0x057f] has been reserved
[    0.163934] system 00:04: [mem 0xfed1c000-0xfed1ffff] has been reserved
[    0.164016] system 00:04: [mem 0xfec00000-0xfecfffff] could not be reserved
[    0.164087] system 00:04: [mem 0xfed08000-0xfed08fff] has been reserved
[    0.164157] system 00:04: [mem 0xff000000-0xffffffff] has been reserved
[    0.164230] system 00:04: Plug and Play ACPI device, IDs PNP0c01 (active)
[    0.164268] system 00:05: [io  0x0454-0x0457] has been reserved
[    0.164342] system 00:05: Plug and Play ACPI device, IDs INT3f0d PNP0c02 (active)
[    0.164493] pnp: PnP ACPI: found 6 devices
[    0.170193] clocksource: acpi_pm: mask: 0xffffff max_cycles: 0xffffff, max_idle_ns: 2085701024 ns
[    0.170357] pci 0000:00:01.0: PCI bridge to [bus 01]
[    0.170427] pci 0000:00:01.0:   bridge window [io  0xe000-0xefff]
[    0.170498] pci 0000:00:01.0:   bridge window [mem 0xf8000000-0xfa0fffff]
[    0.170569] pci 0000:00:01.0:   bridge window [mem 0xd0000000-0xdbffffff 64bit pref]
[    0.170666] pci 0000:00:1c.0: PCI bridge to [bus 02]
[    0.170743] pci 0000:00:1c.1: PCI bridge to [bus 03]
[    0.170814] pci 0000:00:1c.1:   bridge window [mem 0xfac00000-0xfacfffff]
[    0.170890] pci 0000:00:1c.2: PCI bridge to [bus 04]
[    0.170968] pci 0000:05:00.0: BAR 6: assigned [mem 0xfab00000-0xfab0ffff pref]
[    0.171075] pci 0000:00:1c.3: PCI bridge to [bus 05]
[    0.171143] pci 0000:00:1c.3:   bridge window [io  0xd000-0xdfff]
[    0.171216] pci 0000:00:1c.3:   bridge window [mem 0xfab00000-0xfabfffff]
[    0.171292] pci 0000:00:1c.4: PCI bridge to [bus 06]
[    0.171362] pci 0000:00:1c.4:   bridge window [mem 0xfaa00000-0xfaafffff]
[    0.171438] pci 0000:07:00.0: PCI bridge to [bus 08]
[    0.171508] pci 0000:07:00.0:   bridge window [io  0xc000-0xcfff]
[    0.171584] pci 0000:07:00.0:   bridge window [mem 0xfa900000-0xfa9fffff]
[    0.171665] pci 0000:00:1c.6: PCI bridge to [bus 07-08]
[    0.171735] pci 0000:00:1c.6:   bridge window [io  0xc000-0xcfff]
[    0.171808] pci 0000:00:1c.6:   bridge window [mem 0xfa900000-0xfa9fffff]
[    0.171884] pci 0000:00:1c.7: PCI bridge to [bus 09]
[    0.171953] pci 0000:00:1c.7:   bridge window [io  0xb000-0xbfff]
[    0.172034] pci 0000:00:1c.7:   bridge window [mem 0xfa800000-0xfa8fffff]
[    0.172111] pci_bus 0000:00: resource 4 [io  0x0000-0x0cf7 window]
[    0.172112] pci_bus 0000:00: resource 5 [io  0x0d00-0xffff window]
[    0.172113] pci_bus 0000:00: resource 6 [mem 0x000a0000-0x000bffff window]
[    0.172114] pci_bus 0000:00: resource 7 [mem 0xbfa00000-0xffffffff window]
[    0.172115] pci_bus 0000:01: resource 0 [io  0xe000-0xefff]
[    0.172116] pci_bus 0000:01: resource 1 [mem 0xf8000000-0xfa0fffff]
[    0.172116] pci_bus 0000:01: resource 2 [mem 0xd0000000-0xdbffffff 64bit pref]
[    0.172117] pci_bus 0000:03: resource 1 [mem 0xfac00000-0xfacfffff]
[    0.172118] pci_bus 0000:05: resource 0 [io  0xd000-0xdfff]
[    0.172119] pci_bus 0000:05: resource 1 [mem 0xfab00000-0xfabfffff]
[    0.172120] pci_bus 0000:06: resource 1 [mem 0xfaa00000-0xfaafffff]
[    0.172121] pci_bus 0000:07: resource 0 [io  0xc000-0xcfff]
[    0.172122] pci_bus 0000:07: resource 1 [mem 0xfa900000-0xfa9fffff]
[    0.172122] pci_bus 0000:07: resource 4 [io  0x0000-0x0cf7 window]
[    0.172123] pci_bus 0000:07: resource 5 [io  0x0d00-0xffff window]
[    0.172124] pci_bus 0000:07: resource 6 [mem 0x000a0000-0x000bffff window]
[    0.172125] pci_bus 0000:07: resource 7 [mem 0xbfa00000-0xffffffff window]
[    0.172126] pci_bus 0000:08: resource 0 [io  0xc000-0xcfff]
[    0.172126] pci_bus 0000:08: resource 1 [mem 0xfa900000-0xfa9fffff]
[    0.172127] pci_bus 0000:08: resource 4 [io  0xc000-0xcfff]
[    0.172128] pci_bus 0000:08: resource 5 [mem 0xfa900000-0xfa9fffff]
[    0.172128] pci_bus 0000:08: resource 6 [io  0x0000-0x0cf7 window]
[    0.172129] pci_bus 0000:08: resource 7 [io  0x0d00-0xffff window]
[    0.172130] pci_bus 0000:08: resource 8 [mem 0x000a0000-0x000bffff window]
[    0.172131] pci_bus 0000:08: resource 9 [mem 0xbfa00000-0xffffffff window]
[    0.172132] pci_bus 0000:09: resource 0 [io  0xb000-0xbfff]
[    0.172132] pci_bus 0000:09: resource 1 [mem 0xfa800000-0xfa8fffff]
[    0.172193] NET: Registered protocol family 2
[    0.172361] TCP established hash table entries: 65536 (order: 7, 524288 bytes)
[    0.172546] TCP bind hash table entries: 65536 (order: 8, 1048576 bytes)
[    0.172733] TCP: Hash tables configured (established 65536 bind 65536)
[    0.172826] UDP hash table entries: 4096 (order: 5, 131072 bytes)
[    0.172914] UDP-Lite hash table entries: 4096 (order: 5, 131072 bytes)
[    0.173027] NET: Registered protocol family 1
[    0.173149] RPC: Registered named UNIX socket transport module.
[    0.173218] RPC: Registered udp transport module.
[    0.173285] RPC: Registered tcp transport module.
[    0.173352] RPC: Registered tcp NFSv4.1 backchannel transport module.
[    0.173429] pci 0000:00:02.0: Video device with shadowed ROM at [mem 0x000c0000-0x000dffff]
[    0.422261] PCI: CLS 64 bytes, default 64
[    0.422287] PCI-DMA: Using software bounce buffering for IO (SWIOTLB)
[    0.422359] software IO TLB [mem 0xb277e000-0xb677e000] (64MB) mapped at [00000000c3f0b919-00000000ec563605]
[    0.422517] RAPL PMU: API unit is 2^-32 Joules, 3 fixed counters, 163840 ms ovfl timer
[    0.422612] RAPL PMU: hw unit of domain pp0-core 2^-16 Joules
[    0.422680] RAPL PMU: hw unit of domain package 2^-16 Joules
[    0.422749] RAPL PMU: hw unit of domain pp1-gpu 2^-16 Joules
[    0.423271] Scanning for low memory corruption every 60 seconds
[    0.424998] AVX2 or AES-NI instructions are not detected.
[    0.425076] AVX2 instructions are not detected.
[    0.425633] Initialise system trusted keyrings
[    0.425723] workingset: timestamp_bits=40 max_order=21 bucket_order=0
[    0.426876] NFS: Registering the id_resolver key type
[    0.426948] Key type id_resolver registered
[    0.427023] Key type id_legacy registered
[    0.427114] SGI XFS with ACLs, security attributes, realtime, no debug enabled
[    0.429426] NET: Registered protocol family 38
[    0.429518] async_tx: api initialized (async)
[    0.429586] Key type asymmetric registered
[    0.430170] Asymmetric key parser 'x509' registered
[    0.430247] Block layer SCSI generic (bsg) driver version 0.4 loaded (major 249)
[    0.430343] io scheduler noop registered
[    0.430409] io scheduler deadline registered
[    0.430506] io scheduler cfq registered (default)
[    0.430576] io scheduler mq-deadline registered
[    0.430643] io scheduler kyber registered
[    0.430723] io scheduler bfq registered
[    0.431526] pcieport 0000:00:01.0: Signaling PME with IRQ 24
[    0.431612] pcieport 0000:00:1c.0: Signaling PME with IRQ 25
[    0.431698] pcieport 0000:00:1c.1: Signaling PME with IRQ 26
[    0.431783] pcieport 0000:00:1c.2: Signaling PME with IRQ 27
[    0.431868] pcieport 0000:00:1c.3: Signaling PME with IRQ 28
[    0.431955] pcieport 0000:00:1c.4: Signaling PME with IRQ 29
[    0.432058] pcieport 0000:00:1c.7: Signaling PME with IRQ 30
[    0.432175] input: Power Button as /devices/LNXSYSTM:00/LNXSYBUS:00/PNP0C0C:00/input/input0
[    0.432275] ACPI: Power Button [PWRB]
[    0.432363] input: Power Button as /devices/LNXSYSTM:00/LNXPWRBN:00/input/input1
[    0.432459] ACPI: Power Button [PWRF]
[    0.432579] Monitor-Mwait will be used to enter C-1 state
[    0.432586] Monitor-Mwait will be used to enter C-3 state
[    0.433080] Serial: 8250/16550 driver, 4 ports, IRQ sharing enabled
[    0.433575] Non-volatile memory driver v1.3
[    0.433662] Linux agpgart interface v0.103
[    0.434169] [drm] Memory usable by graphics device = 2048M
[    0.434239] [drm] Replacing VGA console driver
[    0.434678] Console: switching to colour dummy device 80x25
[    0.440093] [drm] Supports vblank timestamp caching Rev 2 (21.10.2013).
[    0.440099] [drm] Driver supports precise vblank timestamp query.
[    0.442239] i915 0000:00:02.0: vgaarb: changed VGA decodes: olddecodes=io+mem,decodes=none:owns=io+mem
[    0.445949] [drm] Initialized i915 1.6.0 20171023 for 0000:00:02.0 on minor 0
[    0.446449] ACPI: Video Device [GFX0] (multi-head: yes  rom: no  post: no)
[    0.446668] acpi device:41: registered as cooling_device4
[    0.446710] input: Video Bus as /devices/LNXSYSTM:00/LNXSYBUS:00/PNP0A08:00/LNXVIDEO:00/input/input2
[    0.447813] loop: module loaded
[    0.447864] ahci 0000:00:1f.2: version 3.0
[    0.458097] ahci 0000:00:1f.2: AHCI 0001.0300 32 slots 6 ports 6 Gbps 0x3f impl SATA mode
[    0.458111] ahci 0000:00:1f.2: flags: 64bit ncq sntf pm led clo pio slum part ems apst 
[    0.473388] scsi host0: ahci
[    0.473535] scsi host1: ahci
[    0.473642] scsi host2: ahci
[    0.473712] scsi host3: ahci
[    0.473768] scsi host4: ahci
[    0.473834] scsi host5: ahci
[    0.473865] ata1: SATA max UDMA/133 abar m2048@0xfad25000 port 0xfad25100 irq 32
[    0.473868] ata2: SATA max UDMA/133 abar m2048@0xfad25000 port 0xfad25180 irq 32
[    0.473871] ata3: SATA max UDMA/133 abar m2048@0xfad25000 port 0xfad25200 irq 32
[    0.473874] ata4: SATA max UDMA/133 abar m2048@0xfad25000 port 0xfad25280 irq 32
[    0.473877] ata5: SATA max UDMA/133 abar m2048@0xfad25000 port 0xfad25300 irq 32
[    0.473880] ata6: SATA max UDMA/133 abar m2048@0xfad25000 port 0xfad25380 irq 32
[    0.474023] ahci 0000:05:00.0: AHCI 0001.0100 32 slots 2 ports 3 Gbps 0x3 impl SATA mode
[    0.474026] ahci 0000:05:00.0: flags: 64bit ncq pm led clo pmp pio slum part 
[    0.474179] scsi host6: ahci
[    0.474237] scsi host7: ahci
[    0.474269] ata7: SATA max UDMA/133 abar m512@0xfab10000 port 0xfab10100 irq 19
[    0.474273] ata8: SATA max UDMA/133 abar m512@0xfab10000 port 0xfab10180 irq 19
[    0.474413] ahci 0000:09:00.0: AHCI 0001.0000 32 slots 2 ports 6 Gbps 0x3 impl SATA mode
[    0.474417] ahci 0000:09:00.0: flags: 64bit ncq sntf led only pmp fbs pio slum part sxs 
[    0.474580] scsi host8: ahci
[    0.474640] scsi host9: ahci
[    0.474666] ata9: SATA max UDMA/133 abar m512@0xfa810000 port 0xfa810100 irq 33
[    0.474670] ata10: SATA max UDMA/133 abar m512@0xfa810000 port 0xfa810180 irq 33
[    0.474711] e1000e: Intel(R) PRO/1000 Network Driver - 3.2.6-k
[    0.474712] e1000e: Copyright(c) 1999 - 2015 Intel Corporation.
[    0.474789] e1000e 0000:00:19.0: Interrupt Throttling Rate (ints/sec) set to dynamic conservative mode
[    0.512584] [drm] Cannot find any crtc or sizes
[    0.606235] e1000e 0000:00:19.0 0000:00:19.0 (uninitialized): registered PHC clock
[    0.725268] e1000e 0000:00:19.0 eth0: (PCI Express:2.5GT/s:Width x1) 14:da:e9:0f:78:84
[    0.725272] e1000e 0000:00:19.0 eth0: Intel(R) PRO/1000 Network Connection
[    0.725309] e1000e 0000:00:19.0 eth0: MAC: 10, PHY: 11, PBA No: FFFFFF-0FF
[    0.725370] ehci_hcd: USB 2.0 'Enhanced' Host Controller (EHCI) Driver
[    0.725372] ehci-pci: EHCI PCI platform driver
[    0.725440] ehci-pci 0000:00:1a.0: EHCI Host Controller
[    0.725525] ehci-pci 0000:00:1a.0: new USB bus registered, assigned bus number 1
[    0.725538] ehci-pci 0000:00:1a.0: debug port 2
[    0.729445] ehci-pci 0000:00:1a.0: cache line size of 64 is not supported
[    0.729452] ehci-pci 0000:00:1a.0: irq 23, io mem 0xfad27000
[    0.736061] ehci-pci 0000:00:1a.0: USB 2.0 started, EHCI 1.00
[    0.736117] usb usb1: New USB device found, idVendor=1d6b, idProduct=0002
[    0.736120] usb usb1: New USB device strings: Mfr=3, Product=2, SerialNumber=1
[    0.736122] usb usb1: Product: EHCI Host Controller
[    0.736123] usb usb1: Manufacturer: Linux 4.15.3 ehci_hcd
[    0.736125] usb usb1: SerialNumber: 0000:00:1a.0
[    0.736257] hub 1-0:1.0: USB hub found
[    0.736264] hub 1-0:1.0: 2 ports detected
[    0.736385] ehci-pci 0000:00:1d.0: EHCI Host Controller
[    0.736485] ehci-pci 0000:00:1d.0: new USB bus registered, assigned bus number 2
[    0.736498] ehci-pci 0000:00:1d.0: debug port 2
[    0.740400] ehci-pci 0000:00:1d.0: cache line size of 64 is not supported
[    0.740404] ehci-pci 0000:00:1d.0: irq 23, io mem 0xfad26000
[    0.747067] ehci-pci 0000:00:1d.0: USB 2.0 started, EHCI 1.00
[    0.747117] usb usb2: New USB device found, idVendor=1d6b, idProduct=0002
[    0.747120] usb usb2: New USB device strings: Mfr=3, Product=2, SerialNumber=1
[    0.747122] usb usb2: Product: EHCI Host Controller
[    0.747123] usb usb2: Manufacturer: Linux 4.15.3 ehci_hcd
[    0.747125] usb usb2: SerialNumber: 0000:00:1d.0
[    0.747250] hub 2-0:1.0: USB hub found
[    0.747257] hub 2-0:1.0: 2 ports detected
[    0.747328] ohci_hcd: USB 1.1 'Open' Host Controller (OHCI) Driver
[    0.747332] ohci-pci: OHCI PCI platform driver
[    0.747339] uhci_hcd: USB Universal Host Controller Interface driver
[    0.747355] usbcore: registered new interface driver usblp
[    0.747367] usbcore: registered new interface driver usb-storage
[    0.747385] i8042: PNP: No PS/2 controller found.
[    0.747573] rtc_cmos 00:02: RTC can wake from S4
[    0.747695] rtc_cmos 00:02: rtc core: registered rtc_cmos as rtc0
[    0.747721] rtc_cmos 00:02: alarms up to one month, y3k, 114 bytes nvram, hpet irqs
[    0.747798] i801_smbus 0000:00:1f.3: SMBus using PCI interrupt
[    0.747980] device-mapper: ioctl: 4.37.0-ioctl (2017-09-20) initialised: dm-devel@redhat.com
[    0.748060] device-mapper: multipath round-robin: version 1.2.0 loaded
[    0.748063] device-mapper: multipath queue-length: version 0.2.0 loaded
[    0.748065] device-mapper: multipath service-time: version 0.3.0 loaded
[    0.748074] device-mapper: raid: Loading target version 1.13.0
[    0.748083] intel_pstate: Intel P-state driver initializing
[    0.748165] hidraw: raw HID events driver (C) Jiri Kosina
[    0.748240] usbcore: registered new interface driver usbhid
[    0.748242] usbhid: USB HID core driver
[    0.748429] snd_hda_intel 0000:01:00.1: Disabling MSI
[    0.748451] Netfilter messages via NETLINK v0.30.
[    0.748538] nf_conntrack version 0.5.0 (65536 buckets, 262144 max)
[    0.748554] ctnetlink v0.93: registering with nfnetlink.
[    0.748601] ip_tables: (C) 2000-2006 Netfilter Core Team
[    0.748634] snd_hda_intel 0000:00:1b.0: bound 0000:00:02.0 (ops 0xffffffffabaeb300)
[    0.748937] Initializing XFRM netlink socket
[    0.748999] NET: Registered protocol family 10
[    0.749119] Segment Routing with IPv6
[    0.749133] ip6_tables: (C) 2000-2006 Netfilter Core Team
[    0.749349] sit: IPv6, IPv4 and MPLS over IPv4 tunneling driver
[    0.749418] NET: Registered protocol family 17
[    0.749430] Key type dns_resolver registered
[    0.749570] microcode: sig=0x206a7, pf=0x2, revision=0x14
[    0.749603] microcode: Microcode Update Driver: v2.2.
[    0.749607] AVX version of gcm_enc/dec engaged.
[    0.749610] AES CTR mode by8 optimization enabled
[    0.750170] sched_clock: Marking stable (750168060, 0)->(851935414, -101767354)
[    0.750292] registered taskstats version 1
[    0.750294] Loading compiled-in X.509 certificates
[    0.750420] Btrfs loaded, crc32c=crc32c-intel, ref-verify=on
[    0.750433] BTRFS: selftest: sectorsize: 4096  nodesize: 4096
[    0.750435] BTRFS: selftest: Running btrfs free space cache tests
[    0.750440] BTRFS: selftest: Running extent only tests
[    0.750444] BTRFS: selftest: Running bitmap only tests
[    0.750448] BTRFS: selftest: Running bitmap and extent tests
[    0.750453] BTRFS: selftest: Running space stealing from bitmap to extent
[    0.750651] BTRFS: selftest: Free space cache tests finished
[    0.750653] BTRFS: selftest: Running extent buffer operation tests
[    0.750654] BTRFS: selftest: Running btrfs_split_item tests
[    0.750665] BTRFS: selftest: Running extent I/O tests
[    0.750666] BTRFS: selftest: Running find delalloc tests
[    0.757109] hdaudio hdaudioC0D0: Unable to bind the codec
[    0.757203] hdaudio hdaudioC0D3: Unable to bind the codec
[    0.779514] BTRFS: selftest: Running extent buffer bitmap tests
[    0.780492] ata7: SATA link down (SStatus 0 SControl 300)
[    0.780583] ata4: SATA link up 3.0 Gbps (SStatus 123 SControl 300)
[    0.780613] ata5: SATA link up 3.0 Gbps (SStatus 123 SControl 300)
[    0.780628] ata2: SATA link up 6.0 Gbps (SStatus 133 SControl 300)
[    0.780644] ata3: SATA link up 3.0 Gbps (SStatus 123 SControl 300)
[    0.780658] ata6: SATA link up 3.0 Gbps (SStatus 123 SControl 300)
[    0.780671] ata1: SATA link up 6.0 Gbps (SStatus 133 SControl 300)
[    0.780699] ata8: SATA link down (SStatus 0 SControl 300)
[    0.780795] ata5.00: ATA-9: INTEL SSDSC2BA100G3, 5DV12270, max UDMA/133
[    0.780797] ata5.00: 195371568 sectors, multi 1: LBA48 NCQ (depth 31/32)
[    0.780812] ata2.00: ATA-9: INTEL SSDSC2BA100G3, 5DV12270, max UDMA/133
[    0.780816] ata2.00: 195371568 sectors, multi 1: LBA48 NCQ (depth 31/32)
[    0.780824] ata4.00: ATA-9: INTEL SSDSC2BA100G3, 5DV12270, max UDMA/133
[    0.780827] ata4.00: 195371568 sectors, multi 1: LBA48 NCQ (depth 31/32)
[    0.780833] ata3.00: ATA-9: INTEL SSDSC2BA100G3, 5DV12270, max UDMA/133
[    0.780835] ata3.00: 195371568 sectors, multi 1: LBA48 NCQ (depth 31/32)
[    0.780838] ata6.00: ATA-9: INTEL SSDSC2BA100G3, 5DV12270, max UDMA/133
[    0.780840] ata6.00: 195371568 sectors, multi 1: LBA48 NCQ (depth 31/32)
[    0.780852] ata1.00: ATA-9: INTEL SSDSC2BA100G3, 5DV12270, max UDMA/133
[    0.780854] ata1.00: 195371568 sectors, multi 1: LBA48 NCQ (depth 31/32)
[    0.781019] ata5.00: configured for UDMA/133
[    0.781051] ata3.00: configured for UDMA/133
[    0.781076] ata6.00: configured for UDMA/133
[    0.781092] ata2.00: configured for UDMA/133
[    0.781099] ata1.00: configured for UDMA/133
[    0.781106] ata4.00: configured for UDMA/133
[    0.781232] scsi 0:0:0:0: Direct-Access     ATA      INTEL SSDSC2BA10 2270 PQ: 0 ANSI: 5
[    0.781354] sd 0:0:0:0: Attached scsi generic sg0 type 0
[    0.781356] ata1.00: Enabling discard_zeroes_data
[    0.781406] sd 0:0:0:0: [sda] 195371568 512-byte logical blocks: (100 GB/93.2 GiB)
[    0.781409] sd 0:0:0:0: [sda] 4096-byte physical blocks
[    0.781417] sd 0:0:0:0: [sda] Write Protect is off
[    0.781419] sd 0:0:0:0: [sda] Mode Sense: 00 3a 00 00
[    0.781431] sd 0:0:0:0: [sda] Write cache: enabled, read cache: enabled, doesn't support DPO or FUA
[    0.781455] scsi 1:0:0:0: Direct-Access     ATA      INTEL SSDSC2BA10 2270 PQ: 0 ANSI: 5
[    0.781506] ata1.00: Enabling discard_zeroes_data
[    0.781542] sd 1:0:0:0: Attached scsi generic sg1 type 0
[    0.781544] ata2.00: Enabling discard_zeroes_data
[    0.781579] sd 1:0:0:0: [sdb] 195371568 512-byte logical blocks: (100 GB/93.2 GiB)
[    0.781582] sd 1:0:0:0: [sdb] 4096-byte physical blocks
[    0.781589] sd 1:0:0:0: [sdb] Write Protect is off
[    0.781591] sd 1:0:0:0: [sdb] Mode Sense: 00 3a 00 00
[    0.781604] sd 1:0:0:0: [sdb] Write cache: enabled, read cache: enabled, doesn't support DPO or FUA
[    0.781663] scsi 2:0:0:0: Direct-Access     ATA      INTEL SSDSC2BA10 2270 PQ: 0 ANSI: 5
[    0.781670] ata2.00: Enabling discard_zeroes_data
[    0.781725]  sda: sda1
[    0.781740] ata3.00: Enabling discard_zeroes_data
[    0.781791] sd 2:0:0:0: [sdc] 195371568 512-byte logical blocks: (100 GB/93.2 GiB)
[    0.781793] sd 2:0:0:0: [sdc] 4096-byte physical blocks
[    0.781800] ata1.00: Enabling discard_zeroes_data
[    0.781810] sd 2:0:0:0: [sdc] Write Protect is off
[    0.781812] sd 2:0:0:0: Attached scsi generic sg2 type 0
[    0.781813] sd 2:0:0:0: [sdc] Mode Sense: 00 3a 00 00
[    0.781858] sd 2:0:0:0: [sdc] Write cache: enabled, read cache: enabled, doesn't support DPO or FUA
[    0.781871] sd 0:0:0:0: [sda] Attached SCSI disk
[    0.781911] ata3.00: Enabling discard_zeroes_data
[    0.781913] scsi 3:0:0:0: Direct-Access     ATA      INTEL SSDSC2BA10 2270 PQ: 0 ANSI: 5
[    0.781992]  sdb: sdb1
[    0.782030] ata4.00: Enabling discard_zeroes_data
[    0.782083] ata2.00: Enabling discard_zeroes_data
[    0.782085] sd 3:0:0:0: Attached scsi generic sg3 type 0
[    0.782093] sd 3:0:0:0: [sdd] 195371568 512-byte logical blocks: (100 GB/93.2 GiB)
[    0.782095] sd 3:0:0:0: [sdd] 4096-byte physical blocks
[    0.782114] sd 3:0:0:0: [sdd] Write Protect is off
[    0.782116] sd 3:0:0:0: [sdd] Mode Sense: 00 3a 00 00
[    0.782127]  sdc: sdc1
[    0.782129] sd 3:0:0:0: [sdd] Write cache: enabled, read cache: enabled, doesn't support DPO or FUA
[    0.782168] scsi 4:0:0:0: Direct-Access     ATA      INTEL SSDSC2BA10 2270 PQ: 0 ANSI: 5
[    0.782193] ata3.00: Enabling discard_zeroes_data
[    0.782196] ata4.00: Enabling discard_zeroes_data
[    0.782257] ata5.00: Enabling discard_zeroes_data
[    0.782284] sd 2:0:0:0: [sdc] Attached SCSI disk
[    0.782293] sd 4:0:0:0: [sde] 195371568 512-byte logical blocks: (100 GB/93.2 GiB)
[    0.782295] sd 4:0:0:0: [sde] 4096-byte physical blocks
[    0.782303] sd 4:0:0:0: [sde] Write Protect is off
[    0.782303] sd 1:0:0:0: [sdb] Attached SCSI disk
[    0.782306] sd 4:0:0:0: [sde] Mode Sense: 00 3a 00 00
[    0.782318] sd 4:0:0:0: [sde] Write cache: enabled, read cache: enabled, doesn't support DPO or FUA
[    0.782330] sd 4:0:0:0: Attached scsi generic sg4 type 0
[    0.782398]  sdd: sdd1
[    0.782416] scsi 5:0:0:0: Direct-Access     ATA      INTEL SSDSC2BA10 2270 PQ: 0 ANSI: 5
[    0.782417] ata5.00: Enabling discard_zeroes_data
[    0.782488] sd 5:0:0:0: Attached scsi generic sg5 type 0
[    0.782521] ata6.00: Enabling discard_zeroes_data
[    0.782530] ata4.00: Enabling discard_zeroes_data
[    0.782575] sd 5:0:0:0: [sdf] 195371568 512-byte logical blocks: (100 GB/93.2 GiB)
[    0.782577] sd 5:0:0:0: [sdf] 4096-byte physical blocks
[    0.782587] sd 5:0:0:0: [sdf] Write Protect is off
[    0.782589] sd 5:0:0:0: [sdf] Mode Sense: 00 3a 00 00
[    0.782603] sd 5:0:0:0: [sdf] Write cache: enabled, read cache: enabled, doesn't support DPO or FUA
[    0.782616]  sde: sde1
[    0.782623] sd 3:0:0:0: [sdd] Attached SCSI disk
[    0.782654] ata6.00: Enabling discard_zeroes_data
[    0.782682] ata5.00: Enabling discard_zeroes_data
[    0.782773] sd 4:0:0:0: [sde] Attached SCSI disk
[    0.782861]  sdf: sdf1
[    0.782923] ata6.00: Enabling discard_zeroes_data
[    0.783029] sd 5:0:0:0: [sdf] Attached SCSI disk
[    0.794133] BTRFS: selftest: Extent I/O tests finished
[    0.794135] BTRFS: selftest: Running btrfs_get_extent tests
[    0.794195] BTRFS: selftest: Running hole first btrfs_get_extent test
[    0.794202] BTRFS: selftest: Running outstanding_extents tests
[    0.794214] BTRFS: selftest: Running qgroup tests
[    0.794216] BTRFS: selftest: Qgroup basic add
[    0.794228] BTRFS: selftest: Qgroup multiple refs test
[    0.794252] BTRFS: selftest: Running free space tree tests
[    0.807036] BTRFS: selftest: sectorsize: 4096  nodesize: 8192
[    0.807038] BTRFS: selftest: Running btrfs free space cache tests
[    0.807041] BTRFS: selftest: Running extent only tests
[    0.807045] BTRFS: selftest: Running bitmap only tests
[    0.807048] BTRFS: selftest: Running bitmap and extent tests
[    0.807053] BTRFS: selftest: Running space stealing from bitmap to extent
[    0.807250] BTRFS: selftest: Free space cache tests finished
[    0.807251] BTRFS: selftest: Running extent buffer operation tests
[    0.807252] BTRFS: selftest: Running btrfs_split_item tests
[    0.807259] BTRFS: selftest: Running extent I/O tests
[    0.807260] BTRFS: selftest: Running find delalloc tests
[    0.835991] BTRFS: selftest: Running extent buffer bitmap tests
[    0.850571] BTRFS: selftest: Extent I/O tests finished
[    0.850573] BTRFS: selftest: Running btrfs_get_extent tests
[    0.850600] BTRFS: selftest: Running hole first btrfs_get_extent test
[    0.850607] BTRFS: selftest: Running outstanding_extents tests
[    0.850618] BTRFS: selftest: Running qgroup tests
[    0.850619] BTRFS: selftest: Qgroup basic add
[    0.850629] BTRFS: selftest: Qgroup multiple refs test
[    0.850654] BTRFS: selftest: Running free space tree tests
[    0.863321] BTRFS: selftest: sectorsize: 4096  nodesize: 16384
[    0.863323] BTRFS: selftest: Running btrfs free space cache tests
[    0.863326] BTRFS: selftest: Running extent only tests
[    0.863329] BTRFS: selftest: Running bitmap only tests
[    0.863333] BTRFS: selftest: Running bitmap and extent tests
[    0.863338] BTRFS: selftest: Running space stealing from bitmap to extent
[    0.863535] BTRFS: selftest: Free space cache tests finished
[    0.863536] BTRFS: selftest: Running extent buffer operation tests
[    0.863537] BTRFS: selftest: Running btrfs_split_item tests
[    0.863543] BTRFS: selftest: Running extent I/O tests
[    0.863545] BTRFS: selftest: Running find delalloc tests
[    0.892121] BTRFS: selftest: Running extent buffer bitmap tests
[    0.906686] BTRFS: selftest: Extent I/O tests finished
[    0.906688] BTRFS: selftest: Running btrfs_get_extent tests
[    0.906712] BTRFS: selftest: Running hole first btrfs_get_extent test
[    0.906719] BTRFS: selftest: Running outstanding_extents tests
[    0.906729] BTRFS: selftest: Running qgroup tests
[    0.906730] BTRFS: selftest: Qgroup basic add
[    0.906739] BTRFS: selftest: Qgroup multiple refs test
[    0.906762] BTRFS: selftest: Running free space tree tests
[    0.919635] BTRFS: selftest: sectorsize: 4096  nodesize: 32768
[    0.919637] BTRFS: selftest: Running btrfs free space cache tests
[    0.919641] BTRFS: selftest: Running extent only tests
[    0.919643] BTRFS: selftest: Running bitmap only tests
[    0.919648] BTRFS: selftest: Running bitmap and extent tests
[    0.919652] BTRFS: selftest: Running space stealing from bitmap to extent
[    0.919849] BTRFS: selftest: Free space cache tests finished
[    0.919850] BTRFS: selftest: Running extent buffer operation tests
[    0.919851] BTRFS: selftest: Running btrfs_split_item tests
[    0.919858] BTRFS: selftest: Running extent I/O tests
[    0.919859] BTRFS: selftest: Running find delalloc tests
[    0.935036] ata9: SATA link up 6.0 Gbps (SStatus 133 SControl 300)
[    0.935063] ata10: SATA link up 3.0 Gbps (SStatus 123 SControl 300)
[    0.935405] ata10.00: ATA-8: INTEL SSDSA2CW120G3, 4PC10362, max UDMA/133
[    0.935408] ata10.00: 234441648 sectors, multi 1: LBA48 NCQ (depth 31/32)
[    0.935520] ata9.00: ATA-9: INTEL SSDSC2BB080G6, G2010150, max UDMA/133
[    0.935523] ata9.00: 156301488 sectors, multi 1: LBA48 NCQ (depth 31/32)
[    0.935789] ata10.00: configured for UDMA/133
[    0.936071] ata9.00: configured for UDMA/133
[    0.936257] scsi 8:0:0:0: Direct-Access     ATA      INTEL SSDSC2BB08 0150 PQ: 0 ANSI: 5
[    0.936459] ata9.00: Enabling discard_zeroes_data
[    0.936475] sd 8:0:0:0: Attached scsi generic sg6 type 0
[    0.936510] sd 8:0:0:0: [sdg] 156301488 512-byte logical blocks: (80.0 GB/74.5 GiB)
[    0.936513] sd 8:0:0:0: [sdg] 4096-byte physical blocks
[    0.936522] sd 8:0:0:0: [sdg] Write Protect is off
[    0.936524] sd 8:0:0:0: [sdg] Mode Sense: 00 3a 00 00
[    0.936536] sd 8:0:0:0: [sdg] Write cache: enabled, read cache: enabled, doesn't support DPO or FUA
[    0.936587] scsi 9:0:0:0: Direct-Access     ATA      INTEL SSDSA2CW12 0362 PQ: 0 ANSI: 5
[    0.936640] ata9.00: Enabling discard_zeroes_data
[    0.936678] sd 9:0:0:0: Attached scsi generic sg7 type 0
[    0.936685] ata10.00: Enabling discard_zeroes_data
[    0.936731] sd 9:0:0:0: [sdh] 234441648 512-byte logical blocks: (120 GB/112 GiB)
[    0.936742] sd 9:0:0:0: [sdh] Write Protect is off
[    0.936745] sd 9:0:0:0: [sdh] Mode Sense: 00 3a 00 00
[    0.936762] sd 9:0:0:0: [sdh] Write cache: enabled, read cache: enabled, doesn't support DPO or FUA
[    0.936849] ata10.00: Enabling discard_zeroes_data
[    0.936937]  sdg: sdg1 sdg2
[    0.937035] ata9.00: Enabling discard_zeroes_data
[    0.937142] sd 8:0:0:0: [sdg] Attached SCSI removable disk
[    0.937149]  sdh: sdh1
[    0.937218] ata10.00: Enabling discard_zeroes_data
[    0.937323] sd 9:0:0:0: [sdh] Attached SCSI removable disk
[    0.948678] BTRFS: selftest: Running extent buffer bitmap tests
[    0.963270] BTRFS: selftest: Extent I/O tests finished
[    0.963272] BTRFS: selftest: Running btrfs_get_extent tests
[    0.963302] BTRFS: selftest: Running hole first btrfs_get_extent test
[    0.963309] BTRFS: selftest: Running outstanding_extents tests
[    0.963322] BTRFS: selftest: Running qgroup tests
[    0.963323] BTRFS: selftest: Qgroup basic add
[    0.963334] BTRFS: selftest: Qgroup multiple refs test
[    0.963359] BTRFS: selftest: Running free space tree tests
[    0.976047] BTRFS: selftest: sectorsize: 4096  nodesize: 65536
[    0.976049] BTRFS: selftest: Running btrfs free space cache tests
[    0.976053] BTRFS: selftest: Running extent only tests
[    0.976056] BTRFS: selftest: Running bitmap only tests
[    0.976060] BTRFS: selftest: Running bitmap and extent tests
[    0.976064] BTRFS: selftest: Running space stealing from bitmap to extent
[    0.976261] BTRFS: selftest: Free space cache tests finished
[    0.976262] BTRFS: selftest: Running extent buffer operation tests
[    0.976264] BTRFS: selftest: Running btrfs_split_item tests
[    0.976271] BTRFS: selftest: Running extent I/O tests
[    0.976272] BTRFS: selftest: Running find delalloc tests
[    0.992065] hdaudio hdaudioC1D0: Unable to bind the codec
[    0.992100] hdaudio hdaudioC1D1: Unable to bind the codec
[    0.992129] hdaudio hdaudioC1D2: Unable to bind the codec
[    0.992155] hdaudio hdaudioC1D3: Unable to bind the codec
[    1.004946] BTRFS: selftest: Running extent buffer bitmap tests
[    1.019524] BTRFS: selftest: Extent I/O tests finished
[    1.019525] BTRFS: selftest: Running btrfs_get_extent tests
[    1.019553] BTRFS: selftest: Running hole first btrfs_get_extent test
[    1.019561] BTRFS: selftest: Running outstanding_extents tests
[    1.019572] BTRFS: selftest: Running qgroup tests
[    1.019573] BTRFS: selftest: Qgroup basic add
[    1.019583] BTRFS: selftest: Qgroup multiple refs test
[    1.019610] BTRFS: selftest: Running free space tree tests
[    1.032818] console [netcon0] enabled
[    1.032820] netconsole: network logging started
[    1.032853] ALSA device list:
[    1.032855]   No soundcards found.
[    1.032895] md: Waiting for all devices to be available before autodetect
[    1.032897] md: If you don't use raid, use raid=noautodetect
[    1.033018] md: Autodetecting RAID arrays.
[    1.033896] md: autorun ...
[    1.033928] md: running: <sdf1><sde1><sdd1><sdc1><sdb1><sda1>
[    1.034002] md0: detected capacity change from 0 to 600173445120
[    1.034013] md: ... autorun DONE.
[    1.043459] XFS (sdg2): Mounting V5 Filesystem
[    1.057024] usb 1-1: new high-speed USB device number 2 using ehci-pci
[    1.073024] usb 2-1: new high-speed USB device number 2 using ehci-pci
[    1.073047] XFS (sdg2): Ending clean mount
[    1.073332] VFS: Mounted root (xfs filesystem) readonly on device 8:98.
[    1.074705] devtmpfs: mounted
[    1.075584] Freeing unused kernel memory: 1204K
[    1.075586] Write protecting the kernel read-only data: 20480k
[    1.076045] Freeing unused kernel memory: 1980K
[    1.076919] Freeing unused kernel memory: 584K
[    1.125769] loadkeys (1585) used greatest stack depth: 13696 bytes left
[    1.126282] init-early.sh (1583) used greatest stack depth: 13520 bytes left
[    1.186410] usb 1-1: New USB device found, idVendor=8087, idProduct=0024
[    1.186418] usb 1-1: New USB device strings: Mfr=0, Product=0, SerialNumber=0
[    1.186632] hub 1-1:1.0: USB hub found
[    1.186746] hub 1-1:1.0: 6 ports detected
[    1.203389] usb 2-1: New USB device found, idVendor=8087, idProduct=0024
[    1.203393] usb 2-1: New USB device strings: Mfr=0, Product=0, SerialNumber=0
[    1.203506] hub 2-1:1.0: USB hub found
[    1.203619] hub 2-1:1.0: 8 ports detected
[    1.275196] gendepends.sh (1673) used greatest stack depth: 13504 bytes left
[    1.439021] tsc: Refined TSC clocksource calibration: 3300.023 MHz
[    1.439026] clocksource: tsc: mask: 0xffffffffffffffff max_cycles: 0x2f91626a655, max_idle_ns: 440795305688 ns
[    1.479022] usb 2-1.5: new full-speed USB device number 3 using ehci-pci
[    1.537106] udevd[1947]: starting version 3.2.5
[    1.545033] udevd[1948]: starting eudev-3.2.5
[    1.557996] usb 2-1.5: New USB device found, idVendor=067b, idProduct=2303
[    1.557997] usb 2-1.5: New USB device strings: Mfr=1, Product=2, SerialNumber=0
[    1.557998] usb 2-1.5: Product: USB-Serial Controller D
[    1.557999] usb 2-1.5: Manufacturer: Prolific Technology Inc. 
[    1.568353] udevadm (1980) used greatest stack depth: 13424 bytes left
[    1.594397] e1000e 0000:00:19.0 eno1: renamed from eth0
[    1.622024] usb 2-1.7: new full-speed USB device number 4 using ehci-pci
[    1.701826] usb 2-1.7: New USB device found, idVendor=0cf3, idProduct=3000
[    1.701829] usb 2-1.7: New USB device strings: Mfr=0, Product=0, SerialNumber=0
[    2.447296] clocksource: Switched to clocksource tsc
[    2.619589] EXT4-fs (sdh1): mounted filesystem with ordered data mode. Opts: (null)
[    2.626011] EXT4-fs (md0): mounted filesystem with ordered data mode. Opts: (null)
[    2.758655] dmesg (2548) used greatest stack depth: 12832 bytes left
[    3.319197] IPv6: ADDRCONF(NETDEV_UP): eno1: link is not ready
[    6.201071] e1000e: eno1 NIC Link is Up 1000 Mbps Full Duplex, Flow Control: Rx/Tx
[    6.201103] IPv6: ADDRCONF(NETDEV_CHANGE): eno1: link becomes ready
[   90.335080] random: crng init done
[ 3249.119309] kworker/dying (1292) used greatest stack depth: 12176 bytes left
[25433.064153] kworker/dying (10583) used greatest stack depth: 12128 bytes left
[26252.260175] kworker/dying (6926) used greatest stack depth: 11800 bytes left
[46601.186873] kworker/dying (17921) used greatest stack depth: 11768 bytes left
