[    0.000000] Linux version 4.15.3 (root@bench2) (gcc version 7.3.0 (GCC)) #1 SMP Fri Feb 16 18:30:28 CET 2018
[    0.000000] Command line: BOOT_IMAGE=/vmlinuz-4.15.3 root=/dev/sda2 ro nopti nopcid
[    0.000000] x86/fpu: Supporting XSAVE feature 0x001: 'x87 floating point registers'
[    0.000000] x86/fpu: Supporting XSAVE feature 0x002: 'SSE registers'
[    0.000000] x86/fpu: Supporting XSAVE feature 0x004: 'AVX registers'
[    0.000000] x86/fpu: xstate_offset[2]:  576, xstate_sizes[2]:  256
[    0.000000] x86/fpu: Enabled xstate features 0x7, context size is 832 bytes, using 'standard' format.
[    0.000000] e820: BIOS-provided physical RAM map:
[    0.000000] BIOS-e820: [mem 0x0000000000000000-0x0000000000099bff] usable
[    0.000000] BIOS-e820: [mem 0x0000000000099c00-0x000000000009ffff] reserved
[    0.000000] BIOS-e820: [mem 0x00000000000e0000-0x00000000000fffff] reserved
[    0.000000] BIOS-e820: [mem 0x0000000000100000-0x0000000078f35fff] usable
[    0.000000] BIOS-e820: [mem 0x0000000078f36000-0x0000000079838fff] reserved
[    0.000000] BIOS-e820: [mem 0x0000000079839000-0x0000000079d49fff] ACPI NVS
[    0.000000] BIOS-e820: [mem 0x0000000079d4a000-0x000000008fffffff] reserved
[    0.000000] BIOS-e820: [mem 0x00000000fed1c000-0x00000000fed44fff] reserved
[    0.000000] BIOS-e820: [mem 0x00000000ff000000-0x00000000ffffffff] reserved
[    0.000000] BIOS-e820: [mem 0x0000000100000000-0x000000107fffffff] usable
[    0.000000] nopcid: PCID feature disabled
[    0.000000] NX (Execute Disable) protection: active
[    0.000000] random: fast init done
[    0.000000] SMBIOS 3.0 present.
[    0.000000] DMI: Supermicro Super Server/X10DRL-i, BIOS 2.0a 08/25/2016
[    0.000000] e820: update [mem 0x00000000-0x00000fff] usable ==> reserved
[    0.000000] e820: remove [mem 0x000a0000-0x000fffff] usable
[    0.000000] e820: last_pfn = 0x1080000 max_arch_pfn = 0x400000000
[    0.000000] MTRR default type: write-back
[    0.000000] MTRR fixed ranges enabled:
[    0.000000]   00000-9FFFF write-back
[    0.000000]   A0000-BFFFF uncachable
[    0.000000]   C0000-FFFFF write-protect
[    0.000000] MTRR variable ranges enabled:
[    0.000000]   0 base 000080000000 mask 3FFF80000000 uncachable
[    0.000000]   1 base 380000000000 mask 3F8000000000 uncachable
[    0.000000]   2 disabled
[    0.000000]   3 disabled
[    0.000000]   4 disabled
[    0.000000]   5 disabled
[    0.000000]   6 disabled
[    0.000000]   7 disabled
[    0.000000]   8 disabled
[    0.000000]   9 disabled
[    0.000000] x86/PAT: Configuration [0-7]: WB  WC  UC- UC  WB  WP  UC- WT  
[    0.000000] e820: last_pfn = 0x78f36 max_arch_pfn = 0x400000000
[    0.000000] Scanning 1 areas for low memory corruption
[    0.000000] Base memory trampoline at [        (ptrval)] 93000 size 24576
[    0.000000] Kernel/User page tables isolation: disabled on command line.
[    0.000000] Using GB pages for direct mapping
[    0.000000] BRK [0xd7ebe1000, 0xd7ebe1fff] PGTABLE
[    0.000000] BRK [0xd7ebe2000, 0xd7ebe2fff] PGTABLE
[    0.000000] BRK [0xd7ebe3000, 0xd7ebe3fff] PGTABLE
[    0.000000] BRK [0xd7ebe4000, 0xd7ebe4fff] PGTABLE
[    0.000000] BRK [0xd7ebe5000, 0xd7ebe5fff] PGTABLE
[    0.000000] BRK [0xd7ebe6000, 0xd7ebe6fff] PGTABLE
[    0.000000] ACPI: Early table checksum verification disabled
[    0.000000] ACPI: RSDP 0x00000000000F05B0 000024 (v02 SUPERM)
[    0.000000] ACPI: XSDT 0x00000000798990A8 0000D4 (v01                 01072009 AMI  00010013)
[    0.000000] ACPI: FACP 0x00000000798C9E70 00010C (v05 SUPERM SMCI--MB 01072009 AMI  00010013)
[    0.000000] ACPI: DSDT 0x0000000079899218 030C57 (v02 SUPERM SMCI--MB 01072009 INTL 20091013)
[    0.000000] ACPI: FACS 0x0000000079D48F80 000040
[    0.000000] ACPI: APIC 0x00000000798C9F80 000224 (v03 SUPERM SMCI--MB 01072009 AMI  00010013)
[    0.000000] ACPI: FPDT 0x00000000798CA1A8 000044 (v01 SUPERM SMCI--MB 01072009 AMI  00010013)
[    0.000000] ACPI: FIDT 0x00000000798CA1F0 00009C (v01 SUPERM SMCI--MB 01072009 AMI  00010013)
[    0.000000] ACPI: SPMI 0x00000000798CA290 000040 (v05 SUPERM SMCI--MB 00000000 AMI. 00000000)
[    0.000000] ACPI: MCFG 0x00000000798CA2D0 00003C (v01 SUPERM SMCI--MB 01072009 MSFT 00000097)
[    0.000000] ACPI: UEFI 0x00000000798CA310 000042 (v01 SUPERM SMCI--MB 01072009      00000000)
[    0.000000] ACPI: HPET 0x00000000798CA358 000038 (v01 SUPERM SMCI--MB 00000001 INTL 20091013)
[    0.000000] ACPI: MSCT 0x00000000798CA390 000090 (v01 SUPERM SMCI--MB 00000001 INTL 20091013)
[    0.000000] ACPI: SLIT 0x00000000798CA420 000030 (v01 SUPERM SMCI--MB 00000001 INTL 20091013)
[    0.000000] ACPI: SRAT 0x00000000798CA450 001158 (v03 SUPERM SMCI--MB 00000001 INTL 20091013)
[    0.000000] ACPI: WDDT 0x00000000798CB5A8 000040 (v01 SUPERM SMCI--MB 00000000 INTL 20091013)
[    0.000000] ACPI: SSDT 0x00000000798CB5E8 016FB3 (v02 SUPERM PmMgt    00000001 INTL 20120913)
[    0.000000] ACPI: NITR 0x00000000798E25A0 000071 (v02 SUPERM SMCI--MB 00000001 INTL 20091013)
[    0.000000] ACPI: SSDT 0x00000000798E2618 00264C (v02 SUPERM SpsNm    00000002 INTL 20120913)
[    0.000000] ACPI: SSDT 0x00000000798E4C68 000064 (v02 SUPERM SpsNvs   00000002 INTL 20120913)
[    0.000000] ACPI: PRAD 0x00000000798E4CD0 000102 (v02 SUPERM SMCI--MB 00000002 INTL 20120913)
[    0.000000] ACPI: DMAR 0x00000000798E4DD8 000140 (v01 SUPERM SMCI--MB 00000001 INTL 20091013)
[    0.000000] ACPI: HEST 0x00000000798E4F18 00027C (v01 SUPERM SMCI--MB 00000001 INTL 00000001)
[    0.000000] ACPI: BERT 0x00000000798E5198 000030 (v01 SUPERM SMCI--MB 00000001 INTL 00000001)
[    0.000000] ACPI: ERST 0x00000000798E51C8 000230 (v01 SUPERM SMCI--MB 00000001 INTL 00000001)
[    0.000000] ACPI: EINJ 0x00000000798E53F8 000130 (v01 SUPERM SMCI--MB 00000001 INTL 00000001)
[    0.000000] ACPI: Local APIC address 0xfee00000
[    0.000000] SRAT: PXM 0 -> APIC 0x00 -> Node 0
[    0.000000] SRAT: PXM 0 -> APIC 0x02 -> Node 0
[    0.000000] SRAT: PXM 0 -> APIC 0x04 -> Node 0
[    0.000000] SRAT: PXM 0 -> APIC 0x06 -> Node 0
[    0.000000] SRAT: PXM 0 -> APIC 0x08 -> Node 0
[    0.000000] SRAT: PXM 0 -> APIC 0x0a -> Node 0
[    0.000000] SRAT: PXM 0 -> APIC 0x0c -> Node 0
[    0.000000] SRAT: PXM 0 -> APIC 0x0e -> Node 0
[    0.000000] SRAT: PXM 1 -> APIC 0x10 -> Node 1
[    0.000000] SRAT: PXM 1 -> APIC 0x12 -> Node 1
[    0.000000] SRAT: PXM 1 -> APIC 0x14 -> Node 1
[    0.000000] SRAT: PXM 1 -> APIC 0x16 -> Node 1
[    0.000000] SRAT: PXM 1 -> APIC 0x18 -> Node 1
[    0.000000] SRAT: PXM 1 -> APIC 0x1a -> Node 1
[    0.000000] SRAT: PXM 1 -> APIC 0x1c -> Node 1
[    0.000000] SRAT: PXM 1 -> APIC 0x1e -> Node 1
[    0.000000] SRAT: PXM 0 -> APIC 0x01 -> Node 0
[    0.000000] SRAT: PXM 0 -> APIC 0x03 -> Node 0
[    0.000000] SRAT: PXM 0 -> APIC 0x05 -> Node 0
[    0.000000] SRAT: PXM 0 -> APIC 0x07 -> Node 0
[    0.000000] SRAT: PXM 0 -> APIC 0x09 -> Node 0
[    0.000000] SRAT: PXM 0 -> APIC 0x0b -> Node 0
[    0.000000] SRAT: PXM 0 -> APIC 0x0d -> Node 0
[    0.000000] SRAT: PXM 0 -> APIC 0x0f -> Node 0
[    0.000000] SRAT: PXM 1 -> APIC 0x11 -> Node 1
[    0.000000] SRAT: PXM 1 -> APIC 0x13 -> Node 1
[    0.000000] SRAT: PXM 1 -> APIC 0x15 -> Node 1
[    0.000000] SRAT: PXM 1 -> APIC 0x17 -> Node 1
[    0.000000] SRAT: PXM 1 -> APIC 0x19 -> Node 1
[    0.000000] SRAT: PXM 1 -> APIC 0x1b -> Node 1
[    0.000000] SRAT: PXM 1 -> APIC 0x1d -> Node 1
[    0.000000] SRAT: PXM 1 -> APIC 0x1f -> Node 1
[    0.000000] ACPI: SRAT: Node 0 PXM 0 [mem 0x00000000-0x7fffffff]
[    0.000000] ACPI: SRAT: Node 0 PXM 0 [mem 0x100000000-0x87fffffff]
[    0.000000] ACPI: SRAT: Node 1 PXM 1 [mem 0x880000000-0x107fffffff]
[    0.000000] NUMA: Initialized distance table, cnt=2
[    0.000000] NUMA: Node 0 [mem 0x00000000-0x7fffffff] + [mem 0x100000000-0x87fffffff] -> [mem 0x00000000-0x87fffffff]
[    0.000000] NODE_DATA(0) allocated [mem 0x87fffc000-0x87fffffff]
[    0.000000] NODE_DATA(1) allocated [mem 0x107fffb000-0x107fffefff]
[    0.000000] tsc: Fast TSC calibration using PIT
[    0.000000] Zone ranges:
[    0.000000]   DMA      [mem 0x0000000000001000-0x0000000000ffffff]
[    0.000000]   DMA32    [mem 0x0000000001000000-0x00000000ffffffff]
[    0.000000]   Normal   [mem 0x0000000100000000-0x000000107fffffff]
[    0.000000] Movable zone start for each node
[    0.000000] Early memory node ranges
[    0.000000]   node   0: [mem 0x0000000000001000-0x0000000000098fff]
[    0.000000]   node   0: [mem 0x0000000000100000-0x0000000078f35fff]
[    0.000000]   node   0: [mem 0x0000000100000000-0x000000087fffffff]
[    0.000000]   node   1: [mem 0x0000000880000000-0x000000107fffffff]
[    0.000000] Initmem setup node 0 [mem 0x0000000000001000-0x000000087fffffff]
[    0.000000] On node 0 totalpages: 8359630
[    0.000000]   DMA zone: 64 pages used for memmap
[    0.000000]   DMA zone: 21 pages reserved
[    0.000000]   DMA zone: 3992 pages, LIFO batch:0
[    0.000000]   DMA32 zone: 7677 pages used for memmap
[    0.000000]   DMA32 zone: 491318 pages, LIFO batch:31
[    0.000000]   Normal zone: 122880 pages used for memmap
[    0.000000]   Normal zone: 7864320 pages, LIFO batch:31
[    0.000000] Initmem setup node 1 [mem 0x0000000880000000-0x000000107fffffff]
[    0.000000] On node 1 totalpages: 8388608
[    0.000000]   Normal zone: 131072 pages used for memmap
[    0.000000]   Normal zone: 8388608 pages, LIFO batch:31
[    0.000000] Reserved but unavailable: 104 pages
[    0.000000] ACPI: PM-Timer IO Port: 0x408
[    0.000000] ACPI: Local APIC address 0xfee00000
[    0.000000] ACPI: LAPIC_NMI (acpi_id[0x00] high edge lint[0x1])
[    0.000000] ACPI: LAPIC_NMI (acpi_id[0x02] high edge lint[0x1])
[    0.000000] ACPI: LAPIC_NMI (acpi_id[0x04] high edge lint[0x1])
[    0.000000] ACPI: LAPIC_NMI (acpi_id[0x06] high edge lint[0x1])
[    0.000000] ACPI: LAPIC_NMI (acpi_id[0x08] high edge lint[0x1])
[    0.000000] ACPI: LAPIC_NMI (acpi_id[0x0a] high edge lint[0x1])
[    0.000000] ACPI: LAPIC_NMI (acpi_id[0x0c] high edge lint[0x1])
[    0.000000] ACPI: LAPIC_NMI (acpi_id[0x0e] high edge lint[0x1])
[    0.000000] ACPI: LAPIC_NMI (acpi_id[0x10] high edge lint[0x1])
[    0.000000] ACPI: LAPIC_NMI (acpi_id[0x12] high edge lint[0x1])
[    0.000000] ACPI: LAPIC_NMI (acpi_id[0x14] high edge lint[0x1])
[    0.000000] ACPI: LAPIC_NMI (acpi_id[0x16] high edge lint[0x1])
[    0.000000] ACPI: LAPIC_NMI (acpi_id[0x18] high edge lint[0x1])
[    0.000000] ACPI: LAPIC_NMI (acpi_id[0x1a] high edge lint[0x1])
[    0.000000] ACPI: LAPIC_NMI (acpi_id[0x1c] high edge lint[0x1])
[    0.000000] ACPI: LAPIC_NMI (acpi_id[0x1e] high edge lint[0x1])
[    0.000000] ACPI: LAPIC_NMI (acpi_id[0x01] high edge lint[0x1])
[    0.000000] ACPI: LAPIC_NMI (acpi_id[0x03] high edge lint[0x1])
[    0.000000] ACPI: LAPIC_NMI (acpi_id[0x05] high edge lint[0x1])
[    0.000000] ACPI: LAPIC_NMI (acpi_id[0x07] high edge lint[0x1])
[    0.000000] ACPI: LAPIC_NMI (acpi_id[0x09] high edge lint[0x1])
[    0.000000] ACPI: LAPIC_NMI (acpi_id[0x0b] high edge lint[0x1])
[    0.000000] ACPI: LAPIC_NMI (acpi_id[0x0d] high edge lint[0x1])
[    0.000000] ACPI: LAPIC_NMI (acpi_id[0x0f] high edge lint[0x1])
[    0.000000] ACPI: LAPIC_NMI (acpi_id[0x11] high edge lint[0x1])
[    0.000000] ACPI: LAPIC_NMI (acpi_id[0x13] high edge lint[0x1])
[    0.000000] ACPI: LAPIC_NMI (acpi_id[0x15] high edge lint[0x1])
[    0.000000] ACPI: LAPIC_NMI (acpi_id[0x17] high edge lint[0x1])
[    0.000000] ACPI: LAPIC_NMI (acpi_id[0x19] high edge lint[0x1])
[    0.000000] ACPI: LAPIC_NMI (acpi_id[0x1b] high edge lint[0x1])
[    0.000000] ACPI: LAPIC_NMI (acpi_id[0x1d] high edge lint[0x1])
[    0.000000] ACPI: LAPIC_NMI (acpi_id[0x1f] high edge lint[0x1])
[    0.000000] IOAPIC[0]: apic_id 1, version 32, address 0xfec00000, GSI 0-23
[    0.000000] IOAPIC[1]: apic_id 2, version 32, address 0xfec01000, GSI 24-47
[    0.000000] IOAPIC[2]: apic_id 3, version 32, address 0xfec40000, GSI 48-71
[    0.000000] ACPI: INT_SRC_OVR (bus 0 bus_irq 0 global_irq 2 dfl dfl)
[    0.000000] ACPI: INT_SRC_OVR (bus 0 bus_irq 9 global_irq 9 high level)
[    0.000000] ACPI: IRQ0 used by override.
[    0.000000] ACPI: IRQ9 used by override.
[    0.000000] Using ACPI (MADT) for SMP configuration information
[    0.000000] ACPI: HPET id: 0x8086a701 base: 0xfed00000
[    0.000000] [Firmware Bug]: TSC_DEADLINE disabled due to Errata; please update microcode to version: 0xb000020 (or later)
[    0.000000] smpboot: Allowing 32 CPUs, 0 hotplug CPUs
[    0.000000] e820: [mem 0x90000000-0xfed1bfff] available for PCI devices
[    0.000000] clocksource: refined-jiffies: mask: 0xffffffff max_cycles: 0xffffffff, max_idle_ns: 1910969940391419 ns
[    0.000000] setup_percpu: NR_CPUS:64 nr_cpumask_bits:64 nr_cpu_ids:32 nr_node_ids:2
[    0.000000] percpu: Embedded 43 pages/cpu @        (ptrval) s137304 r8192 d30632 u262144
[    0.000000] pcpu-alloc: s137304 r8192 d30632 u262144 alloc=1*2097152
[    0.000000] pcpu-alloc: [0] 00 01 02 03 04 05 06 07 [0] 16 17 18 19 20 21 22 23 
[    0.000000] pcpu-alloc: [1] 08 09 10 11 12 13 14 15 [1] 24 25 26 27 28 29 30 31 
[    0.000000] Built 2 zonelists, mobility grouping on.  Total pages: 16486524
[    0.000000] Policy zone: Normal
[    0.000000] Kernel command line: BOOT_IMAGE=/vmlinuz-4.15.3 root=/dev/sda2 ro nopti nopcid
[    0.000000] Memory: 65844120K/66992952K available (14364K kernel code, 1522K rwdata, 3512K rodata, 1200K init, 636K bss, 1148832K reserved, 0K cma-reserved)
[    0.000000] SLUB: HWalign=64, Order=0-3, MinObjects=0, CPUs=32, Nodes=2
[    0.000000] Hierarchical RCU implementation.
[    0.000000] 	RCU event tracing is enabled.
[    0.000000] 	RCU restricting CPUs from NR_CPUS=64 to nr_cpu_ids=32.
[    0.000000] RCU: Adjusting geometry for rcu_fanout_leaf=16, nr_cpu_ids=32
[    0.000000] NR_IRQS: 4352, nr_irqs: 1496, preallocated irqs: 16
[    0.000000] Console: colour VGA+ 80x25
[    0.000000] console [tty0] enabled
[    0.000000] ACPI: Core revision 20170831
[    0.000000] ACPI: 4 ACPI AML tables successfully acquired and loaded
[    0.000000] clocksource: hpet: mask: 0xffffffff max_cycles: 0xffffffff, max_idle_ns: 133484882848 ns
[    0.000000] hpet clockevent registered
[    0.000000] APIC: Switch to symmetric I/O mode setup
[    0.000000] Switched APIC routing to physical flat.
[    0.000000] ..TIMER: vector=0x30 apic1=0 pin1=2 apic2=-1 pin2=-1
[    0.005000] tsc: Fast TSC calibration using PIT
[    0.006000] tsc: Detected 2099.837 MHz processor
[    0.006000] Calibrating delay loop (skipped), value calculated using timer frequency.. 4199.67 BogoMIPS (lpj=2099837)
[    0.007001] pid_max: default: 32768 minimum: 301
[    0.007187] Security Framework initialized
[    0.020348] Dentry cache hash table entries: 8388608 (order: 14, 67108864 bytes)
[    0.027038] Inode-cache hash table entries: 4194304 (order: 13, 33554432 bytes)
[    0.027459] Mount-cache hash table entries: 131072 (order: 8, 1048576 bytes)
[    0.027795] Mountpoint-cache hash table entries: 131072 (order: 8, 1048576 bytes)
[    0.028269] CPU: Physical Processor ID: 0
[    0.028395] CPU: Processor Core ID: 0
[    0.028530] mce: CPU supports 22 MCE banks
[    0.028672] CPU0: Thermal monitoring enabled (TM1)
[    0.028844] process: using mwait in idle threads
[    0.028976] Last level iTLB entries: 4KB 64, 2MB 8, 4MB 8
[    0.029001] Last level dTLB entries: 4KB 64, 2MB 0, 4MB 0, 1GB 4
[    0.029133] Spectre V2 : Mitigation: Full generic retpoline
[    0.030429] Freeing SMP alternatives memory: 48K
[    0.032000] smpboot: CPU0: Intel(R) Xeon(R) CPU E5-2620 v4 @ 2.10GHz (family: 0x6, model: 0x4f, stepping: 0x1)
[    0.032000] Performance Events: PEBS fmt2+, Broadwell events, 16-deep LBR, full-width counters, Intel PMU driver.
[    0.032005] ... version:                3
[    0.032344] ... bit width:              48
[    0.033001] ... generic registers:      4
[    0.033340] ... value mask:             0000ffffffffffff
[    0.033682] ... max period:             00007fffffffffff
[    0.034001] ... fixed-purpose events:   3
[    0.034339] ... event mask:             000000070000000f
[    0.034741] Hierarchical SRCU implementation.
[    0.035461] smp: Bringing up secondary CPUs ...
[    0.036064] x86: Booting SMP configuration:
[    0.036404] .... node  #0, CPUs:        #1  #2  #3  #4  #5  #6  #7
[    0.044463] .... node  #1, CPUs:    #8  #9 #10 #11 #12 #13 #14 #15
[    0.114435] .... node  #0, CPUs:   #16 #17 #18 #19 #20 #21 #22 #23
[    0.123474] .... node  #1, CPUs:   #24 #25 #26 #27 #28 #29 #30 #31
[    0.132862] smp: Brought up 2 nodes, 32 CPUs
[    0.133341] smpboot: Max logical packages: 2
[    0.133681] smpboot: Total of 32 processors activated (134385.37 BogoMIPS)
[    0.137681] devtmpfs: initialized
[    0.138177] kworker/u65:0 (172) used greatest stack depth: 14304 bytes left
[    0.138177] clocksource: jiffies: mask: 0xffffffff max_cycles: 0xffffffff, max_idle_ns: 1911260446275000 ns
[    0.138177] futex hash table entries: 8192 (order: 7, 524288 bytes)
[    0.138412] xor: automatically using best checksumming function   avx       
[    0.140252] NET: Registered protocol family 16
[    0.140683] audit: initializing netlink subsys (disabled)
[    0.141016] audit: type=2000 audit(1518875107.141:1): state=initialized audit_enabled=0 res=1
[    0.141455] cpuidle: using governor menu
[    0.141500] ACPI FADT declares the system doesn't support PCIe ASPM, so disable it
[    0.142002] ACPI: bus type PCI registered
[    0.143015] PCI: MMCONFIG for domain 0000 [bus 00-ff] at [mem 0x80000000-0x8fffffff] (base 0x80000000)
[    0.143015] PCI: MMCONFIG at [mem 0x80000000-0x8fffffff] reserved in E820
[    0.143360] PCI: Using configuration type 1 for base access
[    0.147079] kworker/u65:4 (456) used greatest stack depth: 14152 bytes left
[    0.148170] HugeTLB registered 2.00 MiB page size, pre-allocated 0 pages
[    0.165172] raid6: sse2x1   gen()  7566 MB/s
[    0.182173] raid6: sse2x1   xor()  5207 MB/s
[    0.199171] raid6: sse2x2   gen()  8843 MB/s
[    0.216170] raid6: sse2x2   xor()  5695 MB/s
[    0.233172] raid6: sse2x4   gen() 10613 MB/s
[    0.250169] raid6: sse2x4   xor()  6664 MB/s
[    0.267169] raid6: avx2x1   gen() 14914 MB/s
[    0.284169] raid6: avx2x1   xor()  9882 MB/s
[    0.301168] raid6: avx2x2   gen() 17105 MB/s
[    0.318169] raid6: avx2x2   xor() 10404 MB/s
[    0.335169] raid6: avx2x4   gen() 20210 MB/s
[    0.352167] raid6: avx2x4   xor() 12888 MB/s
[    0.352507] raid6: using algorithm avx2x4 gen() 20210 MB/s
[    0.352849] raid6: .... xor() 12888 MB/s, rmw enabled
[    0.354001] raid6: using avx2x2 recovery algorithm
[    0.354464] ACPI: Added _OSI(Module Device)
[    0.354804] ACPI: Added _OSI(Processor Device)
[    0.355003] ACPI: Added _OSI(3.0 _SCP Extensions)
[    0.355344] ACPI: Added _OSI(Processor Aggregator Device)
[    0.368724] ACPI: [Firmware Bug]: BIOS _OSI(Linux) query ignored
[    0.379122] ACPI: Dynamic OEM Table Load:
[    0.404959] ACPI: Interpreter enabled
[    0.406006] ACPI: (supports S0 S5)
[    0.406344] ACPI: Using IOAPIC for interrupt routing
[    0.406344] PCI: Using host bridge windows from ACPI; if necessary, use "pci=nocrs" and report a bug
[    0.407148] ACPI: GPE 0x24 active on init
[    0.408000] ACPI: Enabled 5 GPEs in block 00 to 3F
[    0.444010] ACPI: PCI Root Bridge [UNC1] (domain 0000 [bus ff])
[    0.444010] acpi PNP0A03:02: _OSC: OS supports [ExtendedConfig ASPM ClockPM Segments MSI]
[    0.446871] acpi PNP0A03:02: _OSC: platform does not support [AER]
[    0.448053] acpi PNP0A03:02: _OSC: OS now controls [PCIeHotplug PME PCIeCapability]
[    0.448671] acpi PNP0A03:02: FADT indicates ASPM is unsupported, using BIOS configuration
[    0.450038] PCI host bridge to bus 0000:ff
[    0.450380] pci_bus 0000:ff: root bus resource [bus ff]
[    0.450380] pci 0000:ff:08.0: [8086:6f80] type 00 class 0x088000
[    0.450380] pci 0000:ff:08.2: [8086:6f32] type 00 class 0x110100
[    0.450380] pci 0000:ff:08.3: [8086:6f83] type 00 class 0x088000
[    0.450380] pci 0000:ff:09.0: [8086:6f90] type 00 class 0x088000
[    0.451012] pci 0000:ff:09.2: [8086:6f33] type 00 class 0x110100
[    0.451012] pci 0000:ff:09.3: [8086:6f93] type 00 class 0x088000
[    0.451012] pci 0000:ff:0b.0: [8086:6f81] type 00 class 0x088000
[    0.451012] pci 0000:ff:0b.1: [8086:6f36] type 00 class 0x110100
[    0.451012] pci 0000:ff:0b.2: [8086:6f37] type 00 class 0x110100
[    0.451012] pci 0000:ff:0b.3: [8086:6f76] type 00 class 0x088000
[    0.451012] pci 0000:ff:0c.0: [8086:6fe0] type 00 class 0x088000
[    0.451012] pci 0000:ff:0c.1: [8086:6fe1] type 00 class 0x088000
[    0.451012] pci 0000:ff:0c.2: [8086:6fe2] type 00 class 0x088000
[    0.451012] pci 0000:ff:0c.3: [8086:6fe3] type 00 class 0x088000
[    0.451012] pci 0000:ff:0c.4: [8086:6fe4] type 00 class 0x088000
[    0.451012] pci 0000:ff:0c.5: [8086:6fe5] type 00 class 0x088000
[    0.451012] pci 0000:ff:0c.6: [8086:6fe6] type 00 class 0x088000
[    0.451012] pci 0000:ff:0c.7: [8086:6fe7] type 00 class 0x088000
[    0.451012] pci 0000:ff:0f.0: [8086:6ff8] type 00 class 0x088000
[    0.451012] pci 0000:ff:0f.1: [8086:6ff9] type 00 class 0x088000
[    0.451012] pci 0000:ff:0f.4: [8086:6ffc] type 00 class 0x088000
[    0.451016] pci 0000:ff:0f.5: [8086:6ffd] type 00 class 0x088000
[    0.451059] pci 0000:ff:0f.6: [8086:6ffe] type 00 class 0x088000
[    0.451104] pci 0000:ff:10.0: [8086:6f1d] type 00 class 0x088000
[    0.451146] pci 0000:ff:10.1: [8086:6f34] type 00 class 0x110100
[    0.451191] pci 0000:ff:10.5: [8086:6f1e] type 00 class 0x088000
[    0.452009] pci 0000:ff:10.6: [8086:6f7d] type 00 class 0x110100
[    0.452010] pci 0000:ff:10.7: [8086:6f1f] type 00 class 0x088000
[    0.452015] pci 0000:ff:12.0: [8086:6fa0] type 00 class 0x088000
[    0.452015] pci 0000:ff:12.1: [8086:6f30] type 00 class 0x110100
[    0.452015] pci 0000:ff:13.0: [8086:6fa8] type 00 class 0x088000
[    0.452015] pci 0000:ff:13.1: [8086:6f71] type 00 class 0x088000
[    0.452015] pci 0000:ff:13.2: [8086:6faa] type 00 class 0x088000
[    0.452015] pci 0000:ff:13.3: [8086:6fab] type 00 class 0x088000
[    0.452015] pci 0000:ff:13.4: [8086:6fac] type 00 class 0x088000
[    0.452015] pci 0000:ff:13.5: [8086:6fad] type 00 class 0x088000
[    0.452015] pci 0000:ff:13.6: [8086:6fae] type 00 class 0x088000
[    0.452015] pci 0000:ff:13.7: [8086:6faf] type 00 class 0x088000
[    0.452015] pci 0000:ff:14.0: [8086:6fb0] type 00 class 0x088000
[    0.452015] pci 0000:ff:14.1: [8086:6fb1] type 00 class 0x088000
[    0.452015] pci 0000:ff:14.2: [8086:6fb2] type 00 class 0x088000
[    0.452015] pci 0000:ff:14.3: [8086:6fb3] type 00 class 0x088000
[    0.452070] pci 0000:ff:14.4: [8086:6fbc] type 00 class 0x088000
[    0.452115] pci 0000:ff:14.5: [8086:6fbd] type 00 class 0x088000
[    0.452167] pci 0000:ff:14.6: [8086:6fbe] type 00 class 0x088000
[    0.452212] pci 0000:ff:14.7: [8086:6fbf] type 00 class 0x088000
[    0.453011] pci 0000:ff:15.0: [8086:6fb4] type 00 class 0x088000
[    0.453011] pci 0000:ff:15.1: [8086:6fb5] type 00 class 0x088000
[    0.453011] pci 0000:ff:15.2: [8086:6fb6] type 00 class 0x088000
[    0.453011] pci 0000:ff:15.3: [8086:6fb7] type 00 class 0x088000
[    0.453011] pci 0000:ff:16.0: [8086:6f68] type 00 class 0x088000
[    0.453011] pci 0000:ff:16.6: [8086:6f6e] type 00 class 0x088000
[    0.453011] pci 0000:ff:16.7: [8086:6f6f] type 00 class 0x088000
[    0.453011] pci 0000:ff:17.0: [8086:6fd0] type 00 class 0x088000
[    0.453011] pci 0000:ff:17.4: [8086:6fb8] type 00 class 0x088000
[    0.453011] pci 0000:ff:17.5: [8086:6fb9] type 00 class 0x088000
[    0.453015] pci 0000:ff:17.6: [8086:6fba] type 00 class 0x088000
[    0.453015] pci 0000:ff:17.7: [8086:6fbb] type 00 class 0x088000
[    0.453015] pci 0000:ff:1e.0: [8086:6f98] type 00 class 0x088000
[    0.453015] pci 0000:ff:1e.1: [8086:6f99] type 00 class 0x088000
[    0.453015] pci 0000:ff:1e.2: [8086:6f9a] type 00 class 0x088000
[    0.453015] pci 0000:ff:1e.3: [8086:6fc0] type 00 class 0x088000
[    0.453036] pci 0000:ff:1e.4: [8086:6f9c] type 00 class 0x088000
[    0.453083] pci 0000:ff:1f.0: [8086:6f88] type 00 class 0x088000
[    0.453129] pci 0000:ff:1f.2: [8086:6f8a] type 00 class 0x088000
[    0.453230] ACPI: PCI Root Bridge [UNC0] (domain 0000 [bus 7f])
[    0.453576] acpi PNP0A03:03: _OSC: OS supports [ExtendedConfig ASPM ClockPM Segments MSI]
[    0.455502] acpi PNP0A03:03: _OSC: platform does not support [AER]
[    0.455842] acpi PNP0A03:03: _OSC: OS now controls [PCIeHotplug PME PCIeCapability]
[    0.457002] acpi PNP0A03:03: FADT indicates ASPM is unsupported, using BIOS configuration
[    0.457033] PCI host bridge to bus 0000:7f
[    0.457374] pci_bus 0000:7f: root bus resource [bus 7f]
[    0.457723] pci 0000:7f:08.0: [8086:6f80] type 00 class 0x088000
[    0.457770] pci 0000:7f:08.2: [8086:6f32] type 00 class 0x110100
[    0.458010] pci 0000:7f:08.3: [8086:6f83] type 00 class 0x088000
[    0.458011] pci 0000:7f:09.0: [8086:6f90] type 00 class 0x088000
[    0.458040] pci 0000:7f:09.2: [8086:6f33] type 00 class 0x110100
[    0.458084] pci 0000:7f:09.3: [8086:6f93] type 00 class 0x088000
[    0.458138] pci 0000:7f:0b.0: [8086:6f81] type 00 class 0x088000
[    0.458179] pci 0000:7f:0b.1: [8086:6f36] type 00 class 0x110100
[    0.459011] pci 0000:7f:0b.2: [8086:6f37] type 00 class 0x110100
[    0.459011] pci 0000:7f:0b.3: [8086:6f76] type 00 class 0x088000
[    0.459011] pci 0000:7f:0c.0: [8086:6fe0] type 00 class 0x088000
[    0.459012] pci 0000:7f:0c.1: [8086:6fe1] type 00 class 0x088000
[    0.459012] pci 0000:7f:0c.2: [8086:6fe2] type 00 class 0x088000
[    0.459012] pci 0000:7f:0c.3: [8086:6fe3] type 00 class 0x088000
[    0.459012] pci 0000:7f:0c.4: [8086:6fe4] type 00 class 0x088000
[    0.459012] pci 0000:7f:0c.5: [8086:6fe5] type 00 class 0x088000
[    0.459012] pci 0000:7f:0c.6: [8086:6fe6] type 00 class 0x088000
[    0.459012] pci 0000:7f:0c.7: [8086:6fe7] type 00 class 0x088000
[    0.459015] pci 0000:7f:0f.0: [8086:6ff8] type 00 class 0x088000
[    0.459015] pci 0000:7f:0f.1: [8086:6ff9] type 00 class 0x088000
[    0.459015] pci 0000:7f:0f.4: [8086:6ffc] type 00 class 0x088000
[    0.459015] pci 0000:7f:0f.5: [8086:6ffd] type 00 class 0x088000
[    0.459015] pci 0000:7f:0f.6: [8086:6ffe] type 00 class 0x088000
[    0.459015] pci 0000:7f:10.0: [8086:6f1d] type 00 class 0x088000
[    0.459015] pci 0000:7f:10.1: [8086:6f34] type 00 class 0x110100
[    0.459015] pci 0000:7f:10.5: [8086:6f1e] type 00 class 0x088000
[    0.459015] pci 0000:7f:10.6: [8086:6f7d] type 00 class 0x110100
[    0.459015] pci 0000:7f:10.7: [8086:6f1f] type 00 class 0x088000
[    0.459030] pci 0000:7f:12.0: [8086:6fa0] type 00 class 0x088000
[    0.459060] pci 0000:7f:12.1: [8086:6f30] type 00 class 0x110100
[    0.459107] pci 0000:7f:13.0: [8086:6fa8] type 00 class 0x088000
[    0.459181] pci 0000:7f:13.1: [8086:6f71] type 00 class 0x088000
[    0.459256] pci 0000:7f:13.2: [8086:6faa] type 00 class 0x088000
[    0.460012] pci 0000:7f:13.3: [8086:6fab] type 00 class 0x088000
[    0.460012] pci 0000:7f:13.4: [8086:6fac] type 00 class 0x088000
[    0.460012] pci 0000:7f:13.5: [8086:6fad] type 00 class 0x088000
[    0.460012] pci 0000:7f:13.6: [8086:6fae] type 00 class 0x088000
[    0.460012] pci 0000:7f:13.7: [8086:6faf] type 00 class 0x088000
[    0.460012] pci 0000:7f:14.0: [8086:6fb0] type 00 class 0x088000
[    0.460012] pci 0000:7f:14.1: [8086:6fb1] type 00 class 0x088000
[    0.460012] pci 0000:7f:14.2: [8086:6fb2] type 00 class 0x088000
[    0.460012] pci 0000:7f:14.3: [8086:6fb3] type 00 class 0x088000
[    0.460012] pci 0000:7f:14.4: [8086:6fbc] type 00 class 0x088000
[    0.460012] pci 0000:7f:14.5: [8086:6fbd] type 00 class 0x088000
[    0.460012] pci 0000:7f:14.6: [8086:6fbe] type 00 class 0x088000
[    0.460012] pci 0000:7f:14.7: [8086:6fbf] type 00 class 0x088000
[    0.460015] pci 0000:7f:15.0: [8086:6fb4] type 00 class 0x088000
[    0.460015] pci 0000:7f:15.1: [8086:6fb5] type 00 class 0x088000
[    0.460047] pci 0000:7f:15.2: [8086:6fb6] type 00 class 0x088000
[    0.460101] pci 0000:7f:15.3: [8086:6fb7] type 00 class 0x088000
[    0.460157] pci 0000:7f:16.0: [8086:6f68] type 00 class 0x088000
[    0.460208] pci 0000:7f:16.6: [8086:6f6e] type 00 class 0x088000
[    0.461009] pci 0000:7f:16.7: [8086:6f6f] type 00 class 0x088000
[    0.461010] pci 0000:7f:17.0: [8086:6fd0] type 00 class 0x088000
[    0.461012] pci 0000:7f:17.4: [8086:6fb8] type 00 class 0x088000
[    0.461012] pci 0000:7f:17.5: [8086:6fb9] type 00 class 0x088000
[    0.461012] pci 0000:7f:17.6: [8086:6fba] type 00 class 0x088000
[    0.461012] pci 0000:7f:17.7: [8086:6fbb] type 00 class 0x088000
[    0.461012] pci 0000:7f:1e.0: [8086:6f98] type 00 class 0x088000
[    0.461012] pci 0000:7f:1e.1: [8086:6f99] type 00 class 0x088000
[    0.461012] pci 0000:7f:1e.2: [8086:6f9a] type 00 class 0x088000
[    0.461012] pci 0000:7f:1e.3: [8086:6fc0] type 00 class 0x088000
[    0.461012] pci 0000:7f:1e.4: [8086:6f9c] type 00 class 0x088000
[    0.461012] pci 0000:7f:1f.0: [8086:6f88] type 00 class 0x088000
[    0.461012] pci 0000:7f:1f.2: [8086:6f8a] type 00 class 0x088000
[    0.470400] ACPI: PCI Root Bridge [PCI0] (domain 0000 [bus 00-7e])
[    0.470748] acpi PNP0A08:00: _OSC: OS supports [ExtendedConfig ASPM ClockPM Segments MSI]
[    0.472381] acpi PNP0A08:00: _OSC: platform does not support [AER]
[    0.472571] acpi PNP0A08:00: _OSC: OS now controls [PCIeHotplug PME PCIeCapability]
[    0.474002] acpi PNP0A08:00: FADT indicates ASPM is unsupported, using BIOS configuration
[    0.474665] PCI host bridge to bus 0000:00
[    0.475003] pci_bus 0000:00: root bus resource [io  0x0000-0x0cf7 window]
[    0.475349] pci_bus 0000:00: root bus resource [io  0x1000-0x7fff window]
[    0.475695] pci_bus 0000:00: root bus resource [mem 0x000a0000-0x000bffff window]
[    0.476002] pci_bus 0000:00: root bus resource [mem 0xfedb0000-0xfedb000f window]
[    0.477002] pci_bus 0000:00: root bus resource [mem 0xfedc0000-0xfedc000f window]
[    0.477619] pci_bus 0000:00: root bus resource [mem 0x90000000-0xc7ffbfff window]
[    0.478002] pci_bus 0000:00: root bus resource [bus 00-7e]
[    0.478352] pci 0000:00:00.0: [8086:6f00] type 00 class 0x060000
[    0.478491] pci 0000:00:01.0: [8086:6f02] type 01 class 0x060400
[    0.478542] pci 0000:00:01.0: PME# supported from D0 D3hot D3cold
[    0.478542] pci 0000:00:03.0: [8086:6f08] type 01 class 0x060400
[    0.478542] pci 0000:00:03.0: PME# supported from D0 D3hot D3cold
[    0.478542] pci 0000:00:04.0: [8086:6f20] type 00 class 0x088000
[    0.478542] pci 0000:00:04.0: reg 0x10: [mem 0xc732c000-0xc732ffff 64bit]
[    0.479015] pci 0000:00:04.1: [8086:6f21] type 00 class 0x088000
[    0.479015] pci 0000:00:04.1: reg 0x10: [mem 0xc7328000-0xc732bfff 64bit]
[    0.479015] pci 0000:00:04.2: [8086:6f22] type 00 class 0x088000
[    0.479015] pci 0000:00:04.2: reg 0x10: [mem 0xc7324000-0xc7327fff 64bit]
[    0.479015] pci 0000:00:04.3: [8086:6f23] type 00 class 0x088000
[    0.479015] pci 0000:00:04.3: reg 0x10: [mem 0xc7320000-0xc7323fff 64bit]
[    0.479015] pci 0000:00:04.4: [8086:6f24] type 00 class 0x088000
[    0.479015] pci 0000:00:04.4: reg 0x10: [mem 0xc731c000-0xc731ffff 64bit]
[    0.479015] pci 0000:00:04.5: [8086:6f25] type 00 class 0x088000
[    0.479015] pci 0000:00:04.5: reg 0x10: [mem 0xc7318000-0xc731bfff 64bit]
[    0.479035] pci 0000:00:04.6: [8086:6f26] type 00 class 0x088000
[    0.479047] pci 0000:00:04.6: reg 0x10: [mem 0xc7314000-0xc7317fff 64bit]
[    0.479168] pci 0000:00:04.7: [8086:6f27] type 00 class 0x088000
[    0.479179] pci 0000:00:04.7: reg 0x10: [mem 0xc7310000-0xc7313fff 64bit]
[    0.479300] pci 0000:00:05.0: [8086:6f28] type 00 class 0x088000
[    0.480010] pci 0000:00:05.1: [8086:6f29] type 00 class 0x088000
[    0.480011] pci 0000:00:05.2: [8086:6f2a] type 00 class 0x088000
[    0.480011] pci 0000:00:05.4: [8086:6f2c] type 00 class 0x080020
[    0.480011] pci 0000:00:05.4: reg 0x10: [mem 0xc7339000-0xc7339fff]
[    0.480011] pci 0000:00:11.0: [8086:8d7c] type 00 class 0xff0000
[    0.480011] pci 0000:00:11.4: [8086:8d62] type 00 class 0x010601
[    0.480020] pci 0000:00:11.4: reg 0x10: [io  0x7110-0x7117]
[    0.480028] pci 0000:00:11.4: reg 0x14: [io  0x7100-0x7103]
[    0.480036] pci 0000:00:11.4: reg 0x18: [io  0x70f0-0x70f7]
[    0.480044] pci 0000:00:11.4: reg 0x1c: [io  0x70e0-0x70e3]
[    0.480052] pci 0000:00:11.4: reg 0x20: [io  0x7020-0x703f]
[    0.480061] pci 0000:00:11.4: reg 0x24: [mem 0xc7338000-0xc73387ff]
[    0.480102] pci 0000:00:11.4: PME# supported from D3hot
[    0.480199] pci 0000:00:14.0: [8086:8d31] type 00 class 0x0c0330
[    0.480220] pci 0000:00:14.0: reg 0x10: [mem 0xc7300000-0xc730ffff 64bit]
[    0.480279] pci 0000:00:14.0: PME# supported from D3hot D3cold
[    0.481009] pci 0000:00:16.0: [8086:8d3a] type 00 class 0x078000
[    0.481009] pci 0000:00:16.0: reg 0x10: [mem 0xc7337000-0xc733700f 64bit]
[    0.481009] pci 0000:00:16.0: PME# supported from D0 D3hot D3cold
[    0.481009] pci 0000:00:16.1: [8086:8d3b] type 00 class 0x078000
[    0.481009] pci 0000:00:16.1: reg 0x10: [mem 0xc7336000-0xc733600f 64bit]
[    0.481009] pci 0000:00:16.1: PME# supported from D0 D3hot D3cold
[    0.481010] pci 0000:00:1a.0: [8086:8d2d] type 00 class 0x0c0320
[    0.481010] pci 0000:00:1a.0: reg 0x10: [mem 0xc7334000-0xc73343ff]
[    0.481010] pci 0000:00:1a.0: PME# supported from D0 D3hot D3cold
[    0.481012] pci 0000:00:1c.0: [8086:8d10] type 01 class 0x060400
[    0.481012] pci 0000:00:1c.0: PME# supported from D0 D3hot D3cold
[    0.481094] pci 0000:00:1c.2: [8086:8d14] type 01 class 0x060400
[    0.481164] pci 0000:00:1c.2: PME# supported from D0 D3hot D3cold
[    0.481257] pci 0000:00:1c.3: [8086:8d16] type 01 class 0x060400
[    0.481326] pci 0000:00:1c.3: PME# supported from D0 D3hot D3cold
[    0.482009] pci 0000:00:1d.0: [8086:8d26] type 00 class 0x0c0320
[    0.482009] pci 0000:00:1d.0: reg 0x10: [mem 0xc7333000-0xc73333ff]
[    0.482009] pci 0000:00:1d.0: PME# supported from D0 D3hot D3cold
[    0.482020] pci 0000:00:1f.0: [8086:8d44] type 00 class 0x060100
[    0.482020] pci 0000:00:1f.2: [8086:8d02] type 00 class 0x010601
[    0.482020] pci 0000:00:1f.2: reg 0x10: [io  0x7070-0x7077]
[    0.482020] pci 0000:00:1f.2: reg 0x14: [io  0x7060-0x7063]
[    0.482020] pci 0000:00:1f.2: reg 0x18: [io  0x7050-0x7057]
[    0.482020] pci 0000:00:1f.2: reg 0x1c: [io  0x7040-0x7043]
[    0.482020] pci 0000:00:1f.2: reg 0x20: [io  0x7000-0x701f]
[    0.482020] pci 0000:00:1f.2: reg 0x24: [mem 0xc7332000-0xc73327ff]
[    0.482020] pci 0000:00:1f.2: PME# supported from D3hot
[    0.482020] pci 0000:00:1f.3: [8086:8d22] type 00 class 0x0c0500
[    0.482020] pci 0000:00:1f.3: reg 0x10: [mem 0xc7331000-0xc73310ff 64bit]
[    0.482028] pci 0000:00:1f.3: reg 0x20: [io  0x0580-0x059f]
[    0.482157] pci 0000:00:01.0: PCI bridge to [bus 01]
[    0.482529] pci 0000:00:03.0: PCI bridge to [bus 02]
[    0.483009] pci 0000:03:00.0: [1a03:1150] type 01 class 0x060400
[    0.483009] pci 0000:03:00.0: enabling Extended Tags
[    0.484075] pci 0000:03:00.0: supports D1 D2
[    0.484077] pci 0000:03:00.0: PME# supported from D0 D1 D2 D3hot D3cold
[    0.487020] pci 0000:00:1c.0: PCI bridge to [bus 03-04]
[    0.487382] pci 0000:00:1c.0:   bridge window [io  0x6000-0x6fff]
[    0.487385] pci 0000:00:1c.0:   bridge window [mem 0xc6000000-0xc70fffff]
[    0.487453] pci 0000:04:00.0: [1a03:2000] type 00 class 0x030000
[    0.487486] pci 0000:04:00.0: reg 0x10: [mem 0xc6000000-0xc6ffffff]
[    0.487500] pci 0000:04:00.0: reg 0x14: [mem 0xc7000000-0xc701ffff]
[    0.487514] pci 0000:04:00.0: reg 0x18: [io  0x6000-0x607f]
[    0.487620] pci 0000:04:00.0: supports D1 D2
[    0.487622] pci 0000:04:00.0: PME# supported from D0 D1 D2 D3hot D3cold
[    0.488030] pci 0000:03:00.0: PCI bridge to [bus 04]
[    0.488030] pci 0000:03:00.0:   bridge window [io  0x6000-0x6fff]
[    0.488030] pci 0000:03:00.0:   bridge window [mem 0xc6000000-0xc70fffff]
[    0.488086] pci 0000:05:00.0: [8086:1533] type 00 class 0x020000
[    0.488124] pci 0000:05:00.0: reg 0x10: [mem 0xc7200000-0xc727ffff]
[    0.488152] pci 0000:05:00.0: reg 0x18: [io  0x5000-0x501f]
[    0.488167] pci 0000:05:00.0: reg 0x1c: [mem 0xc7280000-0xc7283fff]
[    0.488305] pci 0000:05:00.0: PME# supported from D0 D3hot D3cold
[    0.492024] pci 0000:00:1c.2: PCI bridge to [bus 05]
[    0.492386] pci 0000:00:1c.2:   bridge window [io  0x5000-0x5fff]
[    0.492389] pci 0000:00:1c.2:   bridge window [mem 0xc7200000-0xc72fffff]
[    0.492450] pci 0000:06:00.0: [8086:1533] type 00 class 0x020000
[    0.492487] pci 0000:06:00.0: reg 0x10: [mem 0xc7100000-0xc717ffff]
[    0.492515] pci 0000:06:00.0: reg 0x18: [io  0x4000-0x401f]
[    0.492530] pci 0000:06:00.0: reg 0x1c: [mem 0xc7180000-0xc7183fff]
[    0.492668] pci 0000:06:00.0: PME# supported from D0 D3hot D3cold
[    0.496023] pci 0000:00:1c.3: PCI bridge to [bus 06]
[    0.496385] pci 0000:00:1c.3:   bridge window [io  0x4000-0x4fff]
[    0.496388] pci 0000:00:1c.3:   bridge window [mem 0xc7100000-0xc71fffff]
[    0.496415] pci_bus 0000:00: on NUMA node 0
[    0.497136] ACPI: PCI Root Bridge [PCI1] (domain 0000 [bus 80-fe])
[    0.497482] acpi PNP0A08:01: _OSC: OS supports [ExtendedConfig ASPM ClockPM Segments MSI]
[    0.498375] acpi PNP0A08:01: _OSC: platform does not support [AER]
[    0.499376] acpi PNP0A08:01: _OSC: OS now controls [PCIeHotplug PME PCIeCapability]
[    0.499991] acpi PNP0A08:01: FADT indicates ASPM is unsupported, using BIOS configuration
[    0.501060] PCI host bridge to bus 0000:80
[    0.501060] pci_bus 0000:80: root bus resource [io  0x8000-0xffff window]
[    0.501346] pci_bus 0000:80: root bus resource [mem 0xc8000000-0xfbffbfff window]
[    0.501961] pci_bus 0000:80: root bus resource [bus 80-fe]
[    0.503012] pci 0000:80:03.0: [8086:6f08] type 01 class 0x060400
[    0.503070] pci 0000:80:03.0: PME# supported from D0 D3hot D3cold
[    0.503142] pci 0000:80:03.3: [8086:6f0b] type 01 class 0x060400
[    0.503197] pci 0000:80:03.3: PME# supported from D0 D3hot D3cold
[    0.503263] pci 0000:80:04.0: [8086:6f20] type 00 class 0x088000
[    0.503276] pci 0000:80:04.0: reg 0x10: [mem 0xfbf1c000-0xfbf1ffff 64bit]
[    0.503376] pci 0000:80:04.1: [8086:6f21] type 00 class 0x088000
[    0.503389] pci 0000:80:04.1: reg 0x10: [mem 0xfbf18000-0xfbf1bfff 64bit]
[    0.503485] pci 0000:80:04.2: [8086:6f22] type 00 class 0x088000
[    0.503497] pci 0000:80:04.2: reg 0x10: [mem 0xfbf14000-0xfbf17fff 64bit]
[    0.503592] pci 0000:80:04.3: [8086:6f23] type 00 class 0x088000
[    0.503604] pci 0000:80:04.3: reg 0x10: [mem 0xfbf10000-0xfbf13fff 64bit]
[    0.503690] pci 0000:80:04.4: [8086:6f24] type 00 class 0x088000
[    0.503690] pci 0000:80:04.4: reg 0x10: [mem 0xfbf0c000-0xfbf0ffff 64bit]
[    0.503690] pci 0000:80:04.5: [8086:6f25] type 00 class 0x088000
[    0.503690] pci 0000:80:04.5: reg 0x10: [mem 0xfbf08000-0xfbf0bfff 64bit]
[    0.503690] pci 0000:80:04.6: [8086:6f26] type 00 class 0x088000
[    0.503690] pci 0000:80:04.6: reg 0x10: [mem 0xfbf04000-0xfbf07fff 64bit]
[    0.504008] pci 0000:80:04.7: [8086:6f27] type 00 class 0x088000
[    0.504008] pci 0000:80:04.7: reg 0x10: [mem 0xfbf00000-0xfbf03fff 64bit]
[    0.504009] pci 0000:80:05.0: [8086:6f28] type 00 class 0x088000
[    0.504019] pci 0000:80:05.1: [8086:6f29] type 00 class 0x088000
[    0.504019] pci 0000:80:05.2: [8086:6f2a] type 00 class 0x088000
[    0.504019] pci 0000:80:05.4: [8086:6f2c] type 00 class 0x080020
[    0.504019] pci 0000:80:05.4: reg 0x10: [mem 0xfbf20000-0xfbf20fff]
[    0.504019] pci 0000:80:03.0: PCI bridge to [bus 81]
[    0.505040] pci 0000:82:00.0: [8086:0953] type 00 class 0x010802
[    0.505056] pci 0000:82:00.0: reg 0x10: [mem 0xfbe10000-0xfbe13fff 64bit]
[    0.505078] pci 0000:82:00.0: reg 0x30: [mem 0xfbe00000-0xfbe0ffff pref]
[    0.505083] pci 0000:82:00.0: enabling Extended Tags
[    0.505512] pci 0000:80:03.3: PCI bridge to [bus 82]
[    0.505512] pci 0000:80:03.3:   bridge window [mem 0xfbe00000-0xfbefffff]
[    0.505512] pci_bus 0000:80: on NUMA node 1
[    0.506010] ACPI: PCI Interrupt Link [LNKA] (IRQs 3 4 5 6 7 10 *11 12 14 15)
[    0.506010] ACPI: PCI Interrupt Link [LNKB] (IRQs 3 4 5 6 7 *10 11 12 14 15)
[    0.506045] ACPI: PCI Interrupt Link [LNKC] (IRQs 3 4 *5 6 10 11 12 14 15)
[    0.506435] ACPI: PCI Interrupt Link [LNKD] (IRQs 3 4 5 6 10 *11 12 14 15)
[    0.506825] ACPI: PCI Interrupt Link [LNKE] (IRQs 3 4 5 6 7 10 11 12 14 15) *0, disabled.
[    0.508045] ACPI: PCI Interrupt Link [LNKF] (IRQs 3 4 5 6 7 10 11 12 14 15) *0, disabled.
[    0.509044] ACPI: PCI Interrupt Link [LNKG] (IRQs 3 4 5 6 7 10 11 12 14 15) *0, disabled.
[    0.517045] ACPI: PCI Interrupt Link [LNKH] (IRQs 3 4 5 6 7 10 11 12 14 15) *0, disabled.
[    0.518240] pci 0000:04:00.0: vgaarb: setting as boot VGA device
[    0.518373] pci 0000:04:00.0: vgaarb: VGA device added: decodes=io+mem,owns=io+mem,locks=none
[    0.519018] pci 0000:04:00.0: vgaarb: bridge control possible
[    0.519359] vgaarb: loaded
[    0.520097] SCSI subsystem initialized
[    0.520479] libata version 3.00 loaded.
[    0.520479] ACPI: bus type USB registered
[    0.520479] usbcore: registered new interface driver usbfs
[    0.520479] usbcore: registered new interface driver hub
[    0.521012] usbcore: registered new device driver usb
[    0.522033] pps_core: LinuxPPS API ver. 1 registered
[    0.522374] pps_core: Software ver. 5.3.6 - Copyright 2005-2007 Rodolfo Giometti <giometti@linux.it>
[    0.523004] PTP clock support registered
[    0.523398] EDAC MC: Ver: 3.0.0
[    0.524040] PCI: Using ACPI for IRQ routing
[    0.528092] PCI: pci_cache_line_size set to 64 bytes
[    0.528272] e820: reserve RAM buffer [mem 0x00099c00-0x0009ffff]
[    0.528274] e820: reserve RAM buffer [mem 0x78f36000-0x7bffffff]
[    0.529010] NetLabel: Initializing
[    0.529010] NetLabel:  domain hash size = 128
[    0.529010] NetLabel:  protocols = UNLABELED CIPSOv4 CALIPSO
[    0.529358] NetLabel:  unlabeled traffic allowed by default
[    0.530058] hpet0: at MMIO 0xfed00000, IRQs 2, 8, 0, 0, 0, 0, 0, 0
[    0.531004] hpet0: 8 comparators, 64-bit 14.318180 MHz counter
[    0.533075] clocksource: Switched to clocksource hpet
[    0.547222] VFS: Disk quotas dquot_6.6.0
[    0.547590] VFS: Dquot-cache hash table entries: 512 (order 0, 4096 bytes)
[    0.547996] pnp: PnP ACPI init
[    0.548650] pnp 00:00: Plug and Play ACPI device, IDs PNP0b00 (active)
[    0.548764] system 00:01: [io  0x0500-0x057f] has been reserved
[    0.549119] system 00:01: [io  0x0400-0x047f] has been reserved
[    0.549462] system 00:01: [io  0x0580-0x059f] has been reserved
[    0.549805] system 00:01: [io  0x0600-0x061f] has been reserved
[    0.550154] system 00:01: [io  0x0880-0x0883] has been reserved
[    0.550496] system 00:01: [io  0x0800-0x081f] has been reserved
[    0.550839] system 00:01: [mem 0xfed1c000-0xfed3ffff] has been reserved
[    0.551191] system 00:01: [mem 0xfed45000-0xfed8bfff] has been reserved
[    0.551533] system 00:01: [mem 0xff000000-0xffffffff] has been reserved
[    0.551877] system 00:01: [mem 0xfee00000-0xfeefffff] has been reserved
[    0.552228] system 00:01: [mem 0xfed12000-0xfed1200f] has been reserved
[    0.552571] system 00:01: [mem 0xfed12010-0xfed1201f] has been reserved
[    0.552913] system 00:01: [mem 0xfed1b000-0xfed1bfff] has been reserved
[    0.553268] system 00:01: Plug and Play ACPI device, IDs PNP0c02 (active)
[    0.553489] system 00:02: [io  0x0a00-0x0a0f] has been reserved
[    0.553835] system 00:02: [io  0x0a10-0x0a1f] has been reserved
[    0.554184] system 00:02: [io  0x0a20-0x0a2f] has been reserved
[    0.554525] system 00:02: [io  0x0a30-0x0a3f] has been reserved
[    0.554868] system 00:02: [io  0x0a40-0x0a4f] has been reserved
[    0.555219] system 00:02: Plug and Play ACPI device, IDs PNP0c02 (active)
[    0.555405] pnp 00:03: [dma 0 disabled]
[    0.555456] pnp 00:03: Plug and Play ACPI device, IDs PNP0501 (active)
[    0.555628] pnp 00:04: [dma 0 disabled]
[    0.555673] pnp 00:04: Plug and Play ACPI device, IDs PNP0501 (active)
[    0.556259] pnp: PnP ACPI: found 5 devices
[    0.562680] clocksource: acpi_pm: mask: 0xffffff max_cycles: 0xffffff, max_idle_ns: 2085701024 ns
[    0.563364] pci 0000:00:01.0: PCI bridge to [bus 01]
[    0.563710] pci 0000:00:03.0: PCI bridge to [bus 02]
[    0.564060] pci 0000:03:00.0: PCI bridge to [bus 04]
[    0.564402] pci 0000:03:00.0:   bridge window [io  0x6000-0x6fff]
[    0.564749] pci 0000:03:00.0:   bridge window [mem 0xc6000000-0xc70fffff]
[    0.565109] pci 0000:00:1c.0: PCI bridge to [bus 03-04]
[    0.565450] pci 0000:00:1c.0:   bridge window [io  0x6000-0x6fff]
[    0.565795] pci 0000:00:1c.0:   bridge window [mem 0xc6000000-0xc70fffff]
[    0.566152] pci 0000:00:1c.2: PCI bridge to [bus 05]
[    0.566494] pci 0000:00:1c.2:   bridge window [io  0x5000-0x5fff]
[    0.566838] pci 0000:00:1c.2:   bridge window [mem 0xc7200000-0xc72fffff]
[    0.567193] pci 0000:00:1c.3: PCI bridge to [bus 06]
[    0.567535] pci 0000:00:1c.3:   bridge window [io  0x4000-0x4fff]
[    0.567880] pci 0000:00:1c.3:   bridge window [mem 0xc7100000-0xc71fffff]
[    0.568235] pci_bus 0000:00: resource 4 [io  0x0000-0x0cf7 window]
[    0.568237] pci_bus 0000:00: resource 5 [io  0x1000-0x7fff window]
[    0.568239] pci_bus 0000:00: resource 6 [mem 0x000a0000-0x000bffff window]
[    0.568240] pci_bus 0000:00: resource 7 [mem 0xfedb0000-0xfedb000f window]
[    0.568242] pci_bus 0000:00: resource 8 [mem 0xfedc0000-0xfedc000f window]
[    0.568243] pci_bus 0000:00: resource 9 [mem 0x90000000-0xc7ffbfff window]
[    0.568245] pci_bus 0000:03: resource 0 [io  0x6000-0x6fff]
[    0.568247] pci_bus 0000:03: resource 1 [mem 0xc6000000-0xc70fffff]
[    0.568248] pci_bus 0000:04: resource 0 [io  0x6000-0x6fff]
[    0.568250] pci_bus 0000:04: resource 1 [mem 0xc6000000-0xc70fffff]
[    0.568251] pci_bus 0000:05: resource 0 [io  0x5000-0x5fff]
[    0.568253] pci_bus 0000:05: resource 1 [mem 0xc7200000-0xc72fffff]
[    0.568254] pci_bus 0000:06: resource 0 [io  0x4000-0x4fff]
[    0.568256] pci_bus 0000:06: resource 1 [mem 0xc7100000-0xc71fffff]
[    0.568380] pci 0000:80:03.0: PCI bridge to [bus 81]
[    0.568727] pci 0000:80:03.3: PCI bridge to [bus 82]
[    0.569074] pci 0000:80:03.3:   bridge window [mem 0xfbe00000-0xfbefffff]
[    0.569422] pci_bus 0000:80: resource 4 [io  0x8000-0xffff window]
[    0.569424] pci_bus 0000:80: resource 5 [mem 0xc8000000-0xfbffbfff window]
[    0.569425] pci_bus 0000:82: resource 1 [mem 0xfbe00000-0xfbefffff]
[    0.569544] NET: Registered protocol family 2
[    0.570182] TCP established hash table entries: 524288 (order: 10, 4194304 bytes)
[    0.571479] TCP bind hash table entries: 65536 (order: 8, 1048576 bytes)
[    0.571974] TCP: Hash tables configured (established 524288 bind 65536)
[    0.572430] UDP hash table entries: 32768 (order: 8, 1048576 bytes)
[    0.572957] UDP-Lite hash table entries: 32768 (order: 8, 1048576 bytes)
[    0.573600] NET: Registered protocol family 1
[    0.574127] RPC: Registered named UNIX socket transport module.
[    0.574468] RPC: Registered udp transport module.
[    0.574807] RPC: Registered tcp transport module.
[    0.575154] RPC: Registered tcp NFSv4.1 backchannel transport module.
[    0.575814] pci 0000:00:14.0: CONFIG_USB_XHCI_HCD is turned off, defaulting to EHCI.
[    0.576436] pci 0000:00:14.0: USB 3.0 devices will work at USB 2.0 speeds.
[    0.791150] pci 0000:04:00.0: Video device with shadowed ROM at [mem 0x000c0000-0x000dffff]
[    0.791815] PCI: CLS mismatch (64 != 32), using 64 bytes
[    0.791859] DMAR: Host address width 46
[    0.792205] DMAR: DRHD base: 0x000000fbffc000 flags: 0x0
[    0.792554] DMAR: dmar0: reg_base_addr fbffc000 ver 1:0 cap 8d2078c106f0466 ecap f020de
[    0.793175] DMAR: DRHD base: 0x000000c7ffc000 flags: 0x1
[    0.793522] DMAR: dmar1: reg_base_addr c7ffc000 ver 1:0 cap 8d2078c106f0466 ecap f020de
[    0.794142] DMAR: RMRR base: 0x0000007ba70000 end: 0x0000007ba7ffff
[    0.794485] DMAR: ATSR flags: 0x0
[    0.794821] DMAR: RHSA base: 0x000000c7ffc000 proximity domain: 0x0
[    0.795169] DMAR: RHSA base: 0x000000fbffc000 proximity domain: 0x1
[    0.795556] PCI-DMA: Using software bounce buffering for IO (SWIOTLB)
[    0.795901] software IO TLB [mem 0x74f36000-0x78f36000] (64MB) mapped at [00000000b9163985-00000000e067a0e0]
[    0.796987] RAPL PMU: API unit is 2^-32 Joules, 3 fixed counters, 655360 ms ovfl timer
[    0.797610] RAPL PMU: hw unit of domain pp0-core 2^-14 Joules
[    0.797953] RAPL PMU: hw unit of domain package 2^-14 Joules
[    0.798300] RAPL PMU: hw unit of domain dram 2^-16 Joules
[    0.804753] Scanning for low memory corruption every 60 seconds
[    0.811410] Initialise system trusted keyrings
[    0.811840] workingset: timestamp_bits=40 max_order=24 bucket_order=0
[    0.814194] NFS: Registering the id_resolver key type
[    0.814540] Key type id_resolver registered
[    0.814877] Key type id_legacy registered
[    0.815278] SGI XFS with ACLs, security attributes, realtime, no debug enabled
[    0.820303] NET: Registered protocol family 38
[    0.820690] async_tx: api initialized (async)
[    0.821048] Key type asymmetric registered
[    0.821386] Asymmetric key parser 'x509' registered
[    0.821736] Block layer SCSI generic (bsg) driver version 0.4 loaded (major 249)
[    0.822361] io scheduler noop registered
[    0.822698] io scheduler deadline registered
[    0.823091] io scheduler cfq registered (default)
[    0.823433] io scheduler mq-deadline registered
[    0.823771] io scheduler kyber registered
[    0.824143] io scheduler bfq registered
[    0.826287] pcieport 0000:00:01.0: Signaling PME with IRQ 25
[    0.826670] pcieport 0000:00:03.0: Signaling PME with IRQ 27
[    0.827040] pcieport 0000:00:1c.0: Signaling PME with IRQ 28
[    0.827399] pcieport 0000:00:1c.2: Signaling PME with IRQ 29
[    0.827757] pcieport 0000:00:1c.3: Signaling PME with IRQ 30
[    0.828128] pcieport 0000:80:03.0: Signaling PME with IRQ 32
[    0.828493] pcieport 0000:80:03.3: Signaling PME with IRQ 33
[    0.828973] input: Power Button as /devices/LNXSYSTM:00/LNXSYBUS:00/PNP0C0C:00/input/input0
[    0.829598] ACPI: Power Button [PWRB]
[    0.829970] input: Power Button as /devices/LNXSYSTM:00/LNXPWRBN:00/input/input1
[    0.830592] ACPI: Power Button [PWRF]
[    0.831120] Monitor-Mwait will be used to enter C-1 state
[    0.831123] Monitor-Mwait will be used to enter C-2 state
[    0.838167] Serial: 8250/16550 driver, 4 ports, IRQ sharing enabled
[    0.859131] 00:03: ttyS0 at I/O 0x3f8 (irq = 4, base_baud = 115200) is a 16550A
[    0.880387] 00:04: ttyS1 at I/O 0x2f8 (irq = 3, base_baud = 115200) is a 16550A
[    0.881509] Non-volatile memory driver v1.3
[    0.881881] Linux agpgart interface v0.103
[    0.887832] loop: module loaded
[    0.888491] nvme nvme0: pci function 0000:82:00.0
[    0.889031] ahci 0000:00:11.4: version 3.0
[    0.889212] ahci 0000:00:11.4: AHCI 0001.0300 32 slots 4 ports 6 Gbps 0xf impl SATA mode
[    0.889831] ahci 0000:00:11.4: flags: 64bit ncq pm led clo pio slum part ems apst 
[    0.899335] scsi host0: ahci
[    0.899855] scsi host1: ahci
[    0.900354] scsi host2: ahci
[    0.900851] scsi host3: ahci
[    0.901225] ata1: SATA max UDMA/133 abar m2048@0xc7338000 port 0xc7338100 irq 36
[    0.901841] ata2: SATA max UDMA/133 abar m2048@0xc7338000 port 0xc7338180 irq 36
[    0.902467] ata3: SATA max UDMA/133 abar m2048@0xc7338000 port 0xc7338200 irq 36
[    0.903092] ata4: SATA max UDMA/133 abar m2048@0xc7338000 port 0xc7338280 irq 36
[    0.903924] ahci 0000:00:1f.2: AHCI 0001.0300 32 slots 6 ports 6 Gbps 0x3f impl SATA mode
[    0.904552] ahci 0000:00:1f.2: flags: 64bit ncq pm led clo pio slum part ems apst 
[    0.920651] scsi host4: ahci
[    0.921174] scsi host5: ahci
[    0.921657] scsi host6: ahci
[    0.922148] scsi host7: ahci
[    0.922636] scsi host8: ahci
[    0.923102] scsi host9: ahci
[    0.923463] ata5: SATA max UDMA/133 abar m2048@0xc7332000 port 0xc7332100 irq 37
[    0.924089] ata6: SATA max UDMA/133 abar m2048@0xc7332000 port 0xc7332180 irq 37
[    0.924705] ata7: SATA max UDMA/133 abar m2048@0xc7332000 port 0xc7332200 irq 37
[    0.925326] ata8: SATA max UDMA/133 abar m2048@0xc7332000 port 0xc7332280 irq 37
[    0.925941] ata9: SATA max UDMA/133 abar m2048@0xc7332000 port 0xc7332300 irq 37
[    0.934291] ata10: SATA max UDMA/133 abar m2048@0xc7332000 port 0xc7332380 irq 37
[    0.935124] e100: Intel(R) PRO/100 Network Driver, 3.5.24-k2-NAPI
[    0.935500] e100: Copyright(c) 1999-2006 Intel Corporation
[    0.935880] e1000: Intel(R) PRO/1000 Network Driver - version 7.3.21-k8-NAPI
[    0.936246] e1000: Copyright (c) 1999-2006 Intel Corporation.
[    0.936632] e1000e: Intel(R) PRO/1000 Network Driver - 3.2.6-k
[    0.936974] e1000e: Copyright(c) 1999 - 2015 Intel Corporation.
[    0.937371] igb: Intel(R) Gigabit Ethernet Network Driver - version 5.4.0-k
[    0.937718] igb: Copyright (c) 2007-2014 Intel Corporation.
[    0.999841]  nvme0n1: p1
[    1.171140] pps pps0: new PPS source ptp0
[    1.171500] igb 0000:05:00.0: added PHC on eth0
[    1.171847] igb 0000:05:00.0: Intel(R) Gigabit Ethernet Network Connection
[    1.172213] igb 0000:05:00.0: eth0: (PCIe:2.5Gb/s:Width x1) 0c:c4:7a:ca:23:f0
[    1.172618] igb 0000:05:00.0: eth0: PBA No: 013A00-000
[    1.172967] igb 0000:05:00.0: Using MSI-X interrupts. 4 rx queue(s), 4 tx queue(s)
[    1.213176] ata2: SATA link down (SStatus 0 SControl 300)
[    1.213602] ata4: SATA link down (SStatus 0 SControl 300)
[    1.213991] ata3: SATA link down (SStatus 0 SControl 300)
[    1.214371] ata1: SATA link down (SStatus 0 SControl 300)
[    1.244330] ata10: SATA link down (SStatus 0 SControl 300)
[    1.245061] ata6: SATA link up 3.0 Gbps (SStatus 123 SControl 300)
[    1.245461] ata8: SATA link up 3.0 Gbps (SStatus 123 SControl 300)
[    1.245859] ata7: SATA link up 3.0 Gbps (SStatus 123 SControl 300)
[    1.246240] ata9: SATA link down (SStatus 0 SControl 300)
[    1.246629] ata5: SATA link up 6.0 Gbps (SStatus 133 SControl 300)
[    1.247175] ata5.00: ATA-9: INTEL SSDSC2BB120G4, D2012370, max UDMA/133
[    1.247530] ata5.00: 234441648 sectors, multi 1: LBA48 NCQ (depth 31/32)
[    1.248137] ata5.00: configured for UDMA/133
[    1.248714] scsi 4:0:0:0: Direct-Access     ATA      INTEL SSDSC2BB12 2370 PQ: 0 ANSI: 5
[    1.249514] ata5.00: Enabling discard_zeroes_data
[    1.249517] sd 4:0:0:0: Attached scsi generic sg0 type 0
[    1.250619] sd 4:0:0:0: [sda] 234441648 512-byte logical blocks: (120 GB/112 GiB)
[    1.251264] sd 4:0:0:0: [sda] 4096-byte physical blocks
[    1.251665] sd 4:0:0:0: [sda] Write Protect is off
[    1.252029] sd 4:0:0:0: [sda] Mode Sense: 00 3a 00 00
[    1.252138] sd 4:0:0:0: [sda] Write cache: enabled, read cache: enabled, doesn't support DPO or FUA
[    1.253148] ata5.00: Enabling discard_zeroes_data
[    1.254418]  sda: sda1 sda2
[    1.254952] ata5.00: Enabling discard_zeroes_data
[    1.255371] sd 4:0:0:0: [sda] Attached SCSI disk
[    1.289893] ata8.00: ATA-7: MAXTOR STM3500630AS, 3.AAE, max UDMA/133
[    1.290279] ata8.00: 976773168 sectors, multi 16: LBA48 NCQ (depth 31/32)
[    1.290641] ata7.00: ATA-7: MAXTOR STM3500630AS, 3.AAE, max UDMA/133
[    1.290993] ata7.00: 976773168 sectors, multi 16: LBA48 NCQ (depth 31/32)
[    1.302831] ata6.00: ATA-7: MAXTOR STM3500630AS, 3.AAE, max UDMA/133
[    1.303203] ata6.00: 976773168 sectors, multi 16: LBA48 NCQ (depth 31/32)
[    1.348329] ata7.00: configured for UDMA/133
[    1.356523] ata8.00: configured for UDMA/133
[    1.361126] ata6.00: configured for UDMA/133
[    1.361665] scsi 5:0:0:0: Direct-Access     ATA      MAXTOR STM350063 E    PQ: 0 ANSI: 5
[    1.362448] sd 5:0:0:0: Attached scsi generic sg1 type 0
[    1.362464] sd 5:0:0:0: [sdb] 976773168 512-byte logical blocks: (500 GB/466 GiB)
[    1.362477] sd 5:0:0:0: [sdb] Write Protect is off
[    1.362479] sd 5:0:0:0: [sdb] Mode Sense: 00 3a 00 00
[    1.362491] sd 5:0:0:0: [sdb] Write cache: enabled, read cache: enabled, doesn't support DPO or FUA
[    1.364724] scsi 6:0:0:0: Direct-Access     ATA      MAXTOR STM350063 E    PQ: 0 ANSI: 5
[    1.365651] sd 6:0:0:0: [sdc] 976773168 512-byte logical blocks: (500 GB/466 GiB)
[    1.365686] sd 6:0:0:0: Attached scsi generic sg2 type 0
[    1.365903] scsi 7:0:0:0: Direct-Access     ATA      MAXTOR STM350063 E    PQ: 0 ANSI: 5
[    1.366130] sd 7:0:0:0: Attached scsi generic sg3 type 0
[    1.366195] sd 7:0:0:0: [sdd] 976773168 512-byte logical blocks: (500 GB/466 GiB)
[    1.366222] sd 7:0:0:0: [sdd] Write Protect is off
[    1.366224] sd 7:0:0:0: [sdd] Mode Sense: 00 3a 00 00
[    1.366273] sd 7:0:0:0: [sdd] Write cache: enabled, read cache: enabled, doesn't support DPO or FUA
[    1.369340] sd 6:0:0:0: [sdc] Write Protect is off
[    1.369709] sd 6:0:0:0: [sdc] Mode Sense: 00 3a 00 00
[    1.369719] sd 6:0:0:0: [sdc] Write cache: enabled, read cache: enabled, doesn't support DPO or FUA
[    1.388003]  sdc: sdc1
[    1.388560] sd 6:0:0:0: [sdc] Attached SCSI disk
[    1.396175]  sdd: sdd1
[    1.397217] sd 7:0:0:0: [sdd] Attached SCSI disk
[    1.400791]  sdb: sdb1
[    1.401852] sd 5:0:0:0: [sdb] Attached SCSI disk
[    1.408633] pps pps1: new PPS source ptp1
[    1.408984] igb 0000:06:00.0: added PHC on eth1
[    1.409344] igb 0000:06:00.0: Intel(R) Gigabit Ethernet Network Connection
[    1.409696] igb 0000:06:00.0: eth1: (PCIe:2.5Gb/s:Width x1) 0c:c4:7a:ca:23:f1
[    1.410102] igb 0000:06:00.0: eth1: PBA No: 011000-000
[    1.410451] igb 0000:06:00.0: Using MSI-X interrupts. 4 rx queue(s), 4 tx queue(s)
[    1.411160] igbvf: Intel(R) Gigabit Virtual Function Network Driver - version 2.4.0-k
[    1.411792] igbvf: Copyright (c) 2009 - 2012 Intel Corporation.
[    1.412291] ehci_hcd: USB 2.0 'Enhanced' Host Controller (EHCI) Driver
[    1.412645] ehci-pci: EHCI PCI platform driver
[    1.413194] ehci-pci 0000:00:1a.0: EHCI Host Controller
[    1.413639] ehci-pci 0000:00:1a.0: new USB bus registered, assigned bus number 1
[    1.414292] ehci-pci 0000:00:1a.0: debug port 2
[    1.418547] ehci-pci 0000:00:1a.0: cache line size of 64 is not supported
[    1.418562] ehci-pci 0000:00:1a.0: irq 18, io mem 0xc7334000
[    1.425088] ehci-pci 0000:00:1a.0: USB 2.0 started, EHCI 1.00
[    1.425469] usb usb1: New USB device found, idVendor=1d6b, idProduct=0002
[    1.425822] usb usb1: New USB device strings: Mfr=3, Product=2, SerialNumber=1
[    1.426461] usb usb1: Product: EHCI Host Controller
[    1.426808] usb usb1: Manufacturer: Linux 4.15.3 ehci_hcd
[    1.427166] usb usb1: SerialNumber: 0000:00:1a.0
[    1.427643] hub 1-0:1.0: USB hub found
[    1.427994] hub 1-0:1.0: 2 ports detected
[    1.428638] ehci-pci 0000:00:1d.0: EHCI Host Controller
[    1.429064] ehci-pci 0000:00:1d.0: new USB bus registered, assigned bus number 2
[    1.429700] ehci-pci 0000:00:1d.0: debug port 2
[    1.433959] ehci-pci 0000:00:1d.0: cache line size of 64 is not supported
[    1.433964] ehci-pci 0000:00:1d.0: irq 18, io mem 0xc7333000
[    1.441022] ehci-pci 0000:00:1d.0: USB 2.0 started, EHCI 1.00
[    1.441412] usb usb2: New USB device found, idVendor=1d6b, idProduct=0002
[    1.441767] usb usb2: New USB device strings: Mfr=3, Product=2, SerialNumber=1
[    1.442399] usb usb2: Product: EHCI Host Controller
[    1.442746] usb usb2: Manufacturer: Linux 4.15.3 ehci_hcd
[    1.443100] usb usb2: SerialNumber: 0000:00:1d.0
[    1.443554] hub 2-0:1.0: USB hub found
[    1.443904] hub 2-0:1.0: 2 ports detected
[    1.444433] ohci_hcd: USB 1.1 'Open' Host Controller (OHCI) Driver
[    1.444789] ohci-pci: OHCI PCI platform driver
[    1.445171] uhci_hcd: USB Universal Host Controller Interface driver
[    1.445560] usbcore: registered new interface driver usblp
[    1.445930] usbcore: registered new interface driver usb-storage
[    1.446312] i8042: PNP: No PS/2 controller found.
[    1.446828] rtc_cmos 00:00: RTC can wake from S4
[    1.447348] rtc_cmos 00:00: rtc core: registered rtc_cmos as rtc0
[    1.447725] rtc_cmos 00:00: alarms up to one month, y3k, 114 bytes nvram, hpet irqs
[    1.448541] i801_smbus 0000:00:1f.3: SMBus using PCI interrupt
[    1.450971] device-mapper: ioctl: 4.37.0-ioctl (2017-09-20) initialised: dm-devel@redhat.com
[    1.451907] device-mapper: multipath round-robin: version 1.2.0 loaded
[    1.452267] device-mapper: multipath queue-length: version 0.2.0 loaded
[    1.452615] device-mapper: multipath service-time: version 0.3.0 loaded
[    1.452977] device-mapper: raid: Loading target version 1.13.0
[    1.453353] intel_pstate: Intel P-state driver initializing
[    1.457042] hidraw: raw HID events driver (C) Jiri Kosina
[    1.457683] usbcore: registered new interface driver usbhid
[    1.458044] usbhid: USB HID core driver
[    1.458743] Netfilter messages via NETLINK v0.30.
[    1.459397] nf_conntrack version 0.5.0 (65536 buckets, 262144 max)
[    1.459769] ctnetlink v0.93: registering with nfnetlink.
[    1.460225] ip_tables: (C) 2000-2006 Netfilter Core Team
[    1.461635] Initializing XFRM netlink socket
[    1.462129] NET: Registered protocol family 10
[    1.462904] Segment Routing with IPv6
[    1.463276] ip6_tables: (C) 2000-2006 Netfilter Core Team
[    1.464735] sit: IPv6, IPv4 and MPLS over IPv4 tunneling driver
[    1.465220] NET: Registered protocol family 17
[    1.465583] Key type dns_resolver registered
[    1.468666] microcode: sig=0x406f1, pf=0x1, revision=0xb00001d
[    1.469310] microcode: Microcode Update Driver: v2.2.
[    1.469320] AVX2 version of gcm_enc/dec engaged.
[    1.470135] AES CTR mode by8 optimization enabled
[    1.472421] sched_clock: Marking stable (1472414153, 0)->(1957085759, -484671606)
[    1.473495] registered taskstats version 1
[    1.473836] Loading compiled-in X.509 certificates
[    1.474420] Btrfs loaded, crc32c=crc32c-intel, ref-verify=on
[    1.474796] BTRFS: selftest: sectorsize: 4096  nodesize: 4096
[    1.475149] BTRFS: selftest: Running btrfs free space cache tests
[    1.475510] BTRFS: selftest: Running extent only tests
[    1.475857] BTRFS: selftest: Running bitmap only tests
[    1.476216] BTRFS: selftest: Running bitmap and extent tests
[    1.476601] BTRFS: selftest: Running space stealing from bitmap to extent
[    1.477242] BTRFS: selftest: Free space cache tests finished
[    1.477636] BTRFS: selftest: Running extent buffer operation tests
[    1.477996] BTRFS: selftest: Running btrfs_split_item tests
[    1.478412] BTRFS: selftest: Running extent I/O tests
[    1.478753] BTRFS: selftest: Running find delalloc tests
[    1.524003] BTRFS: selftest: Running extent buffer bitmap tests
[    1.542284] BTRFS: selftest: Extent I/O tests finished
[    1.542656] BTRFS: selftest: Running btrfs_get_extent tests
[    1.543066] BTRFS: selftest: Running hole first btrfs_get_extent test
[    1.551580] BTRFS: selftest: Running outstanding_extents tests
[    1.551943] BTRFS: selftest: Running qgroup tests
[    1.552311] BTRFS: selftest: Qgroup basic add
[    1.552710] BTRFS: selftest: Qgroup multiple refs test
[    1.553106] BTRFS: selftest: Running free space tree tests
[    1.569798] BTRFS: selftest: sectorsize: 4096  nodesize: 8192
[    1.570166] BTRFS: selftest: Running btrfs free space cache tests
[    1.570542] BTRFS: selftest: Running extent only tests
[    1.570883] BTRFS: selftest: Running bitmap only tests
[    1.571270] BTRFS: selftest: Running bitmap and extent tests
[    1.571648] BTRFS: selftest: Running space stealing from bitmap to extent
[    1.572266] BTRFS: selftest: Free space cache tests finished
[    1.572639] BTRFS: selftest: Running extent buffer operation tests
[    1.572980] BTRFS: selftest: Running btrfs_split_item tests
[    1.573384] BTRFS: selftest: Running extent I/O tests
[    1.573721] BTRFS: selftest: Running find delalloc tests
[    1.617987] BTRFS: selftest: Running extent buffer bitmap tests
[    1.636246] BTRFS: selftest: Extent I/O tests finished
[    1.636622] BTRFS: selftest: Running btrfs_get_extent tests
[    1.636993] BTRFS: selftest: Running hole first btrfs_get_extent test
[    1.637412] BTRFS: selftest: Running outstanding_extents tests
[    1.637764] BTRFS: selftest: Running qgroup tests
[    1.638126] BTRFS: selftest: Qgroup basic add
[    1.638487] BTRFS: selftest: Qgroup multiple refs test
[    1.638851] BTRFS: selftest: Running free space tree tests
[    1.655272] BTRFS: selftest: sectorsize: 4096  nodesize: 16384
[    1.655625] BTRFS: selftest: Running btrfs free space cache tests
[    1.655967] BTRFS: selftest: Running extent only tests
[    1.656343] BTRFS: selftest: Running bitmap only tests
[    1.656684] BTRFS: selftest: Running bitmap and extent tests
[    1.657046] BTRFS: selftest: Running space stealing from bitmap to extent
[    1.657643] BTRFS: selftest: Free space cache tests finished
[    1.657982] BTRFS: selftest: Running extent buffer operation tests
[    1.658324] BTRFS: selftest: Running btrfs_split_item tests
[    1.658671] BTRFS: selftest: Running extent I/O tests
[    1.659008] BTRFS: selftest: Running find delalloc tests
[    1.698792] BTRFS: selftest: Running extent buffer bitmap tests
[    1.715490] BTRFS: selftest: Extent I/O tests finished
[    1.715828] BTRFS: selftest: Running btrfs_get_extent tests
[    1.716202] BTRFS: selftest: Running hole first btrfs_get_extent test
[    1.716550] BTRFS: selftest: Running outstanding_extents tests
[    1.716902] BTRFS: selftest: Running qgroup tests
[    1.717352] BTRFS: selftest: Qgroup basic add
[    1.717710] BTRFS: selftest: Qgroup multiple refs test
[    1.718078] BTRFS: selftest: Running free space tree tests
[    1.733392] BTRFS: selftest: sectorsize: 4096  nodesize: 32768
[    1.733730] BTRFS: selftest: Running btrfs free space cache tests
[    1.734077] BTRFS: selftest: Running extent only tests
[    1.734415] BTRFS: selftest: Running bitmap only tests
[    1.734754] BTRFS: selftest: Running bitmap and extent tests
[    1.735101] BTRFS: selftest: Running space stealing from bitmap to extent
[    1.735661] BTRFS: selftest: Free space cache tests finished
[    1.735998] BTRFS: selftest: Running extent buffer operation tests
[    1.736374] BTRFS: selftest: Running btrfs_split_item tests
[    1.736722] BTRFS: selftest: Running extent I/O tests
[    1.737062] BTRFS: selftest: Running find delalloc tests
[    1.753065] usb 1-1: new high-speed USB device number 2 using ehci-pci
[    1.769065] usb 2-1: new high-speed USB device number 2 using ehci-pci
[    1.777339] BTRFS: selftest: Running extent buffer bitmap tests
[    1.794139] BTRFS: selftest: Extent I/O tests finished
[    1.794476] BTRFS: selftest: Running btrfs_get_extent tests
[    1.794848] BTRFS: selftest: Running hole first btrfs_get_extent test
[    1.795200] BTRFS: selftest: Running outstanding_extents tests
[    1.795552] BTRFS: selftest: Running qgroup tests
[    1.795889] BTRFS: selftest: Qgroup basic add
[    1.796235] BTRFS: selftest: Qgroup multiple refs test
[    1.796598] BTRFS: selftest: Running free space tree tests
[    1.811874] BTRFS: selftest: sectorsize: 4096  nodesize: 65536
[    1.812216] BTRFS: selftest: Running btrfs free space cache tests
[    1.812558] BTRFS: selftest: Running extent only tests
[    1.812898] BTRFS: selftest: Running bitmap only tests
[    1.813261] BTRFS: selftest: Running bitmap and extent tests
[    1.813619] BTRFS: selftest: Running space stealing from bitmap to extent
[    1.814184] BTRFS: selftest: Free space cache tests finished
[    1.814523] BTRFS: selftest: Running extent buffer operation tests
[    1.814861] BTRFS: selftest: Running btrfs_split_item tests
[    1.815286] BTRFS: selftest: Running extent I/O tests
[    1.815653] BTRFS: selftest: Running find delalloc tests
[    1.823039] tsc: Refined TSC clocksource calibration: 2099.998 MHz
[    1.823414] clocksource: tsc: mask: 0xffffffffffffffff max_cycles: 0x1e452ea631d, max_idle_ns: 440795244572 ns
[    1.855909] BTRFS: selftest: Running extent buffer bitmap tests
[    1.872632] BTRFS: selftest: Extent I/O tests finished
[    1.872969] BTRFS: selftest: Running btrfs_get_extent tests
[    1.873377] BTRFS: selftest: Running hole first btrfs_get_extent test
[    1.873728] BTRFS: selftest: Running outstanding_extents tests
[    1.874084] BTRFS: selftest: Running qgroup tests
[    1.874421] BTRFS: selftest: Qgroup basic add
[    1.874764] BTRFS: selftest: Qgroup multiple refs test
[    1.875132] BTRFS: selftest: Running free space tree tests
[    1.881477] usb 1-1: New USB device found, idVendor=8087, idProduct=800a
[    1.881821] usb 1-1: New USB device strings: Mfr=0, Product=0, SerialNumber=0
[    1.882365] hub 1-1:1.0: USB hub found
[    1.882849] hub 1-1:1.0: 6 ports detected
[    1.891903] console [netcon0] enabled
[    1.892264] netconsole: network logging started
[    1.892715] md: Waiting for all devices to be available before autodetect
[    1.893094] md: If you don't use raid, use raid=noautodetect
[    1.893738] md: Autodetecting RAID arrays.
[    1.897371] usb 2-1: New USB device found, idVendor=8087, idProduct=8002
[    1.897729] usb 2-1: New USB device strings: Mfr=0, Product=0, SerialNumber=0
[    1.898242] hub 2-1:1.0: USB hub found
[    1.898754] hub 2-1:1.0: 8 ports detected
[    1.957781] md: autorun ...
[    1.958181] md: running: <sdb1><sdd1><sdc1>
[    1.958641] md0: detected capacity change from 0 to 1500318793728
[    1.959017] md: ... autorun DONE.
[    1.959645] EXT4-fs (sda2): couldn't mount as ext3 due to feature incompatibilities
[    1.964210] EXT4-fs (sda2): mounted filesystem with ordered data mode. Opts: (null)
[    1.964863] VFS: Mounted root (ext4 filesystem) readonly on device 8:2.
[    1.966015] devtmpfs: mounted
[    1.967893] Freeing unused kernel memory: 1200K
[    1.968259] Write protecting the kernel read-only data: 20480k
[    1.969569] Freeing unused kernel memory: 1980K
[    1.971086] Freeing unused kernel memory: 584K
[    2.016901] kbd_mode (2773) used greatest stack depth: 13872 bytes left
[    2.021386] loadkeys (2775) used greatest stack depth: 13808 bytes left
[    2.021875] init-early.sh (2771) used greatest stack depth: 13376 bytes left
[    2.175080] usb 2-1.8: new high-speed USB device number 3 using ehci-pci
[    2.253479] usb 2-1.8: New USB device found, idVendor=0557, idProduct=7000
[    2.253838] usb 2-1.8: New USB device strings: Mfr=0, Product=0, SerialNumber=0
[    2.254785] hub 2-1.8:1.0: USB hub found
[    2.255367] hub 2-1.8:1.0: 4 ports detected
[    2.513572] udevd[3156]: starting version 3.2.5
[    2.521949] udevd[3157]: starting eudev-3.2.5
[    2.548072] usb 2-1.8.1: new low-speed USB device number 4 using ehci-pci
[    2.615558] igb 0000:06:00.0 eno2: renamed from eth1
[    2.629141] igb 0000:05:00.0 eno1: renamed from eth0
[    2.632403] random: crng init done
[    2.654233] usb 2-1.8.1: New USB device found, idVendor=0557, idProduct=2419
[    2.654236] usb 2-1.8.1: New USB device strings: Mfr=0, Product=0, SerialNumber=0
[    2.654945] input: HID 0557:2419 as /devices/pci0000:00/0000:00:1d.0/usb2/2-1/2-1.8/2-1.8.1/2-1.8.1:1.0/0003:0557:2419.0001/input/input2
[    2.695283] power_meter ACPI000D:00: Found ACPI power meter.
[    2.695300] power_meter ACPI000D:00: Ignoring unsafe software power cap!
[    2.695304] power_meter ACPI000D:00: hwmon_device_register() is deprecated. Please convert the driver to use hwmon_device_register_with_info().
[    2.707291] hid-generic 0003:0557:2419.0001: input,hidraw0: USB HID v1.00 Keyboard [HID 0557:2419] on usb-0000:00:1d.0-1.8.1/input0
[    2.707985] input: HID 0557:2419 as /devices/pci0000:00/0000:00:1d.0/usb2/2-1/2-1.8/2-1.8.1/2-1.8.1:1.1/0003:0557:2419.0002/input/input3
[    2.708095] hid-generic 0003:0557:2419.0002: input,hidraw1: USB HID v1.00 Mouse [HID 0557:2419] on usb-0000:00:1d.0-1.8.1/input1
[    2.831260] clocksource: Switched to clocksource tsc
[    2.933511] EXT4-fs (sda2): re-mounted. Opts: (null)
[    3.055546] XFS (nvme0n1p1): Mounting V5 Filesystem
[    3.076688] XFS (nvme0n1p1): Ending clean mount
[    3.088508] XFS (md0): Mounting V5 Filesystem
[    3.274796] XFS (md0): Ending clean mount
[    3.923715] ip (3963) used greatest stack depth: 13008 bytes left
[    4.212369] IPv6: ADDRCONF(NETDEV_UP): eno1: link is not ready
[    4.257300] IPv6: ADDRCONF(NETDEV_UP): eno2: link is not ready
[    7.271626] igb 0000:05:00.0 eno1: igb: eno1 NIC Link is Up 1000 Mbps Full Duplex, Flow Control: RX/TX
[    7.375310] IPv6: ADDRCONF(NETDEV_CHANGE): eno1: link becomes ready
[   57.054030] usb 2-1.8: clear tt 1 (0040) error -71
[   57.058284] usb 2-1.8-port1: cannot reset (err = -71)
[   57.062543] usb 2-1.8-port1: cannot reset (err = -71)
[   57.066776] usb 2-1.8-port1: cannot reset (err = -71)
[   57.071048] usb 2-1.8-port1: cannot reset (err = -71)
[   57.075293] usb 2-1.8-port1: cannot reset (err = -71)
[   57.075294] usb 2-1.8-port1: Cannot enable. Maybe the USB cable is bad?
[   57.079543] usb 2-1.8-port1: cannot disable (err = -71)
[   57.083781] usb 2-1.8-port1: cannot reset (err = -71)
[   57.088035] usb 2-1.8-port1: cannot reset (err = -71)
[   57.092281] usb 2-1.8-port1: cannot reset (err = -71)
[   57.096525] usb 2-1.8-port1: cannot reset (err = -71)
[   57.100776] usb 2-1.8-port1: cannot reset (err = -71)
[   57.100776] usb 2-1.8-port1: Cannot enable. Maybe the USB cable is bad?
[   57.105035] usb 2-1.8-port1: cannot disable (err = -71)
[   57.109281] usb 2-1.8-port1: cannot reset (err = -71)
[   57.113526] usb 2-1.8-port1: cannot reset (err = -71)
[   57.117780] usb 2-1.8-port1: cannot reset (err = -71)
[   57.122032] usb 2-1.8-port1: cannot reset (err = -71)
[   57.126280] usb 2-1.8-port1: cannot reset (err = -71)
[   57.126282] usb 2-1.8-port1: Cannot enable. Maybe the USB cable is bad?
[   57.130530] usb 2-1.8-port1: cannot disable (err = -71)
[   57.134780] usb 2-1.8-port1: cannot reset (err = -71)
[   57.139035] usb 2-1.8-port1: cannot reset (err = -71)
[   57.143292] usb 2-1.8-port1: cannot reset (err = -71)
[   57.147543] usb 2-1.8-port1: cannot reset (err = -71)
[   57.151776] usb 2-1.8-port1: cannot reset (err = -71)
[   57.151777] usb 2-1.8-port1: Cannot enable. Maybe the USB cable is bad?
[   57.156025] usb 2-1.8-port1: cannot disable (err = -71)
[   57.160293] usb 2-1.8-port1: cannot disable (err = -71)
[   57.164534] hub 2-1.8:1.0: hub_ext_port_status failed (err = -71)
[   57.244283] usb 2-1.8: USB disconnect, device number 3
[   57.244286] usb 2-1.8.1: USB disconnect, device number 4
[   86.311091] usb 2-1.8: new high-speed USB device number 5 using ehci-pci
[   86.389495] usb 2-1.8: New USB device found, idVendor=0557, idProduct=7000
[   86.389500] usb 2-1.8: New USB device strings: Mfr=0, Product=0, SerialNumber=0
[   86.389769] hub 2-1.8:1.0: USB hub found
[   86.389876] hub 2-1.8:1.0: 4 ports detected
[   86.859090] usb 2-1.8.1: new low-speed USB device number 6 using ehci-pci
[   86.963863] usb 2-1.8.1: New USB device found, idVendor=0557, idProduct=2419
[   86.963868] usb 2-1.8.1: New USB device strings: Mfr=0, Product=0, SerialNumber=0
[   86.964720] input: HID 0557:2419 as /devices/pci0000:00/0000:00:1d.0/usb2/2-1/2-1.8/2-1.8.1/2-1.8.1:1.0/0003:0557:2419.0003/input/input4
[   87.016312] hid-generic 0003:0557:2419.0003: input,hidraw0: USB HID v1.00 Keyboard [HID 0557:2419] on usb-0000:00:1d.0-1.8.1/input0
[   87.016802] input: HID 0557:2419 as /devices/pci0000:00/0000:00:1d.0/usb2/2-1/2-1.8/2-1.8.1/2-1.8.1:1.1/0003:0557:2419.0004/input/input5
[   87.016883] hid-generic 0003:0557:2419.0004: input,hidraw1: USB HID v1.00 Mouse [HID 0557:2419] on usb-0000:00:1d.0-1.8.1/input1
[   98.651495] usb 2-1.8.1: USB disconnect, device number 6
[  100.259088] usb 2-1.8.1: new low-speed USB device number 7 using ehci-pci
[  100.363898] usb 2-1.8.1: New USB device found, idVendor=0557, idProduct=2419
[  100.363900] usb 2-1.8.1: New USB device strings: Mfr=0, Product=0, SerialNumber=0
[  100.364594] input: HID 0557:2419 as /devices/pci0000:00/0000:00:1d.0/usb2/2-1/2-1.8/2-1.8.1/2-1.8.1:1.0/0003:0557:2419.0005/input/input6
[  100.416312] hid-generic 0003:0557:2419.0005: input,hidraw0: USB HID v1.00 Keyboard [HID 0557:2419] on usb-0000:00:1d.0-1.8.1/input0
[  100.416986] input: HID 0557:2419 as /devices/pci0000:00/0000:00:1d.0/usb2/2-1/2-1.8/2-1.8.1/2-1.8.1:1.1/0003:0557:2419.0006/input/input7
[  100.417095] hid-generic 0003:0557:2419.0006: input,hidraw1: USB HID v1.00 Mouse [HID 0557:2419] on usb-0000:00:1d.0-1.8.1/input1
[ 1381.347082] kworker/dying (2494) used greatest stack depth: 12608 bytes left
[29156.000152] perf: interrupt took too long (2501 > 2500), lowering kernel.perf_event_max_sample_rate to 79000
[29157.792767] perf: interrupt took too long (3203 > 3126), lowering kernel.perf_event_max_sample_rate to 62000
