[    0.000000] Linux version 4.15.3 (root@bench2) (gcc version 7.3.0 (GCC)) #1 SMP Fri Feb 16 18:30:28 CET 2018
[    0.000000] Command line: BOOT_IMAGE=/vmlinuz-4.15.3 root=/dev/sda2 ro nopcid
[    0.000000] x86/fpu: Supporting XSAVE feature 0x001: 'x87 floating point registers'
[    0.000000] x86/fpu: Supporting XSAVE feature 0x002: 'SSE registers'
[    0.000000] x86/fpu: Supporting XSAVE feature 0x004: 'AVX registers'
[    0.000000] x86/fpu: xstate_offset[2]:  576, xstate_sizes[2]:  256
[    0.000000] x86/fpu: Enabled xstate features 0x7, context size is 832 bytes, using 'standard' format.
[    0.000000] e820: BIOS-provided physical RAM map:
[    0.000000] BIOS-e820: [mem 0x0000000000000000-0x0000000000099bff] usable
[    0.000000] BIOS-e820: [mem 0x0000000000099c00-0x000000000009ffff] reserved
[    0.000000] BIOS-e820: [mem 0x00000000000e0000-0x00000000000fffff] reserved
[    0.000000] BIOS-e820: [mem 0x0000000000100000-0x0000000078f35fff] usable
[    0.000000] BIOS-e820: [mem 0x0000000078f36000-0x0000000079838fff] reserved
[    0.000000] BIOS-e820: [mem 0x0000000079839000-0x0000000079d49fff] ACPI NVS
[    0.000000] BIOS-e820: [mem 0x0000000079d4a000-0x000000008fffffff] reserved
[    0.000000] BIOS-e820: [mem 0x00000000fed1c000-0x00000000fed44fff] reserved
[    0.000000] BIOS-e820: [mem 0x00000000ff000000-0x00000000ffffffff] reserved
[    0.000000] BIOS-e820: [mem 0x0000000100000000-0x000000107fffffff] usable
[    0.000000] nopcid: PCID feature disabled
[    0.000000] NX (Execute Disable) protection: active
[    0.000000] random: fast init done
[    0.000000] SMBIOS 3.0 present.
[    0.000000] DMI: Supermicro Super Server/X10DRL-i, BIOS 2.0a 08/25/2016
[    0.000000] e820: update [mem 0x00000000-0x00000fff] usable ==> reserved
[    0.000000] e820: remove [mem 0x000a0000-0x000fffff] usable
[    0.000000] e820: last_pfn = 0x1080000 max_arch_pfn = 0x400000000
[    0.000000] MTRR default type: write-back
[    0.000000] MTRR fixed ranges enabled:
[    0.000000]   00000-9FFFF write-back
[    0.000000]   A0000-BFFFF uncachable
[    0.000000]   C0000-FFFFF write-protect
[    0.000000] MTRR variable ranges enabled:
[    0.000000]   0 base 000080000000 mask 3FFF80000000 uncachable
[    0.000000]   1 base 380000000000 mask 3F8000000000 uncachable
[    0.000000]   2 disabled
[    0.000000]   3 disabled
[    0.000000]   4 disabled
[    0.000000]   5 disabled
[    0.000000]   6 disabled
[    0.000000]   7 disabled
[    0.000000]   8 disabled
[    0.000000]   9 disabled
[    0.000000] x86/PAT: Configuration [0-7]: WB  WC  UC- UC  WB  WP  UC- WT  
[    0.000000] e820: last_pfn = 0x78f36 max_arch_pfn = 0x400000000
[    0.000000] Scanning 1 areas for low memory corruption
[    0.000000] Base memory trampoline at [        (ptrval)] 93000 size 24576
[    0.000000] Using GB pages for direct mapping
[    0.000000] BRK [0xea77e1000, 0xea77e1fff] PGTABLE
[    0.000000] BRK [0xea77e2000, 0xea77e2fff] PGTABLE
[    0.000000] BRK [0xea77e3000, 0xea77e3fff] PGTABLE
[    0.000000] BRK [0xea77e4000, 0xea77e4fff] PGTABLE
[    0.000000] BRK [0xea77e5000, 0xea77e5fff] PGTABLE
[    0.000000] BRK [0xea77e6000, 0xea77e6fff] PGTABLE
[    0.000000] BRK [0xea77e7000, 0xea77e7fff] PGTABLE
[    0.000000] ACPI: Early table checksum verification disabled
[    0.000000] ACPI: RSDP 0x00000000000F05B0 000024 (v02 SUPERM)
[    0.000000] ACPI: XSDT 0x00000000798990A8 0000D4 (v01                 01072009 AMI  00010013)
[    0.000000] ACPI: FACP 0x00000000798C9E70 00010C (v05 SUPERM SMCI--MB 01072009 AMI  00010013)
[    0.000000] ACPI: DSDT 0x0000000079899218 030C57 (v02 SUPERM SMCI--MB 01072009 INTL 20091013)
[    0.000000] ACPI: FACS 0x0000000079D48F80 000040
[    0.000000] ACPI: APIC 0x00000000798C9F80 000224 (v03 SUPERM SMCI--MB 01072009 AMI  00010013)
[    0.000000] ACPI: FPDT 0x00000000798CA1A8 000044 (v01 SUPERM SMCI--MB 01072009 AMI  00010013)
[    0.000000] ACPI: FIDT 0x00000000798CA1F0 00009C (v01 SUPERM SMCI--MB 01072009 AMI  00010013)
[    0.000000] ACPI: SPMI 0x00000000798CA290 000040 (v05 SUPERM SMCI--MB 00000000 AMI. 00000000)
[    0.000000] ACPI: MCFG 0x00000000798CA2D0 00003C (v01 SUPERM SMCI--MB 01072009 MSFT 00000097)
[    0.000000] ACPI: UEFI 0x00000000798CA310 000042 (v01 SUPERM SMCI--MB 01072009      00000000)
[    0.000000] ACPI: HPET 0x00000000798CA358 000038 (v01 SUPERM SMCI--MB 00000001 INTL 20091013)
[    0.000000] ACPI: MSCT 0x00000000798CA390 000090 (v01 SUPERM SMCI--MB 00000001 INTL 20091013)
[    0.000000] ACPI: SLIT 0x00000000798CA420 000030 (v01 SUPERM SMCI--MB 00000001 INTL 20091013)
[    0.000000] ACPI: SRAT 0x00000000798CA450 001158 (v03 SUPERM SMCI--MB 00000001 INTL 20091013)
[    0.000000] ACPI: WDDT 0x00000000798CB5A8 000040 (v01 SUPERM SMCI--MB 00000000 INTL 20091013)
[    0.000000] ACPI: SSDT 0x00000000798CB5E8 016FB3 (v02 SUPERM PmMgt    00000001 INTL 20120913)
[    0.000000] ACPI: NITR 0x00000000798E25A0 000071 (v02 SUPERM SMCI--MB 00000001 INTL 20091013)
[    0.000000] ACPI: SSDT 0x00000000798E2618 00264C (v02 SUPERM SpsNm    00000002 INTL 20120913)
[    0.000000] ACPI: SSDT 0x00000000798E4C68 000064 (v02 SUPERM SpsNvs   00000002 INTL 20120913)
[    0.000000] ACPI: PRAD 0x00000000798E4CD0 000102 (v02 SUPERM SMCI--MB 00000002 INTL 20120913)
[    0.000000] ACPI: DMAR 0x00000000798E4DD8 000140 (v01 SUPERM SMCI--MB 00000001 INTL 20091013)
[    0.000000] ACPI: HEST 0x00000000798E4F18 00027C (v01 SUPERM SMCI--MB 00000001 INTL 00000001)
[    0.000000] ACPI: BERT 0x00000000798E5198 000030 (v01 SUPERM SMCI--MB 00000001 INTL 00000001)
[    0.000000] ACPI: ERST 0x00000000798E51C8 000230 (v01 SUPERM SMCI--MB 00000001 INTL 00000001)
[    0.000000] ACPI: EINJ 0x00000000798E53F8 000130 (v01 SUPERM SMCI--MB 00000001 INTL 00000001)
[    0.000000] ACPI: Local APIC address 0xfee00000
[    0.000000] SRAT: PXM 0 -> APIC 0x00 -> Node 0
[    0.000000] SRAT: PXM 0 -> APIC 0x02 -> Node 0
[    0.000000] SRAT: PXM 0 -> APIC 0x04 -> Node 0
[    0.000000] SRAT: PXM 0 -> APIC 0x06 -> Node 0
[    0.000000] SRAT: PXM 0 -> APIC 0x08 -> Node 0
[    0.000000] SRAT: PXM 0 -> APIC 0x0a -> Node 0
[    0.000000] SRAT: PXM 0 -> APIC 0x0c -> Node 0
[    0.000000] SRAT: PXM 0 -> APIC 0x0e -> Node 0
[    0.000000] SRAT: PXM 1 -> APIC 0x10 -> Node 1
[    0.000000] SRAT: PXM 1 -> APIC 0x12 -> Node 1
[    0.000000] SRAT: PXM 1 -> APIC 0x14 -> Node 1
[    0.000000] SRAT: PXM 1 -> APIC 0x16 -> Node 1
[    0.000000] SRAT: PXM 1 -> APIC 0x18 -> Node 1
[    0.000000] SRAT: PXM 1 -> APIC 0x1a -> Node 1
[    0.000000] SRAT: PXM 1 -> APIC 0x1c -> Node 1
[    0.000000] SRAT: PXM 1 -> APIC 0x1e -> Node 1
[    0.000000] SRAT: PXM 0 -> APIC 0x01 -> Node 0
[    0.000000] SRAT: PXM 0 -> APIC 0x03 -> Node 0
[    0.000000] SRAT: PXM 0 -> APIC 0x05 -> Node 0
[    0.000000] SRAT: PXM 0 -> APIC 0x07 -> Node 0
[    0.000000] SRAT: PXM 0 -> APIC 0x09 -> Node 0
[    0.000000] SRAT: PXM 0 -> APIC 0x0b -> Node 0
[    0.000000] SRAT: PXM 0 -> APIC 0x0d -> Node 0
[    0.000000] SRAT: PXM 0 -> APIC 0x0f -> Node 0
[    0.000000] SRAT: PXM 1 -> APIC 0x11 -> Node 1
[    0.000000] SRAT: PXM 1 -> APIC 0x13 -> Node 1
[    0.000000] SRAT: PXM 1 -> APIC 0x15 -> Node 1
[    0.000000] SRAT: PXM 1 -> APIC 0x17 -> Node 1
[    0.000000] SRAT: PXM 1 -> APIC 0x19 -> Node 1
[    0.000000] SRAT: PXM 1 -> APIC 0x1b -> Node 1
[    0.000000] SRAT: PXM 1 -> APIC 0x1d -> Node 1
[    0.000000] SRAT: PXM 1 -> APIC 0x1f -> Node 1
[    0.000000] ACPI: SRAT: Node 0 PXM 0 [mem 0x00000000-0x7fffffff]
[    0.000000] ACPI: SRAT: Node 0 PXM 0 [mem 0x100000000-0x87fffffff]
[    0.000000] ACPI: SRAT: Node 1 PXM 1 [mem 0x880000000-0x107fffffff]
[    0.000000] NUMA: Initialized distance table, cnt=2
[    0.000000] NUMA: Node 0 [mem 0x00000000-0x7fffffff] + [mem 0x100000000-0x87fffffff] -> [mem 0x00000000-0x87fffffff]
[    0.000000] NODE_DATA(0) allocated [mem 0x87fffc000-0x87fffffff]
[    0.000000] NODE_DATA(1) allocated [mem 0x107fffb000-0x107fffefff]
[    0.000000] tsc: Fast TSC calibration using PIT
[    0.000000] Zone ranges:
[    0.000000]   DMA      [mem 0x0000000000001000-0x0000000000ffffff]
[    0.000000]   DMA32    [mem 0x0000000001000000-0x00000000ffffffff]
[    0.000000]   Normal   [mem 0x0000000100000000-0x000000107fffffff]
[    0.000000] Movable zone start for each node
[    0.000000] Early memory node ranges
[    0.000000]   node   0: [mem 0x0000000000001000-0x0000000000098fff]
[    0.000000]   node   0: [mem 0x0000000000100000-0x0000000078f35fff]
[    0.000000]   node   0: [mem 0x0000000100000000-0x000000087fffffff]
[    0.000000]   node   1: [mem 0x0000000880000000-0x000000107fffffff]
[    0.000000] Initmem setup node 0 [mem 0x0000000000001000-0x000000087fffffff]
[    0.000000] On node 0 totalpages: 8359630
[    0.000000]   DMA zone: 64 pages used for memmap
[    0.000000]   DMA zone: 21 pages reserved
[    0.000000]   DMA zone: 3992 pages, LIFO batch:0
[    0.000000]   DMA32 zone: 7677 pages used for memmap
[    0.000000]   DMA32 zone: 491318 pages, LIFO batch:31
[    0.000000]   Normal zone: 122880 pages used for memmap
[    0.000000]   Normal zone: 7864320 pages, LIFO batch:31
[    0.000000] Initmem setup node 1 [mem 0x0000000880000000-0x000000107fffffff]
[    0.000000] On node 1 totalpages: 8388608
[    0.000000]   Normal zone: 131072 pages used for memmap
[    0.000000]   Normal zone: 8388608 pages, LIFO batch:31
[    0.000000] Reserved but unavailable: 104 pages
[    0.000000] ACPI: PM-Timer IO Port: 0x408
[    0.000000] ACPI: Local APIC address 0xfee00000
[    0.000000] ACPI: LAPIC_NMI (acpi_id[0x00] high edge lint[0x1])
[    0.000000] ACPI: LAPIC_NMI (acpi_id[0x02] high edge lint[0x1])
[    0.000000] ACPI: LAPIC_NMI (acpi_id[0x04] high edge lint[0x1])
[    0.000000] ACPI: LAPIC_NMI (acpi_id[0x06] high edge lint[0x1])
[    0.000000] ACPI: LAPIC_NMI (acpi_id[0x08] high edge lint[0x1])
[    0.000000] ACPI: LAPIC_NMI (acpi_id[0x0a] high edge lint[0x1])
[    0.000000] ACPI: LAPIC_NMI (acpi_id[0x0c] high edge lint[0x1])
[    0.000000] ACPI: LAPIC_NMI (acpi_id[0x0e] high edge lint[0x1])
[    0.000000] ACPI: LAPIC_NMI (acpi_id[0x10] high edge lint[0x1])
[    0.000000] ACPI: LAPIC_NMI (acpi_id[0x12] high edge lint[0x1])
[    0.000000] ACPI: LAPIC_NMI (acpi_id[0x14] high edge lint[0x1])
[    0.000000] ACPI: LAPIC_NMI (acpi_id[0x16] high edge lint[0x1])
[    0.000000] ACPI: LAPIC_NMI (acpi_id[0x18] high edge lint[0x1])
[    0.000000] ACPI: LAPIC_NMI (acpi_id[0x1a] high edge lint[0x1])
[    0.000000] ACPI: LAPIC_NMI (acpi_id[0x1c] high edge lint[0x1])
[    0.000000] ACPI: LAPIC_NMI (acpi_id[0x1e] high edge lint[0x1])
[    0.000000] ACPI: LAPIC_NMI (acpi_id[0x01] high edge lint[0x1])
[    0.000000] ACPI: LAPIC_NMI (acpi_id[0x03] high edge lint[0x1])
[    0.000000] ACPI: LAPIC_NMI (acpi_id[0x05] high edge lint[0x1])
[    0.000000] ACPI: LAPIC_NMI (acpi_id[0x07] high edge lint[0x1])
[    0.000000] ACPI: LAPIC_NMI (acpi_id[0x09] high edge lint[0x1])
[    0.000000] ACPI: LAPIC_NMI (acpi_id[0x0b] high edge lint[0x1])
[    0.000000] ACPI: LAPIC_NMI (acpi_id[0x0d] high edge lint[0x1])
[    0.000000] ACPI: LAPIC_NMI (acpi_id[0x0f] high edge lint[0x1])
[    0.000000] ACPI: LAPIC_NMI (acpi_id[0x11] high edge lint[0x1])
[    0.000000] ACPI: LAPIC_NMI (acpi_id[0x13] high edge lint[0x1])
[    0.000000] ACPI: LAPIC_NMI (acpi_id[0x15] high edge lint[0x1])
[    0.000000] ACPI: LAPIC_NMI (acpi_id[0x17] high edge lint[0x1])
[    0.000000] ACPI: LAPIC_NMI (acpi_id[0x19] high edge lint[0x1])
[    0.000000] ACPI: LAPIC_NMI (acpi_id[0x1b] high edge lint[0x1])
[    0.000000] ACPI: LAPIC_NMI (acpi_id[0x1d] high edge lint[0x1])
[    0.000000] ACPI: LAPIC_NMI (acpi_id[0x1f] high edge lint[0x1])
[    0.000000] IOAPIC[0]: apic_id 1, version 32, address 0xfec00000, GSI 0-23
[    0.000000] IOAPIC[1]: apic_id 2, version 32, address 0xfec01000, GSI 24-47
[    0.000000] IOAPIC[2]: apic_id 3, version 32, address 0xfec40000, GSI 48-71
[    0.000000] ACPI: INT_SRC_OVR (bus 0 bus_irq 0 global_irq 2 dfl dfl)
[    0.000000] ACPI: INT_SRC_OVR (bus 0 bus_irq 9 global_irq 9 high level)
[    0.000000] ACPI: IRQ0 used by override.
[    0.000000] ACPI: IRQ9 used by override.
[    0.000000] Using ACPI (MADT) for SMP configuration information
[    0.000000] ACPI: HPET id: 0x8086a701 base: 0xfed00000
[    0.000000] [Firmware Bug]: TSC_DEADLINE disabled due to Errata; please update microcode to version: 0xb000020 (or later)
[    0.000000] smpboot: Allowing 32 CPUs, 0 hotplug CPUs
[    0.000000] e820: [mem 0x90000000-0xfed1bfff] available for PCI devices
[    0.000000] clocksource: refined-jiffies: mask: 0xffffffff max_cycles: 0xffffffff, max_idle_ns: 1910969940391419 ns
[    0.000000] setup_percpu: NR_CPUS:64 nr_cpumask_bits:64 nr_cpu_ids:32 nr_node_ids:2
[    0.000000] percpu: Embedded 43 pages/cpu @        (ptrval) s137304 r8192 d30632 u262144
[    0.000000] pcpu-alloc: s137304 r8192 d30632 u262144 alloc=1*2097152
[    0.000000] pcpu-alloc: [0] 00 01 02 03 04 05 06 07 [0] 16 17 18 19 20 21 22 23 
[    0.000000] pcpu-alloc: [1] 08 09 10 11 12 13 14 15 [1] 24 25 26 27 28 29 30 31 
[    0.000000] Built 2 zonelists, mobility grouping on.  Total pages: 16486524
[    0.000000] Policy zone: Normal
[    0.000000] Kernel command line: BOOT_IMAGE=/vmlinuz-4.15.3 root=/dev/sda2 ro nopcid
[    0.000000] Memory: 65844120K/66992952K available (14364K kernel code, 1522K rwdata, 3512K rodata, 1200K init, 636K bss, 1148832K reserved, 0K cma-reserved)
[    0.000000] SLUB: HWalign=64, Order=0-3, MinObjects=0, CPUs=32, Nodes=2
[    0.000000] Kernel/User page tables isolation: enabled
[    0.000000] Hierarchical RCU implementation.
[    0.000000] 	RCU event tracing is enabled.
[    0.000000] 	RCU restricting CPUs from NR_CPUS=64 to nr_cpu_ids=32.
[    0.000000] RCU: Adjusting geometry for rcu_fanout_leaf=16, nr_cpu_ids=32
[    0.000000] NR_IRQS: 4352, nr_irqs: 1496, preallocated irqs: 16
[    0.000000] Console: colour VGA+ 80x25
[    0.000000] console [tty0] enabled
[    0.000000] ACPI: Core revision 20170831
[    0.000000] ACPI: 4 ACPI AML tables successfully acquired and loaded
[    0.000000] clocksource: hpet: mask: 0xffffffff max_cycles: 0xffffffff, max_idle_ns: 133484882848 ns
[    0.000000] hpet clockevent registered
[    0.000000] APIC: Switch to symmetric I/O mode setup
[    0.000000] Switched APIC routing to physical flat.
[    0.000000] ..TIMER: vector=0x30 apic1=0 pin1=2 apic2=-1 pin2=-1
[    0.005000] tsc: Fast TSC calibration using PIT
[    0.006000] tsc: Detected 2099.913 MHz processor
[    0.006000] Calibrating delay loop (skipped), value calculated using timer frequency.. 4199.82 BogoMIPS (lpj=2099913)
[    0.007001] pid_max: default: 32768 minimum: 301
[    0.007187] Security Framework initialized
[    0.020206] Dentry cache hash table entries: 8388608 (order: 14, 67108864 bytes)
[    0.026837] Inode-cache hash table entries: 4194304 (order: 13, 33554432 bytes)
[    0.027227] Mount-cache hash table entries: 131072 (order: 8, 1048576 bytes)
[    0.027564] Mountpoint-cache hash table entries: 131072 (order: 8, 1048576 bytes)
[    0.028065] CPU: Physical Processor ID: 0
[    0.028192] CPU: Processor Core ID: 0
[    0.028327] mce: CPU supports 22 MCE banks
[    0.028470] CPU0: Thermal monitoring enabled (TM1)
[    0.028642] process: using mwait in idle threads
[    0.028773] Last level iTLB entries: 4KB 64, 2MB 8, 4MB 8
[    0.028902] Last level dTLB entries: 4KB 64, 2MB 0, 4MB 0, 1GB 4
[    0.029002] Spectre V2 : Mitigation: Full generic retpoline
[    0.029873] Freeing SMP alternatives memory: 48K
[    0.031000] smpboot: CPU0: Intel(R) Xeon(R) CPU E5-2620 v4 @ 2.10GHz (family: 0x6, model: 0x4f, stepping: 0x1)
[    0.031000] Performance Events: PEBS fmt2+, Broadwell events, 16-deep LBR, full-width counters, Intel PMU driver.
[    0.031007] ... version:                3
[    0.031346] ... bit width:              48
[    0.032001] ... generic registers:      4
[    0.032340] ... value mask:             0000ffffffffffff
[    0.032681] ... max period:             00007fffffffffff
[    0.033001] ... fixed-purpose events:   3
[    0.033339] ... event mask:             000000070000000f
[    0.033735] Hierarchical SRCU implementation.
[    0.034450] smp: Bringing up secondary CPUs ...
[    0.035038] x86: Booting SMP configuration:
[    0.035378] .... node  #0, CPUs:        #1  #2  #3  #4  #5  #6  #7
[    0.043446] .... node  #1, CPUs:    #8  #9 #10 #11 #12 #13 #14 #15
[    0.113436] .... node  #0, CPUs:   #16 #17 #18 #19 #20 #21 #22 #23
[    0.122470] .... node  #1, CPUs:   #24 #25 #26 #27 #28 #29 #30 #31
[    0.131745] smp: Brought up 2 nodes, 32 CPUs
[    0.132340] smpboot: Max logical packages: 2
[    0.132681] smpboot: Total of 32 processors activated (134388.19 BogoMIPS)
[    0.137078] devtmpfs: initialized
[    0.137513] kworker/u65:0 (172) used greatest stack depth: 14304 bytes left
[    0.137513] clocksource: jiffies: mask: 0xffffffff max_cycles: 0xffffffff, max_idle_ns: 1911260446275000 ns
[    0.137513] futex hash table entries: 8192 (order: 7, 524288 bytes)
[    0.138151] xor: automatically using best checksumming function   avx       
[    0.139621] NET: Registered protocol family 16
[    0.140049] audit: initializing netlink subsys (disabled)
[    0.140394] audit: type=2000 audit(1518961628.140:1): state=initialized audit_enabled=0 res=1
[    0.141046] cpuidle: using governor menu
[    0.141134] ACPI FADT declares the system doesn't support PCIe ASPM, so disable it
[    0.141752] ACPI: bus type PCI registered
[    0.142073] PCI: MMCONFIG for domain 0000 [bus 00-ff] at [mem 0x80000000-0x8fffffff] (base 0x80000000)
[    0.142696] PCI: MMCONFIG at [mem 0x80000000-0x8fffffff] reserved in E820
[    0.143013] PCI: Using configuration type 1 for base access
[    0.148022] HugeTLB registered 2.00 MiB page size, pre-allocated 0 pages
[    0.165006] raid6: sse2x1   gen()  7562 MB/s
[    0.182006] raid6: sse2x1   xor()  5197 MB/s
[    0.199004] raid6: sse2x2   gen()  8828 MB/s
[    0.216006] raid6: sse2x2   xor()  5685 MB/s
[    0.233004] raid6: sse2x4   gen() 10597 MB/s
[    0.250003] raid6: sse2x4   xor()  6607 MB/s
[    0.267005] raid6: avx2x1   gen() 14859 MB/s
[    0.284002] raid6: avx2x1   xor()  9873 MB/s
[    0.301002] raid6: avx2x2   gen() 17058 MB/s
[    0.318002] raid6: avx2x2   xor() 10396 MB/s
[    0.335003] raid6: avx2x4   gen() 20078 MB/s
[    0.352001] raid6: avx2x4   xor() 12001 MB/s
[    0.352341] raid6: using algorithm avx2x4 gen() 20078 MB/s
[    0.352682] raid6: .... xor() 12001 MB/s, rmw enabled
[    0.353001] raid6: using avx2x2 recovery algorithm
[    0.353472] ACPI: Added _OSI(Module Device)
[    0.353812] ACPI: Added _OSI(Processor Device)
[    0.354003] ACPI: Added _OSI(3.0 _SCP Extensions)
[    0.354343] ACPI: Added _OSI(Processor Aggregator Device)
[    0.368629] ACPI: [Firmware Bug]: BIOS _OSI(Linux) query ignored
[    0.378116] ACPI: Dynamic OEM Table Load:
[    0.404472] ACPI: Interpreter enabled
[    0.404817] ACPI: (supports S0 S5)
[    0.405001] ACPI: Using IOAPIC for interrupt routing
[    0.405367] PCI: Using host bridge windows from ACPI; if necessary, use "pci=nocrs" and report a bug
[    0.406510] ACPI: GPE 0x24 active on init
[    0.406855] ACPI: Enabled 5 GPEs in block 00 to 3F
[    0.442713] ACPI: PCI Root Bridge [UNC1] (domain 0000 [bus ff])
[    0.443006] acpi PNP0A03:02: _OSC: OS supports [ExtendedConfig ASPM ClockPM Segments MSI]
[    0.445871] acpi PNP0A03:02: _OSC: platform does not support [AER]
[    0.447004] acpi PNP0A03:02: _OSC: OS now controls [PCIeHotplug PME PCIeCapability]
[    0.447620] acpi PNP0A03:02: FADT indicates ASPM is unsupported, using BIOS configuration
[    0.448038] PCI host bridge to bus 0000:ff
[    0.448379] pci_bus 0000:ff: root bus resource [bus ff]
[    0.448732] pci 0000:ff:08.0: [8086:6f80] type 00 class 0x088000
[    0.449033] pci 0000:ff:08.2: [8086:6f32] type 00 class 0x110100
[    0.449083] pci 0000:ff:08.3: [8086:6f83] type 00 class 0x088000
[    0.449145] pci 0000:ff:09.0: [8086:6f90] type 00 class 0x088000
[    0.449191] pci 0000:ff:09.2: [8086:6f33] type 00 class 0x110100
[    0.449240] pci 0000:ff:09.3: [8086:6f93] type 00 class 0x088000
[    0.449300] pci 0000:ff:0b.0: [8086:6f81] type 00 class 0x088000
[    0.449345] pci 0000:ff:0b.1: [8086:6f36] type 00 class 0x110100
[    0.449388] pci 0000:ff:0b.2: [8086:6f37] type 00 class 0x110100
[    0.449431] pci 0000:ff:0b.3: [8086:6f76] type 00 class 0x088000
[    0.449477] pci 0000:ff:0c.0: [8086:6fe0] type 00 class 0x088000
[    0.449520] pci 0000:ff:0c.1: [8086:6fe1] type 00 class 0x088000
[    0.449563] pci 0000:ff:0c.2: [8086:6fe2] type 00 class 0x088000
[    0.449608] pci 0000:ff:0c.3: [8086:6fe3] type 00 class 0x088000
[    0.449652] pci 0000:ff:0c.4: [8086:6fe4] type 00 class 0x088000
[    0.449695] pci 0000:ff:0c.5: [8086:6fe5] type 00 class 0x088000
[    0.450010] pci 0000:ff:0c.6: [8086:6fe6] type 00 class 0x088000
[    0.450010] pci 0000:ff:0c.7: [8086:6fe7] type 00 class 0x088000
[    0.450011] pci 0000:ff:0f.0: [8086:6ff8] type 00 class 0x088000
[    0.450011] pci 0000:ff:0f.1: [8086:6ff9] type 00 class 0x088000
[    0.450011] pci 0000:ff:0f.4: [8086:6ffc] type 00 class 0x088000
[    0.450011] pci 0000:ff:0f.5: [8086:6ffd] type 00 class 0x088000
[    0.450011] pci 0000:ff:0f.6: [8086:6ffe] type 00 class 0x088000
[    0.450047] pci 0000:ff:10.0: [8086:6f1d] type 00 class 0x088000
[    0.450091] pci 0000:ff:10.1: [8086:6f34] type 00 class 0x110100
[    0.450136] pci 0000:ff:10.5: [8086:6f1e] type 00 class 0x088000
[    0.450179] pci 0000:ff:10.6: [8086:6f7d] type 00 class 0x110100
[    0.450222] pci 0000:ff:10.7: [8086:6f1f] type 00 class 0x088000
[    0.450265] pci 0000:ff:12.0: [8086:6fa0] type 00 class 0x088000
[    0.450295] pci 0000:ff:12.1: [8086:6f30] type 00 class 0x110100
[    0.450349] pci 0000:ff:13.0: [8086:6fa8] type 00 class 0x088000
[    0.450412] pci 0000:ff:13.1: [8086:6f71] type 00 class 0x088000
[    0.450470] pci 0000:ff:13.2: [8086:6faa] type 00 class 0x088000
[    0.450527] pci 0000:ff:13.3: [8086:6fab] type 00 class 0x088000
[    0.450585] pci 0000:ff:13.4: [8086:6fac] type 00 class 0x088000
[    0.450642] pci 0000:ff:13.5: [8086:6fad] type 00 class 0x088000
[    0.450698] pci 0000:ff:13.6: [8086:6fae] type 00 class 0x088000
[    0.451009] pci 0000:ff:13.7: [8086:6faf] type 00 class 0x088000
[    0.451011] pci 0000:ff:14.0: [8086:6fb0] type 00 class 0x088000
[    0.451011] pci 0000:ff:14.1: [8086:6fb1] type 00 class 0x088000
[    0.451011] pci 0000:ff:14.2: [8086:6fb2] type 00 class 0x088000
[    0.451011] pci 0000:ff:14.3: [8086:6fb3] type 00 class 0x088000
[    0.451022] pci 0000:ff:14.4: [8086:6fbc] type 00 class 0x088000
[    0.451067] pci 0000:ff:14.5: [8086:6fbd] type 00 class 0x088000
[    0.451112] pci 0000:ff:14.6: [8086:6fbe] type 00 class 0x088000
[    0.451160] pci 0000:ff:14.7: [8086:6fbf] type 00 class 0x088000
[    0.451214] pci 0000:ff:15.0: [8086:6fb4] type 00 class 0x088000
[    0.451271] pci 0000:ff:15.1: [8086:6fb5] type 00 class 0x088000
[    0.451330] pci 0000:ff:15.2: [8086:6fb6] type 00 class 0x088000
[    0.451388] pci 0000:ff:15.3: [8086:6fb7] type 00 class 0x088000
[    0.451449] pci 0000:ff:16.0: [8086:6f68] type 00 class 0x088000
[    0.451503] pci 0000:ff:16.6: [8086:6f6e] type 00 class 0x088000
[    0.451549] pci 0000:ff:16.7: [8086:6f6f] type 00 class 0x088000
[    0.451597] pci 0000:ff:17.0: [8086:6fd0] type 00 class 0x088000
[    0.451650] pci 0000:ff:17.4: [8086:6fb8] type 00 class 0x088000
[    0.451696] pci 0000:ff:17.5: [8086:6fb9] type 00 class 0x088000
[    0.452010] pci 0000:ff:17.6: [8086:6fba] type 00 class 0x088000
[    0.452011] pci 0000:ff:17.7: [8086:6fbb] type 00 class 0x088000
[    0.452011] pci 0000:ff:1e.0: [8086:6f98] type 00 class 0x088000
[    0.452015] pci 0000:ff:1e.1: [8086:6f99] type 00 class 0x088000
[    0.452015] pci 0000:ff:1e.2: [8086:6f9a] type 00 class 0x088000
[    0.452015] pci 0000:ff:1e.3: [8086:6fc0] type 00 class 0x088000
[    0.452015] pci 0000:ff:1e.4: [8086:6f9c] type 00 class 0x088000
[    0.452053] pci 0000:ff:1f.0: [8086:6f88] type 00 class 0x088000
[    0.452099] pci 0000:ff:1f.2: [8086:6f8a] type 00 class 0x088000
[    0.452198] ACPI: PCI Root Bridge [UNC0] (domain 0000 [bus 7f])
[    0.452544] acpi PNP0A03:03: _OSC: OS supports [ExtendedConfig ASPM ClockPM Segments MSI]
[    0.453478] acpi PNP0A03:03: _OSC: platform does not support [AER]
[    0.454782] acpi PNP0A03:03: _OSC: OS now controls [PCIeHotplug PME PCIeCapability]
[    0.455002] acpi PNP0A03:03: FADT indicates ASPM is unsupported, using BIOS configuration
[    0.456037] PCI host bridge to bus 0000:7f
[    0.456377] pci_bus 0000:7f: root bus resource [bus 7f]
[    0.456726] pci 0000:7f:08.0: [8086:6f80] type 00 class 0x088000
[    0.456772] pci 0000:7f:08.2: [8086:6f32] type 00 class 0x110100
[    0.457012] pci 0000:7f:08.3: [8086:6f83] type 00 class 0x088000
[    0.457012] pci 0000:7f:09.0: [8086:6f90] type 00 class 0x088000
[    0.457012] pci 0000:7f:09.2: [8086:6f33] type 00 class 0x110100
[    0.457012] pci 0000:7f:09.3: [8086:6f93] type 00 class 0x088000
[    0.457035] pci 0000:7f:0b.0: [8086:6f81] type 00 class 0x088000
[    0.457077] pci 0000:7f:0b.1: [8086:6f36] type 00 class 0x110100
[    0.457117] pci 0000:7f:0b.2: [8086:6f37] type 00 class 0x110100
[    0.457158] pci 0000:7f:0b.3: [8086:6f76] type 00 class 0x088000
[    0.457200] pci 0000:7f:0c.0: [8086:6fe0] type 00 class 0x088000
[    0.457240] pci 0000:7f:0c.1: [8086:6fe1] type 00 class 0x088000
[    0.457280] pci 0000:7f:0c.2: [8086:6fe2] type 00 class 0x088000
[    0.457321] pci 0000:7f:0c.3: [8086:6fe3] type 00 class 0x088000
[    0.457362] pci 0000:7f:0c.4: [8086:6fe4] type 00 class 0x088000
[    0.457403] pci 0000:7f:0c.5: [8086:6fe5] type 00 class 0x088000
[    0.457444] pci 0000:7f:0c.6: [8086:6fe6] type 00 class 0x088000
[    0.457484] pci 0000:7f:0c.7: [8086:6fe7] type 00 class 0x088000
[    0.457525] pci 0000:7f:0f.0: [8086:6ff8] type 00 class 0x088000
[    0.457567] pci 0000:7f:0f.1: [8086:6ff9] type 00 class 0x088000
[    0.457610] pci 0000:7f:0f.4: [8086:6ffc] type 00 class 0x088000
[    0.457650] pci 0000:7f:0f.5: [8086:6ffd] type 00 class 0x088000
[    0.457690] pci 0000:7f:0f.6: [8086:6ffe] type 00 class 0x088000
[    0.458011] pci 0000:7f:10.0: [8086:6f1d] type 00 class 0x088000
[    0.458011] pci 0000:7f:10.1: [8086:6f34] type 00 class 0x110100
[    0.458011] pci 0000:7f:10.5: [8086:6f1e] type 00 class 0x088000
[    0.458011] pci 0000:7f:10.6: [8086:6f7d] type 00 class 0x110100
[    0.458011] pci 0000:7f:10.7: [8086:6f1f] type 00 class 0x088000
[    0.458011] pci 0000:7f:12.0: [8086:6fa0] type 00 class 0x088000
[    0.458011] pci 0000:7f:12.1: [8086:6f30] type 00 class 0x110100
[    0.458011] pci 0000:7f:13.0: [8086:6fa8] type 00 class 0x088000
[    0.458082] pci 0000:7f:13.1: [8086:6f71] type 00 class 0x088000
[    0.458155] pci 0000:7f:13.2: [8086:6faa] type 00 class 0x088000
[    0.458228] pci 0000:7f:13.3: [8086:6fab] type 00 class 0x088000
[    0.458301] pci 0000:7f:13.4: [8086:6fac] type 00 class 0x088000
[    0.458363] pci 0000:7f:13.5: [8086:6fad] type 00 class 0x088000
[    0.458415] pci 0000:7f:13.6: [8086:6fae] type 00 class 0x088000
[    0.458458] pci 0000:7f:13.7: [8086:6faf] type 00 class 0x088000
[    0.458501] pci 0000:7f:14.0: [8086:6fb0] type 00 class 0x088000
[    0.458554] pci 0000:7f:14.1: [8086:6fb1] type 00 class 0x088000
[    0.458606] pci 0000:7f:14.2: [8086:6fb2] type 00 class 0x088000
[    0.458659] pci 0000:7f:14.3: [8086:6fb3] type 00 class 0x088000
[    0.458710] pci 0000:7f:14.4: [8086:6fbc] type 00 class 0x088000
[    0.459010] pci 0000:7f:14.5: [8086:6fbd] type 00 class 0x088000
[    0.459010] pci 0000:7f:14.6: [8086:6fbe] type 00 class 0x088000
[    0.459011] pci 0000:7f:14.7: [8086:6fbf] type 00 class 0x088000
[    0.459011] pci 0000:7f:15.0: [8086:6fb4] type 00 class 0x088000
[    0.459011] pci 0000:7f:15.1: [8086:6fb5] type 00 class 0x088000
[    0.459011] pci 0000:7f:15.2: [8086:6fb6] type 00 class 0x088000
[    0.459041] pci 0000:7f:15.3: [8086:6fb7] type 00 class 0x088000
[    0.459096] pci 0000:7f:16.0: [8086:6f68] type 00 class 0x088000
[    0.459146] pci 0000:7f:16.6: [8086:6f6e] type 00 class 0x088000
[    0.459189] pci 0000:7f:16.7: [8086:6f6f] type 00 class 0x088000
[    0.459231] pci 0000:7f:17.0: [8086:6fd0] type 00 class 0x088000
[    0.459280] pci 0000:7f:17.4: [8086:6fb8] type 00 class 0x088000
[    0.459322] pci 0000:7f:17.5: [8086:6fb9] type 00 class 0x088000
[    0.459365] pci 0000:7f:17.6: [8086:6fba] type 00 class 0x088000
[    0.459407] pci 0000:7f:17.7: [8086:6fbb] type 00 class 0x088000
[    0.459455] pci 0000:7f:1e.0: [8086:6f98] type 00 class 0x088000
[    0.459496] pci 0000:7f:1e.1: [8086:6f99] type 00 class 0x088000
[    0.459537] pci 0000:7f:1e.2: [8086:6f9a] type 00 class 0x088000
[    0.459578] pci 0000:7f:1e.3: [8086:6fc0] type 00 class 0x088000
[    0.459607] pci 0000:7f:1e.4: [8086:6f9c] type 00 class 0x088000
[    0.459651] pci 0000:7f:1f.0: [8086:6f88] type 00 class 0x088000
[    0.459693] pci 0000:7f:1f.2: [8086:6f8a] type 00 class 0x088000
[    0.469163] ACPI: PCI Root Bridge [PCI0] (domain 0000 [bus 00-7e])
[    0.469510] acpi PNP0A08:00: _OSC: OS supports [ExtendedConfig ASPM ClockPM Segments MSI]
[    0.470370] acpi PNP0A08:00: _OSC: platform does not support [AER]
[    0.471393] acpi PNP0A08:00: _OSC: OS now controls [PCIeHotplug PME PCIeCapability]
[    0.472002] acpi PNP0A08:00: FADT indicates ASPM is unsupported, using BIOS configuration
[    0.472662] PCI host bridge to bus 0000:00
[    0.473003] pci_bus 0000:00: root bus resource [io  0x0000-0x0cf7 window]
[    0.473348] pci_bus 0000:00: root bus resource [io  0x1000-0x7fff window]
[    0.473694] pci_bus 0000:00: root bus resource [mem 0x000a0000-0x000bffff window]
[    0.474002] pci_bus 0000:00: root bus resource [mem 0xfedb0000-0xfedb000f window]
[    0.474618] pci_bus 0000:00: root bus resource [mem 0xfedc0000-0xfedc000f window]
[    0.475002] pci_bus 0000:00: root bus resource [mem 0x90000000-0xc7ffbfff window]
[    0.476002] pci_bus 0000:00: root bus resource [bus 00-7e]
[    0.476352] pci 0000:00:00.0: [8086:6f00] type 00 class 0x060000
[    0.476489] pci 0000:00:01.0: [8086:6f02] type 01 class 0x060400
[    0.476540] pci 0000:00:01.0: PME# supported from D0 D3hot D3cold
[    0.476633] pci 0000:00:03.0: [8086:6f08] type 01 class 0x060400
[    0.476683] pci 0000:00:03.0: PME# supported from D0 D3hot D3cold
[    0.477009] pci 0000:00:04.0: [8086:6f20] type 00 class 0x088000
[    0.477009] pci 0000:00:04.0: reg 0x10: [mem 0xc732c000-0xc732ffff 64bit]
[    0.477081] pci 0000:00:04.1: [8086:6f21] type 00 class 0x088000
[    0.477093] pci 0000:00:04.1: reg 0x10: [mem 0xc7328000-0xc732bfff 64bit]
[    0.477216] pci 0000:00:04.2: [8086:6f22] type 00 class 0x088000
[    0.477228] pci 0000:00:04.2: reg 0x10: [mem 0xc7324000-0xc7327fff 64bit]
[    0.477350] pci 0000:00:04.3: [8086:6f23] type 00 class 0x088000
[    0.477361] pci 0000:00:04.3: reg 0x10: [mem 0xc7320000-0xc7323fff 64bit]
[    0.477482] pci 0000:00:04.4: [8086:6f24] type 00 class 0x088000
[    0.477494] pci 0000:00:04.4: reg 0x10: [mem 0xc731c000-0xc731ffff 64bit]
[    0.477613] pci 0000:00:04.5: [8086:6f25] type 00 class 0x088000
[    0.477625] pci 0000:00:04.5: reg 0x10: [mem 0xc7318000-0xc731bfff 64bit]
[    0.477744] pci 0000:00:04.6: [8086:6f26] type 00 class 0x088000
[    0.477756] pci 0000:00:04.6: reg 0x10: [mem 0xc7314000-0xc7317fff 64bit]
[    0.478012] pci 0000:00:04.7: [8086:6f27] type 00 class 0x088000
[    0.478012] pci 0000:00:04.7: reg 0x10: [mem 0xc7310000-0xc7313fff 64bit]
[    0.478012] pci 0000:00:05.0: [8086:6f28] type 00 class 0x088000
[    0.478122] pci 0000:00:05.1: [8086:6f29] type 00 class 0x088000
[    0.478251] pci 0000:00:05.2: [8086:6f2a] type 00 class 0x088000
[    0.478369] pci 0000:00:05.4: [8086:6f2c] type 00 class 0x080020
[    0.478378] pci 0000:00:05.4: reg 0x10: [mem 0xc7339000-0xc7339fff]
[    0.478507] pci 0000:00:11.0: [8086:8d7c] type 00 class 0xff0000
[    0.478699] pci 0000:00:11.4: [8086:8d62] type 00 class 0x010601
[    0.478719] pci 0000:00:11.4: reg 0x10: [io  0x7110-0x7117]
[    0.478727] pci 0000:00:11.4: reg 0x14: [io  0x7100-0x7103]
[    0.478735] pci 0000:00:11.4: reg 0x18: [io  0x70f0-0x70f7]
[    0.478743] pci 0000:00:11.4: reg 0x1c: [io  0x70e0-0x70e3]
[    0.478751] pci 0000:00:11.4: reg 0x20: [io  0x7020-0x703f]
[    0.478760] pci 0000:00:11.4: reg 0x24: [mem 0xc7338000-0xc73387ff]
[    0.478801] pci 0000:00:11.4: PME# supported from D3hot
[    0.479011] pci 0000:00:14.0: [8086:8d31] type 00 class 0x0c0330
[    0.479011] pci 0000:00:14.0: reg 0x10: [mem 0xc7300000-0xc730ffff 64bit]
[    0.479011] pci 0000:00:14.0: PME# supported from D3hot D3cold
[    0.479066] pci 0000:00:16.0: [8086:8d3a] type 00 class 0x078000
[    0.479086] pci 0000:00:16.0: reg 0x10: [mem 0xc7337000-0xc733700f 64bit]
[    0.479146] pci 0000:00:16.0: PME# supported from D0 D3hot D3cold
[    0.479235] pci 0000:00:16.1: [8086:8d3b] type 00 class 0x078000
[    0.479255] pci 0000:00:16.1: reg 0x10: [mem 0xc7336000-0xc733600f 64bit]
[    0.479315] pci 0000:00:16.1: PME# supported from D0 D3hot D3cold
[    0.479422] pci 0000:00:1a.0: [8086:8d2d] type 00 class 0x0c0320
[    0.479443] pci 0000:00:1a.0: reg 0x10: [mem 0xc7334000-0xc73343ff]
[    0.479524] pci 0000:00:1a.0: PME# supported from D0 D3hot D3cold
[    0.479617] pci 0000:00:1c.0: [8086:8d10] type 01 class 0x060400
[    0.479687] pci 0000:00:1c.0: PME# supported from D0 D3hot D3cold
[    0.479782] pci 0000:00:1c.2: [8086:8d14] type 01 class 0x060400
[    0.479863] pci 0000:00:1c.2: PME# supported from D0 D3hot D3cold
[    0.480009] pci 0000:00:1c.3: [8086:8d16] type 01 class 0x060400
[    0.480029] pci 0000:00:1c.3: PME# supported from D0 D3hot D3cold
[    0.480127] pci 0000:00:1d.0: [8086:8d26] type 00 class 0x0c0320
[    0.480149] pci 0000:00:1d.0: reg 0x10: [mem 0xc7333000-0xc73333ff]
[    0.480231] pci 0000:00:1d.0: PME# supported from D0 D3hot D3cold
[    0.480326] pci 0000:00:1f.0: [8086:8d44] type 00 class 0x060100
[    0.480516] pci 0000:00:1f.2: [8086:8d02] type 00 class 0x010601
[    0.480532] pci 0000:00:1f.2: reg 0x10: [io  0x7070-0x7077]
[    0.480539] pci 0000:00:1f.2: reg 0x14: [io  0x7060-0x7063]
[    0.480547] pci 0000:00:1f.2: reg 0x18: [io  0x7050-0x7057]
[    0.480554] pci 0000:00:1f.2: reg 0x1c: [io  0x7040-0x7043]
[    0.480561] pci 0000:00:1f.2: reg 0x20: [io  0x7000-0x701f]
[    0.480568] pci 0000:00:1f.2: reg 0x24: [mem 0xc7332000-0xc73327ff]
[    0.480603] pci 0000:00:1f.2: PME# supported from D3hot
[    0.480687] pci 0000:00:1f.3: [8086:8d22] type 00 class 0x0c0500
[    0.480705] pci 0000:00:1f.3: reg 0x10: [mem 0xc7331000-0xc73310ff 64bit]
[    0.480724] pci 0000:00:1f.3: reg 0x20: [io  0x0580-0x059f]
[    0.481011] pci 0000:00:01.0: PCI bridge to [bus 01]
[    0.481030] pci 0000:00:03.0: PCI bridge to [bus 02]
[    0.481426] pci 0000:03:00.0: [1a03:1150] type 01 class 0x060400
[    0.481495] pci 0000:03:00.0: enabling Extended Tags
[    0.482075] pci 0000:03:00.0: supports D1 D2
[    0.482076] pci 0000:03:00.0: PME# supported from D0 D1 D2 D3hot D3cold
[    0.485020] pci 0000:00:1c.0: PCI bridge to [bus 03-04]
[    0.485380] pci 0000:00:1c.0:   bridge window [io  0x6000-0x6fff]
[    0.485383] pci 0000:00:1c.0:   bridge window [mem 0xc6000000-0xc70fffff]
[    0.485451] pci 0000:04:00.0: [1a03:2000] type 00 class 0x030000
[    0.485483] pci 0000:04:00.0: reg 0x10: [mem 0xc6000000-0xc6ffffff]
[    0.485497] pci 0000:04:00.0: reg 0x14: [mem 0xc7000000-0xc701ffff]
[    0.485512] pci 0000:04:00.0: reg 0x18: [io  0x6000-0x607f]
[    0.485617] pci 0000:04:00.0: supports D1 D2
[    0.485619] pci 0000:04:00.0: PME# supported from D0 D1 D2 D3hot D3cold
[    0.485709] pci 0000:03:00.0: PCI bridge to [bus 04]
[    0.486009] pci 0000:03:00.0:   bridge window [io  0x6000-0x6fff]
[    0.486014] pci 0000:03:00.0:   bridge window [mem 0xc6000000-0xc70fffff]
[    0.486084] pci 0000:05:00.0: [8086:1533] type 00 class 0x020000
[    0.486122] pci 0000:05:00.0: reg 0x10: [mem 0xc7200000-0xc727ffff]
[    0.486150] pci 0000:05:00.0: reg 0x18: [io  0x5000-0x501f]
[    0.486164] pci 0000:05:00.0: reg 0x1c: [mem 0xc7280000-0xc7283fff]
[    0.486301] pci 0000:05:00.0: PME# supported from D0 D3hot D3cold
[    0.489024] pci 0000:00:1c.2: PCI bridge to [bus 05]
[    0.489372] pci 0000:00:1c.2:   bridge window [io  0x5000-0x5fff]
[    0.489377] pci 0000:00:1c.2:   bridge window [mem 0xc7200000-0xc72fffff]
[    0.489471] pci 0000:06:00.0: [8086:1533] type 00 class 0x020000
[    0.489508] pci 0000:06:00.0: reg 0x10: [mem 0xc7100000-0xc717ffff]
[    0.489536] pci 0000:06:00.0: reg 0x18: [io  0x4000-0x401f]
[    0.489551] pci 0000:06:00.0: reg 0x1c: [mem 0xc7180000-0xc7183fff]
[    0.489688] pci 0000:06:00.0: PME# supported from D0 D3hot D3cold
[    0.493023] pci 0000:00:1c.3: PCI bridge to [bus 06]
[    0.493384] pci 0000:00:1c.3:   bridge window [io  0x4000-0x4fff]
[    0.493387] pci 0000:00:1c.3:   bridge window [mem 0xc7100000-0xc71fffff]
[    0.493414] pci_bus 0000:00: on NUMA node 0
[    0.494117] ACPI: PCI Root Bridge [PCI1] (domain 0000 [bus 80-fe])
[    0.494462] acpi PNP0A08:01: _OSC: OS supports [ExtendedConfig ASPM ClockPM Segments MSI]
[    0.495364] acpi PNP0A08:01: _OSC: platform does not support [AER]
[    0.496316] acpi PNP0A08:01: _OSC: OS now controls [PCIeHotplug PME PCIeCapability]
[    0.496928] acpi PNP0A08:01: FADT indicates ASPM is unsupported, using BIOS configuration
[    0.497056] PCI host bridge to bus 0000:80
[    0.497393] pci_bus 0000:80: root bus resource [io  0x8000-0xffff window]
[    0.498002] pci_bus 0000:80: root bus resource [mem 0xc8000000-0xfbffbfff window]
[    0.498614] pci_bus 0000:80: root bus resource [bus 80-fe]
[    0.499012] pci 0000:80:03.0: [8086:6f08] type 01 class 0x060400
[    0.499069] pci 0000:80:03.0: PME# supported from D0 D3hot D3cold
[    0.499141] pci 0000:80:03.3: [8086:6f0b] type 01 class 0x060400
[    0.499195] pci 0000:80:03.3: PME# supported from D0 D3hot D3cold
[    0.499260] pci 0000:80:04.0: [8086:6f20] type 00 class 0x088000
[    0.499273] pci 0000:80:04.0: reg 0x10: [mem 0xfbf1c000-0xfbf1ffff 64bit]
[    0.499371] pci 0000:80:04.1: [8086:6f21] type 00 class 0x088000
[    0.499384] pci 0000:80:04.1: reg 0x10: [mem 0xfbf18000-0xfbf1bfff 64bit]
[    0.499480] pci 0000:80:04.2: [8086:6f22] type 00 class 0x088000
[    0.499493] pci 0000:80:04.2: reg 0x10: [mem 0xfbf14000-0xfbf17fff 64bit]
[    0.500009] pci 0000:80:04.3: [8086:6f23] type 00 class 0x088000
[    0.500009] pci 0000:80:04.3: reg 0x10: [mem 0xfbf10000-0xfbf13fff 64bit]
[    0.500010] pci 0000:80:04.4: [8086:6f24] type 00 class 0x088000
[    0.500010] pci 0000:80:04.4: reg 0x10: [mem 0xfbf0c000-0xfbf0ffff 64bit]
[    0.500033] pci 0000:80:04.5: [8086:6f25] type 00 class 0x088000
[    0.500046] pci 0000:80:04.5: reg 0x10: [mem 0xfbf08000-0xfbf0bfff 64bit]
[    0.500140] pci 0000:80:04.6: [8086:6f26] type 00 class 0x088000
[    0.500152] pci 0000:80:04.6: reg 0x10: [mem 0xfbf04000-0xfbf07fff 64bit]
[    0.500247] pci 0000:80:04.7: [8086:6f27] type 00 class 0x088000
[    0.500260] pci 0000:80:04.7: reg 0x10: [mem 0xfbf00000-0xfbf03fff 64bit]
[    0.500355] pci 0000:80:05.0: [8086:6f28] type 00 class 0x088000
[    0.500444] pci 0000:80:05.1: [8086:6f29] type 00 class 0x088000
[    0.500548] pci 0000:80:05.2: [8086:6f2a] type 00 class 0x088000
[    0.500637] pci 0000:80:05.4: [8086:6f2c] type 00 class 0x080020
[    0.500647] pci 0000:80:05.4: reg 0x10: [mem 0xfbf20000-0xfbf20fff]
[    0.501009] pci 0000:80:03.0: PCI bridge to [bus 81]
[    0.501042] pci 0000:82:00.0: [8086:0953] type 00 class 0x010802
[    0.501058] pci 0000:82:00.0: reg 0x10: [mem 0xfbe10000-0xfbe13fff 64bit]
[    0.501080] pci 0000:82:00.0: reg 0x30: [mem 0xfbe00000-0xfbe0ffff pref]
[    0.501086] pci 0000:82:00.0: enabling Extended Tags
[    0.501512] pci 0000:80:03.3: PCI bridge to [bus 82]
[    0.501853] pci 0000:80:03.3:   bridge window [mem 0xfbe00000-0xfbefffff]
[    0.501866] pci_bus 0000:80: on NUMA node 1
[    0.502268] ACPI: PCI Interrupt Link [LNKA] (IRQs 3 4 5 6 7 10 *11 12 14 15)
[    0.502660] ACPI: PCI Interrupt Link [LNKB] (IRQs 3 4 5 6 7 *10 11 12 14 15)
[    0.503044] ACPI: PCI Interrupt Link [LNKC] (IRQs 3 4 *5 6 10 11 12 14 15)
[    0.503433] ACPI: PCI Interrupt Link [LNKD] (IRQs 3 4 5 6 10 *11 12 14 15)
[    0.503821] ACPI: PCI Interrupt Link [LNKE] (IRQs 3 4 5 6 7 10 11 12 14 15) *0, disabled.
[    0.504043] ACPI: PCI Interrupt Link [LNKF] (IRQs 3 4 5 6 7 10 11 12 14 15) *0, disabled.
[    0.505043] ACPI: PCI Interrupt Link [LNKG] (IRQs 3 4 5 6 7 10 11 12 14 15) *0, disabled.
[    0.505702] ACPI: PCI Interrupt Link [LNKH] (IRQs 3 4 5 6 7 10 11 12 14 15) *0, disabled.
[    0.514282] pci 0000:04:00.0: vgaarb: setting as boot VGA device
[    0.514372] pci 0000:04:00.0: vgaarb: VGA device added: decodes=io+mem,owns=io+mem,locks=none
[    0.515006] pci 0000:04:00.0: vgaarb: bridge control possible
[    0.515345] vgaarb: loaded
[    0.516127] SCSI subsystem initialized
[    0.516517] libata version 3.00 loaded.
[    0.516517] ACPI: bus type USB registered
[    0.517011] usbcore: registered new interface driver usbfs
[    0.517351] usbcore: registered new interface driver hub
[    0.518004] usbcore: registered new device driver usb
[    0.518022] pps_core: LinuxPPS API ver. 1 registered
[    0.518361] pps_core: Software ver. 5.3.6 - Copyright 2005-2007 Rodolfo Giometti <giometti@linux.it>
[    0.519004] PTP clock support registered
[    0.519405] EDAC MC: Ver: 3.0.0
[    0.520082] PCI: Using ACPI for IRQ routing
[    0.524933] PCI: pci_cache_line_size set to 64 bytes
[    0.525115] e820: reserve RAM buffer [mem 0x00099c00-0x0009ffff]
[    0.525118] e820: reserve RAM buffer [mem 0x78f36000-0x7bffffff]
[    0.525217] NetLabel: Initializing
[    0.525553] NetLabel:  domain hash size = 128
[    0.525889] NetLabel:  protocols = UNLABELED CIPSOv4 CALIPSO
[    0.526018] NetLabel:  unlabeled traffic allowed by default
[    0.526408] hpet0: at MMIO 0xfed00000, IRQs 2, 8, 0, 0, 0, 0, 0, 0
[    0.527010] hpet0: 8 comparators, 64-bit 14.318180 MHz counter
[    0.529071] clocksource: Switched to clocksource hpet
[    0.543257] VFS: Disk quotas dquot_6.6.0
[    0.543624] VFS: Dquot-cache hash table entries: 512 (order 0, 4096 bytes)
[    0.544051] pnp: PnP ACPI init
[    0.544692] pnp 00:00: Plug and Play ACPI device, IDs PNP0b00 (active)
[    0.544801] system 00:01: [io  0x0500-0x057f] has been reserved
[    0.545154] system 00:01: [io  0x0400-0x047f] has been reserved
[    0.545495] system 00:01: [io  0x0580-0x059f] has been reserved
[    0.545837] system 00:01: [io  0x0600-0x061f] has been reserved
[    0.546185] system 00:01: [io  0x0880-0x0883] has been reserved
[    0.546526] system 00:01: [io  0x0800-0x081f] has been reserved
[    0.546868] system 00:01: [mem 0xfed1c000-0xfed3ffff] has been reserved
[    0.547217] system 00:01: [mem 0xfed45000-0xfed8bfff] has been reserved
[    0.547560] system 00:01: [mem 0xff000000-0xffffffff] has been reserved
[    0.547902] system 00:01: [mem 0xfee00000-0xfeefffff] has been reserved
[    0.548250] system 00:01: [mem 0xfed12000-0xfed1200f] has been reserved
[    0.548593] system 00:01: [mem 0xfed12010-0xfed1201f] has been reserved
[    0.548936] system 00:01: [mem 0xfed1b000-0xfed1bfff] has been reserved
[    0.549289] system 00:01: Plug and Play ACPI device, IDs PNP0c02 (active)
[    0.549515] system 00:02: [io  0x0a00-0x0a0f] has been reserved
[    0.549857] system 00:02: [io  0x0a10-0x0a1f] has been reserved
[    0.550206] system 00:02: [io  0x0a20-0x0a2f] has been reserved
[    0.550546] system 00:02: [io  0x0a30-0x0a3f] has been reserved
[    0.550887] system 00:02: [io  0x0a40-0x0a4f] has been reserved
[    0.551238] system 00:02: Plug and Play ACPI device, IDs PNP0c02 (active)
[    0.551421] pnp 00:03: [dma 0 disabled]
[    0.551470] pnp 00:03: Plug and Play ACPI device, IDs PNP0501 (active)
[    0.551638] pnp 00:04: [dma 0 disabled]
[    0.551683] pnp 00:04: Plug and Play ACPI device, IDs PNP0501 (active)
[    0.552256] pnp: PnP ACPI: found 5 devices
[    0.558643] clocksource: acpi_pm: mask: 0xffffff max_cycles: 0xffffff, max_idle_ns: 2085701024 ns
[    0.559323] pci 0000:00:01.0: PCI bridge to [bus 01]
[    0.559667] pci 0000:00:03.0: PCI bridge to [bus 02]
[    0.560016] pci 0000:03:00.0: PCI bridge to [bus 04]
[    0.560358] pci 0000:03:00.0:   bridge window [io  0x6000-0x6fff]
[    0.560704] pci 0000:03:00.0:   bridge window [mem 0xc6000000-0xc70fffff]
[    0.561062] pci 0000:00:1c.0: PCI bridge to [bus 03-04]
[    0.561402] pci 0000:00:1c.0:   bridge window [io  0x6000-0x6fff]
[    0.561747] pci 0000:00:1c.0:   bridge window [mem 0xc6000000-0xc70fffff]
[    0.562101] pci 0000:00:1c.2: PCI bridge to [bus 05]
[    0.562440] pci 0000:00:1c.2:   bridge window [io  0x5000-0x5fff]
[    0.562784] pci 0000:00:1c.2:   bridge window [mem 0xc7200000-0xc72fffff]
[    0.563138] pci 0000:00:1c.3: PCI bridge to [bus 06]
[    0.563477] pci 0000:00:1c.3:   bridge window [io  0x4000-0x4fff]
[    0.563821] pci 0000:00:1c.3:   bridge window [mem 0xc7100000-0xc71fffff]
[    0.564176] pci_bus 0000:00: resource 4 [io  0x0000-0x0cf7 window]
[    0.564178] pci_bus 0000:00: resource 5 [io  0x1000-0x7fff window]
[    0.564179] pci_bus 0000:00: resource 6 [mem 0x000a0000-0x000bffff window]
[    0.564181] pci_bus 0000:00: resource 7 [mem 0xfedb0000-0xfedb000f window]
[    0.564183] pci_bus 0000:00: resource 8 [mem 0xfedc0000-0xfedc000f window]
[    0.564184] pci_bus 0000:00: resource 9 [mem 0x90000000-0xc7ffbfff window]
[    0.564186] pci_bus 0000:03: resource 0 [io  0x6000-0x6fff]
[    0.564188] pci_bus 0000:03: resource 1 [mem 0xc6000000-0xc70fffff]
[    0.564189] pci_bus 0000:04: resource 0 [io  0x6000-0x6fff]
[    0.564191] pci_bus 0000:04: resource 1 [mem 0xc6000000-0xc70fffff]
[    0.564192] pci_bus 0000:05: resource 0 [io  0x5000-0x5fff]
[    0.564194] pci_bus 0000:05: resource 1 [mem 0xc7200000-0xc72fffff]
[    0.564195] pci_bus 0000:06: resource 0 [io  0x4000-0x4fff]
[    0.564197] pci_bus 0000:06: resource 1 [mem 0xc7100000-0xc71fffff]
[    0.564321] pci 0000:80:03.0: PCI bridge to [bus 81]
[    0.564665] pci 0000:80:03.3: PCI bridge to [bus 82]
[    0.565008] pci 0000:80:03.3:   bridge window [mem 0xfbe00000-0xfbefffff]
[    0.565355] pci_bus 0000:80: resource 4 [io  0x8000-0xffff window]
[    0.565357] pci_bus 0000:80: resource 5 [mem 0xc8000000-0xfbffbfff window]
[    0.565359] pci_bus 0000:82: resource 1 [mem 0xfbe00000-0xfbefffff]
[    0.565481] NET: Registered protocol family 2
[    0.566118] TCP established hash table entries: 524288 (order: 10, 4194304 bytes)
[    0.567401] TCP bind hash table entries: 65536 (order: 8, 1048576 bytes)
[    0.567895] TCP: Hash tables configured (established 524288 bind 65536)
[    0.568351] UDP hash table entries: 32768 (order: 8, 1048576 bytes)
[    0.568874] UDP-Lite hash table entries: 32768 (order: 8, 1048576 bytes)
[    0.569507] NET: Registered protocol family 1
[    0.570039] RPC: Registered named UNIX socket transport module.
[    0.570380] RPC: Registered udp transport module.
[    0.570717] RPC: Registered tcp transport module.
[    0.571060] RPC: Registered tcp NFSv4.1 backchannel transport module.
[    0.571718] pci 0000:00:14.0: CONFIG_USB_XHCI_HCD is turned off, defaulting to EHCI.
[    0.572338] pci 0000:00:14.0: USB 3.0 devices will work at USB 2.0 speeds.
[    0.605161] pci 0000:04:00.0: Video device with shadowed ROM at [mem 0x000c0000-0x000dffff]
[    0.605804] PCI: CLS mismatch (64 != 32), using 64 bytes
[    0.605849] DMAR: Host address width 46
[    0.606192] DMAR: DRHD base: 0x000000fbffc000 flags: 0x0
[    0.606539] DMAR: dmar0: reg_base_addr fbffc000 ver 1:0 cap 8d2078c106f0466 ecap f020de
[    0.607157] DMAR: DRHD base: 0x000000c7ffc000 flags: 0x1
[    0.607499] DMAR: dmar1: reg_base_addr c7ffc000 ver 1:0 cap 8d2078c106f0466 ecap f020de
[    0.608116] DMAR: RMRR base: 0x0000007ba70000 end: 0x0000007ba7ffff
[    0.608457] DMAR: ATSR flags: 0x0
[    0.608791] DMAR: RHSA base: 0x000000c7ffc000 proximity domain: 0x0
[    0.609138] DMAR: RHSA base: 0x000000fbffc000 proximity domain: 0x1
[    0.609522] PCI-DMA: Using software bounce buffering for IO (SWIOTLB)
[    0.609865] software IO TLB [mem 0x74f36000-0x78f36000] (64MB) mapped at [00000000615dc76f-000000002e08d29c]
[    0.610878] RAPL PMU: API unit is 2^-32 Joules, 3 fixed counters, 655360 ms ovfl timer
[    0.611498] RAPL PMU: hw unit of domain pp0-core 2^-14 Joules
[    0.611838] RAPL PMU: hw unit of domain package 2^-14 Joules
[    0.612183] RAPL PMU: hw unit of domain dram 2^-16 Joules
[    0.618946] Scanning for low memory corruption every 60 seconds
[    0.624361] Initialise system trusted keyrings
[    0.624750] workingset: timestamp_bits=40 max_order=24 bucket_order=0
[    0.626950] NFS: Registering the id_resolver key type
[    0.627304] Key type id_resolver registered
[    0.627639] Key type id_legacy registered
[    0.628011] SGI XFS with ACLs, security attributes, realtime, no debug enabled
[    0.632766] NET: Registered protocol family 38
[    0.633179] async_tx: api initialized (async)
[    0.633517] Key type asymmetric registered
[    0.633852] Asymmetric key parser 'x509' registered
[    0.634209] Block layer SCSI generic (bsg) driver version 0.4 loaded (major 249)
[    0.634821] io scheduler noop registered
[    0.635165] io scheduler deadline registered
[    0.635556] io scheduler cfq registered (default)
[    0.635895] io scheduler mq-deadline registered
[    0.636240] io scheduler kyber registered
[    0.636602] io scheduler bfq registered
[    0.638561] pcieport 0000:00:01.0: Signaling PME with IRQ 25
[    0.638924] pcieport 0000:00:03.0: Signaling PME with IRQ 27
[    0.639294] pcieport 0000:00:1c.0: Signaling PME with IRQ 28
[    0.639651] pcieport 0000:00:1c.2: Signaling PME with IRQ 29
[    0.640013] pcieport 0000:00:1c.3: Signaling PME with IRQ 30
[    0.640375] pcieport 0000:80:03.0: Signaling PME with IRQ 32
[    0.640736] pcieport 0000:80:03.3: Signaling PME with IRQ 33
[    0.641218] input: Power Button as /devices/LNXSYSTM:00/LNXSYBUS:00/PNP0C0C:00/input/input0
[    0.641832] ACPI: Power Button [PWRB]
[    0.642210] input: Power Button as /devices/LNXSYSTM:00/LNXPWRBN:00/input/input1
[    0.642822] ACPI: Power Button [PWRF]
[    0.643350] Monitor-Mwait will be used to enter C-1 state
[    0.643360] Monitor-Mwait will be used to enter C-2 state
[    0.650216] Serial: 8250/16550 driver, 4 ports, IRQ sharing enabled
[    0.671176] 00:03: ttyS0 at I/O 0x3f8 (irq = 4, base_baud = 115200) is a 16550A
[    0.692418] 00:04: ttyS1 at I/O 0x2f8 (irq = 3, base_baud = 115200) is a 16550A
[    0.693488] Non-volatile memory driver v1.3
[    0.693851] Linux agpgart interface v0.103
[    0.699676] loop: module loaded
[    0.700094] kworker/u65:2 (2404) used greatest stack depth: 14296 bytes left
[    0.700320] nvme nvme0: pci function 0000:82:00.0
[    0.700493] ahci 0000:00:11.4: version 3.0
[    0.700791] ahci 0000:00:11.4: AHCI 0001.0300 32 slots 4 ports 6 Gbps 0xf impl SATA mode
[    0.700797] ahci 0000:00:11.4: flags: 64bit ncq pm led clo pio slum part ems apst 
[    0.709483] scsi host0: ahci
[    0.709902] scsi host1: ahci
[    0.710366] scsi host2: ahci
[    0.710763] scsi host3: ahci
[    0.711137] ata1: SATA max UDMA/133 abar m2048@0xc7338000 port 0xc7338100 irq 36
[    0.711750] ata2: SATA max UDMA/133 abar m2048@0xc7338000 port 0xc7338180 irq 36
[    0.712371] ata3: SATA max UDMA/133 abar m2048@0xc7338000 port 0xc7338200 irq 36
[    0.712982] ata4: SATA max UDMA/133 abar m2048@0xc7338000 port 0xc7338280 irq 36
[    0.713801] ahci 0000:00:1f.2: AHCI 0001.0300 32 slots 6 ports 6 Gbps 0x3f impl SATA mode
[    0.714429] ahci 0000:00:1f.2: flags: 64bit ncq pm led clo pio slum part ems apst 
[    0.732659] scsi host4: ahci
[    0.733108] scsi host5: ahci
[    0.733540] scsi host6: ahci
[    0.733967] scsi host7: ahci
[    0.734387] scsi host8: ahci
[    0.734793] scsi host9: ahci
[    0.735165] ata5: SATA max UDMA/133 abar m2048@0xc7332000 port 0xc7332100 irq 37
[    0.735780] ata6: SATA max UDMA/133 abar m2048@0xc7332000 port 0xc7332180 irq 37
[    0.736402] ata7: SATA max UDMA/133 abar m2048@0xc7332000 port 0xc7332200 irq 37
[    0.737019] ata8: SATA max UDMA/133 abar m2048@0xc7332000 port 0xc7332280 irq 37
[    0.737632] ata9: SATA max UDMA/133 abar m2048@0xc7332000 port 0xc7332300 irq 37
[    0.738253] ata10: SATA max UDMA/133 abar m2048@0xc7332000 port 0xc7332380 irq 37
[    0.746742] e100: Intel(R) PRO/100 Network Driver, 3.5.24-k2-NAPI
[    0.747120] e100: Copyright(c) 1999-2006 Intel Corporation
[    0.747497] e1000: Intel(R) PRO/1000 Network Driver - version 7.3.21-k8-NAPI
[    0.747852] e1000: Copyright (c) 1999-2006 Intel Corporation.
[    0.748242] e1000e: Intel(R) PRO/1000 Network Driver - 3.2.6-k
[    0.748583] e1000e: Copyright(c) 1999 - 2015 Intel Corporation.
[    0.748969] igb: Intel(R) Gigabit Ethernet Network Driver - version 5.4.0-k
[    0.749322] igb: Copyright (c) 2007-2014 Intel Corporation.
[    0.815435]  nvme0n1: p1
[    0.982035] pps pps0: new PPS source ptp0
[    0.982378] igb 0000:05:00.0: added PHC on eth0
[    0.982719] igb 0000:05:00.0: Intel(R) Gigabit Ethernet Network Connection
[    0.983075] igb 0000:05:00.0: eth0: (PCIe:2.5Gb/s:Width x1) 0c:c4:7a:ca:23:f0
[    0.983463] igb 0000:05:00.0: eth0: PBA No: 013A00-000
[    0.983805] igb 0000:05:00.0: Using MSI-X interrupts. 4 rx queue(s), 4 tx queue(s)
[    1.020236] ata4: SATA link down (SStatus 0 SControl 300)
[    1.020597] ata1: SATA link down (SStatus 0 SControl 300)
[    1.020962] ata2: SATA link down (SStatus 0 SControl 300)
[    1.021333] ata3: SATA link down (SStatus 0 SControl 300)
[    1.052302] ata10: SATA link down (SStatus 0 SControl 300)
[    1.052662] ata9: SATA link down (SStatus 0 SControl 300)
[    1.053054] ata5: SATA link up 6.0 Gbps (SStatus 133 SControl 300)
[    1.053417] ata7: SATA link up 3.0 Gbps (SStatus 123 SControl 300)
[    1.053781] ata6: SATA link up 3.0 Gbps (SStatus 123 SControl 300)
[    1.054164] ata8: SATA link up 3.0 Gbps (SStatus 123 SControl 300)
[    1.054605] ata5.00: ATA-9: INTEL SSDSC2BB120G4, D2012370, max UDMA/133
[    1.054980] ata5.00: 234441648 sectors, multi 1: LBA48 NCQ (depth 31/32)
[    1.055634] ata5.00: configured for UDMA/133
[    1.056240] scsi 4:0:0:0: Direct-Access     ATA      INTEL SSDSC2BB12 2370 PQ: 0 ANSI: 5
[    1.057091] ata5.00: Enabling discard_zeroes_data
[    1.057143] sd 4:0:0:0: Attached scsi generic sg0 type 0
[    1.058066] sd 4:0:0:0: [sda] 234441648 512-byte logical blocks: (120 GB/112 GiB)
[    1.058685] sd 4:0:0:0: [sda] 4096-byte physical blocks
[    1.059084] sd 4:0:0:0: [sda] Write Protect is off
[    1.059427] sd 4:0:0:0: [sda] Mode Sense: 00 3a 00 00
[    1.059519] sd 4:0:0:0: [sda] Write cache: enabled, read cache: enabled, doesn't support DPO or FUA
[    1.060336] ata5.00: Enabling discard_zeroes_data
[    1.061162]  sda: sda1 sda2
[    1.061696] ata5.00: Enabling discard_zeroes_data
[    1.062115] sd 4:0:0:0: [sda] Attached SCSI disk
[    1.099086] ata7.00: ATA-7: MAXTOR STM3500630AS, 3.AAE, max UDMA/133
[    1.099452] ata7.00: 976773168 sectors, multi 16: LBA48 NCQ (depth 31/32)
[    1.101326] ata8.00: ATA-7: MAXTOR STM3500630AS, 3.AAE, max UDMA/133
[    1.101674] ata8.00: 976773168 sectors, multi 16: LBA48 NCQ (depth 31/32)
[    1.102334] ata6.00: ATA-7: MAXTOR STM3500630AS, 3.AAE, max UDMA/133
[    1.102698] ata6.00: 976773168 sectors, multi 16: LBA48 NCQ (depth 31/32)
[    1.157388] ata7.00: configured for UDMA/133
[    1.159644] ata8.00: configured for UDMA/133
[    1.160678] ata6.00: configured for UDMA/133
[    1.161299] scsi 5:0:0:0: Direct-Access     ATA      MAXTOR STM350063 E    PQ: 0 ANSI: 5
[    1.162235] sd 5:0:0:0: Attached scsi generic sg1 type 0
[    1.162304] sd 5:0:0:0: [sdb] 976773168 512-byte logical blocks: (500 GB/466 GiB)
[    1.162338] sd 5:0:0:0: [sdb] Write Protect is off
[    1.162340] sd 5:0:0:0: [sdb] Mode Sense: 00 3a 00 00
[    1.162391] sd 5:0:0:0: [sdb] Write cache: enabled, read cache: enabled, doesn't support DPO or FUA
[    1.164499] scsi 6:0:0:0: Direct-Access     ATA      MAXTOR STM350063 E    PQ: 0 ANSI: 5
[    1.165368] sd 6:0:0:0: Attached scsi generic sg2 type 0
[    1.165493] sd 6:0:0:0: [sdc] 976773168 512-byte logical blocks: (500 GB/466 GiB)
[    1.165523] sd 6:0:0:0: [sdc] Write Protect is off
[    1.165526] sd 6:0:0:0: [sdc] Mode Sense: 00 3a 00 00
[    1.165581] sd 6:0:0:0: [sdc] Write cache: enabled, read cache: enabled, doesn't support DPO or FUA
[    1.167659] scsi 7:0:0:0: Direct-Access     ATA      MAXTOR STM350063 E    PQ: 0 ANSI: 5
[    1.168581] sd 7:0:0:0: Attached scsi generic sg3 type 0
[    1.168712] sd 7:0:0:0: [sdd] 976773168 512-byte logical blocks: (500 GB/466 GiB)
[    1.168737] sd 7:0:0:0: [sdd] Write Protect is off
[    1.168739] sd 7:0:0:0: [sdd] Mode Sense: 00 3a 00 00
[    1.168791] sd 7:0:0:0: [sdd] Write cache: enabled, read cache: enabled, doesn't support DPO or FUA
[    1.199315]  sdd: sdd1
[    1.200149] sd 7:0:0:0: [sdd] Attached SCSI disk
[    1.200291]  sdb: sdb1
[    1.200756] sd 5:0:0:0: [sdb] Attached SCSI disk
[    1.213705]  sdc: sdc1
[    1.214895] sd 6:0:0:0: [sdc] Attached SCSI disk
[    1.219987] pps pps1: new PPS source ptp1
[    1.220345] igb 0000:06:00.0: added PHC on eth1
[    1.220690] igb 0000:06:00.0: Intel(R) Gigabit Ethernet Network Connection
[    1.221049] igb 0000:06:00.0: eth1: (PCIe:2.5Gb/s:Width x1) 0c:c4:7a:ca:23:f1
[    1.221444] igb 0000:06:00.0: eth1: PBA No: 011000-000
[    1.221790] igb 0000:06:00.0: Using MSI-X interrupts. 4 rx queue(s), 4 tx queue(s)
[    1.222489] igbvf: Intel(R) Gigabit Virtual Function Network Driver - version 2.4.0-k
[    1.223133] igbvf: Copyright (c) 2009 - 2012 Intel Corporation.
[    1.223641] ehci_hcd: USB 2.0 'Enhanced' Host Controller (EHCI) Driver
[    1.223991] ehci-pci: EHCI PCI platform driver
[    1.224556] ehci-pci 0000:00:1a.0: EHCI Host Controller
[    1.224979] ehci-pci 0000:00:1a.0: new USB bus registered, assigned bus number 1
[    1.225627] ehci-pci 0000:00:1a.0: debug port 2
[    1.229874] ehci-pci 0000:00:1a.0: cache line size of 64 is not supported
[    1.229888] ehci-pci 0000:00:1a.0: irq 18, io mem 0xc7334000
[    1.237061] ehci-pci 0000:00:1a.0: USB 2.0 started, EHCI 1.00
[    1.237440] usb usb1: New USB device found, idVendor=1d6b, idProduct=0002
[    1.237790] usb usb1: New USB device strings: Mfr=3, Product=2, SerialNumber=1
[    1.238423] usb usb1: Product: EHCI Host Controller
[    1.238768] usb usb1: Manufacturer: Linux 4.15.3 ehci_hcd
[    1.239124] usb usb1: SerialNumber: 0000:00:1a.0
[    1.239597] hub 1-0:1.0: USB hub found
[    1.239945] hub 1-0:1.0: 2 ports detected
[    1.240581] ehci-pci 0000:00:1d.0: EHCI Host Controller
[    1.241029] ehci-pci 0000:00:1d.0: new USB bus registered, assigned bus number 2
[    1.241663] ehci-pci 0000:00:1d.0: debug port 2
[    1.245927] ehci-pci 0000:00:1d.0: cache line size of 64 is not supported
[    1.245932] ehci-pci 0000:00:1d.0: irq 18, io mem 0xc7333000
[    1.253021] ehci-pci 0000:00:1d.0: USB 2.0 started, EHCI 1.00
[    1.253407] usb usb2: New USB device found, idVendor=1d6b, idProduct=0002
[    1.253761] usb usb2: New USB device strings: Mfr=3, Product=2, SerialNumber=1
[    1.254389] usb usb2: Product: EHCI Host Controller
[    1.254733] usb usb2: Manufacturer: Linux 4.15.3 ehci_hcd
[    1.255083] usb usb2: SerialNumber: 0000:00:1d.0
[    1.255532] hub 2-0:1.0: USB hub found
[    1.255880] hub 2-0:1.0: 2 ports detected
[    1.256398] ohci_hcd: USB 1.1 'Open' Host Controller (OHCI) Driver
[    1.256752] ohci-pci: OHCI PCI platform driver
[    1.257132] uhci_hcd: USB Universal Host Controller Interface driver
[    1.257521] usbcore: registered new interface driver usblp
[    1.257885] usbcore: registered new interface driver usb-storage
[    1.258265] i8042: PNP: No PS/2 controller found.
[    1.258757] rtc_cmos 00:00: RTC can wake from S4
[    1.259235] rtc_cmos 00:00: rtc core: registered rtc_cmos as rtc0
[    1.259611] rtc_cmos 00:00: alarms up to one month, y3k, 114 bytes nvram, hpet irqs
[    1.260421] i801_smbus 0000:00:1f.3: SMBus using PCI interrupt
[    1.262698] device-mapper: ioctl: 4.37.0-ioctl (2017-09-20) initialised: dm-devel@redhat.com
[    1.263564] device-mapper: multipath round-robin: version 1.2.0 loaded
[    1.263912] device-mapper: multipath queue-length: version 0.2.0 loaded
[    1.264272] device-mapper: multipath service-time: version 0.3.0 loaded
[    1.264632] device-mapper: raid: Loading target version 1.13.0
[    1.265018] intel_pstate: Intel P-state driver initializing
[    1.268776] hidraw: raw HID events driver (C) Jiri Kosina
[    1.269387] usbcore: registered new interface driver usbhid
[    1.269789] usbhid: USB HID core driver
[    1.270398] Netfilter messages via NETLINK v0.30.
[    1.271012] nf_conntrack version 0.5.0 (65536 buckets, 262144 max)
[    1.271473] ctnetlink v0.93: registering with nfnetlink.
[    1.271885] ip_tables: (C) 2000-2006 Netfilter Core Team
[    1.273252] Initializing XFRM netlink socket
[    1.273707] NET: Registered protocol family 10
[    1.274458] Segment Routing with IPv6
[    1.274850] ip6_tables: (C) 2000-2006 Netfilter Core Team
[    1.276285] sit: IPv6, IPv4 and MPLS over IPv4 tunneling driver
[    1.276775] NET: Registered protocol family 17
[    1.277149] Key type dns_resolver registered
[    1.280123] microcode: sig=0x406f1, pf=0x1, revision=0xb00001d
[    1.280877] microcode: Microcode Update Driver: v2.2.
[    1.280886] AVX2 version of gcm_enc/dec engaged.
[    1.281615] AES CTR mode by8 optimization enabled
[    1.283041] sched_clock: Marking stable (1283036669, 0)->(1561991024, -278954355)
[    1.284158] registered taskstats version 1
[    1.284499] Loading compiled-in X.509 certificates
[    1.285086] Btrfs loaded, crc32c=crc32c-intel, ref-verify=on
[    1.285459] BTRFS: selftest: sectorsize: 4096  nodesize: 4096
[    1.285802] BTRFS: selftest: Running btrfs free space cache tests
[    1.286174] BTRFS: selftest: Running extent only tests
[    1.286520] BTRFS: selftest: Running bitmap only tests
[    1.286867] BTRFS: selftest: Running bitmap and extent tests
[    1.287222] BTRFS: selftest: Running space stealing from bitmap to extent
[    1.287832] BTRFS: selftest: Free space cache tests finished
[    1.288207] BTRFS: selftest: Running extent buffer operation tests
[    1.288587] BTRFS: selftest: Running btrfs_split_item tests
[    1.288946] BTRFS: selftest: Running extent I/O tests
[    1.289379] BTRFS: selftest: Running find delalloc tests
[    1.334084] BTRFS: selftest: Running extent buffer bitmap tests
[    1.352253] BTRFS: selftest: Extent I/O tests finished
[    1.352625] BTRFS: selftest: Running btrfs_get_extent tests
[    1.353008] BTRFS: selftest: Running hole first btrfs_get_extent test
[    1.353395] BTRFS: selftest: Running outstanding_extents tests
[    1.361937] BTRFS: selftest: Running qgroup tests
[    1.362299] BTRFS: selftest: Qgroup basic add
[    1.362681] BTRFS: selftest: Qgroup multiple refs test
[    1.363099] BTRFS: selftest: Running free space tree tests
[    1.379689] BTRFS: selftest: sectorsize: 4096  nodesize: 8192
[    1.380048] BTRFS: selftest: Running btrfs free space cache tests
[    1.380429] BTRFS: selftest: Running extent only tests
[    1.380767] BTRFS: selftest: Running bitmap only tests
[    1.381149] BTRFS: selftest: Running bitmap and extent tests
[    1.381526] BTRFS: selftest: Running space stealing from bitmap to extent
[    1.382121] BTRFS: selftest: Free space cache tests finished
[    1.382492] BTRFS: selftest: Running extent buffer operation tests
[    1.382831] BTRFS: selftest: Running btrfs_split_item tests
[    1.383202] BTRFS: selftest: Running extent I/O tests
[    1.383572] BTRFS: selftest: Running find delalloc tests
[    1.426971] BTRFS: selftest: Running extent buffer bitmap tests
[    1.445212] BTRFS: selftest: Extent I/O tests finished
[    1.445583] BTRFS: selftest: Running btrfs_get_extent tests
[    1.445952] BTRFS: selftest: Running hole first btrfs_get_extent test
[    1.446359] BTRFS: selftest: Running outstanding_extents tests
[    1.446710] BTRFS: selftest: Running qgroup tests
[    1.447086] BTRFS: selftest: Qgroup basic add
[    1.447462] BTRFS: selftest: Qgroup multiple refs test
[    1.447824] BTRFS: selftest: Running free space tree tests
[    1.464297] BTRFS: selftest: sectorsize: 4096  nodesize: 16384
[    1.464651] BTRFS: selftest: Running btrfs free space cache tests
[    1.464992] BTRFS: selftest: Running extent only tests
[    1.465333] BTRFS: selftest: Running bitmap only tests
[    1.465671] BTRFS: selftest: Running bitmap and extent tests
[    1.466016] BTRFS: selftest: Running space stealing from bitmap to extent
[    1.466578] BTRFS: selftest: Free space cache tests finished
[    1.466915] BTRFS: selftest: Running extent buffer operation tests
[    1.467276] BTRFS: selftest: Running btrfs_split_item tests
[    1.467637] BTRFS: selftest: Running extent I/O tests
[    1.467973] BTRFS: selftest: Running find delalloc tests
[    1.507750] BTRFS: selftest: Running extent buffer bitmap tests
[    1.524702] BTRFS: selftest: Extent I/O tests finished
[    1.525060] BTRFS: selftest: Running btrfs_get_extent tests
[    1.525496] BTRFS: selftest: Running hole first btrfs_get_extent test
[    1.525859] BTRFS: selftest: Running outstanding_extents tests
[    1.526215] BTRFS: selftest: Running qgroup tests
[    1.526550] BTRFS: selftest: Qgroup basic add
[    1.526891] BTRFS: selftest: Qgroup multiple refs test
[    1.527276] BTRFS: selftest: Running free space tree tests
[    1.542613] BTRFS: selftest: sectorsize: 4096  nodesize: 32768
[    1.542951] BTRFS: selftest: Running btrfs free space cache tests
[    1.543296] BTRFS: selftest: Running extent only tests
[    1.543634] BTRFS: selftest: Running bitmap only tests
[    1.543973] BTRFS: selftest: Running bitmap and extent tests
[    1.544318] BTRFS: selftest: Running space stealing from bitmap to extent
[    1.544877] BTRFS: selftest: Free space cache tests finished
[    1.545237] BTRFS: selftest: Running extent buffer operation tests
[    1.545591] BTRFS: selftest: Running btrfs_split_item tests
[    1.545937] BTRFS: selftest: Running extent I/O tests
[    1.546277] BTRFS: selftest: Running find delalloc tests
[    1.562052] usb 1-1: new high-speed USB device number 2 using ehci-pci
[    1.577056] usb 2-1: new high-speed USB device number 2 using ehci-pci
[    1.586073] BTRFS: selftest: Running extent buffer bitmap tests
[    1.602734] BTRFS: selftest: Extent I/O tests finished
[    1.603074] BTRFS: selftest: Running btrfs_get_extent tests
[    1.603442] BTRFS: selftest: Running hole first btrfs_get_extent test
[    1.603790] BTRFS: selftest: Running outstanding_extents tests
[    1.604147] BTRFS: selftest: Running qgroup tests
[    1.604482] BTRFS: selftest: Qgroup basic add
[    1.604824] BTRFS: selftest: Qgroup multiple refs test
[    1.605210] BTRFS: selftest: Running free space tree tests
[    1.620817] BTRFS: selftest: sectorsize: 4096  nodesize: 65536
[    1.621178] BTRFS: selftest: Running btrfs free space cache tests
[    1.621535] BTRFS: selftest: Running extent only tests
[    1.621873] BTRFS: selftest: Running bitmap only tests
[    1.622215] BTRFS: selftest: Running bitmap and extent tests
[    1.622556] BTRFS: selftest: Running space stealing from bitmap to extent
[    1.623124] BTRFS: selftest: Free space cache tests finished
[    1.623462] BTRFS: selftest: Running extent buffer operation tests
[    1.623800] BTRFS: selftest: Running btrfs_split_item tests
[    1.624203] BTRFS: selftest: Running extent I/O tests
[    1.624577] BTRFS: selftest: Running find delalloc tests
[    1.631025] tsc: Refined TSC clocksource calibration: 2099.998 MHz
[    1.631398] clocksource: tsc: mask: 0xffffffffffffffff max_cycles: 0x1e452ea631d, max_idle_ns: 440795244572 ns
[    1.663468] BTRFS: selftest: Running extent buffer bitmap tests
[    1.679685] BTRFS: selftest: Extent I/O tests finished
[    1.680025] BTRFS: selftest: Running btrfs_get_extent tests
[    1.680393] BTRFS: selftest: Running hole first btrfs_get_extent test
[    1.680741] BTRFS: selftest: Running outstanding_extents tests
[    1.681114] BTRFS: selftest: Running qgroup tests
[    1.681465] BTRFS: selftest: Qgroup basic add
[    1.681806] BTRFS: selftest: Qgroup multiple refs test
[    1.682173] BTRFS: selftest: Running free space tree tests
[    1.690422] usb 1-1: New USB device found, idVendor=8087, idProduct=800a
[    1.690782] usb 1-1: New USB device strings: Mfr=0, Product=0, SerialNumber=0
[    1.691318] hub 1-1:1.0: USB hub found
[    1.691796] hub 1-1:1.0: 6 ports detected
[    1.698432] console [netcon0] enabled
[    1.698766] netconsole: network logging started
[    1.699335] md: Waiting for all devices to be available before autodetect
[    1.699725] md: If you don't use raid, use raid=noautodetect
[    1.700192] md: Autodetecting RAID arrays.
[    1.705422] usb 2-1: New USB device found, idVendor=8087, idProduct=8002
[    1.705780] usb 2-1: New USB device strings: Mfr=0, Product=0, SerialNumber=0
[    1.706332] hub 2-1:1.0: USB hub found
[    1.706825] hub 2-1:1.0: 8 ports detected
[    1.765051] md: autorun ...
[    1.765429] md: running: <sdc1><sdb1><sdd1>
[    1.765884] md0: detected capacity change from 0 to 1500318793728
[    1.766237] md: ... autorun DONE.
[    1.766823] EXT4-fs (sda2): couldn't mount as ext3 due to feature incompatibilities
[    1.769980] EXT4-fs (sda2): mounted filesystem with ordered data mode. Opts: (null)
[    1.770649] VFS: Mounted root (ext4 filesystem) readonly on device 8:2.
[    1.771653] devtmpfs: mounted
[    1.773512] Freeing unused kernel memory: 1200K
[    1.773851] Write protecting the kernel read-only data: 20480k
[    1.775127] Freeing unused kernel memory: 1980K
[    1.776726] Freeing unused kernel memory: 584K
[    1.823526] kbd_mode (2772) used greatest stack depth: 13872 bytes left
[    1.828564] loadkeys (2774) used greatest stack depth: 13728 bytes left
[    1.829091] init-early.sh (2770) used greatest stack depth: 13376 bytes left
[    1.983069] usb 2-1.8: new high-speed USB device number 3 using ehci-pci
[    2.061424] usb 2-1.8: New USB device found, idVendor=0557, idProduct=7000
[    2.061808] usb 2-1.8: New USB device strings: Mfr=0, Product=0, SerialNumber=0
[    2.062821] hub 2-1.8:1.0: USB hub found
[    2.063465] hub 2-1.8:1.0: 4 ports detected
[    2.355048] usb 2-1.8.1: new low-speed USB device number 4 using ehci-pci
[    2.366195] udevd[3153]: starting version 3.2.5
[    2.374606] udevd[3154]: starting eudev-3.2.5
[    2.462071] usb 2-1.8.1: New USB device found, idVendor=0557, idProduct=2419
[    2.462074] usb 2-1.8.1: New USB device strings: Mfr=0, Product=0, SerialNumber=0
[    2.462979] input: HID 0557:2419 as /devices/pci0000:00/0000:00:1d.0/usb2/2-1/2-1.8/2-1.8.1/2-1.8.1:1.0/0003:0557:2419.0001/input/input2
[    2.485009] igb 0000:06:00.0 eno2: renamed from eth1
[    2.496136] igb 0000:05:00.0 eno1: renamed from eth0
[    2.498580] random: crng init done
[    2.515257] hid-generic 0003:0557:2419.0001: input,hidraw0: USB HID v1.00 Keyboard [HID 0557:2419] on usb-0000:00:1d.0-1.8.1/input0
[    2.515981] input: HID 0557:2419 as /devices/pci0000:00/0000:00:1d.0/usb2/2-1/2-1.8/2-1.8.1/2-1.8.1:1.1/0003:0557:2419.0002/input/input3
[    2.516125] hid-generic 0003:0557:2419.0002: input,hidraw1: USB HID v1.00 Mouse [HID 0557:2419] on usb-0000:00:1d.0-1.8.1/input1
[    2.559389] power_meter ACPI000D:00: Found ACPI power meter.
[    2.559546] power_meter ACPI000D:00: Ignoring unsafe software power cap!
[    2.559550] power_meter ACPI000D:00: hwmon_device_register() is deprecated. Please convert the driver to use hwmon_device_register_with_info().
[    2.639232] clocksource: Switched to clocksource tsc
[    3.160880] EXT4-fs (sda2): re-mounted. Opts: (null)
[    3.297835] XFS (nvme0n1p1): Mounting V5 Filesystem
[    3.310591] XFS (nvme0n1p1): Ending clean mount
[    3.320264] XFS (md0): Mounting V5 Filesystem
[    3.491956] XFS (md0): Ending clean mount
[    4.178722] ip (3958) used greatest stack depth: 13008 bytes left
[    4.478275] IPv6: ADDRCONF(NETDEV_UP): eno1: link is not ready
[    4.523400] IPv6: ADDRCONF(NETDEV_UP): eno2: link is not ready
[    8.341597] igb 0000:05:00.0 eno1: igb: eno1 NIC Link is Up 1000 Mbps Full Duplex, Flow Control: RX/TX
[    8.447290] IPv6: ADDRCONF(NETDEV_CHANGE): eno1: link becomes ready
[ 2135.017083] kworker/dying (4442) used greatest stack depth: 12608 bytes left
[10032.095174] kworker/dying (12507) used greatest stack depth: 12224 bytes left
