[    0.000000] Linux version 4.15.3 (root@bench2) (gcc version 7.3.0 (GCC)) #2 SMP Mon Feb 19 11:29:04 CET 2018
[    0.000000] Command line: BOOT_IMAGE=/vmlinuz-4.15.3 root=/dev/sda2 ro
[    0.000000] x86/fpu: Supporting XSAVE feature 0x001: 'x87 floating point registers'
[    0.000000] x86/fpu: Supporting XSAVE feature 0x002: 'SSE registers'
[    0.000000] x86/fpu: Supporting XSAVE feature 0x004: 'AVX registers'
[    0.000000] x86/fpu: xstate_offset[2]:  576, xstate_sizes[2]:  256
[    0.000000] x86/fpu: Enabled xstate features 0x7, context size is 832 bytes, using 'standard' format.
[    0.000000] e820: BIOS-provided physical RAM map:
[    0.000000] BIOS-e820: [mem 0x0000000000000000-0x0000000000099bff] usable
[    0.000000] BIOS-e820: [mem 0x0000000000099c00-0x000000000009ffff] reserved
[    0.000000] BIOS-e820: [mem 0x00000000000e0000-0x00000000000fffff] reserved
[    0.000000] BIOS-e820: [mem 0x0000000000100000-0x0000000078f35fff] usable
[    0.000000] BIOS-e820: [mem 0x0000000078f36000-0x0000000079838fff] reserved
[    0.000000] BIOS-e820: [mem 0x0000000079839000-0x0000000079d49fff] ACPI NVS
[    0.000000] BIOS-e820: [mem 0x0000000079d4a000-0x000000008fffffff] reserved
[    0.000000] BIOS-e820: [mem 0x00000000fed1c000-0x00000000fed44fff] reserved
[    0.000000] BIOS-e820: [mem 0x00000000ff000000-0x00000000ffffffff] reserved
[    0.000000] BIOS-e820: [mem 0x0000000100000000-0x000000107fffffff] usable
[    0.000000] NX (Execute Disable) protection: active
[    0.000000] random: fast init done
[    0.000000] SMBIOS 3.0 present.
[    0.000000] DMI: Supermicro Super Server/X10DRL-i, BIOS 2.0a 08/25/2016
[    0.000000] e820: update [mem 0x00000000-0x00000fff] usable ==> reserved
[    0.000000] e820: remove [mem 0x000a0000-0x000fffff] usable
[    0.000000] e820: last_pfn = 0x1080000 max_arch_pfn = 0x400000000
[    0.000000] MTRR default type: write-back
[    0.000000] MTRR fixed ranges enabled:
[    0.000000]   00000-9FFFF write-back
[    0.000000]   A0000-BFFFF uncachable
[    0.000000]   C0000-FFFFF write-protect
[    0.000000] MTRR variable ranges enabled:
[    0.000000]   0 base 000080000000 mask 3FFF80000000 uncachable
[    0.000000]   1 base 380000000000 mask 3F8000000000 uncachable
[    0.000000]   2 disabled
[    0.000000]   3 disabled
[    0.000000]   4 disabled
[    0.000000]   5 disabled
[    0.000000]   6 disabled
[    0.000000]   7 disabled
[    0.000000]   8 disabled
[    0.000000]   9 disabled
[    0.000000] x86/PAT: Configuration [0-7]: WB  WC  UC- UC  WB  WP  UC- WT  
[    0.000000] e820: last_pfn = 0x78f36 max_arch_pfn = 0x400000000
[    0.000000] Scanning 1 areas for low memory corruption
[    0.000000] Base memory trampoline at [        (ptrval)] 93000 size 24576
[    0.000000] Using GB pages for direct mapping
[    0.000000] BRK [0x1213e0000, 0x1213e0fff] PGTABLE
[    0.000000] BRK [0x1213e1000, 0x1213e1fff] PGTABLE
[    0.000000] BRK [0x1213e2000, 0x1213e2fff] PGTABLE
[    0.000000] BRK [0x1213e3000, 0x1213e3fff] PGTABLE
[    0.000000] BRK [0x1213e4000, 0x1213e4fff] PGTABLE
[    0.000000] BRK [0x1213e5000, 0x1213e5fff] PGTABLE
[    0.000000] ACPI: Early table checksum verification disabled
[    0.000000] ACPI: RSDP 0x00000000000F05B0 000024 (v02 SUPERM)
[    0.000000] ACPI: XSDT 0x00000000798990A8 0000D4 (v01                 01072009 AMI  00010013)
[    0.000000] ACPI: FACP 0x00000000798C9E70 00010C (v05 SUPERM SMCI--MB 01072009 AMI  00010013)
[    0.000000] ACPI: DSDT 0x0000000079899218 030C57 (v02 SUPERM SMCI--MB 01072009 INTL 20091013)
[    0.000000] ACPI: FACS 0x0000000079D48F80 000040
[    0.000000] ACPI: APIC 0x00000000798C9F80 000224 (v03 SUPERM SMCI--MB 01072009 AMI  00010013)
[    0.000000] ACPI: FPDT 0x00000000798CA1A8 000044 (v01 SUPERM SMCI--MB 01072009 AMI  00010013)
[    0.000000] ACPI: FIDT 0x00000000798CA1F0 00009C (v01 SUPERM SMCI--MB 01072009 AMI  00010013)
[    0.000000] ACPI: SPMI 0x00000000798CA290 000040 (v05 SUPERM SMCI--MB 00000000 AMI. 00000000)
[    0.000000] ACPI: MCFG 0x00000000798CA2D0 00003C (v01 SUPERM SMCI--MB 01072009 MSFT 00000097)
[    0.000000] ACPI: UEFI 0x00000000798CA310 000042 (v01 SUPERM SMCI--MB 01072009      00000000)
[    0.000000] ACPI: HPET 0x00000000798CA358 000038 (v01 SUPERM SMCI--MB 00000001 INTL 20091013)
[    0.000000] ACPI: MSCT 0x00000000798CA390 000090 (v01 SUPERM SMCI--MB 00000001 INTL 20091013)
[    0.000000] ACPI: SLIT 0x00000000798CA420 000030 (v01 SUPERM SMCI--MB 00000001 INTL 20091013)
[    0.000000] ACPI: SRAT 0x00000000798CA450 001158 (v03 SUPERM SMCI--MB 00000001 INTL 20091013)
[    0.000000] ACPI: WDDT 0x00000000798CB5A8 000040 (v01 SUPERM SMCI--MB 00000000 INTL 20091013)
[    0.000000] ACPI: SSDT 0x00000000798CB5E8 016FB3 (v02 SUPERM PmMgt    00000001 INTL 20120913)
[    0.000000] ACPI: NITR 0x00000000798E25A0 000071 (v02 SUPERM SMCI--MB 00000001 INTL 20091013)
[    0.000000] ACPI: SSDT 0x00000000798E2618 00264C (v02 SUPERM SpsNm    00000002 INTL 20120913)
[    0.000000] ACPI: SSDT 0x00000000798E4C68 000064 (v02 SUPERM SpsNvs   00000002 INTL 20120913)
[    0.000000] ACPI: PRAD 0x00000000798E4CD0 000102 (v02 SUPERM SMCI--MB 00000002 INTL 20120913)
[    0.000000] ACPI: DMAR 0x00000000798E4DD8 000140 (v01 SUPERM SMCI--MB 00000001 INTL 20091013)
[    0.000000] ACPI: HEST 0x00000000798E4F18 00027C (v01 SUPERM SMCI--MB 00000001 INTL 00000001)
[    0.000000] ACPI: BERT 0x00000000798E5198 000030 (v01 SUPERM SMCI--MB 00000001 INTL 00000001)
[    0.000000] ACPI: ERST 0x00000000798E51C8 000230 (v01 SUPERM SMCI--MB 00000001 INTL 00000001)
[    0.000000] ACPI: EINJ 0x00000000798E53F8 000130 (v01 SUPERM SMCI--MB 00000001 INTL 00000001)
[    0.000000] ACPI: Local APIC address 0xfee00000
[    0.000000] SRAT: PXM 0 -> APIC 0x00 -> Node 0
[    0.000000] SRAT: PXM 0 -> APIC 0x02 -> Node 0
[    0.000000] SRAT: PXM 0 -> APIC 0x04 -> Node 0
[    0.000000] SRAT: PXM 0 -> APIC 0x06 -> Node 0
[    0.000000] SRAT: PXM 0 -> APIC 0x08 -> Node 0
[    0.000000] SRAT: PXM 0 -> APIC 0x0a -> Node 0
[    0.000000] SRAT: PXM 0 -> APIC 0x0c -> Node 0
[    0.000000] SRAT: PXM 0 -> APIC 0x0e -> Node 0
[    0.000000] SRAT: PXM 1 -> APIC 0x10 -> Node 1
[    0.000000] SRAT: PXM 1 -> APIC 0x12 -> Node 1
[    0.000000] SRAT: PXM 1 -> APIC 0x14 -> Node 1
[    0.000000] SRAT: PXM 1 -> APIC 0x16 -> Node 1
[    0.000000] SRAT: PXM 1 -> APIC 0x18 -> Node 1
[    0.000000] SRAT: PXM 1 -> APIC 0x1a -> Node 1
[    0.000000] SRAT: PXM 1 -> APIC 0x1c -> Node 1
[    0.000000] SRAT: PXM 1 -> APIC 0x1e -> Node 1
[    0.000000] SRAT: PXM 0 -> APIC 0x01 -> Node 0
[    0.000000] SRAT: PXM 0 -> APIC 0x03 -> Node 0
[    0.000000] SRAT: PXM 0 -> APIC 0x05 -> Node 0
[    0.000000] SRAT: PXM 0 -> APIC 0x07 -> Node 0
[    0.000000] SRAT: PXM 0 -> APIC 0x09 -> Node 0
[    0.000000] SRAT: PXM 0 -> APIC 0x0b -> Node 0
[    0.000000] SRAT: PXM 0 -> APIC 0x0d -> Node 0
[    0.000000] SRAT: PXM 0 -> APIC 0x0f -> Node 0
[    0.000000] SRAT: PXM 1 -> APIC 0x11 -> Node 1
[    0.000000] SRAT: PXM 1 -> APIC 0x13 -> Node 1
[    0.000000] SRAT: PXM 1 -> APIC 0x15 -> Node 1
[    0.000000] SRAT: PXM 1 -> APIC 0x17 -> Node 1
[    0.000000] SRAT: PXM 1 -> APIC 0x19 -> Node 1
[    0.000000] SRAT: PXM 1 -> APIC 0x1b -> Node 1
[    0.000000] SRAT: PXM 1 -> APIC 0x1d -> Node 1
[    0.000000] SRAT: PXM 1 -> APIC 0x1f -> Node 1
[    0.000000] ACPI: SRAT: Node 0 PXM 0 [mem 0x00000000-0x7fffffff]
[    0.000000] ACPI: SRAT: Node 0 PXM 0 [mem 0x100000000-0x87fffffff]
[    0.000000] ACPI: SRAT: Node 1 PXM 1 [mem 0x880000000-0x107fffffff]
[    0.000000] NUMA: Initialized distance table, cnt=2
[    0.000000] NUMA: Node 0 [mem 0x00000000-0x7fffffff] + [mem 0x100000000-0x87fffffff] -> [mem 0x00000000-0x87fffffff]
[    0.000000] NODE_DATA(0) allocated [mem 0x87fffc000-0x87fffffff]
[    0.000000] NODE_DATA(1) allocated [mem 0x107fffb000-0x107fffefff]
[    0.000000] tsc: Fast TSC calibration using PIT
[    0.000000] Zone ranges:
[    0.000000]   DMA      [mem 0x0000000000001000-0x0000000000ffffff]
[    0.000000]   DMA32    [mem 0x0000000001000000-0x00000000ffffffff]
[    0.000000]   Normal   [mem 0x0000000100000000-0x000000107fffffff]
[    0.000000] Movable zone start for each node
[    0.000000] Early memory node ranges
[    0.000000]   node   0: [mem 0x0000000000001000-0x0000000000098fff]
[    0.000000]   node   0: [mem 0x0000000000100000-0x0000000078f35fff]
[    0.000000]   node   0: [mem 0x0000000100000000-0x000000087fffffff]
[    0.000000]   node   1: [mem 0x0000000880000000-0x000000107fffffff]
[    0.000000] Initmem setup node 0 [mem 0x0000000000001000-0x000000087fffffff]
[    0.000000] On node 0 totalpages: 8359630
[    0.000000]   DMA zone: 64 pages used for memmap
[    0.000000]   DMA zone: 21 pages reserved
[    0.000000]   DMA zone: 3992 pages, LIFO batch:0
[    0.000000]   DMA32 zone: 7677 pages used for memmap
[    0.000000]   DMA32 zone: 491318 pages, LIFO batch:31
[    0.000000]   Normal zone: 122880 pages used for memmap
[    0.000000]   Normal zone: 7864320 pages, LIFO batch:31
[    0.000000] Initmem setup node 1 [mem 0x0000000880000000-0x000000107fffffff]
[    0.000000] On node 1 totalpages: 8388608
[    0.000000]   Normal zone: 131072 pages used for memmap
[    0.000000]   Normal zone: 8388608 pages, LIFO batch:31
[    0.000000] Reserved but unavailable: 104 pages
[    0.000000] ACPI: PM-Timer IO Port: 0x408
[    0.000000] ACPI: Local APIC address 0xfee00000
[    0.000000] ACPI: LAPIC_NMI (acpi_id[0x00] high edge lint[0x1])
[    0.000000] ACPI: LAPIC_NMI (acpi_id[0x02] high edge lint[0x1])
[    0.000000] ACPI: LAPIC_NMI (acpi_id[0x04] high edge lint[0x1])
[    0.000000] ACPI: LAPIC_NMI (acpi_id[0x06] high edge lint[0x1])
[    0.000000] ACPI: LAPIC_NMI (acpi_id[0x08] high edge lint[0x1])
[    0.000000] ACPI: LAPIC_NMI (acpi_id[0x0a] high edge lint[0x1])
[    0.000000] ACPI: LAPIC_NMI (acpi_id[0x0c] high edge lint[0x1])
[    0.000000] ACPI: LAPIC_NMI (acpi_id[0x0e] high edge lint[0x1])
[    0.000000] ACPI: LAPIC_NMI (acpi_id[0x10] high edge lint[0x1])
[    0.000000] ACPI: LAPIC_NMI (acpi_id[0x12] high edge lint[0x1])
[    0.000000] ACPI: LAPIC_NMI (acpi_id[0x14] high edge lint[0x1])
[    0.000000] ACPI: LAPIC_NMI (acpi_id[0x16] high edge lint[0x1])
[    0.000000] ACPI: LAPIC_NMI (acpi_id[0x18] high edge lint[0x1])
[    0.000000] ACPI: LAPIC_NMI (acpi_id[0x1a] high edge lint[0x1])
[    0.000000] ACPI: LAPIC_NMI (acpi_id[0x1c] high edge lint[0x1])
[    0.000000] ACPI: LAPIC_NMI (acpi_id[0x1e] high edge lint[0x1])
[    0.000000] ACPI: LAPIC_NMI (acpi_id[0x01] high edge lint[0x1])
[    0.000000] ACPI: LAPIC_NMI (acpi_id[0x03] high edge lint[0x1])
[    0.000000] ACPI: LAPIC_NMI (acpi_id[0x05] high edge lint[0x1])
[    0.000000] ACPI: LAPIC_NMI (acpi_id[0x07] high edge lint[0x1])
[    0.000000] ACPI: LAPIC_NMI (acpi_id[0x09] high edge lint[0x1])
[    0.000000] ACPI: LAPIC_NMI (acpi_id[0x0b] high edge lint[0x1])
[    0.000000] ACPI: LAPIC_NMI (acpi_id[0x0d] high edge lint[0x1])
[    0.000000] ACPI: LAPIC_NMI (acpi_id[0x0f] high edge lint[0x1])
[    0.000000] ACPI: LAPIC_NMI (acpi_id[0x11] high edge lint[0x1])
[    0.000000] ACPI: LAPIC_NMI (acpi_id[0x13] high edge lint[0x1])
[    0.000000] ACPI: LAPIC_NMI (acpi_id[0x15] high edge lint[0x1])
[    0.000000] ACPI: LAPIC_NMI (acpi_id[0x17] high edge lint[0x1])
[    0.000000] ACPI: LAPIC_NMI (acpi_id[0x19] high edge lint[0x1])
[    0.000000] ACPI: LAPIC_NMI (acpi_id[0x1b] high edge lint[0x1])
[    0.000000] ACPI: LAPIC_NMI (acpi_id[0x1d] high edge lint[0x1])
[    0.000000] ACPI: LAPIC_NMI (acpi_id[0x1f] high edge lint[0x1])
[    0.000000] IOAPIC[0]: apic_id 1, version 32, address 0xfec00000, GSI 0-23
[    0.000000] IOAPIC[1]: apic_id 2, version 32, address 0xfec01000, GSI 24-47
[    0.000000] IOAPIC[2]: apic_id 3, version 32, address 0xfec40000, GSI 48-71
[    0.000000] ACPI: INT_SRC_OVR (bus 0 bus_irq 0 global_irq 2 dfl dfl)
[    0.000000] ACPI: INT_SRC_OVR (bus 0 bus_irq 9 global_irq 9 high level)
[    0.000000] ACPI: IRQ0 used by override.
[    0.000000] ACPI: IRQ9 used by override.
[    0.000000] Using ACPI (MADT) for SMP configuration information
[    0.000000] ACPI: HPET id: 0x8086a701 base: 0xfed00000
[    0.000000] [Firmware Bug]: TSC_DEADLINE disabled due to Errata; please update microcode to version: 0xb000020 (or later)
[    0.000000] smpboot: Allowing 32 CPUs, 0 hotplug CPUs
[    0.000000] e820: [mem 0x90000000-0xfed1bfff] available for PCI devices
[    0.000000] clocksource: refined-jiffies: mask: 0xffffffff max_cycles: 0xffffffff, max_idle_ns: 1910969940391419 ns
[    0.000000] setup_percpu: NR_CPUS:64 nr_cpumask_bits:64 nr_cpu_ids:32 nr_node_ids:2
[    0.000000] percpu: Embedded 43 pages/cpu @        (ptrval) s137304 r8192 d30632 u262144
[    0.000000] pcpu-alloc: s137304 r8192 d30632 u262144 alloc=1*2097152
[    0.000000] pcpu-alloc: [0] 00 01 02 03 04 05 06 07 [0] 16 17 18 19 20 21 22 23 
[    0.000000] pcpu-alloc: [1] 08 09 10 11 12 13 14 15 [1] 24 25 26 27 28 29 30 31 
[    0.000000] Built 2 zonelists, mobility grouping on.  Total pages: 16486524
[    0.000000] Policy zone: Normal
[    0.000000] Kernel command line: BOOT_IMAGE=/vmlinuz-4.15.3 root=/dev/sda2 ro
[    0.000000] Memory: 65844124K/66992952K available (14364K kernel code, 1522K rwdata, 3512K rodata, 1192K init, 636K bss, 1148828K reserved, 0K cma-reserved)
[    0.000000] SLUB: HWalign=64, Order=0-3, MinObjects=0, CPUs=32, Nodes=2
[    0.000000] Kernel/User page tables isolation: enabled
[    0.000000] Hierarchical RCU implementation.
[    0.000000] 	RCU event tracing is enabled.
[    0.000000] 	RCU restricting CPUs from NR_CPUS=64 to nr_cpu_ids=32.
[    0.000000] RCU: Adjusting geometry for rcu_fanout_leaf=16, nr_cpu_ids=32
[    0.000000] NR_IRQS: 4352, nr_irqs: 1496, preallocated irqs: 16
[    0.000000] Console: colour VGA+ 80x25
[    0.000000] console [tty0] enabled
[    0.000000] ACPI: Core revision 20170831
[    0.000000] ACPI: 4 ACPI AML tables successfully acquired and loaded
[    0.000000] clocksource: hpet: mask: 0xffffffff max_cycles: 0xffffffff, max_idle_ns: 133484882848 ns
[    0.000000] hpet clockevent registered
[    0.000000] APIC: Switch to symmetric I/O mode setup
[    0.000000] Switched APIC routing to physical flat.
[    0.000000] ..TIMER: vector=0x30 apic1=0 pin1=2 apic2=-1 pin2=-1
[    0.005000] tsc: Fast TSC calibration using PIT
[    0.006000] tsc: Detected 2099.995 MHz processor
[    0.006000] Calibrating delay loop (skipped), value calculated using timer frequency.. 4199.99 BogoMIPS (lpj=2099995)
[    0.007001] pid_max: default: 32768 minimum: 301
[    0.007185] Security Framework initialized
[    0.020227] Dentry cache hash table entries: 8388608 (order: 14, 67108864 bytes)
[    0.026880] Inode-cache hash table entries: 4194304 (order: 13, 33554432 bytes)
[    0.027225] Mount-cache hash table entries: 131072 (order: 8, 1048576 bytes)
[    0.027561] Mountpoint-cache hash table entries: 131072 (order: 8, 1048576 bytes)
[    0.028084] CPU: Physical Processor ID: 0
[    0.028211] CPU: Processor Core ID: 0
[    0.028343] mce: CPU supports 22 MCE banks
[    0.028483] CPU0: Thermal monitoring enabled (TM1)
[    0.028654] process: using mwait in idle threads
[    0.028785] Last level iTLB entries: 4KB 64, 2MB 8, 4MB 8
[    0.028915] Last level dTLB entries: 4KB 64, 2MB 0, 4MB 0, 1GB 4
[    0.029001] Spectre V2 : kernel not compiled with retpoline; no mitigation available!
[    0.029622] Freeing SMP alternatives memory: 48K
[    0.031000] smpboot: CPU0: Intel(R) Xeon(R) CPU E5-2620 v4 @ 2.10GHz (family: 0x6, model: 0x4f, stepping: 0x1)
[    0.031000] Performance Events: PEBS fmt2+, Broadwell events, 16-deep LBR, full-width counters, Intel PMU driver.
[    0.031004] ... version:                3
[    0.031342] ... bit width:              48
[    0.032001] ... generic registers:      4
[    0.032339] ... value mask:             0000ffffffffffff
[    0.032679] ... max period:             00007fffffffffff
[    0.033000] ... fixed-purpose events:   3
[    0.033338] ... event mask:             000000070000000f
[    0.033730] Hierarchical SRCU implementation.
[    0.034432] smp: Bringing up secondary CPUs ...
[    0.034845] x86: Booting SMP configuration:
[    0.035001] .... node  #0, CPUs:        #1  #2  #3  #4  #5  #6  #7
[    0.043003] .... node  #1, CPUs:    #8  #9 #10 #11 #12 #13 #14 #15
[    0.113001] .... node  #0, CPUs:   #16 #17 #18 #19 #20 #21 #22 #23
[    0.122457] .... node  #1, CPUs:   #24 #25 #26 #27 #28 #29 #30 #31
[    0.131455] smp: Brought up 2 nodes, 32 CPUs
[    0.132002] smpboot: Max logical packages: 2
[    0.132342] smpboot: Total of 32 processors activated (134389.82 BogoMIPS)
[    0.135141] devtmpfs: initialized
[    0.135484] clocksource: jiffies: mask: 0xffffffff max_cycles: 0xffffffff, max_idle_ns: 1911260446275000 ns
[    0.135484] kworker/u65:0 (172) used greatest stack depth: 14304 bytes left
[    0.136377] futex hash table entries: 8192 (order: 7, 524288 bytes)
[    0.137228] xor: automatically using best checksumming function   avx       
[    0.139144] NET: Registered protocol family 16
[    0.139553] audit: initializing netlink subsys (disabled)
[    0.139899] audit: type=2000 audit(1519036243.139:1): state=initialized audit_enabled=0 res=1
[    0.140525] cpuidle: using governor menu
[    0.140525] ACPI FADT declares the system doesn't support PCIe ASPM, so disable it
[    0.141002] ACPI: bus type PCI registered
[    0.142026] PCI: MMCONFIG for domain 0000 [bus 00-ff] at [mem 0x80000000-0x8fffffff] (base 0x80000000)
[    0.142026] PCI: MMCONFIG at [mem 0x80000000-0x8fffffff] reserved in E820
[    0.142357] PCI: Using configuration type 1 for base access
[    0.147031] HugeTLB registered 2.00 MiB page size, pre-allocated 0 pages
[    0.163466] raid6: sse2x1   gen()  7550 MB/s
[    0.180461] raid6: sse2x1   xor()  5201 MB/s
[    0.197465] raid6: sse2x2   gen()  8851 MB/s
[    0.214462] raid6: sse2x2   xor()  5691 MB/s
[    0.231462] raid6: sse2x4   gen() 10625 MB/s
[    0.248464] raid6: sse2x4   xor()  6677 MB/s
[    0.265464] raid6: avx2x1   gen() 14902 MB/s
[    0.282463] raid6: avx2x1   xor()  9902 MB/s
[    0.299464] raid6: avx2x2   gen() 17136 MB/s
[    0.316462] raid6: avx2x2   xor() 10400 MB/s
[    0.333462] raid6: avx2x4   gen() 20183 MB/s
[    0.350462] raid6: avx2x4   xor() 12949 MB/s
[    0.350800] raid6: using algorithm avx2x4 gen() 20183 MB/s
[    0.351001] raid6: .... xor() 12949 MB/s, rmw enabled
[    0.351341] raid6: using avx2x2 recovery algorithm
[    0.352142] ACPI: Added _OSI(Module Device)
[    0.352481] ACPI: Added _OSI(Processor Device)
[    0.353004] ACPI: Added _OSI(3.0 _SCP Extensions)
[    0.353343] ACPI: Added _OSI(Processor Aggregator Device)
[    0.364395] ACPI: [Firmware Bug]: BIOS _OSI(Linux) query ignored
[    0.374107] ACPI: Dynamic OEM Table Load:
[    0.395668] ACPI: Interpreter enabled
[    0.396005] ACPI: (supports S0 S5)
[    0.396342] ACPI: Using IOAPIC for interrupt routing
[    0.397000] PCI: Using host bridge windows from ACPI; if necessary, use "pci=nocrs" and report a bug
[    0.398489] ACPI: GPE 0x24 active on init
[    0.399000] ACPI: Enabled 5 GPEs in block 00 to 3F
[    0.431009] ACPI: PCI Root Bridge [UNC1] (domain 0000 [bus ff])
[    0.431009] acpi PNP0A03:02: _OSC: OS supports [ExtendedConfig ASPM ClockPM Segments MSI]
[    0.433552] acpi PNP0A03:02: _OSC: platform does not support [AER]
[    0.434616] acpi PNP0A03:02: _OSC: OS now controls [PCIeHotplug PME PCIeCapability]
[    0.436001] acpi PNP0A03:02: FADT indicates ASPM is unsupported, using BIOS configuration
[    0.436650] PCI host bridge to bus 0000:ff
[    0.437002] pci_bus 0000:ff: root bus resource [bus ff]
[    0.437351] pci 0000:ff:08.0: [8086:6f80] type 00 class 0x088000
[    0.437404] pci 0000:ff:08.2: [8086:6f32] type 00 class 0x110100
[    0.437449] pci 0000:ff:08.3: [8086:6f83] type 00 class 0x088000
[    0.437504] pci 0000:ff:09.0: [8086:6f90] type 00 class 0x088000
[    0.437547] pci 0000:ff:09.2: [8086:6f33] type 00 class 0x110100
[    0.437589] pci 0000:ff:09.3: [8086:6f93] type 00 class 0x088000
[    0.437641] pci 0000:ff:0b.0: [8086:6f81] type 00 class 0x088000
[    0.437680] pci 0000:ff:0b.1: [8086:6f36] type 00 class 0x110100
[    0.437718] pci 0000:ff:0b.2: [8086:6f37] type 00 class 0x110100
[    0.437755] pci 0000:ff:0b.3: [8086:6f76] type 00 class 0x088000
[    0.437755] pci 0000:ff:0c.0: [8086:6fe0] type 00 class 0x088000
[    0.437755] pci 0000:ff:0c.1: [8086:6fe1] type 00 class 0x088000
[    0.437755] pci 0000:ff:0c.2: [8086:6fe2] type 00 class 0x088000
[    0.437755] pci 0000:ff:0c.3: [8086:6fe3] type 00 class 0x088000
[    0.438009] pci 0000:ff:0c.4: [8086:6fe4] type 00 class 0x088000
[    0.438009] pci 0000:ff:0c.5: [8086:6fe5] type 00 class 0x088000
[    0.438010] pci 0000:ff:0c.6: [8086:6fe6] type 00 class 0x088000
[    0.438010] pci 0000:ff:0c.7: [8086:6fe7] type 00 class 0x088000
[    0.438010] pci 0000:ff:0f.0: [8086:6ff8] type 00 class 0x088000
[    0.438010] pci 0000:ff:0f.1: [8086:6ff9] type 00 class 0x088000
[    0.438010] pci 0000:ff:0f.4: [8086:6ffc] type 00 class 0x088000
[    0.438010] pci 0000:ff:0f.5: [8086:6ffd] type 00 class 0x088000
[    0.438010] pci 0000:ff:0f.6: [8086:6ffe] type 00 class 0x088000
[    0.438010] pci 0000:ff:10.0: [8086:6f1d] type 00 class 0x088000
[    0.438010] pci 0000:ff:10.1: [8086:6f34] type 00 class 0x110100
[    0.438010] pci 0000:ff:10.5: [8086:6f1e] type 00 class 0x088000
[    0.438010] pci 0000:ff:10.6: [8086:6f7d] type 00 class 0x110100
[    0.438010] pci 0000:ff:10.7: [8086:6f1f] type 00 class 0x088000
[    0.438010] pci 0000:ff:12.0: [8086:6fa0] type 00 class 0x088000
[    0.438010] pci 0000:ff:12.1: [8086:6f30] type 00 class 0x110100
[    0.438015] pci 0000:ff:13.0: [8086:6fa8] type 00 class 0x088000
[    0.438015] pci 0000:ff:13.1: [8086:6f71] type 00 class 0x088000
[    0.438015] pci 0000:ff:13.2: [8086:6faa] type 00 class 0x088000
[    0.438015] pci 0000:ff:13.3: [8086:6fab] type 00 class 0x088000
[    0.438038] pci 0000:ff:13.4: [8086:6fac] type 00 class 0x088000
[    0.438089] pci 0000:ff:13.5: [8086:6fad] type 00 class 0x088000
[    0.438140] pci 0000:ff:13.6: [8086:6fae] type 00 class 0x088000
[    0.439010] pci 0000:ff:13.7: [8086:6faf] type 00 class 0x088000
[    0.439010] pci 0000:ff:14.0: [8086:6fb0] type 00 class 0x088000
[    0.439010] pci 0000:ff:14.1: [8086:6fb1] type 00 class 0x088000
[    0.439010] pci 0000:ff:14.2: [8086:6fb2] type 00 class 0x088000
[    0.439010] pci 0000:ff:14.3: [8086:6fb3] type 00 class 0x088000
[    0.439010] pci 0000:ff:14.4: [8086:6fbc] type 00 class 0x088000
[    0.439010] pci 0000:ff:14.5: [8086:6fbd] type 00 class 0x088000
[    0.439010] pci 0000:ff:14.6: [8086:6fbe] type 00 class 0x088000
[    0.439010] pci 0000:ff:14.7: [8086:6fbf] type 00 class 0x088000
[    0.439010] pci 0000:ff:15.0: [8086:6fb4] type 00 class 0x088000
[    0.439011] pci 0000:ff:15.1: [8086:6fb5] type 00 class 0x088000
[    0.439011] pci 0000:ff:15.2: [8086:6fb6] type 00 class 0x088000
[    0.439011] pci 0000:ff:15.3: [8086:6fb7] type 00 class 0x088000
[    0.439011] pci 0000:ff:16.0: [8086:6f68] type 00 class 0x088000
[    0.439011] pci 0000:ff:16.6: [8086:6f6e] type 00 class 0x088000
[    0.439011] pci 0000:ff:16.7: [8086:6f6f] type 00 class 0x088000
[    0.439011] pci 0000:ff:17.0: [8086:6fd0] type 00 class 0x088000
[    0.439011] pci 0000:ff:17.4: [8086:6fb8] type 00 class 0x088000
[    0.439026] pci 0000:ff:17.5: [8086:6fb9] type 00 class 0x088000
[    0.439066] pci 0000:ff:17.6: [8086:6fba] type 00 class 0x088000
[    0.439106] pci 0000:ff:17.7: [8086:6fbb] type 00 class 0x088000
[    0.439153] pci 0000:ff:1e.0: [8086:6f98] type 00 class 0x088000
[    0.440009] pci 0000:ff:1e.1: [8086:6f99] type 00 class 0x088000
[    0.440009] pci 0000:ff:1e.2: [8086:6f9a] type 00 class 0x088000
[    0.440009] pci 0000:ff:1e.3: [8086:6fc0] type 00 class 0x088000
[    0.440010] pci 0000:ff:1e.4: [8086:6f9c] type 00 class 0x088000
[    0.440010] pci 0000:ff:1f.0: [8086:6f88] type 00 class 0x088000
[    0.440010] pci 0000:ff:1f.2: [8086:6f8a] type 00 class 0x088000
[    0.440010] ACPI: PCI Root Bridge [UNC0] (domain 0000 [bus 7f])
[    0.440010] acpi PNP0A03:03: _OSC: OS supports [ExtendedConfig ASPM ClockPM Segments MSI]
[    0.441436] acpi PNP0A03:03: _OSC: platform does not support [AER]
[    0.442725] acpi PNP0A03:03: _OSC: OS now controls [PCIeHotplug PME PCIeCapability]
[    0.443001] acpi PNP0A03:03: FADT indicates ASPM is unsupported, using BIOS configuration
[    0.444028] PCI host bridge to bus 0000:7f
[    0.444367] pci_bus 0000:7f: root bus resource [bus 7f]
[    0.444715] pci 0000:7f:08.0: [8086:6f80] type 00 class 0x088000
[    0.444756] pci 0000:7f:08.2: [8086:6f32] type 00 class 0x110100
[    0.444795] pci 0000:7f:08.3: [8086:6f83] type 00 class 0x088000
[    0.444795] pci 0000:7f:09.0: [8086:6f90] type 00 class 0x088000
[    0.444795] pci 0000:7f:09.2: [8086:6f33] type 00 class 0x110100
[    0.444795] pci 0000:7f:09.3: [8086:6f93] type 00 class 0x088000
[    0.444795] pci 0000:7f:0b.0: [8086:6f81] type 00 class 0x088000
[    0.445011] pci 0000:7f:0b.1: [8086:6f36] type 00 class 0x110100
[    0.445012] pci 0000:7f:0b.2: [8086:6f37] type 00 class 0x110100
[    0.445012] pci 0000:7f:0b.3: [8086:6f76] type 00 class 0x088000
[    0.445012] pci 0000:7f:0c.0: [8086:6fe0] type 00 class 0x088000
[    0.445013] pci 0000:7f:0c.1: [8086:6fe1] type 00 class 0x088000
[    0.445013] pci 0000:7f:0c.2: [8086:6fe2] type 00 class 0x088000
[    0.445013] pci 0000:7f:0c.3: [8086:6fe3] type 00 class 0x088000
[    0.445013] pci 0000:7f:0c.4: [8086:6fe4] type 00 class 0x088000
[    0.445013] pci 0000:7f:0c.5: [8086:6fe5] type 00 class 0x088000
[    0.445013] pci 0000:7f:0c.6: [8086:6fe6] type 00 class 0x088000
[    0.445013] pci 0000:7f:0c.7: [8086:6fe7] type 00 class 0x088000
[    0.445013] pci 0000:7f:0f.0: [8086:6ff8] type 00 class 0x088000
[    0.445013] pci 0000:7f:0f.1: [8086:6ff9] type 00 class 0x088000
[    0.445015] pci 0000:7f:0f.4: [8086:6ffc] type 00 class 0x088000
[    0.445015] pci 0000:7f:0f.5: [8086:6ffd] type 00 class 0x088000
[    0.445015] pci 0000:7f:0f.6: [8086:6ffe] type 00 class 0x088000
[    0.445015] pci 0000:7f:10.0: [8086:6f1d] type 00 class 0x088000
[    0.445015] pci 0000:7f:10.1: [8086:6f34] type 00 class 0x110100
[    0.445015] pci 0000:7f:10.5: [8086:6f1e] type 00 class 0x088000
[    0.445015] pci 0000:7f:10.6: [8086:6f7d] type 00 class 0x110100
[    0.445015] pci 0000:7f:10.7: [8086:6f1f] type 00 class 0x088000
[    0.445015] pci 0000:7f:12.0: [8086:6fa0] type 00 class 0x088000
[    0.445015] pci 0000:7f:12.1: [8086:6f30] type 00 class 0x110100
[    0.445015] pci 0000:7f:13.0: [8086:6fa8] type 00 class 0x088000
[    0.445052] pci 0000:7f:13.1: [8086:6f71] type 00 class 0x088000
[    0.445119] pci 0000:7f:13.2: [8086:6faa] type 00 class 0x088000
[    0.445192] pci 0000:7f:13.3: [8086:6fab] type 00 class 0x088000
[    0.446010] pci 0000:7f:13.4: [8086:6fac] type 00 class 0x088000
[    0.446010] pci 0000:7f:13.5: [8086:6fad] type 00 class 0x088000
[    0.446010] pci 0000:7f:13.6: [8086:6fae] type 00 class 0x088000
[    0.446010] pci 0000:7f:13.7: [8086:6faf] type 00 class 0x088000
[    0.446010] pci 0000:7f:14.0: [8086:6fb0] type 00 class 0x088000
[    0.446010] pci 0000:7f:14.1: [8086:6fb1] type 00 class 0x088000
[    0.446010] pci 0000:7f:14.2: [8086:6fb2] type 00 class 0x088000
[    0.446011] pci 0000:7f:14.3: [8086:6fb3] type 00 class 0x088000
[    0.446011] pci 0000:7f:14.4: [8086:6fbc] type 00 class 0x088000
[    0.446011] pci 0000:7f:14.5: [8086:6fbd] type 00 class 0x088000
[    0.446011] pci 0000:7f:14.6: [8086:6fbe] type 00 class 0x088000
[    0.446011] pci 0000:7f:14.7: [8086:6fbf] type 00 class 0x088000
[    0.446011] pci 0000:7f:15.0: [8086:6fb4] type 00 class 0x088000
[    0.446011] pci 0000:7f:15.1: [8086:6fb5] type 00 class 0x088000
[    0.446015] pci 0000:7f:15.2: [8086:6fb6] type 00 class 0x088000
[    0.446015] pci 0000:7f:15.3: [8086:6fb7] type 00 class 0x088000
[    0.446015] pci 0000:7f:16.0: [8086:6f68] type 00 class 0x088000
[    0.446019] pci 0000:7f:16.6: [8086:6f6e] type 00 class 0x088000
[    0.446056] pci 0000:7f:16.7: [8086:6f6f] type 00 class 0x088000
[    0.446093] pci 0000:7f:17.0: [8086:6fd0] type 00 class 0x088000
[    0.446135] pci 0000:7f:17.4: [8086:6fb8] type 00 class 0x088000
[    0.447010] pci 0000:7f:17.5: [8086:6fb9] type 00 class 0x088000
[    0.447010] pci 0000:7f:17.6: [8086:6fba] type 00 class 0x088000
[    0.447010] pci 0000:7f:17.7: [8086:6fbb] type 00 class 0x088000
[    0.447010] pci 0000:7f:1e.0: [8086:6f98] type 00 class 0x088000
[    0.447010] pci 0000:7f:1e.1: [8086:6f99] type 00 class 0x088000
[    0.447010] pci 0000:7f:1e.2: [8086:6f9a] type 00 class 0x088000
[    0.447010] pci 0000:7f:1e.3: [8086:6fc0] type 00 class 0x088000
[    0.447010] pci 0000:7f:1e.4: [8086:6f9c] type 00 class 0x088000
[    0.447010] pci 0000:7f:1f.0: [8086:6f88] type 00 class 0x088000
[    0.447010] pci 0000:7f:1f.2: [8086:6f8a] type 00 class 0x088000
[    0.454639] ACPI: PCI Root Bridge [PCI0] (domain 0000 [bus 00-7e])
[    0.454985] acpi PNP0A08:00: _OSC: OS supports [ExtendedConfig ASPM ClockPM Segments MSI]
[    0.456333] acpi PNP0A08:00: _OSC: platform does not support [AER]
[    0.457495] acpi PNP0A08:00: _OSC: OS now controls [PCIeHotplug PME PCIeCapability]
[    0.458001] acpi PNP0A08:00: FADT indicates ASPM is unsupported, using BIOS configuration
[    0.458038] PCI host bridge to bus 0000:00
[    0.458376] pci_bus 0000:00: root bus resource [io  0x0000-0x0cf7 window]
[    0.458722] pci_bus 0000:00: root bus resource [io  0x1000-0x7fff window]
[    0.459001] pci_bus 0000:00: root bus resource [mem 0x000a0000-0x000bffff window]
[    0.459617] pci_bus 0000:00: root bus resource [mem 0xfedb0000-0xfedb000f window]
[    0.461001] pci_bus 0000:00: root bus resource [mem 0xfedc0000-0xfedc000f window]
[    0.461616] pci_bus 0000:00: root bus resource [mem 0x90000000-0xc7ffbfff window]
[    0.462001] pci_bus 0000:00: root bus resource [bus 00-7e]
[    0.462349] pci 0000:00:00.0: [8086:6f00] type 00 class 0x060000
[    0.462349] pci 0000:00:01.0: [8086:6f02] type 01 class 0x060400
[    0.462349] pci 0000:00:01.0: PME# supported from D0 D3hot D3cold
[    0.462349] pci 0000:00:03.0: [8086:6f08] type 01 class 0x060400
[    0.462349] pci 0000:00:03.0: PME# supported from D0 D3hot D3cold
[    0.463009] pci 0000:00:04.0: [8086:6f20] type 00 class 0x088000
[    0.463009] pci 0000:00:04.0: reg 0x10: [mem 0xc732c000-0xc732ffff 64bit]
[    0.463012] pci 0000:00:04.1: [8086:6f21] type 00 class 0x088000
[    0.463012] pci 0000:00:04.1: reg 0x10: [mem 0xc7328000-0xc732bfff 64bit]
[    0.463012] pci 0000:00:04.2: [8086:6f22] type 00 class 0x088000
[    0.463012] pci 0000:00:04.2: reg 0x10: [mem 0xc7324000-0xc7327fff 64bit]
[    0.463015] pci 0000:00:04.3: [8086:6f23] type 00 class 0x088000
[    0.463015] pci 0000:00:04.3: reg 0x10: [mem 0xc7320000-0xc7323fff 64bit]
[    0.463015] pci 0000:00:04.4: [8086:6f24] type 00 class 0x088000
[    0.463015] pci 0000:00:04.4: reg 0x10: [mem 0xc731c000-0xc731ffff 64bit]
[    0.463015] pci 0000:00:04.5: [8086:6f25] type 00 class 0x088000
[    0.463015] pci 0000:00:04.5: reg 0x10: [mem 0xc7318000-0xc731bfff 64bit]
[    0.463023] pci 0000:00:04.6: [8086:6f26] type 00 class 0x088000
[    0.463033] pci 0000:00:04.6: reg 0x10: [mem 0xc7314000-0xc7317fff 64bit]
[    0.463145] pci 0000:00:04.7: [8086:6f27] type 00 class 0x088000
[    0.463156] pci 0000:00:04.7: reg 0x10: [mem 0xc7310000-0xc7313fff 64bit]
[    0.464011] pci 0000:00:05.0: [8086:6f28] type 00 class 0x088000
[    0.464011] pci 0000:00:05.1: [8086:6f29] type 00 class 0x088000
[    0.464012] pci 0000:00:05.2: [8086:6f2a] type 00 class 0x088000
[    0.464012] pci 0000:00:05.4: [8086:6f2c] type 00 class 0x080020
[    0.464012] pci 0000:00:05.4: reg 0x10: [mem 0xc7339000-0xc7339fff]
[    0.464012] pci 0000:00:11.0: [8086:8d7c] type 00 class 0xff0000
[    0.464012] pci 0000:00:11.4: [8086:8d62] type 00 class 0x010601
[    0.464012] pci 0000:00:11.4: reg 0x10: [io  0x7110-0x7117]
[    0.464012] pci 0000:00:11.4: reg 0x14: [io  0x7100-0x7103]
[    0.464012] pci 0000:00:11.4: reg 0x18: [io  0x70f0-0x70f7]
[    0.464012] pci 0000:00:11.4: reg 0x1c: [io  0x70e0-0x70e3]
[    0.464012] pci 0000:00:11.4: reg 0x20: [io  0x7020-0x703f]
[    0.464012] pci 0000:00:11.4: reg 0x24: [mem 0xc7338000-0xc73387ff]
[    0.464014] pci 0000:00:11.4: PME# supported from D3hot
[    0.464103] pci 0000:00:14.0: [8086:8d31] type 00 class 0x0c0330
[    0.464122] pci 0000:00:14.0: reg 0x10: [mem 0xc7300000-0xc730ffff 64bit]
[    0.464178] pci 0000:00:14.0: PME# supported from D3hot D3cold
[    0.464270] pci 0000:00:16.0: [8086:8d3a] type 00 class 0x078000
[    0.464289] pci 0000:00:16.0: reg 0x10: [mem 0xc7337000-0xc733700f 64bit]
[    0.464346] pci 0000:00:16.0: PME# supported from D0 D3hot D3cold
[    0.465009] pci 0000:00:16.1: [8086:8d3b] type 00 class 0x078000
[    0.465009] pci 0000:00:16.1: reg 0x10: [mem 0xc7336000-0xc733600f 64bit]
[    0.465009] pci 0000:00:16.1: PME# supported from D0 D3hot D3cold
[    0.465009] pci 0000:00:1a.0: [8086:8d2d] type 00 class 0x0c0320
[    0.465009] pci 0000:00:1a.0: reg 0x10: [mem 0xc7334000-0xc73343ff]
[    0.465009] pci 0000:00:1a.0: PME# supported from D0 D3hot D3cold
[    0.465009] pci 0000:00:1c.0: [8086:8d10] type 01 class 0x060400
[    0.465009] pci 0000:00:1c.0: PME# supported from D0 D3hot D3cold
[    0.465009] pci 0000:00:1c.2: [8086:8d14] type 01 class 0x060400
[    0.465009] pci 0000:00:1c.2: PME# supported from D0 D3hot D3cold
[    0.465091] pci 0000:00:1c.3: [8086:8d16] type 01 class 0x060400
[    0.465156] pci 0000:00:1c.3: PME# supported from D0 D3hot D3cold
[    0.465250] pci 0000:00:1d.0: [8086:8d26] type 00 class 0x0c0320
[    0.465270] pci 0000:00:1d.0: reg 0x10: [mem 0xc7333000-0xc73333ff]
[    0.465347] pci 0000:00:1d.0: PME# supported from D0 D3hot D3cold
[    0.466011] pci 0000:00:1f.0: [8086:8d44] type 00 class 0x060100
[    0.466011] pci 0000:00:1f.2: [8086:8d02] type 00 class 0x010601
[    0.466011] pci 0000:00:1f.2: reg 0x10: [io  0x7070-0x7077]
[    0.466011] pci 0000:00:1f.2: reg 0x14: [io  0x7060-0x7063]
[    0.466011] pci 0000:00:1f.2: reg 0x18: [io  0x7050-0x7057]
[    0.466011] pci 0000:00:1f.2: reg 0x1c: [io  0x7040-0x7043]
[    0.466011] pci 0000:00:1f.2: reg 0x20: [io  0x7000-0x701f]
[    0.466011] pci 0000:00:1f.2: reg 0x24: [mem 0xc7332000-0xc73327ff]
[    0.466011] pci 0000:00:1f.2: PME# supported from D3hot
[    0.466011] pci 0000:00:1f.3: [8086:8d22] type 00 class 0x0c0500
[    0.466011] pci 0000:00:1f.3: reg 0x10: [mem 0xc7331000-0xc73310ff 64bit]
[    0.466011] pci 0000:00:1f.3: reg 0x20: [io  0x0580-0x059f]
[    0.466011] pci 0000:00:01.0: PCI bridge to [bus 01]
[    0.467028] pci 0000:00:03.0: PCI bridge to [bus 02]
[    0.467417] pci 0000:03:00.0: [1a03:1150] type 01 class 0x060400
[    0.467484] pci 0000:03:00.0: enabling Extended Tags
[    0.467484] pci 0000:03:00.0: supports D1 D2
[    0.467484] pci 0000:03:00.0: PME# supported from D0 D1 D2 D3hot D3cold
[    0.471017] pci 0000:00:1c.0: PCI bridge to [bus 03-04]
[    0.471364] pci 0000:00:1c.0:   bridge window [io  0x6000-0x6fff]
[    0.471383] pci 0000:00:1c.0:   bridge window [mem 0xc6000000-0xc70fffff]
[    0.471447] pci 0000:04:00.0: [1a03:2000] type 00 class 0x030000
[    0.471478] pci 0000:04:00.0: reg 0x10: [mem 0xc6000000-0xc6ffffff]
[    0.471492] pci 0000:04:00.0: reg 0x14: [mem 0xc7000000-0xc701ffff]
[    0.471505] pci 0000:04:00.0: reg 0x18: [io  0x6000-0x607f]
[    0.471608] pci 0000:04:00.0: supports D1 D2
[    0.471609] pci 0000:04:00.0: PME# supported from D0 D1 D2 D3hot D3cold
[    0.472016] pci 0000:03:00.0: PCI bridge to [bus 04]
[    0.472016] pci 0000:03:00.0:   bridge window [io  0x6000-0x6fff]
[    0.472016] pci 0000:03:00.0:   bridge window [mem 0xc6000000-0xc70fffff]
[    0.472081] pci 0000:05:00.0: [8086:1533] type 00 class 0x020000
[    0.472117] pci 0000:05:00.0: reg 0x10: [mem 0xc7200000-0xc727ffff]
[    0.472144] pci 0000:05:00.0: reg 0x18: [io  0x5000-0x501f]
[    0.472158] pci 0000:05:00.0: reg 0x1c: [mem 0xc7280000-0xc7283fff]
[    0.472292] pci 0000:05:00.0: PME# supported from D0 D3hot D3cold
[    0.476022] pci 0000:00:1c.2: PCI bridge to [bus 05]
[    0.476380] pci 0000:00:1c.2:   bridge window [io  0x5000-0x5fff]
[    0.476383] pci 0000:00:1c.2:   bridge window [mem 0xc7200000-0xc72fffff]
[    0.476440] pci 0000:06:00.0: [8086:1533] type 00 class 0x020000
[    0.476476] pci 0000:06:00.0: reg 0x10: [mem 0xc7100000-0xc717ffff]
[    0.476503] pci 0000:06:00.0: reg 0x18: [io  0x4000-0x401f]
[    0.476517] pci 0000:06:00.0: reg 0x1c: [mem 0xc7180000-0xc7183fff]
[    0.476651] pci 0000:06:00.0: PME# supported from D0 D3hot D3cold
[    0.480022] pci 0000:00:1c.3: PCI bridge to [bus 06]
[    0.480369] pci 0000:00:1c.3:   bridge window [io  0x4000-0x4fff]
[    0.480372] pci 0000:00:1c.3:   bridge window [mem 0xc7100000-0xc71fffff]
[    0.480422] pci_bus 0000:00: on NUMA node 0
[    0.481102] ACPI: PCI Root Bridge [PCI1] (domain 0000 [bus 80-fe])
[    0.481444] acpi PNP0A08:01: _OSC: OS supports [ExtendedConfig ASPM ClockPM Segments MSI]
[    0.482327] acpi PNP0A08:01: _OSC: platform does not support [AER]
[    0.483208] acpi PNP0A08:01: _OSC: OS now controls [PCIeHotplug PME PCIeCapability]
[    0.483818] acpi PNP0A08:01: FADT indicates ASPM is unsupported, using BIOS configuration
[    0.485052] PCI host bridge to bus 0000:80
[    0.485388] pci_bus 0000:80: root bus resource [io  0x8000-0xffff window]
[    0.486001] pci_bus 0000:80: root bus resource [mem 0xc8000000-0xfbffbfff window]
[    0.486611] pci_bus 0000:80: root bus resource [bus 80-fe]
[    0.486611] pci 0000:80:03.0: [8086:6f08] type 01 class 0x060400
[    0.486611] pci 0000:80:03.0: PME# supported from D0 D3hot D3cold
[    0.486611] pci 0000:80:03.3: [8086:6f0b] type 01 class 0x060400
[    0.486611] pci 0000:80:03.3: PME# supported from D0 D3hot D3cold
[    0.487008] pci 0000:80:04.0: [8086:6f20] type 00 class 0x088000
[    0.487008] pci 0000:80:04.0: reg 0x10: [mem 0xfbf1c000-0xfbf1ffff 64bit]
[    0.487010] pci 0000:80:04.1: [8086:6f21] type 00 class 0x088000
[    0.487010] pci 0000:80:04.1: reg 0x10: [mem 0xfbf18000-0xfbf1bfff 64bit]
[    0.487010] pci 0000:80:04.2: [8086:6f22] type 00 class 0x088000
[    0.487010] pci 0000:80:04.2: reg 0x10: [mem 0xfbf14000-0xfbf17fff 64bit]
[    0.487010] pci 0000:80:04.3: [8086:6f23] type 00 class 0x088000
[    0.487010] pci 0000:80:04.3: reg 0x10: [mem 0xfbf10000-0xfbf13fff 64bit]
[    0.487010] pci 0000:80:04.4: [8086:6f24] type 00 class 0x088000
[    0.487010] pci 0000:80:04.4: reg 0x10: [mem 0xfbf0c000-0xfbf0ffff 64bit]
[    0.487010] pci 0000:80:04.5: [8086:6f25] type 00 class 0x088000
[    0.487010] pci 0000:80:04.5: reg 0x10: [mem 0xfbf08000-0xfbf0bfff 64bit]
[    0.487010] pci 0000:80:04.6: [8086:6f26] type 00 class 0x088000
[    0.487010] pci 0000:80:04.6: reg 0x10: [mem 0xfbf04000-0xfbf07fff 64bit]
[    0.487066] pci 0000:80:04.7: [8086:6f27] type 00 class 0x088000
[    0.487077] pci 0000:80:04.7: reg 0x10: [mem 0xfbf00000-0xfbf03fff 64bit]
[    0.487164] pci 0000:80:05.0: [8086:6f28] type 00 class 0x088000
[    0.488009] pci 0000:80:05.1: [8086:6f29] type 00 class 0x088000
[    0.488009] pci 0000:80:05.2: [8086:6f2a] type 00 class 0x088000
[    0.488009] pci 0000:80:05.4: [8086:6f2c] type 00 class 0x080020
[    0.488009] pci 0000:80:05.4: reg 0x10: [mem 0xfbf20000-0xfbf20fff]
[    0.488009] pci 0000:80:03.0: PCI bridge to [bus 81]
[    0.488009] pci 0000:82:00.0: [8086:0953] type 00 class 0x010802
[    0.488009] pci 0000:82:00.0: reg 0x10: [mem 0xfbe10000-0xfbe13fff 64bit]
[    0.488009] pci 0000:82:00.0: reg 0x30: [mem 0xfbe00000-0xfbe0ffff pref]
[    0.488009] pci 0000:82:00.0: enabling Extended Tags
[    0.489083] pci 0000:80:03.3: PCI bridge to [bus 82]
[    0.489423] pci 0000:80:03.3:   bridge window [mem 0xfbe00000-0xfbefffff]
[    0.489435] pci_bus 0000:80: on NUMA node 1
[    0.489668] ACPI: PCI Interrupt Link [LNKA] (IRQs 3 4 5 6 7 10 *11 12 14 15)
[    0.489668] ACPI: PCI Interrupt Link [LNKB] (IRQs 3 4 5 6 7 *10 11 12 14 15)
[    0.489790] ACPI: PCI Interrupt Link [LNKC] (IRQs 3 4 *5 6 10 11 12 14 15)
[    0.491040] ACPI: PCI Interrupt Link [LNKD] (IRQs 3 4 5 6 10 *11 12 14 15)
[    0.491422] ACPI: PCI Interrupt Link [LNKE] (IRQs 3 4 5 6 7 10 11 12 14 15) *0, disabled.
[    0.492040] ACPI: PCI Interrupt Link [LNKF] (IRQs 3 4 5 6 7 10 11 12 14 15) *0, disabled.
[    0.492693] ACPI: PCI Interrupt Link [LNKG] (IRQs 3 4 5 6 7 10 11 12 14 15) *0, disabled.
[    0.493039] ACPI: PCI Interrupt Link [LNKH] (IRQs 3 4 5 6 7 10 11 12 14 15) *0, disabled.
[    0.494236] pci 0000:04:00.0: vgaarb: setting as boot VGA device
[    0.495000] pci 0000:04:00.0: vgaarb: VGA device added: decodes=io+mem,owns=io+mem,locks=none
[    0.503012] pci 0000:04:00.0: vgaarb: bridge control possible
[    0.503351] vgaarb: loaded
[    0.503797] SCSI subsystem initialized
[    0.504043] libata version 3.00 loaded.
[    0.504043] ACPI: bus type USB registered
[    0.504375] usbcore: registered new interface driver usbfs
[    0.504375] usbcore: registered new interface driver hub
[    0.505013] usbcore: registered new device driver usb
[    0.505022] pps_core: LinuxPPS API ver. 1 registered
[    0.506002] pps_core: Software ver. 5.3.6 - Copyright 2005-2007 Rodolfo Giometti <giometti@linux.it>
[    0.506618] PTP clock support registered
[    0.507054] EDAC MC: Ver: 3.0.0
[    0.507577] PCI: Using ACPI for IRQ routing
[    0.511507] PCI: pci_cache_line_size set to 64 bytes
[    0.511676] e820: reserve RAM buffer [mem 0x00099c00-0x0009ffff]
[    0.511677] e820: reserve RAM buffer [mem 0x78f36000-0x7bffffff]
[    0.512010] NetLabel: Initializing
[    0.512010] NetLabel:  domain hash size = 128
[    0.512335] NetLabel:  protocols = UNLABELED CIPSOv4 CALIPSO
[    0.512688] NetLabel:  unlabeled traffic allowed by default
[    0.514042] hpet0: at MMIO 0xfed00000, IRQs 2, 8, 0, 0, 0, 0, 0, 0
[    0.514382] hpet0: 8 comparators, 64-bit 14.318180 MHz counter
[    0.516071] clocksource: Switched to clocksource hpet
[    0.529949] VFS: Disk quotas dquot_6.6.0
[    0.530322] VFS: Dquot-cache hash table entries: 512 (order 0, 4096 bytes)
[    0.530719] pnp: PnP ACPI init
[    0.531330] pnp 00:00: Plug and Play ACPI device, IDs PNP0b00 (active)
[    0.531436] system 00:01: [io  0x0500-0x057f] has been reserved
[    0.531779] system 00:01: [io  0x0400-0x047f] has been reserved
[    0.532126] system 00:01: [io  0x0580-0x059f] has been reserved
[    0.532465] system 00:01: [io  0x0600-0x061f] has been reserved
[    0.532804] system 00:01: [io  0x0880-0x0883] has been reserved
[    0.533151] system 00:01: [io  0x0800-0x081f] has been reserved
[    0.533490] system 00:01: [mem 0xfed1c000-0xfed3ffff] has been reserved
[    0.533830] system 00:01: [mem 0xfed45000-0xfed8bfff] has been reserved
[    0.534178] system 00:01: [mem 0xff000000-0xffffffff] has been reserved
[    0.534519] system 00:01: [mem 0xfee00000-0xfeefffff] has been reserved
[    0.534859] system 00:01: [mem 0xfed12000-0xfed1200f] has been reserved
[    0.535207] system 00:01: [mem 0xfed12010-0xfed1201f] has been reserved
[    0.535548] system 00:01: [mem 0xfed1b000-0xfed1bfff] has been reserved
[    0.535891] system 00:01: Plug and Play ACPI device, IDs PNP0c02 (active)
[    0.536102] system 00:02: [io  0x0a00-0x0a0f] has been reserved
[    0.536443] system 00:02: [io  0x0a10-0x0a1f] has been reserved
[    0.536783] system 00:02: [io  0x0a20-0x0a2f] has been reserved
[    0.537128] system 00:02: [io  0x0a30-0x0a3f] has been reserved
[    0.537467] system 00:02: [io  0x0a40-0x0a4f] has been reserved
[    0.537810] system 00:02: Plug and Play ACPI device, IDs PNP0c02 (active)
[    0.537982] pnp 00:03: [dma 0 disabled]
[    0.538025] pnp 00:03: Plug and Play ACPI device, IDs PNP0501 (active)
[    0.538181] pnp 00:04: [dma 0 disabled]
[    0.538215] pnp 00:04: Plug and Play ACPI device, IDs PNP0501 (active)
[    0.538749] pnp: PnP ACPI: found 5 devices
[    0.545011] clocksource: acpi_pm: mask: 0xffffff max_cycles: 0xffffff, max_idle_ns: 2085701024 ns
[    0.545679] pci 0000:00:01.0: PCI bridge to [bus 01]
[    0.546028] pci 0000:00:03.0: PCI bridge to [bus 02]
[    0.546370] pci 0000:03:00.0: PCI bridge to [bus 04]
[    0.546709] pci 0000:03:00.0:   bridge window [io  0x6000-0x6fff]
[    0.547059] pci 0000:03:00.0:   bridge window [mem 0xc6000000-0xc70fffff]
[    0.547409] pci 0000:00:1c.0: PCI bridge to [bus 03-04]
[    0.547747] pci 0000:00:1c.0:   bridge window [io  0x6000-0x6fff]
[    0.548096] pci 0000:00:1c.0:   bridge window [mem 0xc6000000-0xc70fffff]
[    0.548442] pci 0000:00:1c.2: PCI bridge to [bus 05]
[    0.548779] pci 0000:00:1c.2:   bridge window [io  0x5000-0x5fff]
[    0.549129] pci 0000:00:1c.2:   bridge window [mem 0xc7200000-0xc72fffff]
[    0.549474] pci 0000:00:1c.3: PCI bridge to [bus 06]
[    0.549812] pci 0000:00:1c.3:   bridge window [io  0x4000-0x4fff]
[    0.550161] pci 0000:00:1c.3:   bridge window [mem 0xc7100000-0xc71fffff]
[    0.550507] pci_bus 0000:00: resource 4 [io  0x0000-0x0cf7 window]
[    0.550508] pci_bus 0000:00: resource 5 [io  0x1000-0x7fff window]
[    0.550509] pci_bus 0000:00: resource 6 [mem 0x000a0000-0x000bffff window]
[    0.550510] pci_bus 0000:00: resource 7 [mem 0xfedb0000-0xfedb000f window]
[    0.550511] pci_bus 0000:00: resource 8 [mem 0xfedc0000-0xfedc000f window]
[    0.550513] pci_bus 0000:00: resource 9 [mem 0x90000000-0xc7ffbfff window]
[    0.550514] pci_bus 0000:03: resource 0 [io  0x6000-0x6fff]
[    0.550515] pci_bus 0000:03: resource 1 [mem 0xc6000000-0xc70fffff]
[    0.550516] pci_bus 0000:04: resource 0 [io  0x6000-0x6fff]
[    0.550517] pci_bus 0000:04: resource 1 [mem 0xc6000000-0xc70fffff]
[    0.550518] pci_bus 0000:05: resource 0 [io  0x5000-0x5fff]
[    0.550519] pci_bus 0000:05: resource 1 [mem 0xc7200000-0xc72fffff]
[    0.550520] pci_bus 0000:06: resource 0 [io  0x4000-0x4fff]
[    0.550521] pci_bus 0000:06: resource 1 [mem 0xc7100000-0xc71fffff]
[    0.550638] pci 0000:80:03.0: PCI bridge to [bus 81]
[    0.550980] pci 0000:80:03.3: PCI bridge to [bus 82]
[    0.551325] pci 0000:80:03.3:   bridge window [mem 0xfbe00000-0xfbefffff]
[    0.551669] pci_bus 0000:80: resource 4 [io  0x8000-0xffff window]
[    0.551670] pci_bus 0000:80: resource 5 [mem 0xc8000000-0xfbffbfff window]
[    0.551671] pci_bus 0000:82: resource 1 [mem 0xfbe00000-0xfbefffff]
[    0.551786] NET: Registered protocol family 2
[    0.552406] TCP established hash table entries: 524288 (order: 10, 4194304 bytes)
[    0.553697] TCP bind hash table entries: 65536 (order: 8, 1048576 bytes)
[    0.554195] TCP: Hash tables configured (established 524288 bind 65536)
[    0.554646] UDP hash table entries: 32768 (order: 8, 1048576 bytes)
[    0.555186] UDP-Lite hash table entries: 32768 (order: 8, 1048576 bytes)
[    0.555818] NET: Registered protocol family 1
[    0.556337] RPC: Registered named UNIX socket transport module.
[    0.556676] RPC: Registered udp transport module.
[    0.557018] RPC: Registered tcp transport module.
[    0.557355] RPC: Registered tcp NFSv4.1 backchannel transport module.
[    0.557991] pci 0000:00:14.0: CONFIG_USB_XHCI_HCD is turned off, defaulting to EHCI.
[    0.558607] pci 0000:00:14.0: USB 3.0 devices will work at USB 2.0 speeds.
[    0.587135] pci 0000:04:00.0: Video device with shadowed ROM at [mem 0x000c0000-0x000dffff]
[    0.587792] PCI: CLS mismatch (64 != 32), using 64 bytes
[    0.587831] DMAR: Host address width 46
[    0.588173] DMAR: DRHD base: 0x000000fbffc000 flags: 0x0
[    0.588518] DMAR: dmar0: reg_base_addr fbffc000 ver 1:0 cap 8d2078c106f0466 ecap f020de
[    0.589132] DMAR: DRHD base: 0x000000c7ffc000 flags: 0x1
[    0.589474] DMAR: dmar1: reg_base_addr c7ffc000 ver 1:0 cap 8d2078c106f0466 ecap f020de
[    0.590088] DMAR: RMRR base: 0x0000007ba70000 end: 0x0000007ba7ffff
[    0.590428] DMAR: ATSR flags: 0x0
[    0.590761] DMAR: RHSA base: 0x000000c7ffc000 proximity domain: 0x0
[    0.591105] DMAR: RHSA base: 0x000000fbffc000 proximity domain: 0x1
[    0.591484] PCI-DMA: Using software bounce buffering for IO (SWIOTLB)
[    0.591826] software IO TLB [mem 0x74f36000-0x78f36000] (64MB) mapped at [00000000a14e5a2f-00000000bc014e81]
[    0.592828] RAPL PMU: API unit is 2^-32 Joules, 3 fixed counters, 655360 ms ovfl timer
[    0.593444] RAPL PMU: hw unit of domain pp0-core 2^-14 Joules
[    0.593782] RAPL PMU: hw unit of domain package 2^-14 Joules
[    0.594126] RAPL PMU: hw unit of domain dram 2^-16 Joules
[    0.597700] kworker/u66:2 (1792) used greatest stack depth: 14136 bytes left
[    0.599867] Scanning for low memory corruption every 60 seconds
[    0.605329] Initialise system trusted keyrings
[    0.605712] workingset: timestamp_bits=40 max_order=24 bucket_order=0
[    0.607722] NFS: Registering the id_resolver key type
[    0.608072] Key type id_resolver registered
[    0.608407] Key type id_legacy registered
[    0.608772] SGI XFS with ACLs, security attributes, realtime, no debug enabled
[    0.613711] NET: Registered protocol family 38
[    0.614106] async_tx: api initialized (async)
[    0.614442] Key type asymmetric registered
[    0.614777] Asymmetric key parser 'x509' registered
[    0.615132] Block layer SCSI generic (bsg) driver version 0.4 loaded (major 249)
[    0.615742] io scheduler noop registered
[    0.616085] io scheduler deadline registered
[    0.616467] io scheduler cfq registered (default)
[    0.616805] io scheduler mq-deadline registered
[    0.617149] io scheduler kyber registered
[    0.617509] io scheduler bfq registered
[    0.619498] pcieport 0000:00:01.0: Signaling PME with IRQ 25
[    0.619873] pcieport 0000:00:03.0: Signaling PME with IRQ 27
[    0.620255] pcieport 0000:00:1c.0: Signaling PME with IRQ 28
[    0.620611] pcieport 0000:00:1c.2: Signaling PME with IRQ 29
[    0.620966] pcieport 0000:00:1c.3: Signaling PME with IRQ 30
[    0.621330] pcieport 0000:80:03.0: Signaling PME with IRQ 32
[    0.621688] pcieport 0000:80:03.3: Signaling PME with IRQ 33
[    0.622147] input: Power Button as /devices/LNXSYSTM:00/LNXSYBUS:00/PNP0C0C:00/input/input0
[    0.622762] ACPI: Power Button [PWRB]
[    0.623137] input: Power Button as /devices/LNXSYSTM:00/LNXPWRBN:00/input/input1
[    0.623748] ACPI: Power Button [PWRF]
[    0.624242] Monitor-Mwait will be used to enter C-1 state
[    0.624245] Monitor-Mwait will be used to enter C-2 state
[    0.630247] Serial: 8250/16550 driver, 4 ports, IRQ sharing enabled
[    0.651188] 00:03: ttyS0 at I/O 0x3f8 (irq = 4, base_baud = 115200) is a 16550A
[    0.672412] 00:04: ttyS1 at I/O 0x2f8 (irq = 3, base_baud = 115200) is a 16550A
[    0.673427] Non-volatile memory driver v1.3
[    0.673816] Linux agpgart interface v0.103
[    0.679593] loop: module loaded
[    0.680207] nvme nvme0: pci function 0000:82:00.0
[    0.680744] ahci 0000:00:11.4: version 3.0
[    0.680913] ahci 0000:00:11.4: AHCI 0001.0300 32 slots 4 ports 6 Gbps 0xf impl SATA mode
[    0.681538] ahci 0000:00:11.4: flags: 64bit ncq pm led clo pio slum part ems apst 
[    0.691389] scsi host0: ahci
[    0.691825] scsi host1: ahci
[    0.692258] scsi host2: ahci
[    0.692661] scsi host3: ahci
[    0.693021] ata1: SATA max UDMA/133 abar m2048@0xc7338000 port 0xc7338100 irq 36
[    0.693634] ata2: SATA max UDMA/133 abar m2048@0xc7338000 port 0xc7338180 irq 36
[    0.694253] ata3: SATA max UDMA/133 abar m2048@0xc7338000 port 0xc7338200 irq 36
[    0.694862] ata4: SATA max UDMA/133 abar m2048@0xc7338000 port 0xc7338280 irq 36
[    0.695689] ahci 0000:00:1f.2: AHCI 0001.0300 32 slots 6 ports 6 Gbps 0x3f impl SATA mode
[    0.696312] ahci 0000:00:1f.2: flags: 64bit ncq pm led clo pio slum part ems apst 
[    0.711519] scsi host4: ahci
[    0.712043] scsi host5: ahci
[    0.712476] scsi host6: ahci
[    0.712923] scsi host7: ahci
[    0.713367] scsi host8: ahci
[    0.713778] scsi host9: ahci
[    0.714149] ata5: SATA max UDMA/133 abar m2048@0xc7332000 port 0xc7332100 irq 37
[    0.714761] ata6: SATA max UDMA/133 abar m2048@0xc7332000 port 0xc7332180 irq 37
[    0.715380] ata7: SATA max UDMA/133 abar m2048@0xc7332000 port 0xc7332200 irq 37
[    0.715990] ata8: SATA max UDMA/133 abar m2048@0xc7332000 port 0xc7332280 irq 37
[    0.716608] ata9: SATA max UDMA/133 abar m2048@0xc7332000 port 0xc7332300 irq 37
[    0.717227] ata10: SATA max UDMA/133 abar m2048@0xc7332000 port 0xc7332380 irq 37
[    0.725847] e100: Intel(R) PRO/100 Network Driver, 3.5.24-k2-NAPI
[    0.726218] e100: Copyright(c) 1999-2006 Intel Corporation
[    0.726590] e1000: Intel(R) PRO/1000 Network Driver - version 7.3.21-k8-NAPI
[    0.726945] e1000: Copyright (c) 1999-2006 Intel Corporation.
[    0.727329] e1000e: Intel(R) PRO/1000 Network Driver - 3.2.6-k
[    0.727671] e1000e: Copyright(c) 1999 - 2015 Intel Corporation.
[    0.728057] igb: Intel(R) Gigabit Ethernet Network Driver - version 5.4.0-k
[    0.728401] igb: Copyright (c) 2007-2014 Intel Corporation.
[    0.790874]  nvme0n1: p1
[    0.958067] pps pps0: new PPS source ptp0
[    0.958406] igb 0000:05:00.0: added PHC on eth0
[    0.958743] igb 0000:05:00.0: Intel(R) Gigabit Ethernet Network Connection
[    0.959100] igb 0000:05:00.0: eth0: (PCIe:2.5Gb/s:Width x1) 0c:c4:7a:ca:23:f0
[    0.959488] igb 0000:05:00.0: eth0: PBA No: 013A00-000
[    0.959826] igb 0000:05:00.0: Using MSI-X interrupts. 4 rx queue(s), 4 tx queue(s)
[    1.004941] ata2: SATA link down (SStatus 0 SControl 300)
[    1.005320] ata4: SATA link down (SStatus 0 SControl 300)
[    1.005699] ata3: SATA link down (SStatus 0 SControl 300)
[    1.006076] ata1: SATA link down (SStatus 0 SControl 300)
[    1.036937] ata8: SATA link up 3.0 Gbps (SStatus 123 SControl 300)
[    1.037340] ata5: SATA link up 6.0 Gbps (SStatus 133 SControl 300)
[    1.037697] ata10: SATA link down (SStatus 0 SControl 300)
[    1.038077] ata7: SATA link up 3.0 Gbps (SStatus 123 SControl 300)
[    1.038434] ata9: SATA link down (SStatus 0 SControl 300)
[    1.038792] ata6: SATA link up 3.0 Gbps (SStatus 123 SControl 300)
[    1.039279] ata5.00: ATA-9: INTEL SSDSC2BB120G4, D2012370, max UDMA/133
[    1.039623] ata5.00: 234441648 sectors, multi 1: LBA48 NCQ (depth 31/32)
[    1.040210] ata5.00: configured for UDMA/133
[    1.040758] scsi 4:0:0:0: Direct-Access     ATA      INTEL SSDSC2BB12 2370 PQ: 0 ANSI: 5
[    1.041636] ata5.00: Enabling discard_zeroes_data
[    1.041662] sd 4:0:0:0: Attached scsi generic sg0 type 0
[    1.042611] sd 4:0:0:0: [sda] 234441648 512-byte logical blocks: (120 GB/112 GiB)
[    1.043234] sd 4:0:0:0: [sda] 4096-byte physical blocks
[    1.043617] sd 4:0:0:0: [sda] Write Protect is off
[    1.043958] sd 4:0:0:0: [sda] Mode Sense: 00 3a 00 00
[    1.044053] sd 4:0:0:0: [sda] Write cache: enabled, read cache: enabled, doesn't support DPO or FUA
[    1.044915] ata5.00: Enabling discard_zeroes_data
[    1.045988]  sda: sda1 sda2
[    1.046497] ata5.00: Enabling discard_zeroes_data
[    1.046873] sd 4:0:0:0: [sda] Attached SCSI disk
[    1.082944] ata6.00: ATA-7: MAXTOR STM3500630AS, 3.AAE, max UDMA/133
[    1.083314] ata6.00: 976773168 sectors, multi 16: LBA48 NCQ (depth 31/32)
[    1.083851] ata7.00: ATA-7: MAXTOR STM3500630AS, 3.AAE, max UDMA/133
[    1.084198] ata7.00: 976773168 sectors, multi 16: LBA48 NCQ (depth 31/32)
[    1.086142] ata8.00: ATA-7: MAXTOR STM3500630AS, 3.AAE, max UDMA/133
[    1.086506] ata8.00: 976773168 sectors, multi 16: LBA48 NCQ (depth 31/32)
[    1.141282] ata6.00: configured for UDMA/133
[    1.141880] scsi 5:0:0:0: Direct-Access     ATA      MAXTOR STM350063 E    PQ: 0 ANSI: 5
[    1.142193] ata7.00: configured for UDMA/133
[    1.143132] sd 5:0:0:0: Attached scsi generic sg1 type 0
[    1.143248] sd 5:0:0:0: [sdb] 976773168 512-byte logical blocks: (500 GB/466 GiB)
[    1.143275] sd 5:0:0:0: [sdb] Write Protect is off
[    1.143277] sd 5:0:0:0: [sdb] Mode Sense: 00 3a 00 00
[    1.143328] sd 5:0:0:0: [sdb] Write cache: enabled, read cache: enabled, doesn't support DPO or FUA
[    1.144431] ata8.00: configured for UDMA/133
[    1.145698] scsi 6:0:0:0: Direct-Access     ATA      MAXTOR STM350063 E    PQ: 0 ANSI: 5
[    1.146590] sd 6:0:0:0: [sdc] 976773168 512-byte logical blocks: (500 GB/466 GiB)
[    1.146595] sd 6:0:0:0: Attached scsi generic sg2 type 0
[    1.146831] scsi 7:0:0:0: Direct-Access     ATA      MAXTOR STM350063 E    PQ: 0 ANSI: 5
[    1.147073] sd 7:0:0:0: Attached scsi generic sg3 type 0
[    1.147132] sd 7:0:0:0: [sdd] 976773168 512-byte logical blocks: (500 GB/466 GiB)
[    1.147159] sd 7:0:0:0: [sdd] Write Protect is off
[    1.147161] sd 7:0:0:0: [sdd] Mode Sense: 00 3a 00 00
[    1.147199] sd 7:0:0:0: [sdd] Write cache: enabled, read cache: enabled, doesn't support DPO or FUA
[    1.150246] sd 6:0:0:0: [sdc] Write Protect is off
[    1.150588] sd 6:0:0:0: [sdc] Mode Sense: 00 3a 00 00
[    1.150594] sd 6:0:0:0: [sdc] Write cache: enabled, read cache: enabled, doesn't support DPO or FUA
[    1.180936]  sdb: sdb1
[    1.181814]  sdc: sdc1
[    1.182014] sd 5:0:0:0: [sdb] Attached SCSI disk
[    1.182685] sd 6:0:0:0: [sdc] Attached SCSI disk
[    1.184088]  sdd: sdd1
[    1.184895] sd 7:0:0:0: [sdd] Attached SCSI disk
[    1.196087] pps pps1: new PPS source ptp1
[    1.196433] igb 0000:06:00.0: added PHC on eth1
[    1.196775] igb 0000:06:00.0: Intel(R) Gigabit Ethernet Network Connection
[    1.197135] igb 0000:06:00.0: eth1: (PCIe:2.5Gb/s:Width x1) 0c:c4:7a:ca:23:f1
[    1.197526] igb 0000:06:00.0: eth1: PBA No: 011000-000
[    1.197870] igb 0000:06:00.0: Using MSI-X interrupts. 4 rx queue(s), 4 tx queue(s)
[    1.198561] igbvf: Intel(R) Gigabit Virtual Function Network Driver - version 2.4.0-k
[    1.199194] igbvf: Copyright (c) 2009 - 2012 Intel Corporation.
[    1.199678] ehci_hcd: USB 2.0 'Enhanced' Host Controller (EHCI) Driver
[    1.200032] ehci-pci: EHCI PCI platform driver
[    1.200558] ehci-pci 0000:00:1a.0: EHCI Host Controller
[    1.200972] ehci-pci 0000:00:1a.0: new USB bus registered, assigned bus number 1
[    1.201615] ehci-pci 0000:00:1a.0: debug port 2
[    1.205874] ehci-pci 0000:00:1a.0: cache line size of 64 is not supported
[    1.205887] ehci-pci 0000:00:1a.0: irq 18, io mem 0xc7334000
[    1.213084] ehci-pci 0000:00:1a.0: USB 2.0 started, EHCI 1.00
[    1.213456] usb usb1: New USB device found, idVendor=1d6b, idProduct=0002
[    1.213806] usb usb1: New USB device strings: Mfr=3, Product=2, SerialNumber=1
[    1.214436] usb usb1: Product: EHCI Host Controller
[    1.214777] usb usb1: Manufacturer: Linux 4.15.3 ehci_hcd
[    1.215130] usb usb1: SerialNumber: 0000:00:1a.0
[    1.215606] hub 1-0:1.0: USB hub found
[    1.215952] hub 1-0:1.0: 2 ports detected
[    1.216584] ehci-pci 0000:00:1d.0: EHCI Host Controller
[    1.217013] ehci-pci 0000:00:1d.0: new USB bus registered, assigned bus number 2
[    1.217646] ehci-pci 0000:00:1d.0: debug port 2
[    1.221895] ehci-pci 0000:00:1d.0: cache line size of 64 is not supported
[    1.221899] ehci-pci 0000:00:1d.0: irq 18, io mem 0xc7333000
[    1.229072] ehci-pci 0000:00:1d.0: USB 2.0 started, EHCI 1.00
[    1.229468] usb usb2: New USB device found, idVendor=1d6b, idProduct=0002
[    1.229820] usb usb2: New USB device strings: Mfr=3, Product=2, SerialNumber=1
[    1.230445] usb usb2: Product: EHCI Host Controller
[    1.230787] usb usb2: Manufacturer: Linux 4.15.3 ehci_hcd
[    1.231137] usb usb2: SerialNumber: 0000:00:1d.0
[    1.231585] hub 2-0:1.0: USB hub found
[    1.231934] hub 2-0:1.0: 2 ports detected
[    1.232465] ohci_hcd: USB 1.1 'Open' Host Controller (OHCI) Driver
[    1.232816] ohci-pci: OHCI PCI platform driver
[    1.233188] uhci_hcd: USB Universal Host Controller Interface driver
[    1.233567] usbcore: registered new interface driver usblp
[    1.233930] usbcore: registered new interface driver usb-storage
[    1.234305] i8042: PNP: No PS/2 controller found.
[    1.234779] rtc_cmos 00:00: RTC can wake from S4
[    1.235248] rtc_cmos 00:00: rtc core: registered rtc_cmos as rtc0
[    1.235620] rtc_cmos 00:00: alarms up to one month, y3k, 114 bytes nvram, hpet irqs
[    1.236391] i801_smbus 0000:00:1f.3: SMBus using PCI interrupt
[    1.238482] device-mapper: ioctl: 4.37.0-ioctl (2017-09-20) initialised: dm-devel@redhat.com
[    1.239320] device-mapper: multipath round-robin: version 1.2.0 loaded
[    1.239666] device-mapper: multipath queue-length: version 0.2.0 loaded
[    1.240018] device-mapper: multipath service-time: version 0.3.0 loaded
[    1.240376] device-mapper: raid: Loading target version 1.13.0
[    1.240735] intel_pstate: Intel P-state driver initializing
[    1.244210] hidraw: raw HID events driver (C) Jiri Kosina
[    1.244892] usbcore: registered new interface driver usbhid
[    1.245247] usbhid: USB HID core driver
[    1.245899] Netfilter messages via NETLINK v0.30.
[    1.246487] nf_conntrack version 0.5.0 (65536 buckets, 262144 max)
[    1.246887] ctnetlink v0.93: registering with nfnetlink.
[    1.247358] ip_tables: (C) 2000-2006 Netfilter Core Team
[    1.248670] Initializing XFRM netlink socket
[    1.249212] NET: Registered protocol family 10
[    1.249905] Segment Routing with IPv6
[    1.250273] ip6_tables: (C) 2000-2006 Netfilter Core Team
[    1.251596] sit: IPv6, IPv4 and MPLS over IPv4 tunneling driver
[    1.252101] NET: Registered protocol family 17
[    1.252461] Key type dns_resolver registered
[    1.255293] microcode: sig=0x406f1, pf=0x1, revision=0xb00001d
[    1.256034] microcode: Microcode Update Driver: v2.2.
[    1.256041] AVX2 version of gcm_enc/dec engaged.
[    1.256773] AES CTR mode by8 optimization enabled
[    1.258173] sched_clock: Marking stable (1258169587, 0)->(1539127841, -280958254)
[    1.259299] registered taskstats version 1
[    1.259639] Loading compiled-in X.509 certificates
[    1.260187] Btrfs loaded, crc32c=crc32c-intel, ref-verify=on
[    1.260554] BTRFS: selftest: sectorsize: 4096  nodesize: 4096
[    1.260897] BTRFS: selftest: Running btrfs free space cache tests
[    1.261279] BTRFS: selftest: Running extent only tests
[    1.261623] BTRFS: selftest: Running bitmap only tests
[    1.261968] BTRFS: selftest: Running bitmap and extent tests
[    1.262355] BTRFS: selftest: Running space stealing from bitmap to extent
[    1.262932] BTRFS: selftest: Free space cache tests finished
[    1.263314] BTRFS: selftest: Running extent buffer operation tests
[    1.263690] BTRFS: selftest: Running btrfs_split_item tests
[    1.264069] BTRFS: selftest: Running extent I/O tests
[    1.264442] BTRFS: selftest: Running find delalloc tests
[    1.304221] BTRFS: selftest: Running extent buffer bitmap tests
[    1.321660] BTRFS: selftest: Extent I/O tests finished
[    1.321996] BTRFS: selftest: Running btrfs_get_extent tests
[    1.322421] BTRFS: selftest: Running hole first btrfs_get_extent test
[    1.322785] BTRFS: selftest: Running outstanding_extents tests
[    1.323166] BTRFS: selftest: Running qgroup tests
[    1.331736] BTRFS: selftest: Qgroup basic add
[    1.332122] BTRFS: selftest: Qgroup multiple refs test
[    1.332550] BTRFS: selftest: Running free space tree tests
[    1.347867] BTRFS: selftest: sectorsize: 4096  nodesize: 8192
[    1.348229] BTRFS: selftest: Running btrfs free space cache tests
[    1.348604] BTRFS: selftest: Running extent only tests
[    1.348941] BTRFS: selftest: Running bitmap only tests
[    1.349326] BTRFS: selftest: Running bitmap and extent tests
[    1.349682] BTRFS: selftest: Running space stealing from bitmap to extent
[    1.350327] BTRFS: selftest: Free space cache tests finished
[    1.350679] BTRFS: selftest: Running extent buffer operation tests
[    1.351069] BTRFS: selftest: Running btrfs_split_item tests
[    1.351450] BTRFS: selftest: Running extent I/O tests
[    1.351785] BTRFS: selftest: Running find delalloc tests
[    1.390596] BTRFS: selftest: Running extent buffer bitmap tests
[    1.408129] BTRFS: selftest: Extent I/O tests finished
[    1.408504] BTRFS: selftest: Running btrfs_get_extent tests
[    1.408871] BTRFS: selftest: Running hole first btrfs_get_extent test
[    1.409245] BTRFS: selftest: Running outstanding_extents tests
[    1.409628] BTRFS: selftest: Running qgroup tests
[    1.409962] BTRFS: selftest: Qgroup basic add
[    1.410360] BTRFS: selftest: Qgroup multiple refs test
[    1.410719] BTRFS: selftest: Running free space tree tests
[    1.425532] BTRFS: selftest: sectorsize: 4096  nodesize: 16384
[    1.425869] BTRFS: selftest: Running btrfs free space cache tests
[    1.426215] BTRFS: selftest: Running extent only tests
[    1.426552] BTRFS: selftest: Running bitmap only tests
[    1.426891] BTRFS: selftest: Running bitmap and extent tests
[    1.427234] BTRFS: selftest: Running space stealing from bitmap to extent
[    1.427775] BTRFS: selftest: Free space cache tests finished
[    1.428114] BTRFS: selftest: Running extent buffer operation tests
[    1.428452] BTRFS: selftest: Running btrfs_split_item tests
[    1.428796] BTRFS: selftest: Running extent I/O tests
[    1.429134] BTRFS: selftest: Running find delalloc tests
[    1.462986] BTRFS: selftest: Running extent buffer bitmap tests
[    1.478370] BTRFS: selftest: Extent I/O tests finished
[    1.478706] BTRFS: selftest: Running btrfs_get_extent tests
[    1.479074] BTRFS: selftest: Running hole first btrfs_get_extent test
[    1.479421] BTRFS: selftest: Running outstanding_extents tests
[    1.479770] BTRFS: selftest: Running qgroup tests
[    1.480107] BTRFS: selftest: Qgroup basic add
[    1.480447] BTRFS: selftest: Qgroup multiple refs test
[    1.480806] BTRFS: selftest: Running free space tree tests
[    1.494312] BTRFS: selftest: sectorsize: 4096  nodesize: 32768
[    1.494649] BTRFS: selftest: Running btrfs free space cache tests
[    1.494990] BTRFS: selftest: Running extent only tests
[    1.495331] BTRFS: selftest: Running bitmap only tests
[    1.495670] BTRFS: selftest: Running bitmap and extent tests
[    1.496013] BTRFS: selftest: Running space stealing from bitmap to extent
[    1.496549] BTRFS: selftest: Free space cache tests finished
[    1.496886] BTRFS: selftest: Running extent buffer operation tests
[    1.497227] BTRFS: selftest: Running btrfs_split_item tests
[    1.497572] BTRFS: selftest: Running extent I/O tests
[    1.497907] BTRFS: selftest: Running find delalloc tests
[    1.531850] BTRFS: selftest: Running extent buffer bitmap tests
[    1.537038] usb 1-1: new high-speed USB device number 2 using ehci-pci
[    1.547325] BTRFS: selftest: Extent I/O tests finished
[    1.547661] BTRFS: selftest: Running btrfs_get_extent tests
[    1.548031] BTRFS: selftest: Running hole first btrfs_get_extent test
[    1.548378] BTRFS: selftest: Running outstanding_extents tests
[    1.548727] BTRFS: selftest: Running qgroup tests
[    1.549064] BTRFS: selftest: Qgroup basic add
[    1.549404] BTRFS: selftest: Qgroup multiple refs test
[    1.549763] BTRFS: selftest: Running free space tree tests
[    1.553039] usb 2-1: new high-speed USB device number 2 using ehci-pci
[    1.563492] BTRFS: selftest: sectorsize: 4096  nodesize: 65536
[    1.563830] BTRFS: selftest: Running btrfs free space cache tests
[    1.564174] BTRFS: selftest: Running extent only tests
[    1.564510] BTRFS: selftest: Running bitmap only tests
[    1.564848] BTRFS: selftest: Running bitmap and extent tests
[    1.565193] BTRFS: selftest: Running space stealing from bitmap to extent
[    1.565729] BTRFS: selftest: Free space cache tests finished
[    1.566069] BTRFS: selftest: Running extent buffer operation tests
[    1.566407] BTRFS: selftest: Running btrfs_split_item tests
[    1.566753] BTRFS: selftest: Running extent I/O tests
[    1.567091] BTRFS: selftest: Running find delalloc tests
[    1.601032] BTRFS: selftest: Running extent buffer bitmap tests
[    1.616474] BTRFS: selftest: Extent I/O tests finished
[    1.616810] BTRFS: selftest: Running btrfs_get_extent tests
[    1.617182] BTRFS: selftest: Running hole first btrfs_get_extent test
[    1.617530] BTRFS: selftest: Running outstanding_extents tests
[    1.617880] BTRFS: selftest: Running qgroup tests
[    1.618218] BTRFS: selftest: Qgroup basic add
[    1.618558] BTRFS: selftest: Qgroup multiple refs test
[    1.618918] BTRFS: selftest: Running free space tree tests
[    1.631040] tsc: Refined TSC clocksource calibration: 2099.998 MHz
[    1.631393] clocksource: tsc: mask: 0xffffffffffffffff max_cycles: 0x1e452ea631d, max_idle_ns: 440795244572 ns
[    1.633226] console [netcon0] enabled
[    1.633559] netconsole: network logging started
[    1.633948] md: Waiting for all devices to be available before autodetect
[    1.634302] md: If you don't use raid, use raid=noautodetect
[    1.634856] md: Autodetecting RAID arrays.
[    1.665412] usb 1-1: New USB device found, idVendor=8087, idProduct=800a
[    1.665774] usb 1-1: New USB device strings: Mfr=0, Product=0, SerialNumber=0
[    1.666322] hub 1-1:1.0: USB hub found
[    1.666802] hub 1-1:1.0: 6 ports detected
[    1.681412] usb 2-1: New USB device found, idVendor=8087, idProduct=8002
[    1.681778] usb 2-1: New USB device strings: Mfr=0, Product=0, SerialNumber=0
[    1.682353] hub 2-1:1.0: USB hub found
[    1.682803] hub 2-1:1.0: 8 ports detected
[    1.696390] md: autorun ...
[    1.696746] md: running: <sdd1><sdc1><sdb1>
[    1.697166] md0: detected capacity change from 0 to 1500318793728
[    1.697524] md: ... autorun DONE.
[    1.698052] EXT4-fs (sda2): couldn't mount as ext3 due to feature incompatibilities
[    1.704415] EXT4-fs (sda2): mounted filesystem with ordered data mode. Opts: (null)
[    1.705051] VFS: Mounted root (ext4 filesystem) readonly on device 8:2.
[    1.706100] devtmpfs: mounted
[    1.707872] Freeing unused kernel memory: 1192K
[    1.708231] Write protecting the kernel read-only data: 20480k
[    1.709375] Freeing unused kernel memory: 1980K
[    1.710872] Freeing unused kernel memory: 584K
[    1.757863] kbd_mode (2772) used greatest stack depth: 13872 bytes left
[    1.762466] loadkeys (2773) used greatest stack depth: 13728 bytes left
[    1.762993] init-early.sh (2770) used greatest stack depth: 13376 bytes left
[    1.959030] usb 2-1.8: new high-speed USB device number 3 using ehci-pci
[    2.037409] usb 2-1.8: New USB device found, idVendor=0557, idProduct=7000
[    2.037781] usb 2-1.8: New USB device strings: Mfr=0, Product=0, SerialNumber=0
[    2.038673] hub 2-1.8:1.0: USB hub found
[    2.039157] hub 2-1.8:1.0: 4 ports detected
[    2.273659] udevd[3152]: starting version 3.2.5
[    2.281548] udevd[3153]: starting eudev-3.2.5
[    2.331062] usb 2-1.8.1: new low-speed USB device number 4 using ehci-pci
[    2.382862] igb 0000:05:00.0 eno1: renamed from eth0
[    2.398109] igb 0000:06:00.0 eno2: renamed from eth1
[    2.436040] usb 2-1.8.1: New USB device found, idVendor=0557, idProduct=2419
[    2.436042] usb 2-1.8.1: New USB device strings: Mfr=0, Product=0, SerialNumber=0
[    2.436696] input: HID 0557:2419 as /devices/pci0000:00/0000:00:1d.0/usb2/2-1/2-1.8/2-1.8.1/2-1.8.1:1.0/0003:0557:2419.0001/input/input2
[    2.439419] random: crng init done
[    2.455233] power_meter ACPI000D:00: Found ACPI power meter.
[    2.455252] power_meter ACPI000D:00: Ignoring unsafe software power cap!
[    2.455256] power_meter ACPI000D:00: hwmon_device_register() is deprecated. Please convert the driver to use hwmon_device_register_with_info().
[    2.488151] hid-generic 0003:0557:2419.0001: input,hidraw0: USB HID v1.00 Keyboard [HID 0557:2419] on usb-0000:00:1d.0-1.8.1/input0
[    2.488823] input: HID 0557:2419 as /devices/pci0000:00/0000:00:1d.0/usb2/2-1/2-1.8/2-1.8.1/2-1.8.1:1.1/0003:0557:2419.0002/input/input3
[    2.488903] hid-generic 0003:0557:2419.0002: input,hidraw1: USB HID v1.00 Mouse [HID 0557:2419] on usb-0000:00:1d.0-1.8.1/input1
[    2.639244] clocksource: Switched to clocksource tsc
[    2.913633] EXT4-fs (sda2): re-mounted. Opts: (null)
[    3.041690] XFS (nvme0n1p1): Mounting V5 Filesystem
[    3.065649] XFS (nvme0n1p1): Ending clean mount
[    3.075931] XFS (md0): Mounting V5 Filesystem
[    3.251887] XFS (md0): Ending clean mount
[    3.944247] ip (3959) used greatest stack depth: 13240 bytes left
[    4.225399] IPv6: ADDRCONF(NETDEV_UP): eno1: link is not ready
[    4.270224] IPv6: ADDRCONF(NETDEV_UP): eno2: link is not ready
[    7.263567] igb 0000:05:00.0 eno1: igb: eno1 NIC Link is Up 1000 Mbps Full Duplex, Flow Control: RX/TX
[    7.367257] IPv6: ADDRCONF(NETDEV_CHANGE): eno1: link becomes ready
[  101.464363] postgres (4387) used greatest stack depth: 13152 bytes left
[ 3714.759390] postgres (14241) used greatest stack depth: 13112 bytes left
[ 9114.748413] postgres (12693) used greatest stack depth: 13072 bytes left
[12714.784357] postgres (10475) used greatest stack depth: 12968 bytes left
[12714.784360] postgres (10463) used greatest stack depth: 12792 bytes left
[12714.785029] postgres (10477) used greatest stack depth: 12456 bytes left
[15102.447210] kworker/dying (234) used greatest stack depth: 12224 bytes left
[23761.892316] kworker/dying (19802) used greatest stack depth: 12128 bytes left
